----- timezone:GMT
06-24 13:39:28.297618  1033  1233 I am_focused_activity: [0,com.meizu.flyme.launcher/.Launcher]
06-24 13:39:28.322535  1033  1233 I am_pause_activity: [0,185423285,com.supercell.clashofclans.baidu/com.supercell.clashofclans.GameAppKunlun]
06-24 13:39:28.323623  1033  1233 I am_task_to_front: [0,8407]
06-24 13:39:28.323746  1033  1233 I am_new_intent: [0,122245206,8407,com.meizu.flyme.launcher/.Launcher,android.intent.action.MAIN,NULL,NULL,274726912]
06-24 13:39:28.369995  8097  8097 I am_on_paused_called: [0,com.supercell.clashofclans.GameAppKunlun]
06-24 13:39:28.396992  1033  2070 I configuration_changed: 1152
06-24 13:39:28.409716  1033  2070 I am_resume_activity: [0,75898732,8407,com.meizu.flyme.launcher/.Launcher]
06-24 13:39:28.436875  2107  2107 I am_on_resume_called: [0,com.meizu.flyme.launcher.Launcher]
06-24 13:39:28.451212   335   335 I sf_frame_dur: [SurfaceView,15581,10500,4,2,0,0,0]
06-24 13:39:28.467819   335   335 I sf_frame_dur: [com.supercell.clashofclans.baidu/com.supercell.clashofclans.GameAppKunlun,0,0,0,0,0,0,2]
06-24 13:39:30.828327  1341  1341 I sysui_panelholder_touch: [0,734,34]
06-24 13:39:30.965214  1033  1356 I notification_panel_revealed: 2
06-24 13:39:31.039346  1033  2023 I notification_visibility: [0|com.tencent.mm|4097|null|10095,1,511508,511508,0,0]
06-24 13:39:31.039413  1033  2023 I notification_visibility: [0|com.tencent.news|-1099712986|null|10191,1,2189462,2189462,0,1]
06-24 13:39:31.541320  1033  1058 I notification_visibility: [0|com.tencent.mm|4097|null|10095,1,512010,512010,0,0]
06-24 13:39:31.541412  1033  1058 I notification_visibility: [0|com.tencent.news|-1099712986|null|10191,1,2189964,2189964,0,1]
06-24 13:39:31.621501  1033  2064 I notification_visibility: [0|com.tencent.mm|4097|null|10095,0,512090,512090,0,0]
06-24 13:39:31.621603  1033  2064 I notification_visibility: [0|com.tencent.news|-1099712986|null|10191,0,2190044,2190044,0,1]
06-24 13:39:31.624093  1033  2094 I notification_panel_hidden: []
06-24 13:39:31.632991  1033  1944 I am_home_stack_moved: [0,0,1,1,bringingFoundTaskToFront setFocusedActivity]
06-24 13:39:31.633192  1033  1944 I wm_task_moved: [8565,1,3]
06-24 13:39:31.641355  1033  1944 I am_focused_activity: [0,com.tencent.mm/.ui.LauncherUI]
06-24 13:39:31.644217  1033  1944 I am_pause_activity: [0,75898732,com.meizu.flyme.launcher/.Launcher]
06-24 13:39:31.644904  2107  2107 I am_on_paused_called: [0,com.meizu.flyme.launcher.Launcher]
06-24 13:39:31.647185  1033  1944 I am_task_to_front: [0,8565]
06-24 13:39:31.647303  1033  1944 I am_new_intent: [0,212846917,8565,com.tencent.mm/.ui.LauncherUI,NULL,NULL,NULL,876609536]
06-24 13:39:31.651921  1033  1356 I notification_clicked: [0|com.tencent.mm|4097|null|10095,512120,512120,110]
06-24 13:39:31.653714  1033  1033 I notification_cancel: [10017,1341,com.tencent.mm,4097,NULL,0,16,64,1,NULL]
06-24 13:39:31.653833  1033  1033 I sysui_histogram: [note_click_longevity,8]
06-24 13:39:31.660921  1033  2071 I am_resume_activity: [0,163406679,8565,com.tencent.mm/.ui.LauncherUI]
06-24 13:39:31.723394  1033  1033 I notification_cancel: [10095,4076,com.tencent.mm,4097,NULL,0,0,64,8,NULL]
06-24 13:39:31.723852  1033  1033 I notification_canceled: [0|com.tencent.mm|4097|null|10095,8,512192,512192,182]
06-24 13:39:31.737069  1033  1033 I notification_cancel: [10095,4076,com.tencent.mm,4098,NULL,0,0,64,8,NULL]
06-24 13:39:31.737365  1033  1033 I notification_cancel: [10095,4076,com.tencent.mm,4099,NULL,0,0,64,8,NULL]
06-24 13:39:31.737815  1033  1033 I notification_cancel: [10095,4076,com.tencent.mm,4100,NULL,0,0,64,8,NULL]
06-24 13:39:31.738221  1033  1033 I notification_cancel: [10095,4076,com.tencent.mm,4101,NULL,0,0,64,8,NULL]
06-24 13:39:31.790527  4076  4076 I am_on_resume_called: [0,com.tencent.mm.ui.LauncherUI]
06-24 13:39:32.059312   335   335 I sf_frame_dur: [com.meizu.flyme.launcher/com.meizu.flyme.launcher.Launcher,42,2,0,0,2,0,2]
06-24 13:39:32.066195  1033  1033 I notification_cancel: [10095,4076,com.tencent.mm,4097,NULL,0,0,64,8,NULL]
06-24 13:39:32.066511  1033  1033 I notification_cancel: [10095,4076,com.tencent.mm,4098,NULL,0,0,64,8,NULL]
06-24 13:39:32.066822  1033  1033 I notification_cancel: [10095,4076,com.tencent.mm,4099,NULL,0,0,64,8,NULL]
06-24 13:39:32.067210  1033  1033 I notification_cancel: [10095,4076,com.tencent.mm,4100,NULL,0,0,64,8,NULL]
06-24 13:39:32.067461  1033  1033 I notification_cancel: [10095,4076,com.tencent.mm,4101,NULL,0,0,64,8,NULL]
06-24 13:39:32.547708  1033  1033 I notification_cancel: [10025,1921,com.meizu.flyme.input,101,NULL,0,0,64,8,NULL]
06-24 13:39:32.571369  1033  1033 I notification_enqueue: [1000,1033,android,17040354,NULL,-1,Notification(pri=0 contentView=android/0xa030049 vibrate=null sound=null defaults=0x0 flags=0x2 color=0xff060059 category=sys vis=PRIVATE),0]
06-24 13:39:32.573072  1033  1033 I notification_enqueue: [1000,1033,android,17040354,NULL,-1,Notification(pri=0 contentView=android/0xa030049 vibrate=null sound=null defaults=0x0 flags=0x2 color=0xff060059 category=sys vis=PRIVATE),1]
06-24 13:39:32.574772  1033  1033 I notification_enqueue: [1000,1033,android,17040354,NULL,-1,Notification(pri=0 contentView=android/0xa030049 vibrate=null sound=null defaults=0x0 flags=0x2 color=0xff060059 category=sys vis=PRIVATE),1]
06-24 13:39:36.948760  1033  1033 I notification_cancel: [10025,1921,com.meizu.flyme.input,101,NULL,0,0,64,8,NULL]
06-24 13:39:36.968460  1033  1033 I notification_enqueue: [1000,1033,android,17040354,NULL,-1,Notification(pri=0 contentView=android/0xa030049 vibrate=null sound=null defaults=0x0 flags=0x2 color=0xff060059 category=sys vis=PRIVATE),1]
06-24 13:39:38.579762  1033  1033 I notification_cancel: [1000,1033,android,17040354,NULL,-1,0,0,8,NULL]
06-24 13:39:38.580240  1033  1033 I notification_canceled: [-1|android|17040354|null|1000,8,6009,1612,0]
06-24 13:39:38.837573   335   335 I sf_frame_dur: [InputMethod,20,12,14,0,8,2,2]
06-24 13:39:39.155329  1033  1233 I am_home_stack_moved: [0,1,0,0,bringingFoundTaskToFront setFocusedActivity]
06-24 13:39:39.155457  1033  1233 I wm_task_moved: [8407,1,0]
06-24 13:39:39.158762  1033  1233 I am_focused_activity: [0,com.meizu.flyme.launcher/.Launcher]
06-24 13:39:39.177460  1033  1233 I am_pause_activity: [0,163406679,com.tencent.mm/.ui.LauncherUI]
06-24 13:39:39.178339  1033  1233 I am_task_to_front: [0,8407]
06-24 13:39:39.178454  1033  1233 I am_new_intent: [0,266749182,8407,com.meizu.flyme.launcher/.Launcher,android.intent.action.MAIN,NULL,NULL,274726912]
06-24 13:39:39.203444  4076  4076 I am_on_paused_called: [0,com.tencent.mm.ui.LauncherUI]
06-24 13:39:39.209124  1033  2079 I am_resume_activity: [0,75898732,8407,com.meizu.flyme.launcher/.Launcher]
06-24 13:39:39.215011  2107  2107 I am_on_resume_called: [0,com.meizu.flyme.launcher.Launcher]
06-24 13:39:39.508773   335   335 I sf_frame_dur: [com.tencent.mm/com.tencent.mm.ui.LauncherUI,102,8,14,8,18,4,0]
06-24 13:39:39.967724  1033  1033 I free_storage_changed: 9350770688
06-24 13:39:46.010246  1033  1069 I am_pss  : [15183,10096,com.tencent.mobileqq:MSF,14134272,11608064]
06-24 13:40:00.130907  1033  1069 I am_pss  : [2107,10014,com.meizu.flyme.launcher,47257600,43667456]
06-24 13:40:00.193286  1033  1069 I am_pss  : [8097,10118,com.supercell.clashofclans.baidu,133653504,127062016]
06-24 13:40:00.221040  1033  1069 I am_pss  : [3591,10095,com.tencent.mm:push,13109248,11681792]
06-24 13:40:00.246456  1033  1069 I am_pss  : [10158,10004,android.process.acore,12817408,10932224]
06-24 13:40:20.462392  1033  1059 I am_home_stack_moved: [0,0,1,1,bringingFoundTaskToFront setFocusedActivity]
06-24 13:40:20.462541  1033  1059 I wm_task_moved: [8574,1,3]
06-24 13:40:20.466561  1033  1059 I am_focused_activity: [0,com.supercell.clashofclans.baidu/com.supercell.clashofclans.GameAppKunlun]
06-24 13:40:20.466993  1033  1059 I am_pause_activity: [0,75898732,com.meizu.flyme.launcher/.Launcher]
06-24 13:40:20.468033  1033  1059 I am_task_to_front: [0,8574]
06-24 13:40:20.468204  1033  1059 I am_new_intent: [0,192122482,8574,com.supercell.clashofclans.baidu/com.supercell.clashofclans.GameAppKunlun,android.intent.action.MAIN,NULL,NULL,274726912]
06-24 13:40:20.477605  2107  2107 I am_on_paused_called: [0,com.meizu.flyme.launcher.Launcher]
06-24 13:40:20.501308  1033  2094 I configuration_changed: 1152
06-24 13:40:20.532955  1033  2094 I am_resume_activity: [0,185423285,8574,com.supercell.clashofclans.baidu/com.supercell.clashofclans.GameAppKunlun]
06-24 13:40:20.614724   335   335 I sf_frame_dur: [com.meizu.flyme.launcher/com.meizu.flyme.launcher.Launcher,252,8,4,2,6,4,2]
06-24 13:40:20.720509  8097  8097 I am_on_resume_called: [0,com.supercell.clashofclans.GameAppKunlun]
06-24 13:40:20.740025  1033  1069 I am_pss  : [4076,10095,com.tencent.mm,89525248,84262912]
06-24 13:40:20.799548  1033  2055 I notification_cancel_all: [10118,8097,com.supercell.clashofclans.baidu,0,0,64,9,NULL]
06-24 13:40:31.975827  1033  1233 I am_home_stack_moved: [0,1,0,0,bringingFoundTaskToFront setFocusedActivity]
06-24 13:40:31.975947  1033  1233 I wm_task_moved: [8407,1,0]
06-24 13:40:31.980100  1033  1233 I am_focused_activity: [0,com.meizu.flyme.launcher/.Launcher]
06-24 13:40:32.003350  1033  1233 I am_pause_activity: [0,185423285,com.supercell.clashofclans.baidu/com.supercell.clashofclans.GameAppKunlun]
06-24 13:40:32.005156  1033  1233 I am_task_to_front: [0,8407]
06-24 13:40:32.005302  1033  1233 I am_new_intent: [0,180731319,8407,com.meizu.flyme.launcher/.Launcher,android.intent.action.MAIN,NULL,NULL,274726912]
06-24 13:40:32.049015  8097  8097 I am_on_paused_called: [0,com.supercell.clashofclans.GameAppKunlun]
06-24 13:40:32.067005  1033  2073 I configuration_changed: 1152
06-24 13:40:32.108872  1033  2073 I am_resume_activity: [0,75898732,8407,com.meizu.flyme.launcher/.Launcher]
06-24 13:40:32.118674  2107  2107 I am_on_resume_called: [0,com.meizu.flyme.launcher.Launcher]
06-24 13:40:32.164377   335   335 I sf_frame_dur: [SurfaceView,589,366,0,0,0,0,0]
06-24 13:40:32.190666   335   335 I sf_frame_dur: [com.supercell.clashofclans.baidu/com.supercell.clashofclans.GameAppKunlun,0,0,0,2,0,0,0]
06-24 13:40:32.294472  1033  1069 I am_pss  : [8097,10118,com.supercell.clashofclans.baidu,138911744,131870720]
06-24 13:40:34.430852  1033  1358 I am_home_stack_moved: [0,0,1,1,startingNewTask]
06-24 13:40:34.431002  1033  1358 I wm_task_moved: [8574,1,3]
06-24 13:40:34.434468  1033  1358 I am_create_task: [0,8575]
06-24 13:40:34.434583  1033  1358 I am_create_activity: [0,169142065,8575,com.supercell.clashofclans.uc/.GameApp,android.intent.action.MAIN,NULL,NULL,270532608]
06-24 13:40:34.434884  1033  1358 I wm_task_created: [8575,1]
06-24 13:40:34.434940  1033  1358 I wm_task_moved: [8575,1,4]
06-24 13:40:34.435241  1033  1358 I am_pause_activity: [0,75898732,com.meizu.flyme.launcher/.Launcher]
06-24 13:40:34.436546  1033  1358 I am_home_stack_moved: [0,0,1,1,startedActivity setFocusedActivity]
06-24 13:40:34.436650  1033  1358 I wm_task_moved: [8575,1,4]
06-24 13:40:34.439956  1033  1358 I am_focused_activity: [0,com.supercell.clashofclans.uc/.GameApp]
06-24 13:40:34.450622  2107  2107 I am_on_paused_called: [0,com.meizu.flyme.launcher.Launcher]
06-24 13:40:34.470349  1033  2055 I am_proc_start: [0,8966,10126,com.supercell.clashofclans.uc,activity,com.supercell.clashofclans.uc/.GameApp]
06-24 13:40:34.480486  1033  1621 I am_proc_bound: [0,8966,com.supercell.clashofclans.uc]
06-24 13:40:34.493327  1033  1621 I configuration_changed: 1152
06-24 13:40:34.549758  1033  1621 I am_restart_activity: [0,169142065,8575,com.supercell.clashofclans.uc/.GameApp]
06-24 13:40:34.551743  1033  1069 I am_pss  : [31548,10106,com.sankuai.mtmp.push,11125760,8581120]
06-24 13:40:34.555809   335   335 I sf_frame_dur: [com.meizu.flyme.launcher/com.meizu.flyme.launcher.Launcher,50,2,2,0,2,4,0]
06-24 13:40:34.798419  8966  8966 I am_on_resume_called: [0,com.supercell.clashofclans.uc.GameApp]
06-24 13:40:34.946553  1033  1075 I am_activity_launch_time: [0,169142065,com.supercell.clashofclans.uc/.GameApp,494,494]
06-24 13:40:35.739664  1033  2094 I am_home_stack_moved: [0,0,1,1,intentActivityFound]
06-24 13:40:35.739737  1033  2094 I wm_task_moved: [8575,1,4]
06-24 13:40:35.740911  1033  2094 I am_home_stack_moved: [0,0,1,1,sourceStackToFront]
06-24 13:40:35.740992  1033  2094 I wm_task_moved: [8575,1,4]
06-24 13:40:35.742070  1033  2094 I am_create_activity: [0,233484693,8575,com.supercell.clashofclans.uc/cn.uc.gamesdk.SdkActivity,NULL,NULL,NULL,805306368]
06-24 13:40:35.742443  1033  2094 I am_pause_activity: [0,169142065,com.supercell.clashofclans.uc/.GameApp]
06-24 13:40:35.743250  8966  8966 I am_on_paused_called: [0,com.supercell.clashofclans.uc.GameApp]
06-24 13:40:35.743255  1033  2094 I am_home_stack_moved: [0,0,1,1,startedActivity setFocusedActivity]
06-24 13:40:35.743349  1033  2094 I wm_task_moved: [8575,1,4]
06-24 13:40:35.745455  1033  2094 I am_focused_activity: [0,com.supercell.clashofclans.uc/cn.uc.gamesdk.SdkActivity]
06-24 13:40:35.747556  1033  2064 I am_restart_activity: [0,233484693,8575,com.supercell.clashofclans.uc/cn.uc.gamesdk.SdkActivity]
06-24 13:40:35.757862  8966  8966 I am_on_resume_called: [0,cn.uc.gamesdk.SdkActivity]
06-24 13:40:36.017760  1033  1075 I am_activity_launch_time: [0,233484693,com.supercell.clashofclans.uc/cn.uc.gamesdk.SdkActivity,272,272]
06-24 13:40:38.227659  1033  1621 I am_finish_activity: [0,233484693,8575,com.supercell.clashofclans.uc/cn.uc.gamesdk.SdkActivity,app-request]
06-24 13:40:38.228548  1033  1621 I am_home_stack_moved: [0,0,1,1,finishActivity adjustFocus setFocusedActivity]
06-24 13:40:38.228626  1033  1621 I wm_task_moved: [8575,1,4]
06-24 13:40:38.231827  1033  1621 I am_focused_activity: [0,com.supercell.clashofclans.uc/.GameApp]
06-24 13:40:38.232727  1033  1621 I am_pause_activity: [0,233484693,com.supercell.clashofclans.uc/cn.uc.gamesdk.SdkActivity]
06-24 13:40:38.257395  8966  8966 I am_on_paused_called: [0,cn.uc.gamesdk.SdkActivity]
06-24 13:40:38.260334  1033  2023 I am_resume_activity: [0,169142065,8575,com.supercell.clashofclans.uc/.GameApp]
06-24 13:40:38.282262   335   335 I sf_frame_dur: [com.supercell.clashofclans.uc/cn.uc.gamesdk.SdkActivity,0,2,2,4,0,4,0]
06-24 13:40:38.599633  8966  8966 I am_on_resume_called: [0,com.supercell.clashofclans.uc.GameApp]
06-24 13:40:38.733607   335   335 I sf_frame_dur: [com.supercell.clashofclans.uc/cn.uc.gamesdk.SdkActivity,32,2,2,0,0,0,0]
06-24 13:40:38.764594  1033  2094 I am_proc_died: [0,31771,com.tencent.mobileqq]
06-24 13:40:38.787507  1033  2070 I am_proc_died: [0,15183,com.tencent.mobileqq:MSF]
06-24 13:40:38.787695  1033  2070 I am_schedule_service_restart: [0,com.tencent.mobileqq/.msf.service.MsfService,1000]
06-24 13:40:38.834848   335   335 I sf_frame_dur: [com.supercell.clashofclans.uc/com.supercell.clashofclans.uc.GameApp,2,0,0,0,0,0,0]
06-24 13:40:38.866392  1033  1058 I am_destroy_activity: [0,233484693,8575,com.supercell.clashofclans.uc/cn.uc.gamesdk.SdkActivity,finish-imm]
06-24 13:40:42.040385   335   335 I sf_frame_dur: [com.supercell.clashofclans.uc/com.supercell.clashofclans.uc.GameApp,346,10,0,0,0,0,0]
06-24 13:40:42.041735   335   335 I sf_frame_dur: [com.supercell.clashofclans.uc/com.supercell.clashofclans.uc.GameApp,2,0,0,0,0,0,0]
06-24 13:40:42.829348   335   335 I sf_frame_dur: [com.supercell.clashofclans.uc/com.supercell.clashofclans.uc.GameApp,0,4,10,0,0,0,0]
06-24 13:40:43.968078   335   335 I sf_frame_dur: [,0,2,0,0,0,0,0]
06-24 13:40:56.738000  1341  1341 I auditd  : type=1400 audit(0.0:5248): avc: denied { search } for comm="ndroid.systemui" name="335" dev="proc" ino=10533 scontext=u:r:platform_app:s0:c512,c768 tcontext=u:r:surfaceflinger:s0 tclass=dir permissive=1
06-24 13:40:56.738000  1341  1341 I auditd  : type=1400 audit(0.0:5249): avc: denied { read } for comm="ndroid.systemui" name="cmdline" dev="proc" ino=9732 scontext=u:r:platform_app:s0:c512,c768 tcontext=u:r:surfaceflinger:s0 tclass=file permissive=1
06-24 13:40:56.738000  1341  1341 I auditd  : type=1400 audit(0.0:5250): avc: denied { open } for comm="ndroid.systemui" path="/proc/335/cmdline" dev="proc" ino=9732 scontext=u:r:platform_app:s0:c512,c768 tcontext=u:r:surfaceflinger:s0 tclass=file permissive=1
06-24 13:40:56.738000  1341  1341 I auditd  : type=1400 audit(0.0:5251): avc: denied { getattr } for comm="ndroid.systemui" path="/proc/335/cmdline" dev="proc" ino=9732 scontext=u:r:platform_app:s0:c512,c768 tcontext=u:r:surfaceflinger:s0 tclass=file permissive=1
06-24 13:40:57.401497  1033  2094 I am_home_stack_moved: [0,1,0,0,startingNewTask]
06-24 13:40:57.401658  1033  2094 I wm_task_moved: [8407,1,0]
06-24 13:40:57.404250  1033  2094 I am_create_task: [0,8576]
06-24 13:40:57.404387  1033  2094 I am_create_activity: [0,173692428,8576,com.android.systemui/.recents.RecentsActivity,com.android.systemui.recents.SHOW_RECENTS,NULL,NULL,276840448]
06-24 13:40:57.404652  1033  2094 I wm_task_created: [8576,0]
06-24 13:40:57.404737  1033  2094 I wm_task_moved: [8576,1,1]
06-24 13:40:57.434229  1033  2094 I am_pause_activity: [0,169142065,com.supercell.clashofclans.uc/.GameApp]
06-24 13:40:57.435928  1033  2094 I am_home_stack_moved: [0,1,0,0,startedActivity setFocusedActivity]
06-24 13:40:57.436050  1033  2094 I wm_task_moved: [8576,1,1]
06-24 13:40:57.438814  1033  2094 I am_focused_activity: [0,com.android.systemui/.recents.RecentsActivity]
06-24 13:40:57.503903  8966  8966 I am_on_paused_called: [0,com.supercell.clashofclans.uc.GameApp]
06-24 13:40:57.506711  1033  2055 I am_restart_activity: [0,173692428,8576,com.android.systemui/.recents.RecentsActivity]
06-24 13:40:57.517941  1033  1069 I am_pss  : [8966,10126,com.supercell.clashofclans.uc,131799040,125112320]
06-24 13:40:57.565036  1341  1341 I am_on_resume_called: [0,com.android.systemui.recents.RecentsActivity]
06-24 13:40:57.658303  1033  1075 I am_activity_launch_time: [0,173692428,com.android.systemui/.recents.RecentsActivity,154,154]
06-24 13:40:57.674471   335   335 I sf_frame_dur: [com.supercell.clashofclans.uc/com.supercell.clashofclans.uc.GameApp,2,0,2,4,0,2,6]
06-24 13:40:57.675422   335   335 I sf_frame_dur: [SurfaceView,1078,114,6,2,10,2,0]
06-24 13:40:57.691090   335   335 I sf_frame_dur: [com.supercell.clashofclans.uc/com.supercell.clashofclans.uc.GameApp,242,0,0,0,0,0,2]
06-24 13:40:58.134013  1033  2079 I am_home_stack_moved: [0,0,1,1,moveTaskToFront setFocusedActivity]
06-24 13:40:58.134107  1033  2079 I wm_task_moved: [8574,1,4]
06-24 13:40:58.136995  1033  2079 I am_focused_activity: [0,com.supercell.clashofclans.baidu/com.supercell.clashofclans.GameAppKunlun]
06-24 13:40:58.137347  1033  2079 I am_pause_activity: [0,173692428,com.android.systemui/.recents.RecentsActivity]
06-24 13:40:58.138187  1033  2079 I am_task_to_front: [0,8574]
06-24 13:40:58.158311  1033  2070 I am_finish_activity: [0,173692428,8576,com.android.systemui/.recents.RecentsActivity,app-request]
06-24 13:40:58.158507  1341  1341 I am_on_paused_called: [0,com.android.systemui.recents.RecentsActivity]
06-24 13:40:58.161802   335   335 I sf_frame_dur: [RecentsWindow,96,2,0,4,0,0,0]
06-24 13:40:58.164474  1033  2094 I am_resume_activity: [0,185423285,8574,com.supercell.clashofclans.baidu/com.supercell.clashofclans.GameAppKunlun]
06-24 13:40:58.180039  8097  8097 I am_on_resume_called: [0,com.supercell.clashofclans.GameAppKunlun]
06-24 13:40:58.207198  1033  1358 I notification_cancel_all: [10118,8097,com.supercell.clashofclans.baidu,0,0,64,9,NULL]
06-24 13:40:58.452165  1033  1070 I am_destroy_activity: [0,173692428,8576,com.android.systemui/.recents.RecentsActivity,finish-imm]
06-24 13:40:58.784958  1033  1075 I wm_task_removed: [8576,removeAppToken: last token]
06-24 13:40:58.785103  1033  1075 I wm_task_removed: [8576,removeTask]
06-24 13:40:58.798499   335   335 I sf_frame_dur: [com.android.systemui/com.android.systemui.recents.RecentsActivity,0,0,0,2,0,0,0]
06-24 13:41:16.536123  1033  2106 I battery_level: [34,3710,330]
06-24 13:41:44.913865  1033  1069 I am_pss  : [8097,10118,com.supercell.clashofclans.baidu,133133312,126304256]
06-24 13:41:45.040483  1033  1069 I am_pss  : [8966,10126,com.supercell.clashofclans.uc,127870976,121176064]
06-24 13:41:45.107081  1033  1069 I am_pss  : [2107,10014,com.meizu.flyme.launcher,51310592,47960064]
06-24 13:41:45.153435  1033  1069 I am_pss  : [10158,10004,android.process.acore,12620800,10797056]
06-24 13:41:45.217886  1033  1069 I am_pss  : [31548,10106,com.sankuai.mtmp.push,9971712,8572928]
06-24 13:42:08.183116  1033  1069 I am_pss  : [31548,10106,com.sankuai.mtmp.push,9971712,8572928]
06-24 13:42:49.839442  1033  1033 I notification_cancel: [10025,1921,com.meizu.flyme.input,101,NULL,0,0,64,8,NULL]
06-24 13:42:49.870199  1033  1033 I notification_enqueue: [1000,1033,android,17040354,NULL,-1,Notification(pri=0 contentView=android/0xa030049 vibrate=null sound=null defaults=0x0 flags=0x2 color=0xff060059 category=sys vis=PRIVATE),0]
06-24 13:42:49.872733  1033  1033 I notification_enqueue: [1000,1033,android,17040354,NULL,-1,Notification(pri=0 contentView=android/0xa030049 vibrate=null sound=null defaults=0x0 flags=0x2 color=0xff060059 category=sys vis=PRIVATE),1]
06-24 13:42:49.881410  1033  1033 I notification_enqueue: [1000,1033,android,17040354,NULL,-1,Notification(pri=0 contentView=android/0xa030049 vibrate=null sound=null defaults=0x0 flags=0x2 color=0xff060059 category=sys vis=PRIVATE),1]
06-24 13:42:49.991110  1033  1033 I notification_cancel: [10025,1921,com.meizu.flyme.input,101,NULL,0,0,64,8,NULL]
06-24 13:42:50.009221  1033  1033 I notification_enqueue: [1000,1033,android,17040354,NULL,-1,Notification(pri=0 contentView=android/0xa030049 vibrate=null sound=null defaults=0x0 flags=0x2 color=0xff060059 category=sys vis=PRIVATE),1]
06-24 13:42:50.020301  1033  1033 I notification_enqueue: [1000,1033,android,17040354,NULL,-1,Notification(pri=0 contentView=android/0xa030049 vibrate=null sound=null defaults=0x0 flags=0x2 color=0xff060059 category=sys vis=PRIVATE),1]
06-24 13:42:54.805355  1033  1033 I notification_cancel: [1000,1033,android,17040354,NULL,-1,0,0,8,NULL]
06-24 13:42:54.806081  1033  1033 I notification_canceled: [-1|android|17040354|null|1000,8,4936,4786,0]
06-24 13:42:55.110705   335   335 I sf_frame_dur: [,12,12,0,2,18,0,0]
06-24 13:42:55.127815   335   335 I sf_frame_dur: [InputMethod,16,28,26,4,6,2,0]
06-24 13:42:56.712040  1033  1069 I am_pss  : [31856,10191,com.tencent.news:PushService,14960640,13557760]
06-24 13:43:12.726109  1033  1033 I notification_cancel: [10025,1921,com.meizu.flyme.input,101,NULL,0,0,64,8,NULL]
06-24 13:43:12.773769  1033  1033 I notification_enqueue: [1000,1033,android,17040354,NULL,-1,Notification(pri=0 contentView=android/0xa030049 vibrate=null sound=null defaults=0x0 flags=0x2 color=0xff060059 category=sys vis=PRIVATE),0]
06-24 13:43:12.776913  1033  1033 I notification_enqueue: [1000,1033,android,17040354,NULL,-1,Notification(pri=0 contentView=android/0xa030049 vibrate=null sound=null defaults=0x0 flags=0x2 color=0xff060059 category=sys vis=PRIVATE),1]
06-24 13:43:12.779516  1033  1033 I notification_enqueue: [1000,1033,android,17040354,NULL,-1,Notification(pri=0 contentView=android/0xa030049 vibrate=null sound=null defaults=0x0 flags=0x2 color=0xff060059 category=sys vis=PRIVATE),1]
06-24 13:43:12.923858  1033  1033 I notification_cancel: [10025,1921,com.meizu.flyme.input,101,NULL,0,0,64,8,NULL]
06-24 13:43:12.935446  1033  1033 I notification_enqueue: [1000,1033,android,17040354,NULL,-1,Notification(pri=0 contentView=android/0xa030049 vibrate=null sound=null defaults=0x0 flags=0x2 color=0xff060059 category=sys vis=PRIVATE),1]
06-24 13:43:12.944489  1033  1033 I notification_enqueue: [1000,1033,android,17040354,NULL,-1,Notification(pri=0 contentView=android/0xa030049 vibrate=null sound=null defaults=0x0 flags=0x2 color=0xff060059 category=sys vis=PRIVATE),1]
06-24 13:43:17.005039  1033  1033 I notification_cancel: [1000,1033,android,17040354,NULL,-1,0,0,8,NULL]
06-24 13:43:17.006069  1033  1033 I notification_canceled: [-1|android|17040354|null|1000,8,4232,4061,0]
06-24 13:43:17.312982   335   335 I sf_frame_dur: [,18,2,2,2,16,0,0]
06-24 13:43:17.313248   335   335 I sf_frame_dur: [InputMethod,14,28,12,8,6,0,0]
06-24 13:43:26.535862  1033  2094 I battery_level: [33,3727,330]
06-24 13:43:43.118224  1033  1241 I netstats_mobile_sample: [48689655,61361,7787660,60483,48685479,61358,7789387,60496,48685519,61359,7790271,60502,-1]
06-24 13:43:43.119061  1033  1241 I netstats_wifi_sample: [1234457987,900394,56203766,707142,1221631444,892926,46358782,703633,1221427342,890733,46271626,703177,-1]
06-24 13:43:43.284773  1033  1069 I am_pss  : [10158,10004,android.process.acore,12579840,10756096]
06-24 13:43:43.326828  1033  1069 I am_pss  : [31548,10106,com.sankuai.mtmp.push,10713088,9334784]
06-24 13:44:00.184006  1033  1069 I am_pss  : [8097,10118,com.supercell.clashofclans.baidu,135904256,129495040]
06-24 13:44:00.247581  1033  1069 I am_pss  : [1921,10025,com.meizu.flyme.input,25632768,23646208]
06-24 13:44:00.303413  1033  1069 I am_pss  : [2738,1000,com.meizu.safe,29832192,27467776]
06-24 13:44:00.338702  1033  1069 I am_pss  : [3197,10017,com.meizu.luckymoney,3458048,2613248]
06-24 13:44:00.387237  1033  1069 I am_pss  : [2685,10059,com.meizu.cloud:mzservice_v1,7500800,6463488]
06-24 13:44:00.429526  1033  1069 I am_pss  : [1939,10026,com.baidu.map.location,8938496,7585792]
06-24 13:44:15.043105  1033  1069 I am_pss  : [31548,10106,com.sankuai.mtmp.push,10713088,9334784]
06-24 13:45:36.534758  1033  2079 I battery_level: [32,3731,340]
06-24 13:46:00.383709  1033  1069 I am_pss  : [1033,1000,system,97263616,91181056]
06-24 13:46:00.474343  1033  1069 I am_pss  : [1341,10017,com.android.systemui,70445056,64946176]
06-24 13:46:00.766634  1033  1069 I am_pss  : [20071,10100,com.alibaba.android.rimet,71714816,68530176]
06-24 13:46:00.810888  1033  1069 I am_pss  : [2093,1000,com.meizu.experiencedatasync,5960704,4591616]
06-24 13:46:00.858207  1033  1069 I am_pss  : [2081,10064,com.meizu.mzsyncservice,7584768,6508544]
06-24 13:46:00.900642  1033  1069 I am_pss  : [2065,10059,com.meizu.cloud,7522304,6455296]
06-24 13:46:00.931812  1033  1069 I am_pss  : [2048,1000,com.mediatek.nlpservice,3055616,2244608]
06-24 13:46:00.983048  1033  1069 I am_pss  : [2033,10004,com.android.incallui,18691072,15863808]
06-24 13:46:01.030429  1033  1069 I am_pss  : [2022,1001,com.mediatek.ims,3100672,2236416]
06-24 13:46:01.063710  1033  1069 I am_pss  : [2010,1001,com.mediatek.gba,2279424,1536000]
06-24 13:46:01.132545  1033  1069 I am_pss  : [1996,1001,com.android.phone,24839168,22372352]
06-24 13:46:01.255323  1033  1069 I am_pss  : [8097,10118,com.supercell.clashofclans.baidu,136123392,129716224]
06-24 13:46:05.227563  1033  1033 I notification_cancel: [10025,1921,com.meizu.flyme.input,101,NULL,0,0,64,8,NULL]
06-24 13:46:05.297282  1033  1033 I notification_enqueue: [1000,1033,android,17040354,NULL,-1,Notification(pri=0 contentView=android/0xa030049 vibrate=null sound=null defaults=0x0 flags=0x2 color=0xff060059 category=sys vis=PRIVATE),0]
06-24 13:46:05.302504  1033  1033 I notification_enqueue: [1000,1033,android,17040354,NULL,-1,Notification(pri=0 contentView=android/0xa030049 vibrate=null sound=null defaults=0x0 flags=0x2 color=0xff060059 category=sys vis=PRIVATE),1]
06-24 13:46:05.318458  1033  1033 I notification_enqueue: [1000,1033,android,17040354,NULL,-1,Notification(pri=0 contentView=android/0xa030049 vibrate=null sound=null defaults=0x0 flags=0x2 color=0xff060059 category=sys vis=PRIVATE),1]
06-24 13:46:05.443338  1033  1033 I notification_cancel: [10025,1921,com.meizu.flyme.input,101,NULL,0,0,64,8,NULL]
06-24 13:46:05.458337  1033  1033 I notification_enqueue: [1000,1033,android,17040354,NULL,-1,Notification(pri=0 contentView=android/0xa030049 vibrate=null sound=null defaults=0x0 flags=0x2 color=0xff060059 category=sys vis=PRIVATE),1]
06-24 13:46:05.465353  1033  1033 I notification_enqueue: [1000,1033,android,17040354,NULL,-1,Notification(pri=0 contentView=android/0xa030049 vibrate=null sound=null defaults=0x0 flags=0x2 color=0xff060059 category=sys vis=PRIVATE),1]
06-24 13:46:08.869764  1033  1033 I notification_cancel: [1000,1033,android,17040354,NULL,-1,0,0,8,NULL]
06-24 13:46:08.870842  1033  1033 I notification_canceled: [-1|android|17040354|null|1000,8,3573,3405,0]
06-24 13:46:09.174453   335   335 I sf_frame_dur: [,14,6,0,2,12,0,0]
06-24 13:46:09.191534   335   335 I sf_frame_dur: [InputMethod,14,20,12,8,2,2,0]
06-24 13:46:20.074311  1033  1033 I notification_enqueue: [10126,8966,com.supercell.clashofclans.uc,1138339364,NULL,0,Notification(pri=0 contentView=com.supercell.clashofclans.uc/0xa030049 vibrate=default sound=default tick defaults=0x7 flags=0x10 color=0x00000000 groupKey=com.supercell.clashofclans.uc vis=PRIVATE),0]
06-24 13:46:20.133169  1033  1069 I sync    : [com.alibaba.android.rimet.syncadapter.provider,0,4,133862058]
06-24 13:46:20.185356  1033  1069 I sync    : [com.tencent.news.account,0,4,1022781436]
06-24 13:46:20.213723  1033  2023 I notification_expansion: [0|com.supercell.clashofclans.uc|1138339364|null|10126,0,1,139,139,0]
06-24 13:46:20.214476  1033  2106 I notification_expansion: [0|com.tencent.news|-1099712986|null|10191,0,0,2598637,2598637,408673]
06-24 13:46:20.279694  1033  1069 I sync    : [com.alibaba.android.rimet.syncadapter.provider,1,4,133862058]
06-24 13:46:20.280502  1033  1033 I notification_cancel: [1000,1033,android,-19008708,NULL,0,0,0,8,NULL]
06-24 13:46:20.361601  1033  1069 I sync    : [com.tencent.news.account,1,4,1022781436]
06-24 13:46:20.361966  1033  1033 I notification_cancel: [1000,1033,android,-371487778,NULL,0,0,0,8,NULL]
06-24 13:46:21.099748  1033  1033 I notification_cancel: [10025,1921,com.meizu.flyme.input,101,NULL,0,0,64,8,NULL]
06-24 13:46:21.163057  1033  1033 I notification_enqueue: [1000,1033,android,17040354,NULL,-1,Notification(pri=0 contentView=android/0xa030049 vibrate=null sound=null defaults=0x0 flags=0x2 color=0xff060059 category=sys vis=PRIVATE),0]
06-24 13:46:21.169802  1033  1033 I notification_enqueue: [1000,1033,android,17040354,NULL,-1,Notification(pri=0 contentView=android/0xa030049 vibrate=null sound=null defaults=0x0 flags=0x2 color=0xff060059 category=sys vis=PRIVATE),1]
06-24 13:46:21.175867  1033  1033 I notification_enqueue: [1000,1033,android,17040354,NULL,-1,Notification(pri=0 contentView=android/0xa030049 vibrate=null sound=null defaults=0x0 flags=0x2 color=0xff060059 category=sys vis=PRIVATE),1]
06-24 13:46:21.267850  1033  1033 I notification_cancel: [10025,1921,com.meizu.flyme.input,101,NULL,0,0,64,8,NULL]
06-24 13:46:21.283761  1033  1033 I notification_enqueue: [1000,1033,android,17040354,NULL,-1,Notification(pri=0 contentView=android/0xa030049 vibrate=null sound=null defaults=0x0 flags=0x2 color=0xff060059 category=sys vis=PRIVATE),1]
06-24 13:46:21.295565  1033  1033 I notification_enqueue: [1000,1033,android,17040354,NULL,-1,Notification(pri=0 contentView=android/0xa030049 vibrate=null sound=null defaults=0x0 flags=0x2 color=0xff060059 category=sys vis=PRIVATE),1]
06-24 13:46:22.224042  1033  1033 I notification_cancel: [1000,1033,android,17040354,NULL,-1,0,0,8,NULL]
06-24 13:46:22.224613  1033  1033 I notification_canceled: [-1|android|17040354|null|1000,8,1062,929,0]
06-24 13:46:22.531910   335   335 I sf_frame_dur: [InputMethod,4,4,0,2,0,0,0]
06-24 13:46:22.547936   335   335 I sf_frame_dur: [,10,6,0,0,4,0,0]
06-24 13:46:59.574363  1033  1069 I am_pss  : [10158,10004,android.process.acore,12562432,10739712]
06-24 13:46:59.618486  1033  1233 I am_home_stack_moved: [0,1,0,0,bringingFoundTaskToFront setFocusedActivity]
06-24 13:46:59.618642  1033  1233 I wm_task_moved: [8407,1,0]
06-24 13:46:59.624320  1033  1233 I am_focused_activity: [0,com.meizu.flyme.launcher/.Launcher]
06-24 13:46:59.663269  1033  1233 I am_pause_activity: [0,185423285,com.supercell.clashofclans.baidu/com.supercell.clashofclans.GameAppKunlun]
06-24 13:46:59.664779  1033  1233 I am_task_to_front: [0,8407]
06-24 13:46:59.664933  1033  1233 I am_new_intent: [0,169949488,8407,com.meizu.flyme.launcher/.Launcher,android.intent.action.MAIN,NULL,NULL,274726912]
06-24 13:46:59.688501  1033  1069 I am_pss  : [31856,10191,com.tencent.news:PushService,15423488,14016512]
06-24 13:46:59.731137  8097  8097 I am_on_paused_called: [0,com.supercell.clashofclans.GameAppKunlun]
06-24 13:46:59.754854  1033  2106 I configuration_changed: 1152
06-24 13:46:59.773697  1033  2106 I am_resume_activity: [0,75898732,8407,com.meizu.flyme.launcher/.Launcher]
06-24 13:46:59.807202  2107  2107 I am_on_resume_called: [0,com.meizu.flyme.launcher.Launcher]
06-24 13:46:59.882308   335   335 I sf_frame_dur: [SurfaceView,6822,16375,252,16,6,6,0]
06-24 13:46:59.916361   335   335 I sf_frame_dur: [com.supercell.clashofclans.baidu/com.supercell.clashofclans.GameAppKunlun,0,0,0,0,0,0,8]
06-24 13:47:00.128476  1033  1069 I am_pss  : [20071,10100,com.alibaba.android.rimet,72071168,68898816]
06-24 13:47:00.217888  1033  1069 I am_pss  : [31548,10106,com.sankuai.mtmp.push,9743360,8376320]
06-24 13:47:00.758131  1341  1341 I sysui_panelholder_touch: [0,694,73]
06-24 13:47:01.077447  1341  1341 I sysui_panelholder_touch: [0,696,67]
06-24 13:47:01.107642  1033  1234 I power_sleep_requested: 0
06-24 13:47:01.109333  1033  1033 I am_pause_activity: [0,75898732,com.meizu.flyme.launcher/.Launcher]
06-24 13:47:01.116991  2107  2107 I am_on_paused_called: [0,com.meizu.flyme.launcher.Launcher]
06-24 13:47:01.132254  1033  1356 I notification_panel_revealed: 2
06-24 13:47:01.173802  1033  1070 I am_focused_activity: [0,com.meizu.flyme.launcher/.Launcher]
06-24 13:47:01.256703  1033  2055 I notification_visibility: [0|com.supercell.clashofclans.uc|1138339364|null|10126,1,41182,41182,0,0]
06-24 13:47:01.256812  1033  2055 I notification_visibility: [0|com.tencent.news|-1099712986|null|10191,1,2639679,2639679,0,1]
06-24 13:47:01.273946  1033  1621 I notification_visibility: [0|com.supercell.clashofclans.uc|1138339364|null|10126,0,41199,41199,0,0]
06-24 13:47:01.274070  1033  1621 I notification_visibility: [0|com.tencent.news|-1099712986|null|10191,0,2639697,2639697,0,1]
06-24 13:47:01.276503  1033  1356 I notification_panel_hidden: []
06-24 13:47:01.425241  1341  1341 I sysui_status_bar_state: [1,1,0,0,0,1]
06-24 13:47:01.761584  1033  1069 I am_meminfo: [850239488,101965824,132718592,601767936,37340160]
06-24 13:47:01.794815  1033  1069 I am_pss  : [1921,10025,com.meizu.flyme.input,26576896,24555520]
06-24 13:47:01.874306  1033  1069 I am_pss  : [31611,10002,com.android.browser,88203264,84168704]
06-24 13:47:01.954251  1033  1069 I am_pss  : [31370,10106,com.sankuai.meituan,64007168,58118144]
06-24 13:47:02.024246  1033  1069 I am_pss  : [29603,10111,com.wumii.android.mimi,44475392,41263104]
06-24 13:47:02.054310  1033  1069 I am_pss  : [8689,10098,com.push.Youku_PushService,29906944,28520448]
06-24 13:47:02.088051  1033  1069 I am_pss  : [2738,1000,com.meizu.safe,29809664,27455488]
06-24 13:47:02.135860  1033  1069 I am_pss  : [7861,10095,com.tencent.mm:tools,30425088,26370048]
06-24 13:47:02.164742  1033  1069 I am_pss  : [18334,10009,android.process.media,15564800,13762560]
06-24 13:47:02.189474  1033  1033 I power_screen_state: [0,2,0,0]
06-24 13:47:02.189560  1033  1033 I screen_toggled: 0
06-24 13:47:02.189597  1033  1033 I sysui_histogram: [screen_timeout,600]
06-24 13:47:02.194089  1033  1033 I power_screen_broadcast_send: 1
06-24 13:47:02.288289  1341  1341 I sysui_heads_up_status: [,0]
06-24 13:47:02.298964  1033  1069 I am_pss  : [8657,10040,com.android.calendar:remote,8610816,6684672]
06-24 13:47:02.395122  1033  1069 I am_pss  : [5143,10003,com.android.providers.calendar,5006336,3436544]
06-24 13:47:02.435020  1033  1069 I am_pss  : [8595,1000,com.meizu.safe:Remote,19282944,16404480]
06-24 13:47:02.486224  1033  1069 I am_pss  : [27762,10062,com.meizu.flyme.service.find,5403648,4395008]
06-24 13:47:02.532233  1033  1069 I am_pss  : [7811,10008,com.meizu.netcontactservice,20012032,17637376]
06-24 13:47:02.568792  1033  1069 I am_pss  : [7773,10019,com.android.mms,24745984,22163456]
06-24 13:47:02.596058  1033  1069 I am_pss  : [8476,1001,com.mediatek.engineermode,3979264,2891776]
06-24 13:47:02.626627  1033  1069 I am_pss  : [23823,10056,com.mediatek.mtklogger,4190208,2924544]
06-24 13:47:02.680824  1033  1069 I am_pss  : [29301,10015,com.meizu.media.gallery,6330368,5025792]
06-24 13:47:03.115309  1033  1058 I am_proc_died: [0,27607,com.mediatek.atci.service]
06-24 13:47:03.115665  1033  1058 I am_schedule_service_restart: [0,com.mediatek.atci.service/.AtciService,1000]
06-24 13:47:03.157737  1033  1069 I am_pss  : [4338,10102,com.eg.android.AlipayGphone,55784448,52084736]
06-24 13:47:03.192065  1033  2070 I am_proc_died: [0,4338,com.eg.android.AlipayGphone]
06-24 13:47:03.193483  1033  2070 I am_schedule_service_restart: [0,com.eg.android.AlipayGphone/com.alipay.android.app.MspService,10923]
06-24 13:47:03.193841  1033  2070 I am_schedule_service_restart: [0,com.eg.android.AlipayGphone/com.alipay.mobile.command.engine.TaskExeService,20923]
06-24 13:47:03.194099  1033  2070 I am_schedule_service_restart: [0,com.eg.android.AlipayGphone/org.rome.android.ipp.binder.IppService,20922]
06-24 13:47:03.209645  1033  1069 I am_pss  : [2918,10102,com.eg.android.AlipayGphone:push,18204672,16777216]
06-24 13:47:03.248549  1033  1069 I am_pss  : [10840,10100,com.alibaba.android.rimet:channel,10703872,8822784]
06-24 13:47:03.279819  1033  1069 I am_pss  : [29466,10080,com.meizu.flyme.weather,7923712,6873088]
06-24 13:47:03.305422  1033  1069 I am_pss  : [8340,1001,com.mediatek.esntrack,2888704,1884160]
06-24 13:47:03.333034  1033  1069 I am_pss  : [5131,10045,com.mediatek.providers.drm,3734528,2502656]
06-24 13:47:03.366748  1033  1069 I am_pss  : [8291,10011,com.android.email,11387904,10072064]
06-24 13:47:03.398845  1033  1069 I am_pss  : [29385,10058,com.meizu.account,5579776,4194304]
06-24 13:47:03.434002  1033  1069 I am_pss  : [7904,10036,com.meizu.mstore,11355136,10051584]
06-24 13:47:03.460138  1033  1069 I am_pss  : [3197,10017,com.meizu.luckymoney,3569664,2686976]
06-24 13:47:03.492282  1033  1069 I am_pss  : [29367,10015,com.meizu.media.gallery:backup,5281792,4079616]
06-24 13:47:03.524482  1033  1069 I am_pss  : [2685,10059,com.meizu.cloud:mzservice_v1,7720960,6639616]
06-24 13:47:03.553769  1033  1069 I am_pss  : [1939,10026,com.baidu.map.location,8865792,7483392]
06-24 13:47:03.581610  1033  1069 I am_pss  : [2093,1000,com.meizu.experiencedatasync,5971968,4558848]
06-24 13:47:03.609636  1033  1069 I am_pss  : [2081,10064,com.meizu.mzsyncservice,7311360,6197248]
06-24 13:47:03.642176  1033  1069 I am_pss  : [2065,10059,com.meizu.cloud,7593984,6483968]
06-24 13:47:03.667788  1033  1069 I am_pss  : [2048,1000,com.mediatek.nlpservice,3076096,2228224]
06-24 13:47:03.702435  1033  1069 I am_pss  : [2033,10004,com.android.incallui,18497536,15626240]
06-24 13:47:03.728782  1033  1069 I am_pss  : [2022,1001,com.mediatek.ims,3128320,2228224]
06-24 13:47:03.754038  1033  1069 I am_pss  : [2010,1001,com.mediatek.gba,2319360,1540096]
06-24 13:47:03.801278  1033  1069 I am_pss  : [1996,1001,com.android.phone,24787968,22282240]
06-24 13:47:03.856144  1033  1069 I am_pss  : [1341,10017,com.android.systemui,79160320,74575872]
06-24 13:47:04.022097  1033  1069 I am_pss  : [1033,1000,system,95371264,91004928]
06-24 13:47:04.132933  1033  1070 I am_proc_start: [0,9430,1000,com.mediatek.atci.service,service,com.mediatek.atci.service/.AtciService]
06-24 13:47:04.152742  1033  1058 I am_proc_bound: [0,9430,com.mediatek.atci.service]
06-24 13:47:04.203101  1033  1033 I power_screen_broadcast_done: [0,2009,1]
06-24 13:47:19.976888  1033  1033 I free_storage_changed: 9354633216
06-24 13:47:24.209133  1033  1069 I am_pss  : [2107,10014,com.meizu.flyme.launcher,51027968,47702016]
06-24 13:48:00.614049  1033  1069 I am_pss  : [1921,10025,com.meizu.flyme.input,25124864,23019520]
06-24 13:48:00.653794  1033  1069 I am_pss  : [2918,10102,com.eg.android.AlipayGphone:push,18253824,16826368]
06-24 13:48:00.728937  1033  1069 I am_pss  : [29603,10111,com.wumii.android.mimi,44434432,41074688]
06-24 13:48:00.757451  1033  1069 I am_pss  : [8689,10098,com.push.Youku_PushService,27428864,26005504]
06-24 13:48:00.788235  1033  1069 I am_pss  : [2738,1000,com.meizu.safe,29331456,27009024]
06-24 13:48:00.810434  1033  1069 I am_pss  : [8657,10040,com.android.calendar:remote,7367680,5476352]
06-24 13:48:00.834098  1033  1069 I am_pss  : [8595,1000,com.meizu.safe:Remote,15877120,13062144]
06-24 13:48:00.858648  1033  1069 I am_pss  : [27762,10062,com.meizu.flyme.service.find,5438464,4395008]
06-24 13:48:00.881251  1033  1069 I am_pss  : [23823,10056,com.mediatek.mtklogger,4187136,2916352]
06-24 13:48:00.908089  1033  1069 I am_pss  : [31548,10106,com.sankuai.mtmp.push,9760768,8359936]
06-24 13:48:00.933936  1033  1069 I am_pss  : [29301,10015,com.meizu.media.gallery,6364160,5025792]
06-24 13:48:00.964142  1033  1069 I am_pss  : [10840,10100,com.alibaba.android.rimet:channel,10703872,8822784]
06-24 13:48:00.988962  1033  1069 I am_pss  : [29385,10058,com.meizu.account,5579776,4194304]
06-24 13:48:01.009477  1033  1069 I am_pss  : [3197,10017,com.meizu.luckymoney,3535872,2686976]
06-24 13:48:01.035530  1033  1069 I am_pss  : [29367,10015,com.meizu.media.gallery:backup,5281792,4079616]
06-24 13:48:01.060771  1033  1069 I am_pss  : [2685,10059,com.meizu.cloud:mzservice_v1,7733248,6651904]
06-24 13:48:01.084449  1033  1069 I am_pss  : [1939,10026,com.baidu.map.location,8826880,7483392]
06-24 13:49:01.000271  1033  1069 I am_pss  : [4076,10095,com.tencent.mm,85821440,80969728]
06-24 13:49:01.028185  1033  1069 I am_pss  : [9430,1000,com.mediatek.atci.service,3368960,2183168]
06-24 13:49:13.987914  1033  1069 I am_pss  : [20071,10100,com.alibaba.android.rimet,65311744,61919232]
06-24 13:50:21.699034  1033  1069 I am_pss  : [8097,10118,com.supercell.clashofclans.baidu,132410368,126439424]
06-24 13:50:21.725917  1033  1069 I am_pss  : [10158,10004,android.process.acore,12369920,10543104]
06-24 13:51:10.001338  1033  1069 I am_pss  : [31611,10002,com.android.browser,87974912,84078592]
06-24 13:51:10.074018  1033  1069 I am_pss  : [31370,10106,com.sankuai.meituan,64177152,58109952]
06-24 13:51:10.114784  1033  1069 I am_pss  : [7861,10095,com.tencent.mm:tools,26636288,22831104]
06-24 13:51:10.138048  1033  1069 I am_pss  : [18334,10009,android.process.media,15479808,13672448]
06-24 13:51:10.159141  1033  1069 I am_pss  : [5143,10003,com.android.providers.calendar,4981760,3416064]
06-24 13:51:10.191073  1033  1069 I am_pss  : [7811,10008,com.meizu.netcontactservice,19517440,17068032]
06-24 13:51:10.221724  1033  1069 I am_pss  : [7773,10019,com.android.mms,24400896,21827584]
06-24 13:51:10.246425  1033  1069 I am_pss  : [8476,1001,com.mediatek.engineermode,3640320,2551808]
06-24 13:51:10.272730  1033  1069 I am_pss  : [29466,10080,com.meizu.flyme.weather,7923712,6873088]
06-24 13:51:10.293092  1033  1069 I am_pss  : [8340,1001,com.mediatek.esntrack,2834432,1880064]
06-24 13:51:10.315172  1033  1069 I am_pss  : [5131,10045,com.mediatek.providers.drm,3628032,2420736]
06-24 13:51:10.341809  1033  1069 I am_pss  : [8291,10011,com.android.email,11388928,10072064]
06-24 13:51:10.370038  1033  1069 I am_pss  : [7904,10036,com.meizu.mstore,11368448,10063872]
06-24 13:52:12.836000  9473  9473 I auditd  : type=1400 audit(0.0:5252): avc: denied { getattr } for comm="ps" path="/proc/1" dev="proc" ino=1241 scontext=u:r:system_app:s0 tcontext=u:r:init:s0 tclass=dir permissive=1
06-24 13:52:12.836000  9473  9473 I auditd  : type=1400 audit(0.0:5253): avc: denied { search } for comm="ps" name="1" dev="proc" ino=1241 scontext=u:r:system_app:s0 tcontext=u:r:init:s0 tclass=dir permissive=1
06-24 13:52:12.836000  9473  9473 I auditd  : type=1400 audit(0.0:5254): avc: denied { read } for comm="ps" name="cmdline" dev="proc" ino=1640391 scontext=u:r:system_app:s0 tcontext=u:r:init:s0 tclass=file permissive=1
06-24 13:52:12.836000  9473  9473 I auditd  : type=1400 audit(0.0:5255): avc: denied { open } for comm="ps" path="/proc/1/cmdline" dev="proc" ino=1640391 scontext=u:r:system_app:s0 tcontext=u:r:init:s0 tclass=file permissive=1
06-24 13:52:12.836000  9473  9473 I auditd  : type=1400 audit(0.0:5256): avc: denied { getattr } for comm="ps" path="/proc/2" dev="proc" ino=17461 scontext=u:r:system_app:s0 tcontext=u:r:kernel:s0 tclass=dir permissive=1
06-24 13:52:12.836000  9473  9473 I auditd  : type=1400 audit(0.0:5257): avc: denied { search } for comm="ps" name="2" dev="proc" ino=17461 scontext=u:r:system_app:s0 tcontext=u:r:kernel:s0 tclass=dir permissive=1
06-24 13:52:12.836000  9473  9473 I auditd  : type=1400 audit(0.0:5258): avc: denied { read } for comm="ps" name="cmdline" dev="proc" ino=1640394 scontext=u:r:system_app:s0 tcontext=u:r:kernel:s0 tclass=file permissive=1
06-24 13:52:12.836000  9473  9473 I auditd  : type=1400 audit(0.0:5259): avc: denied { open } for comm="ps" path="/proc/2/cmdline" dev="proc" ino=1640394 scontext=u:r:system_app:s0 tcontext=u:r:kernel:s0 tclass=file permissive=1
06-24 13:52:12.856000  9473  9473 I auditd  : type=1400 audit(0.0:5260): avc: denied { getattr } for comm="ps" path="/proc/247" dev="proc" ino=325 scontext=u:r:system_app:s0 tcontext=u:r:ueventd:s0 tclass=dir permissive=1
06-24 13:52:12.856000  9473  9473 I auditd  : type=1400 audit(0.0:5261): avc: denied { search } for comm="ps" name="247" dev="proc" ino=325 scontext=u:r:system_app:s0 tcontext=u:r:ueventd:s0 tclass=dir permissive=1
06-24 13:52:12.856000  9473  9473 I auditd  : type=1400 audit(0.0:5262): avc: denied { read } for comm="ps" name="cmdline" dev="proc" ino=1640982 scontext=u:r:system_app:s0 tcontext=u:r:ueventd:s0 tclass=file permissive=1
06-24 13:52:12.856000  9473  9473 I auditd  : type=1400 audit(0.0:5263): avc: denied { open } for comm="ps" path="/proc/247/cmdline" dev="proc" ino=1640982 scontext=u:r:system_app:s0 tcontext=u:r:ueventd:s0 tclass=file permissive=1
06-24 13:52:12.856000  9473  9473 I auditd  : type=1400 audit(0.0:5264): avc: denied { getattr } for comm="ps" path="/proc/307" dev="proc" ino=11375 scontext=u:r:system_app:s0 tcontext=u:r:mobicore:s0 tclass=dir permissive=1
06-24 13:52:12.856000  9473  9473 I auditd  : type=1400 audit(0.0:5265): avc: denied { search } for comm="ps" name="307" dev="proc" ino=11375 scontext=u:r:system_app:s0 tcontext=u:r:mobicore:s0 tclass=dir permissive=1
06-24 13:52:12.856000  9473  9473 I auditd  : type=1400 audit(0.0:5266): avc: denied { read } for comm="ps" name="cmdline" dev="proc" ino=1641072 scontext=u:r:system_app:s0 tcontext=u:r:mobicore:s0 tclass=file permissive=1
06-24 13:52:12.856000  9473  9473 I auditd  : type=1400 audit(0.0:5267): avc: denied { open } for comm="ps" path="/proc/307/cmdline" dev="proc" ino=1641072 scontext=u:r:system_app:s0 tcontext=u:r:mobicore:s0 tclass=file permissive=1
06-24 13:52:12.856000  9473  9473 I auditd  : type=1400 audit(0.0:5268): avc: denied { getattr } for comm="ps" path="/proc/308" dev="proc" ino=13317 scontext=u:r:system_app:s0 tcontext=u:r:logd:s0 tclass=dir permissive=1
06-24 13:52:12.856000  9473  9473 I auditd  : type=1400 audit(0.0:5269): avc: denied { search } for comm="ps" name="308" dev="proc" ino=13317 scontext=u:r:system_app:s0 tcontext=u:r:logd:s0 tclass=dir permissive=1
06-24 13:52:12.856000  9473  9473 I auditd  : type=1400 audit(0.0:5270): avc: denied { read } for comm="ps" name="cmdline" dev="proc" ino=1641075 scontext=u:r:system_app:s0 tcontext=u:r:logd:s0 tclass=file permissive=1
06-24 13:52:12.856000  9473  9473 I auditd  : type=1400 audit(0.0:5271): avc: denied { open } for comm="ps" path="/proc/308/cmdline" dev="proc" ino=1641075 scontext=u:r:system_app:s0 tcontext=u:r:logd:s0 tclass=file permissive=1
06-24 13:52:12.856000  9473  9473 I auditd  : type=1400 audit(0.0:5272): avc: denied { getattr } for comm="ps" path="/proc/311" dev="proc" ino=13330 scontext=u:r:system_app:s0 tcontext=u:r:vold:s0 tclass=dir permissive=1
06-24 13:52:12.856000  9473  9473 I auditd  : type=1400 audit(0.0:5273): avc: denied { search } for comm="ps" name="311" dev="proc" ino=13330 scontext=u:r:system_app:s0 tcontext=u:r:vold:s0 tclass=dir permissive=1
06-24 13:52:12.856000  9473  9473 I auditd  : type=1400 audit(0.0:5274): avc: denied { read } for comm="ps" name="cmdline" dev="proc" ino=1641081 scontext=u:r:system_app:s0 tcontext=u:r:vold:s0 tclass=file permissive=1
06-24 13:52:12.856000  9473  9473 I auditd  : type=1400 audit(0.0:5275): avc: denied { open } for comm="ps" path="/proc/311/cmdline" dev="proc" ino=1641081 scontext=u:r:system_app:s0 tcontext=u:r:vold:s0 tclass=file permissive=1
06-24 13:52:12.866000  9473  9473 I auditd  : type=1400 audit(0.0:5276): avc: denied { getattr } for comm="ps" path="/proc/331" dev="proc" ino=10493 scontext=u:r:system_app:s0 tcontext=u:r:healthd:s0 tclass=dir permissive=1
06-24 13:52:12.866000  9473  9473 I auditd  : type=1400 audit(0.0:5277): avc: denied { search } for comm="ps" name="331" dev="proc" ino=10493 scontext=u:r:system_app:s0 tcontext=u:r:healthd:s0 tclass=dir permissive=1
06-24 13:52:12.866000  9473  9473 I auditd  : type=1400 audit(0.0:5278): avc: denied { read } for comm="ps" name="cmdline" dev="proc" ino=1641087 scontext=u:r:system_app:s0 tcontext=u:r:healthd:s0 tclass=file permissive=1
06-24 13:52:12.866000  9473  9473 I auditd  : type=1400 audit(0.0:5279): avc: denied { open } for comm="ps" path="/proc/331/cmdline" dev="proc" ino=1641087 scontext=u:r:system_app:s0 tcontext=u:r:healthd:s0 tclass=file permissive=1
06-24 13:52:12.866000  9473  9473 I auditd  : type=1400 audit(0.0:5280): avc: denied { getattr } for comm="ps" path="/proc/332" dev="proc" ino=10499 scontext=u:r:system_app:s0 tcontext=u:r:shell:s0 tclass=dir permissive=1
06-24 13:52:12.911683  1033  1944 I am_kill : [0,31370,com.sankuai.meituan,9,stop com.sankuai.meituan]
