06-24 13:54:09.845600  1033  1621 I wm_task_removed: [8579,removeTask]
06-24 13:54:09.979000 10761 10761 I auditd  : type=1400 audit(0.0:5639): avc: denied { setattr } for comm="chmod" name="tmp" dev="mmcblk0p32" ino=753666 scontext=u:r:untrusted_app:s0:c512,c768 tcontext=u:object_r:shell_data_file:s0 tclass=dir permissive=1
06-24 13:54:10.019000 10764 10764 I auditd  : type=1400 audit(0.0:5640): avc: denied { setattr } for comm="chmod" name=".udid" dev="mmcblk0p32" ino=753668 scontext=u:r:untrusted_app:s0:c512,c768 tcontext=u:object_r:shell_data_file:s0 tclass=file permissive=1
06-24 13:54:12.938143  1033  1356 I battery_level: [31,3781,300]
06-24 13:54:15.199000  2440  2440 I auditd  : type=1400 audit(0.0:5641): avc: denied { search } for comm="GpuAppSpectator" name="9796" dev="proc" ino=1838596 scontext=u:r:gas_srv:s0 tcontext=u:r:system_app:s0 tclass=dir permissive=1
06-24 13:54:15.199000  2440  2440 I auditd  : type=1400 audit(0.0:5642): avc: denied { read } for comm="GpuAppSpectator" name="cmdline" dev="proc" ino=1838597 scontext=u:r:gas_srv:s0 tcontext=u:r:system_app:s0 tclass=file permissive=1
06-24 13:54:15.199000  2440  2440 I auditd  : type=1400 audit(0.0:5643): avc: denied { open } for comm="GpuAppSpectator" path="/proc/9796/cmdline" dev="proc" ino=1838597 scontext=u:r:gas_srv:s0 tcontext=u:r:system_app:s0 tclass=file permissive=1
06-24 13:54:15.199000  2440  2440 I auditd  : type=1400 audit(0.0:5644): avc: denied { getattr } for comm="GpuAppSpectator" path="/proc/9796/cmdline" dev="proc" ino=1838597 scontext=u:r:gas_srv:s0 tcontext=u:r:system_app:s0 tclass=file permissive=1
06-24 13:54:17.148340  1033  1069 I am_pss  : [9796,1000,com.meizu.connectivitysettings,31581184,27095040]
06-24 13:54:17.194782  1033  1069 I am_pss  : [2107,10014,com.meizu.flyme.launcher,40119296,37191680]
06-24 13:54:17.266649  1033  1069 I am_pss  : [9924,10097,com.taobao.taobao,47974400,37265408]
06-24 13:54:17.303940  1033  1069 I am_pss  : [9757,10096,com.tencent.mobileqq:MSF,19430400,15044608]
06-24 13:54:17.345186  1033  1069 I am_pss  : [18334,10009,android.process.media,39642112,38100992]
06-24 13:54:17.381911  1033  1069 I am_pss  : [9641,10102,com.eg.android.AlipayGphone:tools,6517760,3612672]
06-24 13:54:23.535532  1033  1926 I am_proc_died: [0,10501,com.vlife.mxlock.wallpaper:main]
06-24 13:54:40.219000  2440  2440 I auditd  : type=1400 audit(0.0:5645): avc: denied { search } for comm="GpuAppSpectator" name="9796" dev="proc" ino=1838596 scontext=u:r:gas_srv:s0 tcontext=u:r:system_app:s0 tclass=dir permissive=1
06-24 13:54:40.219000  2440  2440 I auditd  : type=1400 audit(0.0:5646): avc: denied { read } for comm="GpuAppSpectator" name="cmdline" dev="proc" ino=1838597 scontext=u:r:gas_srv:s0 tcontext=u:r:system_app:s0 tclass=file permissive=1
06-24 13:54:40.219000  2440  2440 I auditd  : type=1400 audit(0.0:5647): avc: denied { open } for comm="GpuAppSpectator" path="/proc/9796/cmdline" dev="proc" ino=1838597 scontext=u:r:gas_srv:s0 tcontext=u:r:system_app:s0 tclass=file permissive=1
06-24 13:54:40.219000  2440  2440 I auditd  : type=1400 audit(0.0:5648): avc: denied { getattr } for comm="GpuAppSpectator" path="/proc/9796/cmdline" dev="proc" ino=1838597 scontext=u:r:gas_srv:s0 tcontext=u:r:system_app:s0 tclass=file permissive=1
06-24 13:54:42.931904  1033  2064 I battery_level: [32,3794,310]
06-24 13:54:43.907691  1033  1069 I am_pss  : [9704,1000,com.android.settings,21007360,16560128]
06-24 13:54:44.010988  1033  1069 I am_pss  : [4076,10095,com.tencent.mm,88893440,83898368]
06-24 13:54:44.056542  1033  1069 I am_pss  : [10345,10123,com.wandoujia.phoenix2.usbproxy,12760064,11669504]
06-24 13:54:44.091370  1033  1069 I am_pss  : [10689,10097,com.taobao.taobao:channel,22344704,12042240]
06-24 13:54:44.279536  1033  1069 I am_pss  : [20071,10100,com.alibaba.android.rimet,65612800,62099456]
06-24 13:54:44.308985  1033  1069 I am_pss  : [9832,10096,com.tencent.mobileqq,16616448,12541952]
06-24 13:54:44.336842  1033  1069 I am_pss  : [7811,10008,com.meizu.netcontactservice,20273152,18227200]
06-24 13:54:44.366561  1033  1069 I am_pss  : [8291,10011,com.android.email,11475968,10268672]
06-24 13:54:44.386270  1033  1069 I am_pss  : [10044,10007,com.android.defcontainer,2921472,1961984]
06-24 13:54:44.410795  1033  1069 I am_pss  : [3591,10095,com.tencent.mm:push,13831168,12414976]
06-24 13:54:44.635838  9796  9796 I menu_item_selected: [0,]
06-24 13:54:44.639381  1033  2106 I am_finish_activity: [0,256083099,8577,com.meizu.connectivitysettings/.Settings$WifiProxySettingsActivity,app-request]
06-24 13:54:44.640180  1033  2106 I am_home_stack_moved: [0,0,1,1,finishActivity adjustFocus setFocusedActivity]
06-24 13:54:44.640243  1033  2106 I wm_task_moved: [8577,1,4]
06-24 13:54:44.644293  1033  2106 I am_focused_activity: [0,com.meizu.connectivitysettings/.SubSettings]
06-24 13:54:44.644584  1033  2106 I am_pause_activity: [0,256083099,com.meizu.connectivitysettings/.Settings$WifiProxySettingsActivity]
06-24 13:54:44.647086  9796  9796 I am_on_paused_called: [0,com.meizu.connectivitysettings.Settings$WifiProxySettingsActivity]
06-24 13:54:44.650653  1033  2070 I am_resume_activity: [0,214986107,8577,com.meizu.connectivitysettings/.SubSettings]
06-24 13:54:44.661389  9796  9796 I am_on_resume_called: [0,com.meizu.connectivitysettings.SubSettings]
06-24 13:54:44.712360  1033  1070 I am_broadcast_discard_app: [0,161844027,android.intent.action.PROXY_CHANGE,0,ResolveInfo{68a7258 com.dianping.v1/com.dianping.base.push.pushservice.PhoneStatusReceiver m=0x108000}]
06-24 13:54:44.715151  1033  1070 I am_broadcast_discard_app: [0,161844027,android.intent.action.PROXY_CHANGE,1,ResolveInfo{fd9afb1 com.sankuai.meituan/.notify.NetworkChangeReceiver m=0x108000}]
06-24 13:54:45.001263  1033  1070 I am_destroy_activity: [0,256083099,8577,com.meizu.connectivitysettings/.Settings$WifiProxySettingsActivity,finish-imm]
06-24 13:54:45.275408  1033  2094 I force_gc: Binder
06-24 13:54:45.569012  1033  2106 I am_home_stack_moved: [0,0,1,1,sourceStackToFront]
06-24 13:54:45.569083  1033  2106 I wm_task_moved: [8577,1,4]
06-24 13:54:45.570395  1033  2106 I am_create_activity: [0,210318448,8577,com.meizu.connectivitysettings/.Settings$WifiProxySettingsActivity,NULL,NULL,NULL,0]
06-24 13:54:45.570813  1033  2106 I am_pause_activity: [0,214986107,com.meizu.connectivitysettings/.SubSettings]
06-24 13:54:45.571683  1033  2106 I am_home_stack_moved: [0,0,1,1,startedActivity setFocusedActivity]
06-24 13:54:45.571767  1033  2106 I wm_task_moved: [8577,1,4]
06-24 13:54:45.573641  1033  2106 I am_focused_activity: [0,com.meizu.connectivitysettings/.Settings$WifiProxySettingsActivity]
06-24 13:54:45.576181  9796  9796 I am_on_paused_called: [0,com.meizu.connectivitysettings.SubSettings]
06-24 13:54:45.578772  1033  2094 I am_restart_activity: [0,210318448,8577,com.meizu.connectivitysettings/.Settings$WifiProxySettingsActivity]
06-24 13:54:45.620496  9796  9796 I am_on_resume_called: [0,com.meizu.connectivitysettings.Settings$WifiProxySettingsActivity]
06-24 13:54:45.701025  1033  1075 I am_activity_launch_time: [0,210318448,com.meizu.connectivitysettings/.Settings$WifiProxySettingsActivity,124,36060]
06-24 13:54:45.731335  1033  1241 I netstats_mobile_sample: [48839386,62015,7896079,61279,48835210,62012,7897806,61292,48835250,62013,7898690,61298,-1]
06-24 13:54:45.732081  1033  1241 I netstats_wifi_sample: [1234510720,900530,56224570,707301,1221682273,893062,46377360,703792,1221478171,890869,46290204,703336,-1]
06-24 13:54:45.921240   335   335 I sf_frame_dur: [com.meizu.connectivitysettings/com.meizu.connectivitysettings.SubSettings,16,2,0,2,0,2,0]
06-24 13:54:49.379580  1033  1356 I force_gc: Binder
06-24 13:55:00.227676  1033  1069 I am_pss  : [1033,1000,system,103169024,98467840]
06-24 13:55:00.272336  1033  1069 I am_pss  : [1341,10017,com.android.systemui,69210112,65384448]
06-24 13:55:00.299836  1033  1069 I am_pss  : [2093,1000,com.meizu.experiencedatasync,6039552,4816896]
06-24 13:55:00.322751  1033  1069 I am_pss  : [2081,10064,com.meizu.mzsyncservice,7104512,6144000]
06-24 13:55:00.348801  1033  1069 I am_pss  : [2065,10059,com.meizu.cloud,7601152,6569984]
06-24 13:55:00.372415  1033  1069 I am_pss  : [2048,1000,com.mediatek.nlpservice,2999296,2265088]
06-24 13:55:00.412188  1033  1069 I am_pss  : [2033,10004,com.android.incallui,17897472,15622144]
06-24 13:55:00.434290  1033  1069 I am_pss  : [2022,1001,com.mediatek.ims,3033088,2256896]
06-24 13:55:00.451371  1033  1069 I am_pss  : [2010,1001,com.mediatek.gba,2203648,1540096]
06-24 13:55:00.486043  1033  1069 I am_pss  : [1996,1001,com.android.phone,24788992,22654976]
06-24 13:55:06.239000  2440  2440 I auditd  : type=1400 audit(0.0:5649): avc: denied { read } for comm="GpuAppSpectator" name="cmdline" dev="proc" ino=1838597 scontext=u:r:gas_srv:s0 tcontext=u:r:system_app:s0 tclass=file permissive=1
06-24 13:55:06.239000  2440  2440 I auditd  : type=1400 audit(0.0:5650): avc: denied { open } for comm="GpuAppSpectator" path="/proc/9796/cmdline" dev="proc" ino=1838597 scontext=u:r:gas_srv:s0 tcontext=u:r:system_app:s0 tclass=file permissive=1
06-24 13:55:06.239000  2440  2440 I auditd  : type=1400 audit(0.0:5651): avc: denied { getattr } for comm="GpuAppSpectator" path="/proc/9796/cmdline" dev="proc" ino=1838597 scontext=u:r:gas_srv:s0 tcontext=u:r:system_app:s0 tclass=file permissive=1
06-24 13:55:07.239000  2440  2440 I auditd  : type=1400 audit(0.0:5652): avc: denied { search } for comm="GpuAppSpectator" name="9796" dev="proc" ino=1838596 scontext=u:r:gas_srv:s0 tcontext=u:r:system_app:s0 tclass=dir permissive=1
06-24 13:55:45.828949  1033  1070 I am_broadcast_discard_app: [0,213479566,com.youku.android.pushsdk.action.MESSAGE,0,ResolveInfo{71460af com.youku.phone/com.youku.service.push.PushReceiver m=0x108000}]
06-24 13:55:45.939165  1033  1069 I am_pss  : [4076,10095,com.tencent.mm,88894464,83902464]
06-24 13:56:01.736059  1033  2079 I am_proc_died: [0,10689,com.taobao.taobao:channel]
06-24 13:56:01.736431  1033  2079 I am_schedule_service_restart: [0,com.taobao.taobao/com.alibaba.analytics.AnalyticsService,1000]
06-24 13:56:02.757604  1033  1070 I am_proc_start: [0,11175,10097,com.taobao.taobao:channel,service,com.taobao.taobao/com.alibaba.analytics.AnalyticsService]
06-24 13:56:02.769501  1033  1356 I am_proc_bound: [0,11175,com.taobao.taobao:channel]
06-24 13:56:57.858228  1033  1033 I free_storage_changed: 9349783552
06-24 13:57:00.061570  1033  1069 I am_pss  : [9796,1000,com.meizu.connectivitysettings,32673792,28041216]
06-24 13:57:00.100196  1033  1069 I am_pss  : [11175,10097,com.taobao.taobao:channel,22311936,12017664]
06-24 13:57:05.399000  2440  2440 I auditd  : type=1400 audit(0.0:5653): avc: denied { read } for comm="GpuAppSpectator" name="cmdline" dev="proc" ino=1838597 scontext=u:r:gas_srv:s0 tcontext=u:r:system_app:s0 tclass=file permissive=1
06-24 13:57:05.399000  2440  2440 I auditd  : type=1400 audit(0.0:5654): avc: denied { open } for comm="GpuAppSpectator" path="/proc/9796/cmdline" dev="proc" ino=1838597 scontext=u:r:gas_srv:s0 tcontext=u:r:system_app:s0 tclass=file permissive=1
06-24 13:57:05.399000  2440  2440 I auditd  : type=1400 audit(0.0:5655): avc: denied { getattr } for comm="GpuAppSpectator" path="/proc/9796/cmdline" dev="proc" ino=1838597 scontext=u:r:gas_srv:s0 tcontext=u:r:system_app:s0 tclass=file permissive=1
06-24 13:57:06.409000  2440  2440 I auditd  : type=1400 audit(0.0:5656): avc: denied { search } for comm="GpuAppSpectator" name="9796" dev="proc" ino=1838596 scontext=u:r:gas_srv:s0 tcontext=u:r:system_app:s0 tclass=dir permissive=1
06-24 13:57:14.964480  1033  2073 I am_home_stack_moved: [0,0,1,1,startingNewTask]
06-24 13:57:14.964542  1033  2073 I wm_task_moved: [8577,1,4]
06-24 13:57:14.966173  1033  2073 I am_create_task: [0,8580]
06-24 13:57:14.966247  1033  2073 I am_create_activity: [0,99734639,8580,com.wandoujia.phoenix2.usbproxy/com.wandoujia.phoenix2.ui.WelcomeActivity,NULL,NULL,NULL,276824064]
06-24 13:57:14.966688  1033  2073 I wm_task_created: [8580,1]
06-24 13:57:14.966737  1033  2073 I wm_task_moved: [8580,1,5]
06-24 13:57:14.985454  1033  2073 I am_pause_activity: [0,210318448,com.meizu.connectivitysettings/.Settings$WifiProxySettingsActivity]
06-24 13:57:14.986118  9796  9796 I am_on_paused_called: [0,com.meizu.connectivitysettings.Settings$WifiProxySettingsActivity]
06-24 13:57:14.987561  1033  2073 I am_home_stack_moved: [0,0,1,1,startedActivity setFocusedActivity]
06-24 13:57:14.987645  1033  2073 I wm_task_moved: [8580,1,5]
06-24 13:57:14.990387  1033  2073 I am_focused_activity: [0,com.wandoujia.phoenix2.usbproxy/com.wandoujia.phoenix2.ui.WelcomeActivity]
06-24 13:57:14.995266  1033  1356 I am_restart_activity: [0,99734639,8580,com.wandoujia.phoenix2.usbproxy/com.wandoujia.phoenix2.ui.WelcomeActivity]
06-24 13:57:15.011643  1033  2094 I am_finish_activity: [0,99734639,8580,com.wandoujia.phoenix2.usbproxy/com.wandoujia.phoenix2.ui.WelcomeActivity,app-request]
06-24 13:57:15.012215  1033  2094 I am_home_stack_moved: [0,0,1,1,finishActivity adjustFocus setFocusedActivity]
06-24 13:57:15.012275  1033  2094 I wm_task_moved: [8580,1,5]
06-24 13:57:15.017504  1033  2094 I am_focused_activity: [0,com.meizu.connectivitysettings/.Settings$WifiProxySettingsActivity]
06-24 13:57:15.018283  1033  2094 I am_pause_activity: [0,99734639,com.wandoujia.phoenix2.usbproxy/com.wandoujia.phoenix2.ui.WelcomeActivity]
06-24 13:57:15.028268  1033  1944 I am_resume_activity: [0,210318448,8577,com.meizu.connectivitysettings/.Settings$WifiProxySettingsActivity]
06-24 13:57:15.040698  9796  9796 I am_on_resume_called: [0,com.meizu.connectivitysettings.Settings$WifiProxySettingsActivity]
06-24 13:57:15.058912  1033  1058 I am_destroy_activity: [0,99734639,8580,com.wandoujia.phoenix2.usbproxy/com.wandoujia.phoenix2.ui.WelcomeActivity,finish-idle]
06-24 13:57:15.067595  1033  1059 I wm_task_removed: [8580,removeAppToken: last token]
06-24 13:57:15.067675  1033  1059 I wm_task_removed: [8580,removeTask]
06-24 13:57:20.648342  1033  2073 I am_home_stack_moved: [0,0,1,1,startingNewTask]
06-24 13:57:20.648410  1033  2073 I wm_task_moved: [8577,1,4]
06-24 13:57:20.650251  1033  2073 I am_create_task: [0,8581]
06-24 13:57:20.650613  1033  2073 I am_create_activity: [0,237625959,8581,com.wandoujia.phoenix2.usbproxy/com.wandoujia.phoenix2.ui.WelcomeActivity,NULL,NULL,NULL,276824064]
06-24 13:57:20.650855  1033  2073 I wm_task_created: [8581,1]
06-24 13:57:20.650902  1033  2073 I wm_task_moved: [8581,1,5]
06-24 13:57:20.675246  1033  2073 I am_pause_activity: [0,210318448,com.meizu.connectivitysettings/.Settings$WifiProxySettingsActivity]
06-24 13:57:20.676223  9796  9796 I am_on_paused_called: [0,com.meizu.connectivitysettings.Settings$WifiProxySettingsActivity]
06-24 13:57:20.684991  1033  2073 I am_home_stack_moved: [0,0,1,1,startedActivity setFocusedActivity]
06-24 13:57:20.685069  1033  2073 I wm_task_moved: [8581,1,5]
06-24 13:57:20.687915  1033  2073 I am_focused_activity: [0,com.wandoujia.phoenix2.usbproxy/com.wandoujia.phoenix2.ui.WelcomeActivity]
06-24 13:57:20.699421  1033  1944 I am_restart_activity: [0,237625959,8581,com.wandoujia.phoenix2.usbproxy/com.wandoujia.phoenix2.ui.WelcomeActivity]
06-24 13:57:20.719500  1033  2064 I am_finish_activity: [0,237625959,8581,com.wandoujia.phoenix2.usbproxy/com.wandoujia.phoenix2.ui.WelcomeActivity,app-request]
06-24 13:57:20.720086  1033  2064 I am_home_stack_moved: [0,0,1,1,finishActivity adjustFocus setFocusedActivity]
06-24 13:57:20.720153  1033  2064 I wm_task_moved: [8581,1,5]
06-24 13:57:20.722189  1033  2064 I am_focused_activity: [0,com.meizu.connectivitysettings/.Settings$WifiProxySettingsActivity]
06-24 13:57:20.722914  1033  2064 I am_pause_activity: [0,237625959,com.wandoujia.phoenix2.usbproxy/com.wandoujia.phoenix2.ui.WelcomeActivity]
06-24 13:57:20.733326  1033  2055 I am_resume_activity: [0,210318448,8577,com.meizu.connectivitysettings/.Settings$WifiProxySettingsActivity]
06-24 13:57:20.742763  9796  9796 I am_on_resume_called: [0,com.meizu.connectivitysettings.Settings$WifiProxySettingsActivity]
06-24 13:57:20.760589  1033  1058 I am_destroy_activity: [0,237625959,8581,com.wandoujia.phoenix2.usbproxy/com.wandoujia.phoenix2.ui.WelcomeActivity,finish-idle]
06-24 13:57:20.765390  1033  1058 I wm_task_removed: [8581,removeAppToken: last token]
06-24 13:57:20.765437  1033  1058 I wm_task_removed: [8581,removeTask]
06-24 13:57:22.419000  2440  2440 I auditd  : type=1400 audit(0.0:5657): avc: denied { read } for comm="GpuAppSpectator" name="cmdline" dev="proc" ino=1838597 scontext=u:r:gas_srv:s0 tcontext=u:r:system_app:s0 tclass=file permissive=1
06-24 13:57:22.419000  2440  2440 I auditd  : type=1400 audit(0.0:5658): avc: denied { open } for comm="GpuAppSpectator" path="/proc/9796/cmdline" dev="proc" ino=1838597 scontext=u:r:gas_srv:s0 tcontext=u:r:system_app:s0 tclass=file permissive=1
06-24 13:57:22.419000  2440  2440 I auditd  : type=1400 audit(0.0:5659): avc: denied { getattr } for comm="GpuAppSpectator" path="/proc/9796/cmdline" dev="proc" ino=1838597 scontext=u:r:gas_srv:s0 tcontext=u:r:system_app:s0 tclass=file permissive=1
06-24 13:57:23.221498  1033  2023 I am_home_stack_moved: [0,0,1,1,intentActivityFound]
06-24 13:57:23.221565  1033  2023 I wm_task_moved: [8577,1,4]
06-24 13:57:23.223232  1033  2023 I am_finish_activity: [0,177842681,8577,com.meizu.connectivitysettings/.Settings,clear-task-stack]
06-24 13:57:23.224061  1033  2023 I am_destroy_activity: [0,177842681,8577,com.meizu.connectivitysettings/.Settings,finish-imm]
06-24 13:57:23.224436  1033  2023 I am_finish_activity: [0,214986107,8577,com.meizu.connectivitysettings/.SubSettings,clear-task-stack]
06-24 13:57:23.225185  1033  2023 I am_destroy_activity: [0,214986107,8577,com.meizu.connectivitysettings/.SubSettings,finish-imm]
06-24 13:57:23.225982  1033  2023 I am_finish_activity: [0,210318448,8577,com.meizu.connectivitysettings/.Settings$WifiProxySettingsActivity,clear-task-stack]
06-24 13:57:23.226927  1033  2023 I am_home_stack_moved: [0,0,1,1,finishActivity adjustFocus setFocusedActivity]
06-24 13:57:23.227020  1033  2023 I wm_task_moved: [8577,1,4]
06-24 13:57:23.230611  1033  2023 I am_focused_activity: [0,com.android.settings/.Settings]
06-24 13:57:23.231027  1033  2023 I am_pause_activity: [0,210318448,com.meizu.connectivitysettings/.Settings$WifiProxySettingsActivity]
06-24 13:57:23.231468  1033  2023 I am_new_intent: [0,173102009,8577,com.android.settings/.Settings,NULL,NULL,NULL,268435456]
06-24 13:57:23.247257  9796  9796 I am_on_paused_called: [0,com.meizu.connectivitysettings.Settings$WifiProxySettingsActivity]
06-24 13:57:23.254274  1033  2079 I am_resume_activity: [0,65050286,8577,com.android.settings/.Settings]
06-24 13:57:23.263657  9704  9704 I am_on_resume_called: [0,com.android.settings.Settings]
06-24 13:57:23.419000  2440  2440 I auditd  : type=1400 audit(0.0:5660): avc: denied { search } for comm="GpuAppSpectator" name="9704" dev="proc" ino=1848414 scontext=u:r:gas_srv:s0 tcontext=u:r:system_app:s0 tclass=dir permissive=1
06-24 13:57:23.525783  1033  1070 I am_destroy_activity: [0,210318448,8577,com.meizu.connectivitysettings/.Settings$WifiProxySettingsActivity,finish-imm]
06-24 13:57:24.590844  1033  2055 I am_home_stack_moved: [0,0,1,1,intentActivityFound]
06-24 13:57:24.590919  1033  2055 I wm_task_moved: [8577,1,4]
06-24 13:57:24.592124  1033  2055 I am_home_stack_moved: [0,0,1,1,sourceStackToFront]
06-24 13:57:24.592194  1033  2055 I wm_task_moved: [8577,1,4]
06-24 13:57:24.593194  1033  2055 I am_create_activity: [0,121422065,8577,com.meizu.connectivitysettings/.Settings,com.meizu.connectivitysettings.CONNECTIVITY_SETTINGS,NULL,NULL,268435456]
06-24 13:57:24.593558  1033  2055 I am_pause_activity: [0,65050286,com.android.settings/.Settings]
06-24 13:57:24.594438  1033  2055 I am_home_stack_moved: [0,0,1,1,startedActivity setFocusedActivity]
06-24 13:57:24.594517  1033  2055 I wm_task_moved: [8577,1,4]
06-24 13:57:24.596347  1033  2055 I am_focused_activity: [0,com.meizu.connectivitysettings/.Settings]
06-24 13:57:24.601366  9704  9704 I am_on_paused_called: [0,com.android.settings.Settings]
06-24 13:57:24.606305  1033  2070 I am_restart_activity: [0,121422065,8577,com.meizu.connectivitysettings/.Settings]
06-24 13:57:24.639848  9796  9796 I am_on_resume_called: [0,com.meizu.connectivitysettings.Settings]
06-24 13:57:24.795712  1033  1075 I am_activity_launch_time: [0,121422065,com.meizu.connectivitysettings/.Settings,194,9805]
06-24 13:57:25.032946   335   335 I sf_frame_dur: [com.android.settings/com.android.settings.Settings,22,0,0,0,0,0,2]
06-24 13:57:25.736520  1033  1059 I am_home_stack_moved: [0,0,1,1,sourceStackToFront]
06-24 13:57:25.736588  1033  1059 I wm_task_moved: [8577,1,4]
06-24 13:57:25.737824  1033  1059 I am_create_activity: [0,149284971,8577,com.meizu.connectivitysettings/.SubSettings,android.intent.action.MAIN,NULL,NULL,0]
06-24 13:57:25.738279  1033  1059 I am_pause_activity: [0,121422065,com.meizu.connectivitysettings/.Settings]
06-24 13:57:25.739154  1033  1059 I am_home_stack_moved: [0,0,1,1,startedActivity setFocusedActivity]
06-24 13:57:25.739247  1033  1059 I wm_task_moved: [8577,1,4]
06-24 13:57:25.741258  1033  1059 I am_focused_activity: [0,com.meizu.connectivitysettings/.SubSettings]
06-24 13:57:25.747930  9796  9796 I am_on_paused_called: [0,com.meizu.connectivitysettings.Settings]
06-24 13:57:25.750328  1033  2079 I am_restart_activity: [0,149284971,8577,com.meizu.connectivitysettings/.SubSettings]
06-24 13:57:25.780108  9796  9796 I am_on_resume_called: [0,com.meizu.connectivitysettings.SubSettings]
06-24 13:57:25.954502  1033  1075 I am_activity_launch_time: [0,149284971,com.meizu.connectivitysettings/.SubSettings,206,206]
06-24 13:57:26.173725   335   335 I sf_frame_dur: [com.meizu.connectivitysettings/com.meizu.connectivitysettings.Settings,120,0,0,2,0,0,0]
06-24 13:57:27.881178  1033  1358 I am_home_stack_moved: [0,0,1,1,sourceStackToFront]
06-24 13:57:27.881247  1033  1358 I wm_task_moved: [8577,1,4]
06-24 13:57:27.882548  1033  1358 I am_create_activity: [0,244535615,8577,com.meizu.connectivitysettings/.Settings$WifiProxySettingsActivity,NULL,NULL,NULL,0]
06-24 13:57:27.882982  1033  1358 I am_pause_activity: [0,149284971,com.meizu.connectivitysettings/.SubSettings]
06-24 13:57:27.883910  1033  1358 I am_home_stack_moved: [0,0,1,1,startedActivity setFocusedActivity]
06-24 13:57:27.883981  1033  1358 I wm_task_moved: [8577,1,4]
06-24 13:57:27.886654  1033  1358 I am_focused_activity: [0,com.meizu.connectivitysettings/.Settings$WifiProxySettingsActivity]
06-24 13:57:27.890498  9796  9796 I am_on_paused_called: [0,com.meizu.connectivitysettings.SubSettings]
06-24 13:57:27.892809  1033  2055 I am_restart_activity: [0,244535615,8577,com.meizu.connectivitysettings/.Settings$WifiProxySettingsActivity]
06-24 13:57:27.924225  9796  9796 I am_on_resume_called: [0,com.meizu.connectivitysettings.Settings$WifiProxySettingsActivity]
06-24 13:57:28.013226  1033  1075 I am_activity_launch_time: [0,244535615,com.meizu.connectivitysettings/.Settings$WifiProxySettingsActivity,123,123]
06-24 13:57:28.237153   335   335 I sf_frame_dur: [com.meizu.connectivitysettings/com.meizu.connectivitysettings.SubSettings,2,4,2,0,0,0,2]
06-24 13:57:36.301227  1033  1033 I notification_cancel: [10025,1921,com.meizu.flyme.input,101,NULL,0,0,64,8,NULL]
06-24 13:57:36.319758  1033  1033 I notification_enqueue: [1000,1033,android,17040354,NULL,-1,Notification(pri=0 contentView=android/0xa030049 vibrate=null sound=null defaults=0x0 flags=0x2 color=0xff060059 category=sys vis=PRIVATE),0]
06-24 13:57:36.322554  1033  1033 I notification_enqueue: [1000,1033,android,17040354,NULL,-1,Notification(pri=0 contentView=android/0xa030049 vibrate=null sound=null defaults=0x0 flags=0x2 color=0xff060059 category=sys vis=PRIVATE),1]
06-24 13:57:36.339797  1033  1033 I notification_enqueue: [1000,1033,android,17040354,NULL,-1,Notification(pri=0 contentView=android/0xa030049 vibrate=null sound=null defaults=0x0 flags=0x2 color=0xff060059 category=sys vis=PRIVATE),1]
06-24 13:57:37.144363  1033  1069 I am_pss  : [9796,1000,com.meizu.connectivitysettings,35945472,31215616]
06-24 13:57:40.776422  1033  1033 I notification_cancel: [10025,1921,com.meizu.flyme.input,101,NULL,0,0,64,8,NULL]
06-24 13:57:40.779939  1033  1033 I notification_enqueue: [1000,1033,android,17040354,NULL,-1,Notification(pri=0 contentView=android/0xa030049 vibrate=null sound=null defaults=0x0 flags=0x2 color=0xff060059 category=sys vis=PRIVATE),1]
06-24 13:57:40.819307  1033  1033 I notification_enqueue: [1000,1033,android,17040354,NULL,-1,Notification(pri=0 contentView=android/0xa030049 vibrate=null sound=null defaults=0x0 flags=0x2 color=0xff060059 category=sys vis=PRIVATE),1]
06-24 13:57:41.464828  1033  1069 I am_pss  : [10345,10123,com.wandoujia.phoenix2.usbproxy,12574720,11472896]
06-24 13:57:46.986049  1033  1033 I notification_cancel: [10025,1921,com.meizu.flyme.input,101,NULL,0,0,64,8,NULL]
06-24 13:57:46.995936  1033  1033 I notification_enqueue: [1000,1033,android,17040354,NULL,-1,Notification(pri=0 contentView=android/0xa030049 vibrate=null sound=null defaults=0x0 flags=0x2 color=0xff060059 category=sys vis=PRIVATE),1]
06-24 13:57:47.048785  1033  1033 I notification_enqueue: [1000,1033,android,17040354,NULL,-1,Notification(pri=0 contentView=android/0xa030049 vibrate=null sound=null defaults=0x0 flags=0x2 color=0xff060059 category=sys vis=PRIVATE),1]
06-24 13:57:58.459000  2440  2440 I auditd  : type=1400 audit(0.0:5661): avc: denied { read } for comm="GpuAppSpectator" name="cmdline" dev="proc" ino=1838597 scontext=u:r:gas_srv:s0 tcontext=u:r:system_app:s0 tclass=file permissive=1
06-24 13:57:58.459000  2440  2440 I auditd  : type=1400 audit(0.0:5662): avc: denied { open } for comm="GpuAppSpectator" path="/proc/9796/cmdline" dev="proc" ino=1838597 scontext=u:r:gas_srv:s0 tcontext=u:r:system_app:s0 tclass=file permissive=1
06-24 13:57:58.459000  2440  2440 I auditd  : type=1400 audit(0.0:5663): avc: denied { getattr } for comm="GpuAppSpectator" path="/proc/9796/cmdline" dev="proc" ino=1838597 scontext=u:r:gas_srv:s0 tcontext=u:r:system_app:s0 tclass=file permissive=1
06-24 13:58:00.074036  1033  1069 I am_pss  : [9704,1000,com.android.settings,21230592,16683008]
06-24 13:58:00.106225  1033  1069 I am_pss  : [10044,10007,com.android.defcontainer,2920448,1961984]
06-24 13:58:00.136513  1033  1069 I am_pss  : [9832,10096,com.tencent.mobileqq,16617472,12550144]
06-24 13:58:00.469000  2440  2440 I auditd  : type=1400 audit(0.0:5664): avc: denied { search } for comm="GpuAppSpectator" name="9796" dev="proc" ino=1838596 scontext=u:r:gas_srv:s0 tcontext=u:r:system_app:s0 tclass=dir permissive=1
06-24 13:58:03.602795  1033  1033 I notification_cancel: [1000,1033,android,17040354,NULL,-1,0,0,8,NULL]
06-24 13:58:03.603234  1033  1033 I notification_canceled: [-1|android|17040354|null|1000,8,27284,16555,0]
06-24 13:58:03.869698   335   335 I sf_frame_dur: [InputMethod,16,26,6,2,2,6,8]
06-24 13:58:06.604493  1033  1358 I am_home_stack_moved: [0,0,1,1,intentActivityFound]
06-24 13:58:06.604572  1033  1358 I wm_task_moved: [8577,1,4]
06-24 13:58:06.605633  1033  1358 I am_finish_activity: [0,121422065,8577,com.meizu.connectivitysettings/.Settings,clear-task-stack]
06-24 13:58:06.606011  1033  1358 I am_destroy_activity: [0,121422065,8577,com.meizu.connectivitysettings/.Settings,finish-imm]
06-24 13:58:06.606424  1033  1358 I am_finish_activity: [0,149284971,8577,com.meizu.connectivitysettings/.SubSettings,clear-task-stack]
06-24 13:58:06.608724  1033  1358 I am_destroy_activity: [0,149284971,8577,com.meizu.connectivitysettings/.SubSettings,finish-imm]
06-24 13:58:06.609179  1033  1358 I am_finish_activity: [0,244535615,8577,com.meizu.connectivitysettings/.Settings$WifiProxySettingsActivity,clear-task-stack]
06-24 13:58:06.609928  1033  1358 I am_home_stack_moved: [0,0,1,1,finishActivity adjustFocus setFocusedActivity]
06-24 13:58:06.610022  1033  1358 I wm_task_moved: [8577,1,4]
06-24 13:58:06.612004  1033  1358 I am_focused_activity: [0,com.android.settings/.Settings]
06-24 13:58:06.621929  1033  1358 I am_pause_activity: [0,244535615,com.meizu.connectivitysettings/.Settings$WifiProxySettingsActivity]
06-24 13:58:06.622502  1033  1358 I am_new_intent: [0,222418402,8577,com.android.settings/.Settings,NULL,NULL,NULL,268435456]
06-24 13:58:06.637658  9796  9796 I am_on_paused_called: [0,com.meizu.connectivitysettings.Settings$WifiProxySettingsActivity]
06-24 13:58:06.645472  1033  1356 I am_resume_activity: [0,65050286,8577,com.android.settings/.Settings]
06-24 13:58:06.661625  9704  9704 I am_on_resume_called: [0,com.android.settings.Settings]
06-24 13:58:06.925525  1033  1070 I am_destroy_activity: [0,244535615,8577,com.meizu.connectivitysettings/.Settings$WifiProxySettingsActivity,finish-imm]
06-24 13:58:07.988061  1033  1621 I am_home_stack_moved: [0,0,1,1,intentActivityFound]
06-24 13:58:07.988123  1033  1621 I wm_task_moved: [8577,1,4]
06-24 13:58:07.989382  1033  1621 I am_home_stack_moved: [0,0,1,1,sourceStackToFront]
06-24 13:58:07.989452  1033  1621 I wm_task_moved: [8577,1,4]
06-24 13:58:07.990470  1033  1621 I am_create_activity: [0,235159354,8577,com.meizu.connectivitysettings/.Settings,com.meizu.connectivitysettings.CONNECTIVITY_SETTINGS,NULL,NULL,268435456]
06-24 13:58:07.990830  1033  1621 I am_pause_activity: [0,65050286,com.android.settings/.Settings]
06-24 13:58:07.991621  1033  1621 I am_home_stack_moved: [0,0,1,1,startedActivity setFocusedActivity]
06-24 13:58:07.991695  1033  1621 I wm_task_moved: [8577,1,4]
06-24 13:58:07.993402  1033  1621 I am_focused_activity: [0,com.meizu.connectivitysettings/.Settings]
06-24 13:58:07.999379  9704  9704 I am_on_paused_called: [0,com.android.settings.Settings]
06-24 13:58:08.003882  1033  1058 I am_restart_activity: [0,235159354,8577,com.meizu.connectivitysettings/.Settings]
06-24 13:58:08.041937  9796  9796 I am_on_resume_called: [0,com.meizu.connectivitysettings.Settings]
06-24 13:58:08.194094  1033  1075 I am_activity_launch_time: [0,235159354,com.meizu.connectivitysettings/.Settings,194,194]
06-24 13:58:08.432962   335   335 I sf_frame_dur: [com.android.settings/com.android.settings.Settings,22,0,0,0,0,0,2]
06-24 13:58:09.134002  1033  1944 I am_home_stack_moved: [0,0,1,1,sourceStackToFront]
06-24 13:58:09.134064  1033  1944 I wm_task_moved: [8577,1,4]
06-24 13:58:09.135315  1033  1944 I am_create_activity: [0,124054412,8577,com.meizu.connectivitysettings/.SubSettings,android.intent.action.MAIN,NULL,NULL,0]
06-24 13:58:09.135697  1033  1944 I am_pause_activity: [0,235159354,com.meizu.connectivitysettings/.Settings]
06-24 13:58:09.136564  1033  1944 I am_home_stack_moved: [0,0,1,1,startedActivity setFocusedActivity]
06-24 13:58:09.136637  1033  1944 I wm_task_moved: [8577,1,4]
06-24 13:58:09.139284  1033  1944 I am_focused_activity: [0,com.meizu.connectivitysettings/.SubSettings]
06-24 13:58:09.144477  9796  9796 I am_on_paused_called: [0,com.meizu.connectivitysettings.Settings]
06-24 13:58:09.146811  1033  2106 I am_restart_activity: [0,124054412,8577,com.meizu.connectivitysettings/.SubSettings]
06-24 13:58:09.174928  9796  9796 I am_on_resume_called: [0,com.meizu.connectivitysettings.SubSettings]
06-24 13:58:09.364594  1033  1075 I am_activity_launch_time: [0,124054412,com.meizu.connectivitysettings/.SubSettings,220,220]
06-24 13:58:09.590471   335   335 I sf_frame_dur: [com.meizu.connectivitysettings/com.meizu.connectivitysettings.Settings,118,0,0,2,0,0,0]
06-24 13:58:11.283238  1033  1621 I am_home_stack_moved: [0,0,1,1,sourceStackToFront]
06-24 13:58:11.283311  1033  1621 I wm_task_moved: [8577,1,4]
06-24 13:58:11.284864  1033  1621 I am_create_activity: [0,218897040,8577,com.meizu.connectivitysettings/.Settings$WifiProxySettingsActivity,NULL,NULL,NULL,0]
06-24 13:58:11.285316  1033  1621 I am_pause_activity: [0,124054412,com.meizu.connectivitysettings/.SubSettings]
06-24 13:58:11.286185  1033  1621 I am_home_stack_moved: [0,0,1,1,startedActivity setFocusedActivity]
06-24 13:58:11.286251  1033  1621 I wm_task_moved: [8577,1,4]
06-24 13:58:11.288429  1033  1621 I am_focused_activity: [0,com.meizu.connectivitysettings/.Settings$WifiProxySettingsActivity]
06-24 13:58:11.292340  9796  9796 I am_on_paused_called: [0,com.meizu.connectivitysettings.SubSettings]
06-24 13:58:11.294770  1033  2023 I am_restart_activity: [0,218897040,8577,com.meizu.connectivitysettings/.Settings$WifiProxySettingsActivity]
06-24 13:58:11.333778  9796  9796 I am_on_resume_called: [0,com.meizu.connectivitysettings.Settings$WifiProxySettingsActivity]
06-24 13:58:11.414792  1033  1075 I am_activity_launch_time: [0,218897040,com.meizu.connectivitysettings/.Settings$WifiProxySettingsActivity,122,122]
06-24 13:58:11.636885   335   335 I sf_frame_dur: [com.meizu.connectivitysettings/com.meizu.connectivitysettings.SubSettings,2,4,2,0,0,0,2]
06-24 13:58:19.691204  1033  1033 I notification_cancel: [10025,1921,com.meizu.flyme.input,101,NULL,0,0,64,8,NULL]
06-24 13:58:19.711881  1033  1033 I notification_enqueue: [1000,1033,android,17040354,NULL,-1,Notification(pri=0 contentView=android/0xa030049 vibrate=null sound=null defaults=0x0 flags=0x2 color=0xff060059 category=sys vis=PRIVATE),0]
06-24 13:58:19.715109  1033  1033 I notification_enqueue: [1000,1033,android,17040354,NULL,-1,Notification(pri=0 contentView=android/0xa030049 vibrate=null sound=null defaults=0x0 flags=0x2 color=0xff060059 category=sys vis=PRIVATE),1]
06-24 13:58:19.721258  1033  1033 I notification_enqueue: [1000,1033,android,17040354,NULL,-1,Notification(pri=0 contentView=android/0xa030049 vibrate=null sound=null defaults=0x0 flags=0x2 color=0xff060059 category=sys vis=PRIVATE),1]
06-24 13:58:20.465960  1033  1069 I am_pss  : [9796,1000,com.meizu.connectivitysettings,38369280,33406976]
06-24 13:58:21.489000  2440  2440 I auditd  : type=1400 audit(0.0:5665): avc: denied { search } for comm="GpuAppSpectator" name="9796" dev="proc" ino=1838596 scontext=u:r:gas_srv:s0 tcontext=u:r:system_app:s0 tclass=dir permissive=1
06-24 13:58:24.261609  1033  1033 I notification_enqueue: [1000,1033,android,17040354,NULL,-1,Notification(pri=0 contentView=android/0xa030049 vibrate=null sound=null defaults=0x0 flags=0x2 color=0xff060059 category=sys vis=PRIVATE),1]
06-24 13:58:24.276327  1033  1033 I notification_cancel: [10025,1921,com.meizu.flyme.input,101,NULL,0,0,64,8,NULL]
06-24 13:58:24.286233  1033  1033 I notification_enqueue: [1000,1033,android,17040354,NULL,-1,Notification(pri=0 contentView=android/0xa030049 vibrate=null sound=null defaults=0x0 flags=0x2 color=0xff060059 category=sys vis=PRIVATE),1]
06-24 13:58:28.203346  9796  9796 I menu_item_selected: [0,]
06-24 13:58:28.205176  1033  1058 I am_finish_activity: [0,218897040,8577,com.meizu.connectivitysettings/.Settings$WifiProxySettingsActivity,app-request]
06-24 13:58:28.205902  1033  1058 I am_home_stack_moved: [0,0,1,1,finishActivity adjustFocus setFocusedActivity]
06-24 13:58:28.205979  1033  1058 I wm_task_moved: [8577,1,4]
06-24 13:58:28.215702  1033  1058 I am_focused_activity: [0,com.meizu.connectivitysettings/.SubSettings]
06-24 13:58:28.216685  1033  1058 I am_pause_activity: [0,218897040,com.meizu.connectivitysettings/.Settings$WifiProxySettingsActivity]
06-24 13:58:28.224844  9796  9796 I am_on_paused_called: [0,com.meizu.connectivitysettings.Settings$WifiProxySettingsActivity]
06-24 13:58:28.232995  1033  2055 I am_resume_activity: [0,124054412,8577,com.meizu.connectivitysettings/.SubSettings]
06-24 13:58:28.248020  9796  9796 I am_on_resume_called: [0,com.meizu.connectivitysettings.SubSettings]
06-24 13:58:28.275001  1033  1070 I am_broadcast_discard_app: [0,231507607,android.intent.action.PROXY_CHANGE,0,ResolveInfo{e18084 com.dianping.v1/com.dianping.base.push.pushservice.PhoneStatusReceiver m=0x108000}]
06-24 13:58:28.275589  1033  1070 I am_broadcast_discard_app: [0,231507607,android.intent.action.PROXY_CHANGE,1,ResolveInfo{f44206d com.sankuai.meituan/.notify.NetworkChangeReceiver m=0x108000}]
06-24 13:58:28.432670  1033  1033 I notification_cancel: [1000,1033,android,17040354,NULL,-1,0,0,8,NULL]
06-24 13:58:28.433299  1033  1033 I notification_canceled: [-1|android|17040354|null|1000,8,8722,4148,0]
06-24 13:58:28.648114  1033  1070 I am_destroy_activity: [0,218897040,8577,com.meizu.connectivitysettings/.Settings$WifiProxySettingsActivity,finish-imm]
06-24 13:58:28.729595   335   335 I sf_frame_dur: [InputMethod,0,22,0,2,2,4,4]
06-24 13:58:29.285662  1033  1241 I netstats_mobile_sample: [48839386,62015,7896079,61279,48835210,62012,7897806,61292,48835250,62013,7898690,61298,-1]
06-24 13:58:29.286385  1033  1241 I netstats_wifi_sample: [1234552266,900711,56264292,707520,1221719369,893232,46413904,704007,1221515267,891039,46326748,703551,-1]
06-24 13:58:36.437584  1033  1621 I am_home_stack_moved: [0,0,1,1,sourceStackToFront]
06-24 13:58:36.437679  1033  1621 I wm_task_moved: [8577,1,4]
06-24 13:58:36.439373  1033  1621 I am_create_activity: [0,37420765,8577,com.meizu.connectivitysettings/.Settings$WifiProxySettingsActivity,NULL,NULL,NULL,0]
06-24 13:58:36.439962  1033  1621 I am_pause_activity: [0,124054412,com.meizu.connectivitysettings/.SubSettings]
06-24 13:58:36.440999  1033  1621 I am_home_stack_moved: [0,0,1,1,startedActivity setFocusedActivity]
06-24 13:58:36.441096  1033  1621 I wm_task_moved: [8577,1,4]
06-24 13:58:36.447415  1033  1621 I am_focused_activity: [0,com.meizu.connectivitysettings/.Settings$WifiProxySettingsActivity]
06-24 13:58:36.450151  9796  9796 I am_on_paused_called: [0,com.meizu.connectivitysettings.SubSettings]
06-24 13:58:36.452207  1033  1058 I am_restart_activity: [0,37420765,8577,com.meizu.connectivitysettings/.Settings$WifiProxySettingsActivity]
06-24 13:58:36.500591  9796  9796 I am_on_resume_called: [0,com.meizu.connectivitysettings.Settings$WifiProxySettingsActivity]
06-24 13:58:36.623117  1033  1075 I am_activity_launch_time: [0,37420765,com.meizu.connectivitysettings/.Settings$WifiProxySettingsActivity,172,172]
06-24 13:58:36.830413   335   335 I sf_frame_dur: [com.meizu.connectivitysettings/com.meizu.connectivitysettings.SubSettings,46,2,2,2,2,0,2]
06-24 13:58:37.807583  1033  2023 I am_finish_activity: [0,37420765,8577,com.meizu.connectivitysettings/.Settings$WifiProxySettingsActivity,app-request]
06-24 13:58:37.808200  1033  2023 I am_home_stack_moved: [0,0,1,1,finishActivity adjustFocus setFocusedActivity]
06-24 13:58:37.808266  1033  2023 I wm_task_moved: [8577,1,4]
06-24 13:58:37.809872  1033  2023 I am_focused_activity: [0,com.meizu.connectivitysettings/.SubSettings]
06-24 13:58:37.810064  1033  2023 I am_pause_activity: [0,37420765,com.meizu.connectivitysettings/.Settings$WifiProxySettingsActivity]
06-24 13:58:37.810968  9796  9796 I am_on_paused_called: [0,com.meizu.connectivitysettings.Settings$WifiProxySettingsActivity]
06-24 13:58:37.813079  1033  2073 I am_resume_activity: [0,124054412,8577,com.meizu.connectivitysettings/.SubSettings]
06-24 13:58:37.818243  9796  9796 I am_on_resume_called: [0,com.meizu.connectivitysettings.SubSettings]
06-24 13:58:38.139805  1033  1070 I am_destroy_activity: [0,37420765,8577,com.meizu.connectivitysettings/.Settings$WifiProxySettingsActivity,finish-imm]
06-24 13:58:38.560896  1033  1944 I am_finish_activity: [0,124054412,8577,com.meizu.connectivitysettings/.SubSettings,app-request]
06-24 13:58:38.561455  1033  1944 I am_home_stack_moved: [0,0,1,1,finishActivity adjustFocus setFocusedActivity]
06-24 13:58:38.561508  1033  1944 I wm_task_moved: [8577,1,4]
06-24 13:58:38.563042  1033  1944 I am_focused_activity: [0,com.meizu.connectivitysettings/.Settings]
06-24 13:58:38.563255  1033  1944 I am_pause_activity: [0,124054412,com.meizu.connectivitysettings/.SubSettings]
06-24 13:58:38.564474  9796  9796 I am_on_paused_called: [0,com.meizu.connectivitysettings.SubSettings]
06-24 13:58:38.566695  1033  2094 I am_resume_activity: [0,235159354,8577,com.meizu.connectivitysettings/.Settings]
06-24 13:58:38.572764  9796  9796 I am_on_resume_called: [0,com.meizu.connectivitysettings.Settings]
06-24 13:58:38.593192  1033  1069 I am_pss  : [9704,1000,com.android.settings,21312512,16764928]
06-24 13:58:38.844383  1033  1070 I am_destroy_activity: [0,124054412,8577,com.meizu.connectivitysettings/.SubSettings,finish-imm]
06-24 13:58:38.860248   335   335 I sf_frame_dur: [com.meizu.connectivitysettings/com.meizu.connectivitysettings.SubSettings,2,0,0,0,0,0,0]
06-24 13:59:23.569000  2440  2440 I auditd  : type=1400 audit(0.0:5666): avc: denied { read } for comm="GpuAppSpectator" name="cmdline" dev="proc" ino=1838597 scontext=u:r:gas_srv:s0 tcontext=u:r:system_app:s0 tclass=file permissive=1
06-24 13:59:23.569000  2440  2440 I auditd  : type=1400 audit(0.0:5667): avc: denied { open } for comm="GpuAppSpectator" path="/proc/9796/cmdline" dev="proc" ino=1838597 scontext=u:r:gas_srv:s0 tcontext=u:r:system_app:s0 tclass=file permissive=1
06-24 13:59:23.569000  2440  2440 I auditd  : type=1400 audit(0.0:5668): avc: denied { getattr } for comm="GpuAppSpectator" path="/proc/9796/cmdline" dev="proc" ino=1838597 scontext=u:r:gas_srv:s0 tcontext=u:r:system_app:s0 tclass=file permissive=1
06-24 13:59:31.589000  2440  2440 I auditd  : type=1400 audit(0.0:5669): avc: denied { search } for comm="GpuAppSpectator" name="9796" dev="proc" ino=1838596 scontext=u:r:gas_srv:s0 tcontext=u:r:system_app:s0 tclass=dir permissive=1
06-24 13:59:33.051397  1033  2071 I am_home_stack_moved: [0,0,1,1,intentActivityFound]
06-24 13:59:33.051458  1033  2071 I wm_task_moved: [8577,1,4]
06-24 13:59:33.052829  1033  2071 I am_finish_activity: [0,235159354,8577,com.meizu.connectivitysettings/.Settings,clear-task-stack]
06-24 13:59:33.053476  1033  2071 I am_home_stack_moved: [0,0,1,1,finishActivity adjustFocus setFocusedActivity]
06-24 13:59:33.053554  1033  2071 I wm_task_moved: [8577,1,4]
06-24 13:59:33.055247  1033  2071 I am_focused_activity: [0,com.android.settings/.Settings]
06-24 13:59:33.055793  1033  2071 I am_pause_activity: [0,235159354,com.meizu.connectivitysettings/.Settings]
06-24 13:59:33.056227  1033  2071 I am_new_intent: [0,74750733,8577,com.android.settings/.Settings,NULL,NULL,NULL,268435456]
06-24 13:59:33.058932  9796  9796 I am_on_paused_called: [0,com.meizu.connectivitysettings.Settings]
06-24 13:59:33.066347  1033  1926 I am_resume_activity: [0,65050286,8577,com.android.settings/.Settings]
06-24 13:59:33.082484  9704  9704 I am_on_resume_called: [0,com.android.settings.Settings]
06-24 13:59:33.347661  1033  1070 I am_destroy_activity: [0,235159354,8577,com.meizu.connectivitysettings/.Settings,finish-imm]
06-24 13:59:33.361928   335   335 I sf_frame_dur: [com.meizu.connectivitysettings/com.meizu.connectivitysettings.Settings,2232,16,20,2,0,0,12]
06-24 13:59:34.414333  1033  2070 I am_home_stack_moved: [0,0,1,1,intentActivityFound]
06-24 13:59:34.414408  1033  2070 I wm_task_moved: [8577,1,4]
06-24 13:59:34.415499  1033  2070 I am_home_stack_moved: [0,0,1,1,sourceStackToFront]
06-24 13:59:34.415568  1033  2070 I wm_task_moved: [8577,1,4]
06-24 13:59:34.416704  1033  2070 I am_create_activity: [0,7282373,8577,com.meizu.connectivitysettings/.Settings,com.meizu.connectivitysettings.CONNECTIVITY_SETTINGS,NULL,NULL,268435456]
06-24 13:59:34.417052  1033  2070 I am_pause_activity: [0,65050286,com.android.settings/.Settings]
06-24 13:59:34.417845  1033  2070 I am_home_stack_moved: [0,0,1,1,startedActivity setFocusedActivity]
06-24 13:59:34.417920  1033  2070 I wm_task_moved: [8577,1,4]
06-24 13:59:34.420253  1033  2070 I am_focused_activity: [0,com.meizu.connectivitysettings/.Settings]
06-24 13:59:34.424707  9704  9704 I am_on_paused_called: [0,com.android.settings.Settings]
06-24 13:59:34.428790  1033  2071 I am_restart_activity: [0,7282373,8577,com.meizu.connectivitysettings/.Settings]
06-24 13:59:34.463959  9796  9796 I am_on_resume_called: [0,com.meizu.connectivitysettings.Settings]
06-24 13:59:34.614536  1033  1075 I am_activity_launch_time: [0,7282373,com.meizu.connectivitysettings/.Settings,189,189]
06-24 13:59:34.854762   335   335 I sf_frame_dur: [com.android.settings/com.android.settings.Settings,22,0,0,0,0,0,2]
06-24 13:59:35.567450  1033  2106 I am_home_stack_moved: [0,0,1,1,sourceStackToFront]
06-24 13:59:35.567517  1033  2106 I wm_task_moved: [8577,1,4]
06-24 13:59:35.568792  1033  2106 I am_create_activity: [0,165833247,8577,com.meizu.connectivitysettings/.SubSettings,android.intent.action.MAIN,NULL,NULL,0]
06-24 13:59:35.569210  1033  2106 I am_pause_activity: [0,7282373,com.meizu.connectivitysettings/.Settings]
06-24 13:59:35.570069  1033  2106 I am_home_stack_moved: [0,0,1,1,startedActivity setFocusedActivity]
06-24 13:59:35.570152  1033  2106 I wm_task_moved: [8577,1,4]
06-24 13:59:35.571982  1033  2106 I am_focused_activity: [0,com.meizu.connectivitysettings/.SubSettings]
06-24 13:59:35.578537  9796  9796 I am_on_paused_called: [0,com.meizu.connectivitysettings.Settings]
06-24 13:59:35.580931  1033  1358 I am_restart_activity: [0,165833247,8577,com.meizu.connectivitysettings/.SubSettings]
06-24 13:59:35.609691  9796  9796 I am_on_resume_called: [0,com.meizu.connectivitysettings.SubSettings]
06-24 13:59:35.802728  1033  1075 I am_activity_launch_time: [0,165833247,com.meizu.connectivitysettings/.SubSettings,224,224]
06-24 13:59:36.029370   335   335 I sf_frame_dur: [com.meizu.connectivitysettings/com.meizu.connectivitysettings.Settings,122,0,0,2,0,0,0]
06-24 13:59:37.718399  1033  1621 I am_home_stack_moved: [0,0,1,1,sourceStackToFront]
06-24 13:59:37.718468  1033  1621 I wm_task_moved: [8577,1,4]
06-24 13:59:37.719806  1033  1621 I am_create_activity: [0,236315827,8577,com.meizu.connectivitysettings/.Settings$WifiProxySettingsActivity,NULL,NULL,NULL,0]
06-24 13:59:37.720258  1033  1621 I am_pause_activity: [0,165833247,com.meizu.connectivitysettings/.SubSettings]
06-24 13:59:37.721222  1033  1621 I am_home_stack_moved: [0,0,1,1,startedActivity setFocusedActivity]
06-24 13:59:37.721293  1033  1621 I wm_task_moved: [8577,1,4]
06-24 13:59:37.723354  1033  1621 I am_focused_activity: [0,com.meizu.connectivitysettings/.Settings$WifiProxySettingsActivity]
06-24 13:59:37.727453  9796  9796 I am_on_paused_called: [0,com.meizu.connectivitysettings.SubSettings]
06-24 13:59:37.729901  1033  2106 I am_restart_activity: [0,236315827,8577,com.meizu.connectivitysettings/.Settings$WifiProxySettingsActivity]
06-24 13:59:37.767631  9796  9796 I am_on_resume_called: [0,com.meizu.connectivitysettings.Settings$WifiProxySettingsActivity]
06-24 13:59:37.867025  1033  1075 I am_activity_launch_time: [0,236315827,com.meizu.connectivitysettings/.Settings$WifiProxySettingsActivity,139,139]
06-24 13:59:38.092338   335   335 I sf_frame_dur: [com.meizu.connectivitysettings/com.meizu.connectivitysettings.SubSettings,2,4,2,0,0,0,2]
06-24 13:59:42.710898  1033  2071 I am_finish_activity: [0,236315827,8577,com.meizu.connectivitysettings/.Settings$WifiProxySettingsActivity,app-request]
06-24 13:59:42.711608  1033  2071 I am_home_stack_moved: [0,0,1,1,finishActivity adjustFocus setFocusedActivity]
06-24 13:59:42.711699  1033  2071 I wm_task_moved: [8577,1,4]
06-24 13:59:42.713628  1033  2071 I am_focused_activity: [0,com.meizu.connectivitysettings/.SubSettings]
06-24 13:59:42.713933  1033  2071 I am_pause_activity: [0,236315827,com.meizu.connectivitysettings/.Settings$WifiProxySettingsActivity]
06-24 13:59:42.715137  9796  9796 I am_on_paused_called: [0,com.meizu.connectivitysettings.Settings$WifiProxySettingsActivity]
06-24 13:59:42.717590  1033  2079 I am_resume_activity: [0,165833247,8577,com.meizu.connectivitysettings/.SubSettings]
06-24 13:59:42.723183  9796  9796 I am_on_resume_called: [0,com.meizu.connectivitysettings.SubSettings]
06-24 13:59:43.041833  1033  1070 I am_destroy_activity: [0,236315827,8577,com.meizu.connectivitysettings/.Settings$WifiProxySettingsActivity,finish-imm]
06-24 13:59:44.648799  1033  2073 I am_finish_activity: [0,165833247,8577,com.meizu.connectivitysettings/.SubSettings,app-request]
06-24 13:59:44.649351  1033  2073 I am_home_stack_moved: [0,0,1,1,finishActivity adjustFocus setFocusedActivity]
06-24 13:59:44.649422  1033  2073 I wm_task_moved: [8577,1,4]
06-24 13:59:44.651125  1033  2073 I am_focused_activity: [0,com.meizu.connectivitysettings/.Settings]
06-24 13:59:44.651352  1033  2073 I am_pause_activity: [0,165833247,com.meizu.connectivitysettings/.SubSettings]
06-24 13:59:44.653965  9796  9796 I am_on_paused_called: [0,com.meizu.connectivitysettings.SubSettings]
06-24 13:59:44.656461  1033  2079 I am_resume_activity: [0,7282373,8577,com.meizu.connectivitysettings/.Settings]
06-24 13:59:44.672575  9796  9796 I am_on_resume_called: [0,com.meizu.connectivitysettings.Settings]
06-24 13:59:44.685451  1033  1069 I am_pss  : [9796,1000,com.meizu.connectivitysettings,39907328,34881536]
06-24 13:59:44.970372  1033  1070 I am_destroy_activity: [0,165833247,8577,com.meizu.connectivitysettings/.SubSettings,finish-imm]
06-24 13:59:44.986375   335   335 I sf_frame_dur: [com.meizu.connectivitysettings/com.meizu.connectivitysettings.SubSettings,74,2,0,4,0,2,0]
06-24 14:00:02.619000  2440  2440 I auditd  : type=1400 audit(0.0:5670): avc: denied { search } for comm="GpuAppSpectator" name="9796" dev="proc" ino=1838596 scontext=u:r:gas_srv:s0 tcontext=u:r:system_app:s0 tclass=dir permissive=1
06-24 14:00:02.619000  2440  2440 I auditd  : type=1400 audit(0.0:5671): avc: denied { read } for comm="GpuAppSpectator" name="cmdline" dev="proc" ino=1838597 scontext=u:r:gas_srv:s0 tcontext=u:r:system_app:s0 tclass=file permissive=1
06-24 14:00:02.619000  2440  2440 I auditd  : type=1400 audit(0.0:5672): avc: denied { open } for comm="GpuAppSpectator" path="/proc/9796/cmdline" dev="proc" ino=1838597 scontext=u:r:gas_srv:s0 tcontext=u:r:system_app:s0 tclass=file permissive=1
