06-24 14:00:02.619000  2440  2440 I auditd  : type=1400 audit(0.0:5673): avc: denied { getattr } for comm="GpuAppSpectator" path="/proc/9796/cmdline" dev="proc" ino=1838597 scontext=u:r:gas_srv:s0 tcontext=u:r:system_app:s0 tclass=file permissive=1
06-24 14:00:07.851413  1033  1069 I am_pss  : [9704,1000,com.android.settings,21396480,16850944]
06-24 14:00:27.872845  1033  1069 I am_pss  : [8097,10118,com.supercell.clashofclans.baidu,133688320,127672320]
06-24 14:00:48.153879  1033  1059 I am_home_stack_moved: [0,0,1,1,intentActivityFound]
06-24 14:00:48.153932  1033  1059 I wm_task_moved: [8577,1,4]
06-24 14:00:48.156592  1033  1059 I am_finish_activity: [0,7282373,8577,com.meizu.connectivitysettings/.Settings,clear-task-stack]
06-24 14:00:48.157181  1033  1059 I am_home_stack_moved: [0,0,1,1,finishActivity adjustFocus setFocusedActivity]
06-24 14:00:48.157266  1033  1059 I wm_task_moved: [8577,1,4]
06-24 14:00:48.158852  1033  1059 I am_focused_activity: [0,com.android.settings/.Settings]
06-24 14:00:48.159127  1033  1059 I am_pause_activity: [0,7282373,com.meizu.connectivitysettings/.Settings]
06-24 14:00:48.159618  1033  1059 I am_new_intent: [0,178179551,8577,com.android.settings/.Settings,NULL,NULL,NULL,268435456]
06-24 14:00:48.161714  9796  9796 I am_on_paused_called: [0,com.meizu.connectivitysettings.Settings]
06-24 14:00:48.166176  1033  2106 I am_resume_activity: [0,65050286,8577,com.android.settings/.Settings]
06-24 14:00:48.177287  9704  9704 I am_on_resume_called: [0,com.android.settings.Settings]
06-24 14:00:48.443569  1033  1070 I am_destroy_activity: [0,7282373,8577,com.meizu.connectivitysettings/.Settings,finish-imm]
06-24 14:00:48.455380   335   335 I sf_frame_dur: [com.meizu.connectivitysettings/com.meizu.connectivitysettings.Settings,2588,40,14,2,0,0,12]
06-24 14:00:49.515561  1033  1944 I am_home_stack_moved: [0,0,1,1,intentActivityFound]
06-24 14:00:49.515639  1033  1944 I wm_task_moved: [8577,1,4]
06-24 14:00:49.516904  1033  1944 I am_home_stack_moved: [0,0,1,1,sourceStackToFront]
06-24 14:00:49.516974  1033  1944 I wm_task_moved: [8577,1,4]
06-24 14:00:49.517989  1033  1944 I am_create_activity: [0,191797719,8577,com.meizu.connectivitysettings/.Settings,com.meizu.connectivitysettings.CONNECTIVITY_SETTINGS,NULL,NULL,268435456]
06-24 14:00:49.518567  1033  1944 I am_pause_activity: [0,65050286,com.android.settings/.Settings]
06-24 14:00:49.519907  1033  1944 I am_home_stack_moved: [0,0,1,1,startedActivity setFocusedActivity]
06-24 14:00:49.520085  1033  1944 I wm_task_moved: [8577,1,4]
06-24 14:00:49.522807  1033  1944 I am_focused_activity: [0,com.meizu.connectivitysettings/.Settings]
06-24 14:00:49.526739  9704  9704 I am_on_paused_called: [0,com.android.settings.Settings]
06-24 14:00:49.530688  1033  2071 I am_restart_activity: [0,191797719,8577,com.meizu.connectivitysettings/.Settings]
06-24 14:00:49.566094  9796  9796 I am_on_resume_called: [0,com.meizu.connectivitysettings.Settings]
06-24 14:00:49.701168  1033  1075 I am_activity_launch_time: [0,191797719,com.meizu.connectivitysettings/.Settings,173,173]
06-24 14:00:49.931603   335   335 I sf_frame_dur: [com.android.settings/com.android.settings.Settings,20,0,0,0,0,0,2]
06-24 14:00:50.674759  1033  2094 I am_home_stack_moved: [0,0,1,1,sourceStackToFront]
06-24 14:00:50.674832  1033  2094 I wm_task_moved: [8577,1,4]
06-24 14:00:50.676394  1033  2094 I am_create_activity: [0,142592737,8577,com.meizu.connectivitysettings/.SubSettings,android.intent.action.MAIN,NULL,NULL,0]
06-24 14:00:50.676799  1033  2094 I am_pause_activity: [0,191797719,com.meizu.connectivitysettings/.Settings]
06-24 14:00:50.677833  1033  2094 I am_home_stack_moved: [0,0,1,1,startedActivity setFocusedActivity]
06-24 14:00:50.677917  1033  2094 I wm_task_moved: [8577,1,4]
06-24 14:00:50.680242  1033  2094 I am_focused_activity: [0,com.meizu.connectivitysettings/.SubSettings]
06-24 14:00:50.682727  9796  9796 I am_on_paused_called: [0,com.meizu.connectivitysettings.Settings]
06-24 14:00:50.685130  1033  2070 I am_restart_activity: [0,142592737,8577,com.meizu.connectivitysettings/.SubSettings]
06-24 14:00:50.711209  9796  9796 I am_on_resume_called: [0,com.meizu.connectivitysettings.SubSettings]
06-24 14:00:50.879054  1033  1075 I am_activity_launch_time: [0,142592737,com.meizu.connectivitysettings/.SubSettings,195,195]
06-24 14:00:51.105751   335   335 I sf_frame_dur: [com.meizu.connectivitysettings/com.meizu.connectivitysettings.Settings,90,4,0,4,0,0,0]
06-24 14:00:52.798569  1033  2079 I am_home_stack_moved: [0,0,1,1,sourceStackToFront]
06-24 14:00:52.798642  1033  2079 I wm_task_moved: [8577,1,4]
06-24 14:00:52.799966  1033  2079 I am_create_activity: [0,50317781,8577,com.meizu.connectivitysettings/.Settings$WifiProxySettingsActivity,NULL,NULL,NULL,0]
06-24 14:00:52.800444  1033  2079 I am_pause_activity: [0,142592737,com.meizu.connectivitysettings/.SubSettings]
06-24 14:00:52.801323  1033  2079 I am_home_stack_moved: [0,0,1,1,startedActivity setFocusedActivity]
06-24 14:00:52.801399  1033  2079 I wm_task_moved: [8577,1,4]
06-24 14:00:52.804356  1033  2079 I am_focused_activity: [0,com.meizu.connectivitysettings/.Settings$WifiProxySettingsActivity]
06-24 14:00:52.808201  9796  9796 I am_on_paused_called: [0,com.meizu.connectivitysettings.SubSettings]
06-24 14:00:52.810539  1033  2094 I am_restart_activity: [0,50317781,8577,com.meizu.connectivitysettings/.Settings$WifiProxySettingsActivity]
06-24 14:00:52.844928  9796  9796 I am_on_resume_called: [0,com.meizu.connectivitysettings.Settings$WifiProxySettingsActivity]
06-24 14:00:52.945310  1033  1075 I am_activity_launch_time: [0,50317781,com.meizu.connectivitysettings/.Settings$WifiProxySettingsActivity,137,137]
06-24 14:00:53.169201   335   335 I sf_frame_dur: [com.meizu.connectivitysettings/com.meizu.connectivitysettings.SubSettings,0,6,2,0,0,0,2]
06-24 14:01:00.102693  1033  1069 I am_pss  : [9796,1000,com.meizu.connectivitysettings,37850112,32804864]
06-24 14:01:22.107799  1033  1069 I am_pss  : [9704,1000,com.android.settings,21257216,16711680]
06-24 14:01:22.192131  1033  1069 I am_pss  : [4076,10095,com.tencent.mm,88566784,83632128]
06-24 14:01:22.201698  1033  1069 I sync    : [com.youku.auth.provider,0,4,-1645982301]
06-24 14:01:22.233215  1033  1069 I sync    : [com.youku.auth.provider,1,4,-1645982301]
06-24 14:01:22.233649  1033  1033 I notification_cancel: [1000,1033,android,1266196461,NULL,0,0,0,8,NULL]
06-24 14:01:22.947743  1033  2094 I battery_level: [33,3823,310]
06-24 14:01:23.020889  1033  1069 I am_pss  : [9832,10096,com.tencent.mobileqq,16641024,12574720]
06-24 14:01:23.729000  2440  2440 I auditd  : type=1400 audit(0.0:5674): avc: denied { search } for comm="GpuAppSpectator" name="9796" dev="proc" ino=1838596 scontext=u:r:gas_srv:s0 tcontext=u:r:system_app:s0 tclass=dir permissive=1
06-24 14:01:23.729000  2440  2440 I auditd  : type=1400 audit(0.0:5675): avc: denied { read } for comm="GpuAppSpectator" name="cmdline" dev="proc" ino=1838597 scontext=u:r:gas_srv:s0 tcontext=u:r:system_app:s0 tclass=file permissive=1
06-24 14:01:23.729000  2440  2440 I auditd  : type=1400 audit(0.0:5676): avc: denied { open } for comm="GpuAppSpectator" path="/proc/9796/cmdline" dev="proc" ino=1838597 scontext=u:r:gas_srv:s0 tcontext=u:r:system_app:s0 tclass=file permissive=1
06-24 14:01:23.729000  2440  2440 I auditd  : type=1400 audit(0.0:5677): avc: denied { getattr } for comm="GpuAppSpectator" path="/proc/9796/cmdline" dev="proc" ino=1838597 scontext=u:r:gas_srv:s0 tcontext=u:r:system_app:s0 tclass=file permissive=1
06-24 14:02:00.106580  1033  1069 I am_pss  : [7904,10036,com.meizu.mstore,19150848,17620992]
06-24 14:02:00.141648  1033  1069 I am_pss  : [8689,10098,com.push.Youku_PushService,28353536,27078656]
06-24 14:02:24.505786  1033  1233 I am_home_stack_moved: [0,1,0,0,bringingFoundTaskToFront setFocusedActivity]
06-24 14:02:24.505865  1033  1233 I wm_task_moved: [8407,1,0]
06-24 14:02:24.508546  1033  1233 I am_focused_activity: [0,com.meizu.flyme.launcher/.Launcher]
06-24 14:02:24.526321  1033  1233 I am_pause_activity: [0,50317781,com.meizu.connectivitysettings/.Settings$WifiProxySettingsActivity]
06-24 14:02:24.526911  9796  9796 I am_on_paused_called: [0,com.meizu.connectivitysettings.Settings$WifiProxySettingsActivity]
06-24 14:02:24.527273  1033  1233 I am_task_to_front: [0,8407]
06-24 14:02:24.527373  1033  1233 I am_new_intent: [0,196965783,8407,com.meizu.flyme.launcher/.Launcher,android.intent.action.MAIN,NULL,NULL,274726912]
06-24 14:02:24.533026  1033  2070 I am_resume_activity: [0,75898732,8407,com.meizu.flyme.launcher/.Launcher]
06-24 14:02:24.540537  2107  2107 I am_on_resume_called: [0,com.meizu.flyme.launcher.Launcher]
06-24 14:02:51.511654  1033  1069 I am_pss  : [2107,10014,com.meizu.flyme.launcher,41411584,38436864]
06-24 14:03:00.096540  1033  1069 I am_pss  : [9796,1000,com.meizu.connectivitysettings,31697920,26603520]
06-24 14:04:26.428210  1341  1341 I sysui_panelholder_touch: [0,774,11]
06-24 14:04:26.549501  1033  2055 I notification_panel_revealed: 2
06-24 14:04:26.633220  1033  1059 I notification_visibility: [-1|android|17040346|null|1000,1,633813,633813,0,1]
06-24 14:04:26.633303  1033  1059 I notification_visibility: [-1|android|17040351|null|1000,1,633811,633811,0,0]
06-24 14:04:27.133650  1033  1944 I notification_visibility: [-1|android|17040346|null|1000,1,634313,634313,0,1]
06-24 14:04:27.133772  1033  1944 I notification_visibility: [-1|android|17040351|null|1000,1,634311,634311,0,0]
06-24 14:04:27.550272  1033  2055 I notification_visibility: [-1|android|17040346|null|1000,0,634730,634730,0,1]
06-24 14:04:27.550378  1033  2055 I notification_visibility: [-1|android|17040351|null|1000,0,634728,634728,0,0]
06-24 14:04:27.550731  1033  2094 I notification_panel_hidden: []
06-24 14:05:00.101879  1033  1069 I am_pss  : [2107,10014,com.meizu.flyme.launcher,41604096,38629376]
06-24 14:05:24.022114  1341  1341 I sysui_panelholder_touch: [0,851,12]
06-24 14:05:24.187107  1033  1621 I notification_panel_revealed: 2
06-24 14:05:24.249761  1033  2094 I notification_visibility: [-1|android|17040346|null|1000,1,691429,691429,0,1]
06-24 14:05:24.249815  1033  2094 I notification_visibility: [-1|android|17040351|null|1000,1,691427,691427,0,0]
06-24 14:05:24.749829  1033  1058 I notification_visibility: [-1|android|17040346|null|1000,1,691929,691929,0,1]
06-24 14:05:24.750133  1033  1058 I notification_visibility: [-1|android|17040351|null|1000,1,691928,691928,0,0]
06-24 14:05:25.249980  1033  1058 I notification_visibility: [-1|android|17040346|null|1000,1,692429,692429,0,1]
06-24 14:05:25.250213  1033  1058 I notification_visibility: [-1|android|17040351|null|1000,1,692428,692428,0,0]
06-24 14:05:25.311413  1033  2055 I notification_visibility: [-1|android|17040346|null|1000,0,692491,692491,0,1]
06-24 14:05:25.311512  1033  2055 I notification_visibility: [-1|android|17040351|null|1000,0,692489,692489,0,0]
06-24 14:05:25.311745  1033  2079 I notification_panel_hidden: []
06-24 14:05:26.353235  1033  1944 I am_home_stack_moved: [0,0,1,1,bringingFoundTaskToFront setFocusedActivity]
06-24 14:05:26.353347  1033  1944 I wm_task_moved: [8577,1,4]
06-24 14:05:26.358002  1033  1944 I am_focused_activity: [0,com.meizu.connectivitysettings/.Settings$WifiProxySettingsActivity]
06-24 14:05:26.358632  1033  1944 I am_pause_activity: [0,75898732,com.meizu.flyme.launcher/.Launcher]
06-24 14:05:26.359838  1033  1944 I am_task_to_front: [0,8577]
06-24 14:05:26.360015  1033  1944 I am_finish_activity: [0,191797719,8577,com.meizu.connectivitysettings/.Settings,clear-task-stack]
06-24 14:05:26.360634  1033  1944 I am_destroy_activity: [0,191797719,8577,com.meizu.connectivitysettings/.Settings,finish-imm]
06-24 14:05:26.360965  1033  1944 I am_finish_activity: [0,142592737,8577,com.meizu.connectivitysettings/.SubSettings,clear-task-stack]
06-24 14:05:26.361502  1033  1944 I am_destroy_activity: [0,142592737,8577,com.meizu.connectivitysettings/.SubSettings,finish-imm]
06-24 14:05:26.361764  1033  1944 I am_finish_activity: [0,50317781,8577,com.meizu.connectivitysettings/.Settings$WifiProxySettingsActivity,clear-task-stack]
06-24 14:05:26.362415  1033  1944 I am_home_stack_moved: [0,0,1,1,finishActivity adjustFocus setFocusedActivity]
06-24 14:05:26.362496  1033  1944 I wm_task_moved: [8577,1,4]
06-24 14:05:26.365090  1033  1944 I am_focused_activity: [0,com.android.settings/.Settings]
06-24 14:05:26.365186  1033  1944 I am_destroy_activity: [0,50317781,8577,com.meizu.connectivitysettings/.Settings$WifiProxySettingsActivity,finish-imm]
06-24 14:05:26.369194  1033  1944 I am_new_intent: [0,247395071,8577,com.android.settings/.Settings,android.intent.action.MAIN,NULL,NULL,274726912]
06-24 14:05:26.383257  2107  2107 I am_on_paused_called: [0,com.meizu.flyme.launcher.Launcher]
06-24 14:05:26.387871  1033  2064 I am_resume_activity: [0,65050286,8577,com.android.settings/.Settings]
06-24 14:05:26.403537  9704  9704 I am_on_resume_called: [0,com.android.settings.Settings]
06-24 14:05:26.715258   335   335 I sf_frame_dur: [com.meizu.flyme.launcher/com.meizu.flyme.launcher.Launcher,0,4,0,0,2,2,4]
06-24 14:05:27.160835  1033  2071 I am_home_stack_moved: [0,0,1,1,intentActivityFound]
06-24 14:05:27.160913  1033  2071 I wm_task_moved: [8577,1,4]
06-24 14:05:27.162295  1033  2071 I am_home_stack_moved: [0,0,1,1,sourceStackToFront]
06-24 14:05:27.162350  1033  2071 I wm_task_moved: [8577,1,4]
06-24 14:05:27.163278  1033  2071 I am_create_activity: [0,120071117,8577,com.meizu.connectivitysettings/.Settings,com.meizu.connectivitysettings.CONNECTIVITY_SETTINGS,NULL,NULL,268435456]
06-24 14:05:27.163635  1033  2071 I am_pause_activity: [0,65050286,com.android.settings/.Settings]
06-24 14:05:27.164429  1033  2071 I am_home_stack_moved: [0,0,1,1,startedActivity setFocusedActivity]
06-24 14:05:27.164508  1033  2071 I wm_task_moved: [8577,1,4]
06-24 14:05:27.166375  1033  2071 I am_focused_activity: [0,com.meizu.connectivitysettings/.Settings]
06-24 14:05:27.170217  9704  9704 I am_on_paused_called: [0,com.android.settings.Settings]
06-24 14:05:27.175247  1033  1944 I am_restart_activity: [0,120071117,8577,com.meizu.connectivitysettings/.Settings]
06-24 14:05:27.179000  2440  2440 I auditd  : type=1400 audit(0.0:5678): avc: denied { search } for comm="GpuAppSpectator" name="9796" dev="proc" ino=1838596 scontext=u:r:gas_srv:s0 tcontext=u:r:system_app:s0 tclass=dir permissive=1
06-24 14:05:27.209420  9796  9796 I am_on_resume_called: [0,com.meizu.connectivitysettings.Settings]
06-24 14:05:27.344591  1033  1075 I am_activity_launch_time: [0,120071117,com.meizu.connectivitysettings/.Settings,174,174]
06-24 14:05:27.587858   335   335 I sf_frame_dur: [com.android.settings/com.android.settings.Settings,22,0,0,0,0,2,0]
06-24 14:05:28.436476  1033  2073 I am_home_stack_moved: [0,0,1,1,sourceStackToFront]
06-24 14:05:28.436542  1033  2073 I wm_task_moved: [8577,1,4]
06-24 14:05:28.437810  1033  2073 I am_create_activity: [0,253482983,8577,com.meizu.connectivitysettings/.SubSettings,android.intent.action.MAIN,NULL,NULL,0]
06-24 14:05:28.438208  1033  2073 I am_pause_activity: [0,120071117,com.meizu.connectivitysettings/.Settings]
06-24 14:05:28.439067  1033  2073 I am_home_stack_moved: [0,0,1,1,startedActivity setFocusedActivity]
06-24 14:05:28.439146  1033  2073 I wm_task_moved: [8577,1,4]
06-24 14:05:28.440981  1033  2073 I am_focused_activity: [0,com.meizu.connectivitysettings/.SubSettings]
06-24 14:05:28.445563  9796  9796 I am_on_paused_called: [0,com.meizu.connectivitysettings.Settings]
06-24 14:05:28.447923  1033  1059 I am_restart_activity: [0,253482983,8577,com.meizu.connectivitysettings/.SubSettings]
06-24 14:05:28.475032  9796  9796 I am_on_resume_called: [0,com.meizu.connectivitysettings.SubSettings]
06-24 14:05:28.652063  1033  1075 I am_activity_launch_time: [0,253482983,com.meizu.connectivitysettings/.SubSettings,205,205]
06-24 14:05:28.879233   335   335 I sf_frame_dur: [com.meizu.connectivitysettings/com.meizu.connectivitysettings.Settings,132,2,0,2,0,0,0]
06-24 14:05:29.455082  1033  2079 I am_home_stack_moved: [0,0,1,1,sourceStackToFront]
06-24 14:05:29.455159  1033  2079 I wm_task_moved: [8577,1,4]
06-24 14:05:29.456379  1033  2079 I am_create_activity: [0,25257979,8577,com.meizu.connectivitysettings/.Settings$WifiProxySettingsActivity,NULL,NULL,NULL,0]
06-24 14:05:29.456791  1033  2079 I am_pause_activity: [0,253482983,com.meizu.connectivitysettings/.SubSettings]
06-24 14:05:29.457682  1033  2079 I am_home_stack_moved: [0,0,1,1,startedActivity setFocusedActivity]
06-24 14:05:29.457757  1033  2079 I wm_task_moved: [8577,1,4]
06-24 14:05:29.459582  1033  2079 I am_focused_activity: [0,com.meizu.connectivitysettings/.Settings$WifiProxySettingsActivity]
06-24 14:05:29.468298  9796  9796 I am_on_paused_called: [0,com.meizu.connectivitysettings.SubSettings]
06-24 14:05:29.470820  1033  1059 I am_restart_activity: [0,25257979,8577,com.meizu.connectivitysettings/.Settings$WifiProxySettingsActivity]
06-24 14:05:29.520490  9796  9796 I am_on_resume_called: [0,com.meizu.connectivitysettings.Settings$WifiProxySettingsActivity]
06-24 14:05:29.635741  1033  1075 I am_activity_launch_time: [0,25257979,com.meizu.connectivitysettings/.Settings$WifiProxySettingsActivity,167,167]
06-24 14:05:29.852343   335   335 I sf_frame_dur: [com.meizu.connectivitysettings/com.meizu.connectivitysettings.SubSettings,48,2,2,2,2,0,0]
06-24 14:05:31.809051  9796  9796 I menu_item_selected: [0,]
06-24 14:05:31.810321  1033  1621 I am_finish_activity: [0,25257979,8577,com.meizu.connectivitysettings/.Settings$WifiProxySettingsActivity,app-request]
06-24 14:05:31.810912  1033  1621 I am_home_stack_moved: [0,0,1,1,finishActivity adjustFocus setFocusedActivity]
06-24 14:05:31.810984  1033  1621 I wm_task_moved: [8577,1,4]
06-24 14:05:31.812842  1033  1621 I am_focused_activity: [0,com.meizu.connectivitysettings/.SubSettings]
06-24 14:05:31.813066  1033  1621 I am_pause_activity: [0,25257979,com.meizu.connectivitysettings/.Settings$WifiProxySettingsActivity]
06-24 14:05:31.814480  9796  9796 I am_on_paused_called: [0,com.meizu.connectivitysettings.Settings$WifiProxySettingsActivity]
06-24 14:05:31.817988  1033  1058 I am_resume_activity: [0,253482983,8577,com.meizu.connectivitysettings/.SubSettings]
06-24 14:05:31.825558  9796  9796 I am_on_resume_called: [0,com.meizu.connectivitysettings.SubSettings]
06-24 14:05:31.845998  1033  1070 I am_broadcast_discard_app: [0,100312165,android.intent.action.PROXY_CHANGE,0,ResolveInfo{4ecf53a com.dianping.v1/com.dianping.base.push.pushservice.PhoneStatusReceiver m=0x108000}]
06-24 14:05:31.846578  1033  1070 I am_broadcast_discard_app: [0,100312165,android.intent.action.PROXY_CHANGE,1,ResolveInfo{7845eb com.sankuai.meituan/.notify.NetworkChangeReceiver m=0x108000}]
06-24 14:05:32.203733  1033  1070 I am_destroy_activity: [0,25257979,8577,com.meizu.connectivitysettings/.Settings$WifiProxySettingsActivity,finish-imm]
06-24 14:05:32.471355  1033  1233 I am_home_stack_moved: [0,1,0,0,bringingFoundTaskToFront setFocusedActivity]
06-24 14:05:32.471431  1033  1233 I wm_task_moved: [8407,1,0]
06-24 14:05:32.474000  1033  1233 I am_focused_activity: [0,com.meizu.flyme.launcher/.Launcher]
06-24 14:05:32.493012  1033  1233 I am_pause_activity: [0,253482983,com.meizu.connectivitysettings/.SubSettings]
06-24 14:05:32.493928  1033  1233 I am_task_to_front: [0,8407]
06-24 14:05:32.494003  1033  1233 I am_new_intent: [0,264787956,8407,com.meizu.flyme.launcher/.Launcher,android.intent.action.MAIN,NULL,NULL,274726912]
06-24 14:05:32.494625  9796  9796 I am_on_paused_called: [0,com.meizu.connectivitysettings.SubSettings]
06-24 14:05:32.498718  1033  2070 I am_resume_activity: [0,75898732,8407,com.meizu.flyme.launcher/.Launcher]
06-24 14:05:32.507946  2107  2107 I am_on_resume_called: [0,com.meizu.flyme.launcher.Launcher]
06-24 14:05:32.805126   335   335 I sf_frame_dur: [com.meizu.connectivitysettings/com.meizu.connectivitysettings.SubSettings,0,2,0,0,0,0,0]
06-24 14:05:32.852991  1033  1241 I netstats_mobile_sample: [48839386,62015,7896079,61279,48835210,62012,7897806,61292,48835250,62013,7898690,61298,-1]
06-24 14:05:32.853813  1033  1241 I netstats_wifi_sample: [1234690090,901026,56316914,707883,1221850507,893527,46461192,704361,1221646405,891334,46374036,703905,-1]
06-24 14:05:50.800141  1341  1341 I sysui_panelholder_touch: [0,687,38]
06-24 14:05:50.916721  1033  2094 I notification_panel_revealed: 2
06-24 14:05:50.978876  1033  2023 I notification_visibility: [-1|android|17040346|null|1000,1,718158,718158,0,1]
06-24 14:05:50.978967  1033  2023 I notification_visibility: [-1|android|17040351|null|1000,1,718156,718156,0,0]
06-24 14:05:51.479829  1033  2064 I notification_visibility: [-1|android|17040346|null|1000,1,718659,718659,0,1]
06-24 14:05:51.479931  1033  2064 I notification_visibility: [-1|android|17040351|null|1000,1,718657,718657,0,0]
06-24 14:05:51.918306  1033  2079 I notification_visibility: [-1|android|17040346|null|1000,0,719098,719098,0,1]
06-24 14:05:51.918416  1033  2079 I notification_visibility: [-1|android|17040351|null|1000,0,719096,719096,0,0]
06-24 14:05:51.918775  1033  2073 I notification_panel_hidden: []
06-24 14:05:52.963898  1033  2079 I battery_level: [34,3826,310]
06-24 14:06:00.095989  1033  1069 I am_pss  : [2107,10014,com.meizu.flyme.launcher,41669632,38694912]
06-24 14:06:00.126301  1033  1069 I am_pss  : [9704,1000,com.android.settings,21326848,16785408]
06-24 14:06:18.623440  1033  1621 I am_home_stack_moved: [0,0,1,1,bringingFoundTaskToFront setFocusedActivity]
06-24 14:06:18.623509  1033  1621 I wm_task_moved: [8577,1,4]
06-24 14:06:18.626395  1033  1621 I am_focused_activity: [0,com.meizu.connectivitysettings/.SubSettings]
06-24 14:06:18.627043  1033  1621 I am_pause_activity: [0,75898732,com.meizu.flyme.launcher/.Launcher]
06-24 14:06:18.627896  2107  2107 I am_on_paused_called: [0,com.meizu.flyme.launcher.Launcher]
06-24 14:06:18.628546  1033  1621 I am_task_to_front: [0,8577]
06-24 14:06:18.628627  1033  1621 I am_finish_activity: [0,120071117,8577,com.meizu.connectivitysettings/.Settings,clear-task-stack]
06-24 14:06:18.629081  1033  1621 I am_destroy_activity: [0,120071117,8577,com.meizu.connectivitysettings/.Settings,finish-imm]
06-24 14:06:18.629518  1033  1621 I am_finish_activity: [0,253482983,8577,com.meizu.connectivitysettings/.SubSettings,clear-task-stack]
06-24 14:06:18.629903  1033  1621 I am_home_stack_moved: [0,0,1,1,finishActivity adjustFocus setFocusedActivity]
06-24 14:06:18.629944  1033  1621 I wm_task_moved: [8577,1,4]
06-24 14:06:18.631499  1033  1621 I am_focused_activity: [0,com.android.settings/.Settings]
06-24 14:06:18.631592  1033  1621 I am_destroy_activity: [0,253482983,8577,com.meizu.connectivitysettings/.SubSettings,finish-imm]
06-24 14:06:18.639425  1033  1621 I am_kill : [0,5143,com.android.providers.calendar,15,empty for 1816s]
06-24 14:06:18.641049  1033  1621 I am_new_intent: [0,126812304,8577,com.android.settings/.Settings,NULL,NULL,NULL,272629760]
06-24 14:06:18.645291  1033  1944 I am_resume_activity: [0,65050286,8577,com.android.settings/.Settings]
06-24 14:06:18.661387  9704  9704 I am_on_resume_called: [0,com.android.settings.Settings]
06-24 14:06:18.711008  1033  1069 I am_pss  : [9832,10096,com.tencent.mobileqq,16635904,12574720]
06-24 14:06:18.724786  1033  2055 I am_proc_died: [0,5143,com.android.providers.calendar]
06-24 14:06:18.968643   335   335 I sf_frame_dur: [com.meizu.flyme.launcher/com.meizu.flyme.launcher.Launcher,0,0,0,0,2,0,2]
06-24 14:06:19.289000  2440  2440 I auditd  : type=1400 audit(0.0:5679): avc: denied { search } for comm="GpuAppSpectator" name="9704" dev="proc" ino=1848414 scontext=u:r:gas_srv:s0 tcontext=u:r:system_app:s0 tclass=dir permissive=1
06-24 14:06:19.289000  2440  2440 I auditd  : type=1400 audit(0.0:5680): avc: denied { read } for comm="GpuAppSpectator" name="cmdline" dev="proc" ino=1848415 scontext=u:r:gas_srv:s0 tcontext=u:r:system_app:s0 tclass=file permissive=1
06-24 14:06:19.289000  2440  2440 I auditd  : type=1400 audit(0.0:5681): avc: denied { open } for comm="GpuAppSpectator" path="/proc/9704/cmdline" dev="proc" ino=1848415 scontext=u:r:gas_srv:s0 tcontext=u:r:system_app:s0 tclass=file permissive=1
06-24 14:06:19.289000  2440  2440 I auditd  : type=1400 audit(0.0:5682): avc: denied { getattr } for comm="GpuAppSpectator" path="/proc/9704/cmdline" dev="proc" ino=1848415 scontext=u:r:gas_srv:s0 tcontext=u:r:system_app:s0 tclass=file permissive=1
06-24 14:06:20.011740  1033  2071 I am_home_stack_moved: [0,0,1,1,intentActivityFound]
06-24 14:06:20.011811  1033  2071 I wm_task_moved: [8577,1,4]
06-24 14:06:20.012982  1033  2071 I am_home_stack_moved: [0,0,1,1,sourceStackToFront]
06-24 14:06:20.013057  1033  2071 I wm_task_moved: [8577,1,4]
06-24 14:06:20.014110  1033  2071 I am_create_activity: [0,232735655,8577,com.meizu.connectivitysettings/.Settings,com.meizu.connectivitysettings.CONNECTIVITY_SETTINGS,NULL,NULL,268435456]
06-24 14:06:20.014573  1033  2071 I am_pause_activity: [0,65050286,com.android.settings/.Settings]
06-24 14:06:20.015372  1033  2071 I am_home_stack_moved: [0,0,1,1,startedActivity setFocusedActivity]
06-24 14:06:20.015463  1033  2071 I wm_task_moved: [8577,1,4]
06-24 14:06:20.017493  1033  2071 I am_focused_activity: [0,com.meizu.connectivitysettings/.Settings]
06-24 14:06:20.027659  9704  9704 I am_on_paused_called: [0,com.android.settings.Settings]
06-24 14:06:20.032524  1033  1058 I am_restart_activity: [0,232735655,8577,com.meizu.connectivitysettings/.Settings]
06-24 14:06:20.072966  9796  9796 I am_on_resume_called: [0,com.meizu.connectivitysettings.Settings]
06-24 14:06:20.218212  1033  1075 I am_activity_launch_time: [0,232735655,com.meizu.connectivitysettings/.Settings,190,190]
06-24 14:06:20.460631   335   335 I sf_frame_dur: [com.android.settings/com.android.settings.Settings,22,0,0,0,0,0,2]
06-24 14:06:21.160735  1033  2023 I am_home_stack_moved: [0,0,1,1,sourceStackToFront]
06-24 14:06:21.160803  1033  2023 I wm_task_moved: [8577,1,4]
06-24 14:06:21.162123  1033  2023 I am_create_activity: [0,184598577,8577,com.meizu.connectivitysettings/.SubSettings,android.intent.action.MAIN,NULL,NULL,0]
06-24 14:06:21.162489  1033  2023 I am_pause_activity: [0,232735655,com.meizu.connectivitysettings/.Settings]
06-24 14:06:21.163340  1033  2023 I am_home_stack_moved: [0,0,1,1,startedActivity setFocusedActivity]
06-24 14:06:21.163419  1033  2023 I wm_task_moved: [8577,1,4]
06-24 14:06:21.165353  1033  2023 I am_focused_activity: [0,com.meizu.connectivitysettings/.SubSettings]
06-24 14:06:21.170391  9796  9796 I am_on_paused_called: [0,com.meizu.connectivitysettings.Settings]
06-24 14:06:21.172780  1033  1944 I am_restart_activity: [0,184598577,8577,com.meizu.connectivitysettings/.SubSettings]
06-24 14:06:21.202271  9796  9796 I am_on_resume_called: [0,com.meizu.connectivitysettings.SubSettings]
06-24 14:06:21.391774  1033  1075 I am_activity_launch_time: [0,184598577,com.meizu.connectivitysettings/.SubSettings,221,221]
06-24 14:06:21.618257   335   335 I sf_frame_dur: [com.meizu.connectivitysettings/com.meizu.connectivitysettings.Settings,116,2,0,2,0,0,0]
06-24 14:06:23.312125  1033  2106 I am_home_stack_moved: [0,0,1,1,sourceStackToFront]
06-24 14:06:23.312202  1033  2106 I wm_task_moved: [8577,1,4]
06-24 14:06:23.313743  1033  2106 I am_create_activity: [0,178109989,8577,com.meizu.connectivitysettings/.Settings$WifiProxySettingsActivity,NULL,NULL,NULL,0]
06-24 14:06:23.314271  1033  2106 I am_pause_activity: [0,184598577,com.meizu.connectivitysettings/.SubSettings]
06-24 14:06:23.315241  1033  2106 I am_home_stack_moved: [0,0,1,1,startedActivity setFocusedActivity]
06-24 14:06:23.315310  1033  2106 I wm_task_moved: [8577,1,4]
06-24 14:06:23.317673  1033  2106 I am_focused_activity: [0,com.meizu.connectivitysettings/.Settings$WifiProxySettingsActivity]
06-24 14:06:23.321581  9796  9796 I am_on_paused_called: [0,com.meizu.connectivitysettings.SubSettings]
06-24 14:06:23.323887  1033  2070 I am_restart_activity: [0,178109989,8577,com.meizu.connectivitysettings/.Settings$WifiProxySettingsActivity]
06-24 14:06:23.360835  9796  9796 I am_on_resume_called: [0,com.meizu.connectivitysettings.Settings$WifiProxySettingsActivity]
06-24 14:06:23.444670  1033  1075 I am_activity_launch_time: [0,178109989,com.meizu.connectivitysettings/.Settings$WifiProxySettingsActivity,123,123]
06-24 14:06:23.664613   335   335 I sf_frame_dur: [com.meizu.connectivitysettings/com.meizu.connectivitysettings.SubSettings,0,6,2,0,0,0,2]
06-24 14:06:27.507569  1033  1033 I notification_cancel: [10025,1921,com.meizu.flyme.input,101,NULL,0,0,64,8,NULL]
06-24 14:06:27.542645  1033  1033 I notification_enqueue: [1000,1033,android,17040354,NULL,-1,Notification(pri=0 contentView=android/0xa030049 vibrate=null sound=null defaults=0x0 flags=0x2 color=0xff060059 category=sys vis=PRIVATE),0]
06-24 14:06:27.545639  1033  1033 I notification_enqueue: [1000,1033,android,17040354,NULL,-1,Notification(pri=0 contentView=android/0xa030049 vibrate=null sound=null defaults=0x0 flags=0x2 color=0xff060059 category=sys vis=PRIVATE),1]
06-24 14:06:27.556112  1033  1033 I notification_enqueue: [1000,1033,android,17040354,NULL,-1,Notification(pri=0 contentView=android/0xa030049 vibrate=null sound=null defaults=0x0 flags=0x2 color=0xff060059 category=sys vis=PRIVATE),1]
06-24 14:06:32.081096  1033  1033 I notification_enqueue: [1000,1033,android,17040354,NULL,-1,Notification(pri=0 contentView=android/0xa030049 vibrate=null sound=null defaults=0x0 flags=0x2 color=0xff060059 category=sys vis=PRIVATE),1]
06-24 14:06:32.100896  1033  1033 I notification_enqueue: [1000,1033,android,17040354,NULL,-1,Notification(pri=0 contentView=android/0xa030049 vibrate=null sound=null defaults=0x0 flags=0x2 color=0xff060059 category=sys vis=PRIVATE),1]
06-24 14:06:32.103385  1033  1033 I notification_cancel: [10025,1921,com.meizu.flyme.input,101,NULL,0,0,64,8,NULL]
06-24 14:06:32.706263  1033  1069 I am_pss  : [9796,1000,com.meizu.connectivitysettings,35691520,30547968]
06-24 14:06:35.975659  9796  9796 I menu_item_selected: [0,]
06-24 14:06:36.012133  1033  2106 I am_finish_activity: [0,178109989,8577,com.meizu.connectivitysettings/.Settings$WifiProxySettingsActivity,app-request]
06-24 14:06:36.012848  1033  2106 I am_home_stack_moved: [0,0,1,1,finishActivity adjustFocus setFocusedActivity]
06-24 14:06:36.012915  1033  2106 I wm_task_moved: [8577,1,4]
06-24 14:06:36.016908  1033  2106 I am_focused_activity: [0,com.meizu.connectivitysettings/.SubSettings]
06-24 14:06:36.017900  1033  2106 I am_pause_activity: [0,178109989,com.meizu.connectivitysettings/.Settings$WifiProxySettingsActivity]
06-24 14:06:36.039740  9796  9796 I am_on_paused_called: [0,com.meizu.connectivitysettings.Settings$WifiProxySettingsActivity]
06-24 14:06:36.050081  1033  2094 I am_resume_activity: [0,184598577,8577,com.meizu.connectivitysettings/.SubSettings]
06-24 14:06:36.065301  9796  9796 I am_on_resume_called: [0,com.meizu.connectivitysettings.SubSettings]
06-24 14:06:36.084921  1033  1070 I am_broadcast_discard_app: [0,4381774,android.intent.action.PROXY_CHANGE,0,ResolveInfo{debc16f com.dianping.v1/com.dianping.base.push.pushservice.PhoneStatusReceiver m=0x108000}]
06-24 14:06:36.085493  1033  1070 I am_broadcast_discard_app: [0,4381774,android.intent.action.PROXY_CHANGE,1,ResolveInfo{d2b5e7c com.sankuai.meituan/.notify.NetworkChangeReceiver m=0x108000}]
06-24 14:06:36.223094  1033  1033 I notification_cancel: [1000,1033,android,17040354,NULL,-1,0,0,8,NULL]
06-24 14:06:36.223501  1033  1033 I notification_canceled: [-1|android|17040354|null|1000,8,8681,4123,0]
06-24 14:06:36.414863  1033  1070 I am_destroy_activity: [0,178109989,8577,com.meizu.connectivitysettings/.Settings$WifiProxySettingsActivity,finish-imm]
06-24 14:06:36.529642   335   335 I sf_frame_dur: [InputMethod,2,24,0,2,2,4,4]
06-24 14:06:37.092324  1033  1241 I netstats_mobile_sample: [48839386,62015,7896079,61279,48835210,62012,7897806,61292,48835250,62013,7898690,61298,-1]
06-24 14:06:37.093011  1033  1241 I netstats_wifi_sample: [1234708485,901094,56327908,707971,1221867858,893593,46470926,704448,1221663756,891400,46383770,703992,-1]
06-24 14:06:37.205746  1033  2079 I am_home_stack_moved: [0,0,1,1,sourceStackToFront]
06-24 14:06:37.205801  1033  2079 I wm_task_moved: [8577,1,4]
06-24 14:06:37.207154  1033  2079 I am_create_activity: [0,188129978,8577,com.meizu.connectivitysettings/.Settings$WifiProxySettingsActivity,NULL,NULL,NULL,0]
06-24 14:06:37.207541  1033  2079 I am_pause_activity: [0,184598577,com.meizu.connectivitysettings/.SubSettings]
06-24 14:06:37.208334  1033  2079 I am_home_stack_moved: [0,0,1,1,startedActivity setFocusedActivity]
06-24 14:06:37.208407  1033  2079 I wm_task_moved: [8577,1,4]
06-24 14:06:37.210217  1033  2079 I am_focused_activity: [0,com.meizu.connectivitysettings/.Settings$WifiProxySettingsActivity]
06-24 14:06:37.219231  9796  9796 I am_on_paused_called: [0,com.meizu.connectivitysettings.SubSettings]
06-24 14:06:37.222201  1033  2073 I am_restart_activity: [0,188129978,8577,com.meizu.connectivitysettings/.Settings$WifiProxySettingsActivity]
06-24 14:06:37.263142  9796  9796 I am_on_resume_called: [0,com.meizu.connectivitysettings.Settings$WifiProxySettingsActivity]
06-24 14:06:37.358855  1033  1075 I am_activity_launch_time: [0,188129978,com.meizu.connectivitysettings/.Settings$WifiProxySettingsActivity,139,139]
06-24 14:06:37.569913   335   335 I sf_frame_dur: [com.meizu.connectivitysettings/com.meizu.connectivitysettings.SubSettings,16,2,2,2,0,2,0]
06-24 14:06:40.173233  1033  1233 I am_home_stack_moved: [0,1,0,0,bringingFoundTaskToFront setFocusedActivity]
06-24 14:06:40.173312  1033  1233 I wm_task_moved: [8407,1,0]
06-24 14:06:40.175979  1033  1233 I am_focused_activity: [0,com.meizu.flyme.launcher/.Launcher]
06-24 14:06:40.196808  1033  1233 I am_pause_activity: [0,188129978,com.meizu.connectivitysettings/.Settings$WifiProxySettingsActivity]
06-24 14:06:40.197352  9796  9796 I am_on_paused_called: [0,com.meizu.connectivitysettings.Settings$WifiProxySettingsActivity]
06-24 14:06:40.197770  1033  1233 I am_task_to_front: [0,8407]
06-24 14:06:40.197869  1033  1233 I am_new_intent: [0,20828369,8407,com.meizu.flyme.launcher/.Launcher,android.intent.action.MAIN,NULL,NULL,274726912]
06-24 14:06:40.201546  1033  2055 I am_resume_activity: [0,75898732,8407,com.meizu.flyme.launcher/.Launcher]
06-24 14:06:40.212017  2107  2107 I am_on_resume_called: [0,com.meizu.flyme.launcher.Launcher]
06-24 14:07:00.108659  1033  1069 I am_pss  : [2107,10014,com.meizu.flyme.launcher,41552896,38518784]
06-24 14:07:00.138223  1033  1069 I am_pss  : [9704,1000,com.android.settings,21532672,16920576]
06-24 14:07:00.168609  1033  1069 I am_pss  : [9832,10096,com.tencent.mobileqq,16636928,12578816]
06-24 14:07:10.501861  1033  1233 I am_home_stack_moved: [0,1,0,0,intentActivityFound]
06-24 14:07:10.501944  1033  1233 I wm_task_moved: [8407,1,0]
06-24 14:07:10.503529  1033  1233 I am_new_intent: [0,40421641,8407,com.meizu.flyme.launcher/.Launcher,android.intent.action.MAIN,NULL,NULL,270532608]
06-24 14:07:10.969594  1033  1944 I am_home_stack_moved: [0,0,1,1,startingNewTask]
06-24 14:07:10.969696  1033  1944 I wm_task_moved: [8577,1,4]
06-24 14:07:10.971523  1033  1944 I am_create_task: [0,8582]
06-24 14:07:10.971629  1033  1944 I am_create_activity: [0,58193199,8582,com.meizu.filemanager/com.meizu.flyme.filemanager.activity.HomeActivity,android.intent.action.MAIN,NULL,NULL,270532608]
06-24 14:07:10.971876  1033  1944 I wm_task_created: [8582,1]
06-24 14:07:10.971924  1033  1944 I wm_task_moved: [8582,1,5]
06-24 14:07:10.972240  1033  1944 I am_pause_activity: [0,75898732,com.meizu.flyme.launcher/.Launcher]
06-24 14:07:10.973229  1033  1944 I am_home_stack_moved: [0,0,1,1,startedActivity setFocusedActivity]
06-24 14:07:10.973312  1033  1944 I wm_task_moved: [8582,1,5]
06-24 14:07:10.975779  1033  1944 I am_focused_activity: [0,com.meizu.filemanager/com.meizu.flyme.filemanager.activity.HomeActivity]
06-24 14:07:10.988693  2107  2107 I am_on_paused_called: [0,com.meizu.flyme.launcher.Launcher]
06-24 14:07:11.014039  1033  2023 I am_proc_start: [0,12902,10046,com.meizu.filemanager,activity,com.meizu.filemanager/com.meizu.flyme.filemanager.activity.HomeActivity]
06-24 14:07:11.029577  1033  1926 I am_proc_bound: [0,12902,com.meizu.filemanager]
06-24 14:07:11.033138  1033  1926 I am_restart_activity: [0,58193199,8582,com.meizu.filemanager/com.meizu.flyme.filemanager.activity.HomeActivity]
06-24 14:07:11.050582  1033  1069 I am_pss  : [9796,1000,com.meizu.connectivitysettings,32097280,26931200]
06-24 14:07:11.224748 12902 12902 I am_on_resume_called: [0,com.meizu.flyme.filemanager.activity.HomeActivity]
06-24 14:07:11.303020   335   335 I sf_frame_dur: [com.meizu.flyme.launcher/com.meizu.flyme.launcher.Launcher,102,4,0,4,2,0,2]
06-24 14:07:11.406962  1033  1075 I am_activity_launch_time: [0,58193199,com.meizu.filemanager/com.meizu.flyme.filemanager.activity.HomeActivity,417,417]
06-24 14:07:11.432944  1033  1033 I notification_cancel: [10046,12902,com.meizu.filemanager,101,NULL,0,0,64,8,NULL]
06-24 14:07:12.797514  1033  2055 I am_home_stack_moved: [0,0,1,1,sourceStackToFront]
06-24 14:07:12.797586  1033  2055 I wm_task_moved: [8582,1,5]
06-24 14:07:12.799392  1033  2055 I am_create_activity: [0,191513377,8582,com.meizu.filemanager/com.meizu.flyme.filemanager.activity.CategoryActivity,NULL,NULL,NULL,0]
06-24 14:07:12.799879  1033  2055 I am_pause_activity: [0,58193199,com.meizu.filemanager/com.meizu.flyme.filemanager.activity.HomeActivity]
06-24 14:07:12.800828  1033  2055 I am_home_stack_moved: [0,0,1,1,startedActivity setFocusedActivity]
06-24 14:07:12.800914  1033  2055 I wm_task_moved: [8582,1,5]
06-24 14:07:12.803248  1033  2055 I am_focused_activity: [0,com.meizu.filemanager/com.meizu.flyme.filemanager.activity.CategoryActivity]
06-24 14:07:12.809007 12902 12902 I am_on_paused_called: [0,com.meizu.flyme.filemanager.activity.HomeActivity]
06-24 14:07:12.811528  1033  2073 I am_restart_activity: [0,191513377,8582,com.meizu.filemanager/com.meizu.flyme.filemanager.activity.CategoryActivity]
06-24 14:07:12.883366 12902 12902 I am_on_resume_called: [0,com.meizu.flyme.filemanager.activity.CategoryActivity]
06-24 14:07:12.995886  1033  1075 I am_activity_launch_time: [0,191513377,com.meizu.filemanager/com.meizu.flyme.filemanager.activity.CategoryActivity,186,186]
06-24 14:07:13.215576   335   335 I sf_frame_dur: [com.meizu.filemanager/com.meizu.flyme.filemanager.activity.HomeActivity,56,2,0,2,0,2,0]
06-24 14:07:15.695177  1033  2073 I am_finish_activity: [0,191513377,8582,com.meizu.filemanager/com.meizu.flyme.filemanager.activity.CategoryActivity,app-request]
06-24 14:07:15.695891  1033  2073 I am_home_stack_moved: [0,0,1,1,finishActivity adjustFocus setFocusedActivity]
06-24 14:07:15.695990  1033  2073 I wm_task_moved: [8582,1,5]
06-24 14:07:15.698242  1033  2073 I am_focused_activity: [0,com.meizu.filemanager/com.meizu.flyme.filemanager.activity.HomeActivity]
06-24 14:07:15.698504  1033  2073 I am_pause_activity: [0,191513377,com.meizu.filemanager/com.meizu.flyme.filemanager.activity.CategoryActivity]
06-24 14:07:15.699262 12902 12902 I am_on_paused_called: [0,com.meizu.flyme.filemanager.activity.CategoryActivity]
06-24 14:07:15.701571  1033  2071 I am_resume_activity: [0,58193199,8582,com.meizu.filemanager/com.meizu.flyme.filemanager.activity.HomeActivity]
06-24 14:07:15.707584 12902 12902 I am_on_resume_called: [0,com.meizu.flyme.filemanager.activity.HomeActivity]
06-24 14:07:15.984623  1033  1070 I am_destroy_activity: [0,191513377,8582,com.meizu.filemanager/com.meizu.flyme.filemanager.activity.CategoryActivity,finish-imm]
06-24 14:07:15.999809   335   335 I sf_frame_dur: [com.meizu.filemanager/com.meizu.flyme.filemanager.activity.CategoryActivity,38,4,0,6,0,0,0]
06-24 14:07:16.337470  1033  1059 I am_home_stack_moved: [0,0,1,1,sourceStackToFront]
06-24 14:07:16.337549  1033  1059 I wm_task_moved: [8582,1,5]
06-24 14:07:16.341292  1033  1059 I am_create_activity: [0,176794317,8582,com.meizu.filemanager/com.meizu.flyme.filemanager.activity.FileManagerActivity,NULL,NULL,NULL,0]
06-24 14:07:16.342307  1033  1059 I am_pause_activity: [0,58193199,com.meizu.filemanager/com.meizu.flyme.filemanager.activity.HomeActivity]
06-24 14:07:16.343255  1033  1059 I am_home_stack_moved: [0,0,1,1,startedActivity setFocusedActivity]
06-24 14:07:16.343307  1033  1059 I wm_task_moved: [8582,1,5]
06-24 14:07:16.345849  1033  1059 I am_focused_activity: [0,com.meizu.filemanager/com.meizu.flyme.filemanager.activity.FileManagerActivity]
06-24 14:07:16.346661  1033  1058 I force_gc: Binder
06-24 14:07:16.347223 12902 12902 I am_on_paused_called: [0,com.meizu.flyme.filemanager.activity.HomeActivity]
06-24 14:07:16.353333  1033  1358 I am_restart_activity: [0,176794317,8582,com.meizu.filemanager/com.meizu.flyme.filemanager.activity.FileManagerActivity]
06-24 14:07:16.421731 12902 12902 I am_on_resume_called: [0,com.meizu.flyme.filemanager.activity.FileManagerActivity]
06-24 14:07:16.536924  1033  1075 I am_activity_launch_time: [0,176794317,com.meizu.filemanager/com.meizu.flyme.filemanager.activity.FileManagerActivity,186,186]
06-24 14:07:16.754280   335   335 I sf_frame_dur: [com.meizu.filemanager/com.meizu.flyme.filemanager.activity.HomeActivity,16,6,0,0,0,2,0]
06-24 14:07:17.007368  1033  2094 I force_gc: Binder
06-24 14:07:17.655984  1033  2079 I force_gc: Binder
06-24 14:07:18.287378  1033  1621 I force_gc: Binder
06-24 14:07:18.756200 12902 12902 I menu_item_selected: [0,]
06-24 14:07:19.285476  1033  2055 I force_gc: Binder
06-24 14:07:19.992433  1033  2023 I force_gc: Binder
06-24 14:07:20.428028   335   335 I sf_frame_dur: [com.meizu.filemanager/com.meizu.flyme.filemanager.activity.FileManagerActivity,0,2,0,0,0,0,2]
06-24 14:07:20.936287  1033  1621 I force_gc: Binder
06-24 14:07:21.541261  1033  1069 I am_pss  : [12902,10046,com.meizu.filemanager,32979968,29937664]
06-24 14:07:21.757010  1033  2070 I force_gc: Binder
06-24 14:07:22.007005 12902 12902 I menu_item_selected: [0,]
06-24 14:07:22.653431  1033  1926 I force_gc: Binder
06-24 14:07:23.354591  1033  1621 I force_gc: Binder
06-24 14:07:24.061990  1033  1058 I force_gc: Binder
06-24 14:07:24.420901   335   335 I sf_frame_dur: [com.meizu.filemanager/com.meizu.flyme.filemanager.activity.FileManagerActivity,2,2,0,0,0,0,2]
06-24 14:07:24.971175  1033  1358 I force_gc: Binder
06-24 14:07:25.860204  1033  2064 I force_gc: Binder
06-24 14:07:26.718406  1033  2106 I force_gc: Binder
06-24 14:07:27.581685  1033  1358 I force_gc: Binder
06-24 14:07:28.470429  1033  2094 I force_gc: Binder
06-24 14:07:29.282871  1033  2094 I force_gc: Binder
06-24 14:07:30.031893  1033  2023 I force_gc: Binder
06-24 14:07:30.897542  1033  1059 I force_gc: Binder
06-24 14:07:31.865821  1033  1356 I force_gc: Binder
06-24 14:07:32.766942  1033  1058 I force_gc: Binder
06-24 14:07:33.819976  1033  2064 I force_gc: Binder
06-24 14:07:34.730567  1033  2071 I force_gc: Binder
06-24 14:07:35.618569  1033  2094 I force_gc: Binder
06-24 14:07:36.491336  1033  2079 I force_gc: Binder
06-24 14:07:37.442849  1033  1926 I force_gc: Binder
06-24 14:07:38.269095  1033  1356 I force_gc: Binder
06-24 14:07:39.051631  1033  2023 I force_gc: Binder
06-24 14:07:39.825964  1033  2070 I force_gc: Binder
06-24 14:07:40.698899  1033  2055 I force_gc: Binder
06-24 14:07:41.653651  1033  1926 I force_gc: Binder
06-24 14:07:42.534676  1033  2106 I force_gc: Binder
06-24 14:07:43.485135  1033  1944 I force_gc: Binder
06-24 14:07:44.242784  1033  2055 I force_gc: Binder
06-24 14:07:44.961212  1033  1358 I force_gc: Binder
06-24 14:07:45.718794  1033  2094 I force_gc: Binder
06-24 14:07:46.445812  1033  2023 I force_gc: Binder
06-24 14:07:47.163071  1033  2106 I force_gc: Binder
06-24 14:08:00.101124  1033  1069 I am_pss  : [2107,10014,com.meizu.flyme.launcher,51331072,48279552]
06-24 14:08:00.186026  1033  1069 I am_pss  : [4076,10095,com.tencent.mm,88028160,83722240]
06-24 14:08:00.978138  1033  1069 I am_pss  : [18334,10009,android.process.media,15510528,13697024]
06-24 14:08:54.140432  1033  1069 I am_pss  : [1921,10025,com.meizu.flyme.input,26035200,23928832]
06-24 14:08:54.174269  1033  1069 I am_pss  : [2738,1000,com.meizu.safe,28058624,25677824]
06-24 14:08:54.201172  1033  1069 I am_pss  : [2685,10059,com.meizu.cloud:mzservice_v1,7724032,6737920]
06-24 14:08:54.225888  1033  1069 I am_pss  : [1939,10026,com.baidu.map.location,9195520,7720960]
06-24 14:10:00.218071  1033  1069 I am_pss  : [1033,1000,system,98285568,93286400]
06-24 14:10:00.261748  1033  1069 I am_pss  : [1341,10017,com.android.systemui,66493440,62730240]
06-24 14:10:00.297707  1033  1069 I am_pss  : [12902,10046,com.meizu.filemanager,47277056,44060672]
06-24 14:10:00.416284  1033  1069 I am_pss  : [20071,10100,com.alibaba.android.rimet,64427008,61124608]
06-24 14:10:00.436975  1033  1069 I am_pss  : [3197,10017,com.meizu.luckymoney,3661824,2883584]
06-24 14:10:00.465303  1033  1069 I am_pss  : [3591,10095,com.tencent.mm:push,14408704,13041664]
06-24 14:10:00.484432  1033  1069 I am_pss  : [2093,1000,com.meizu.experiencedatasync,6044672,4784128]
06-24 14:10:00.503780  1033  1069 I am_pss  : [2081,10064,com.meizu.mzsyncservice,7219200,6225920]
06-24 14:10:00.525737  1033  1069 I am_pss  : [2065,10059,com.meizu.cloud,7608320,6602752]
06-24 14:10:00.543379  1033  1069 I am_pss  : [2048,1000,com.mediatek.nlpservice,3008512,2248704]
06-24 14:10:00.567171  1033  1069 I am_pss  : [2033,10004,com.android.incallui,17872896,15581184]
06-24 14:10:00.585249  1033  1069 I am_pss  : [2022,1001,com.mediatek.ims,3056640,2248704]
06-24 14:10:00.602247  1033  1069 I am_pss  : [2010,1001,com.mediatek.gba,2226176,1536000]
06-24 14:10:00.636605  1033  1069 I am_pss  : [1996,1001,com.android.phone,24298496,22122496]
06-24 14:10:30.100347  1033  2023 I am_crash: [10345,0,com.wandoujia.phoenix2.usbproxy,948485700,java.lang.NoSuchMethodError,No interface method isRadioOn()Z in class Lcom/android/internal/telephony/ITelephony; or its super classes (declaration of 'com.android.internal.telephony.ITelephony' appears in /system/framework/framework.jar:classes2.dex),,515]
06-24 14:10:30.236648  1033  1058 I am_proc_died: [0,10345,com.wandoujia.phoenix2.usbproxy]
06-24 14:10:30.236951  1033  1058 I am_schedule_service_restart: [0,com.wandoujia.phoenix2.usbproxy/com.wandoujia.pmp.services.SmsService,1000]
06-24 14:10:30.237118  1033  1058 I am_service_crashed_too_much: [0,2,com.wandoujia.phoenix2.usbproxy/com.wandoujia.phoenix2.services.ConnectionService,10345]
06-24 14:10:30.709000  2142  2142 I auditd  : type=1400 audit(0.0:5683): avc: granted { remove_name } for comm="ProcessErrorLog" name="data_app_crash-9e1d7047-a02e-4b04-b6bf-296749981623@1466748630253.txt.gz" dev="mmcblk0p32" ino=656201 scontext=u:r:system_app:s0 tcontext=u:object_r:system_data_file:s0 tclass=dir
06-24 14:10:30.709000  2142  2142 I auditd  : type=1400 audit(0.0:5684): avc: granted { unlink } for comm="ProcessErrorLog" name="data_app_crash-9e1d7047-a02e-4b04-b6bf-296749981623@1466748630253.txt.gz" dev="mmcblk0p32" ino=656201 scontext=u:r:system_app:s0 tcontext=u:object_r:system_data_file:s0 tclass=file
06-24 14:10:34.311603  1033  1033 I notification_enqueue: [10019,7773,com.android.mms,123,NULL,0,Notification(pri=2 contentView=com.android.mms/0xa030049 vibrate=default sound=content://media/internal/audio/media/46 tick defaults=0x6 flags=0x11 color=0x00000000 category=msg actions=3 vis=PRIVATE),0]
06-24 14:10:34.317453  1033  1033 I notification_alert: [0|com.android.mms|123|null|10019,0,0,1]
06-24 14:10:34.401102  1033  1059 I notification_expansion: [0|com.android.mms|123|null|10019,0,1,90,90,0]
06-24 14:10:34.429148  1341  1341 I sysui_heads_up_status: [0|com.android.mms|123|null|10019,1]
06-24 14:10:37.527913  1033  2073 I am_home_stack_moved: [0,0,1,1,startingNewTask]
06-24 14:10:37.528008  1033  2073 I wm_task_moved: [8582,1,5]
06-24 14:10:37.529826  1033  2073 I am_create_task: [0,8583]
06-24 14:10:37.529876  1033  2073 I am_create_activity: [0,256048570,8583,com.wandoujia.phoenix2.usbproxy/com.wandoujia.phoenix2.ui.WelcomeActivity,NULL,NULL,NULL,276824064]
06-24 14:10:37.530111  1033  2073 I wm_task_created: [8583,1]
06-24 14:10:37.530161  1033  2073 I wm_task_moved: [8583,1,6]
06-24 14:10:37.550832  1033  2073 I am_pause_activity: [0,176794317,com.meizu.filemanager/com.meizu.flyme.filemanager.activity.FileManagerActivity]
06-24 14:10:37.551387 12902 12902 I am_on_paused_called: [0,com.meizu.flyme.filemanager.activity.FileManagerActivity]
06-24 14:10:37.551897  1033  2073 I am_home_stack_moved: [0,0,1,1,startedActivity setFocusedActivity]
06-24 14:10:37.551993  1033  2073 I wm_task_moved: [8583,1,6]
06-24 14:10:37.554414  1033  2073 I am_focused_activity: [0,com.wandoujia.phoenix2.usbproxy/com.wandoujia.phoenix2.ui.WelcomeActivity]
06-24 14:10:37.573410  1033  1059 I am_proc_start: [0,13485,10123,com.wandoujia.phoenix2.usbproxy,activity,com.wandoujia.phoenix2.usbproxy/com.wandoujia.phoenix2.ui.WelcomeActivity]
06-24 14:10:37.584459  1033  1621 I am_proc_bound: [0,13485,com.wandoujia.phoenix2.usbproxy]
06-24 14:10:37.588540  1033  1621 I am_restart_activity: [0,256048570,8583,com.wandoujia.phoenix2.usbproxy/com.wandoujia.phoenix2.ui.WelcomeActivity]
06-24 14:10:37.617327  1033  2094 I am_finish_activity: [0,256048570,8583,com.wandoujia.phoenix2.usbproxy/com.wandoujia.phoenix2.ui.WelcomeActivity,app-request]
06-24 14:10:37.617986  1033  2094 I am_home_stack_moved: [0,0,1,1,finishActivity adjustFocus setFocusedActivity]
06-24 14:10:37.618051  1033  2094 I wm_task_moved: [8583,1,6]
06-24 14:10:37.620350  1033  2094 I am_focused_activity: [0,com.meizu.filemanager/com.meizu.flyme.filemanager.activity.FileManagerActivity]
