06-24 14:27:30.820492  1033  2094 I am_resume_activity: [0,186297408,8577,com.meizu.connectivitysettings/.SubSettings]
06-24 14:27:30.828016  9796  9796 I am_on_resume_called: [0,com.meizu.connectivitysettings.SubSettings]
06-24 14:27:30.858754  1033  1070 I am_broadcast_discard_app: [0,211284510,android.intent.action.PROXY_CHANGE,0,ResolveInfo{9ab6aff com.dianping.v1/com.dianping.base.push.pushservice.PhoneStatusReceiver m=0x108000}]
06-24 14:27:30.859391  1033  1070 I am_broadcast_discard_app: [0,211284510,android.intent.action.PROXY_CHANGE,1,ResolveInfo{8d070cc com.sankuai.meituan/.notify.NetworkChangeReceiver m=0x108000}]
06-24 14:27:31.163664  1033  1070 I am_destroy_activity: [0,181648644,8577,com.meizu.connectivitysettings/.Settings$WifiProxySettingsActivity,finish-imm]
06-24 14:27:31.680507 16019 16040 I force_gc: Binder
06-24 14:27:31.715717  1033  1233 I am_home_stack_moved: [0,1,0,0,bringingFoundTaskToFront setFocusedActivity]
06-24 14:27:31.715789  1033  1233 I wm_task_moved: [8407,1,0]
06-24 14:27:31.718496  1033  1233 I am_focused_activity: [0,com.meizu.flyme.launcher/.Launcher]
06-24 14:27:31.736391  1033  1233 I am_pause_activity: [0,186297408,com.meizu.connectivitysettings/.SubSettings]
06-24 14:27:31.737395  1033  1233 I am_task_to_front: [0,8407]
06-24 14:27:31.737487  1033  1233 I am_new_intent: [0,190502801,8407,com.meizu.flyme.launcher/.Launcher,android.intent.action.MAIN,NULL,NULL,274726912]
06-24 14:27:31.742216  9796  9796 I am_on_paused_called: [0,com.meizu.connectivitysettings.SubSettings]
06-24 14:27:31.745024  1033  2070 I am_resume_activity: [0,75898732,8407,com.meizu.flyme.launcher/.Launcher]
06-24 14:27:31.756646  2107  2107 I am_on_resume_called: [0,com.meizu.flyme.launcher.Launcher]
06-24 14:27:31.865873  1033  1241 I netstats_mobile_sample: [48839386,62015,7896079,61279,48835210,62012,7897806,61292,48835250,62013,7898690,61298,-1]
06-24 14:27:31.866914  1033  1241 I netstats_wifi_sample: [1234913805,902001,56458811,708980,1222053448,894412,46586471,705413,1221849346,892219,46499315,704957,-1]
06-24 14:27:32.067161   335   335 I sf_frame_dur: [com.meizu.connectivitysettings/com.meizu.connectivitysettings.SubSettings,0,2,0,2,0,0,0]
06-24 14:27:32.786679 16019 16040 I force_gc: Binder
06-24 14:27:33.412094  1033  2064 I am_proc_died: [0,16305,com.taobao.taobao:channel]
06-24 14:27:33.412408  1033  2064 I am_schedule_service_restart: [0,com.taobao.taobao/com.alibaba.analytics.AnalyticsService,1000]
06-24 14:27:33.722030 16019 16040 I force_gc: Binder
06-24 14:27:33.800030  1996  2292 I force_gc: Binder
06-24 14:27:34.429705  1033  1070 I am_proc_start: [0,16440,10097,com.taobao.taobao:channel,service,com.taobao.taobao/com.alibaba.analytics.AnalyticsService]
06-24 14:27:34.441988  1033  2073 I am_proc_bound: [0,16440,com.taobao.taobao:channel]
06-24 14:27:34.880097 16019 16040 I force_gc: Binder
06-24 14:27:36.024839 16019 16040 I force_gc: Binder
06-24 14:27:37.226329 16019 16040 I force_gc: Binder
06-24 14:27:38.510627 16019 16040 I force_gc: Binder
06-24 14:27:38.882425  1996  2009 I force_gc: Binder
06-24 14:27:39.843554 16019 16040 I force_gc: Binder
06-24 14:27:41.135316 16019 16040 I force_gc: Binder
06-24 14:27:41.814630  1033  1069 I am_pss  : [2107,10014,com.meizu.flyme.launcher,46004224,43237376]
06-24 14:27:42.526468 16019 16040 I force_gc: Binder
06-24 14:27:42.544052  1033  1069 I am_pss  : [20071,10100,com.alibaba.android.rimet,62043136,58830848]
06-24 14:27:42.654271  1033  1069 I am_pss  : [16056,10102,com.eg.android.AlipayGphone,52646912,45088768]
06-24 14:27:42.677106  1033  1069 I am_pss  : [3197,10017,com.meizu.luckymoney,3472384,2695168]
06-24 14:27:43.728459 16019 16040 I force_gc: Binder
06-24 14:27:44.463888  1996  2699 I force_gc: Binder
06-24 14:27:44.590481  1033  1069 I am_pss  : [3591,10095,com.tencent.mm:push,13710336,12353536]
06-24 14:27:45.145535 16019 16040 I force_gc: Binder
06-24 14:27:46.363146 16019 16040 I force_gc: Binder
06-24 14:27:47.548455 16019 16040 I force_gc: Binder
06-24 14:27:49.195702 16019 16040 I force_gc: Binder
06-24 14:27:49.556714  1033  1241 I netstats_mobile_sample: [48839386,62015,7896079,61279,48835210,62012,7897806,61292,48835250,62013,7898690,61298,-1]
06-24 14:27:49.557570  1033  1241 I netstats_wifi_sample: [1234924482,902065,56469545,709058,1222060343,894461,46594340,705475,1221855577,892266,46507184,705019,-1]
06-24 14:27:50.716274 16019 16040 I force_gc: Binder
06-24 14:27:51.146813  1033  1069 I am_pss  : [16019,10019,com.android.mms,27257856,24547328]
06-24 14:27:53.898914  1033  1069 I am_pss  : [16249,10102,com.eg.android.AlipayGphone:tools,6503424,3616768]
06-24 14:27:54.487679  1033  1069 I am_pss  : [16440,10097,com.taobao.taobao:channel,25686016,17637376]
06-24 14:27:54.914663 16019 16040 I force_gc: Binder
06-24 14:27:56.177286 16019 16040 I force_gc: Binder
06-24 14:27:56.625500  1033  1069 I am_pss  : [9704,1000,com.android.settings,19133440,15106048]
06-24 14:28:00.089222  1033  1069 I am_pss  : [7811,10008,com.meizu.netcontactservice,19549184,17641472]
06-24 14:28:00.123370  1033  1069 I am_pss  : [15468,10096,com.tencent.mobileqq,15711232,12255232]
06-24 14:28:25.120692  1033  1069 I am_pss  : [9796,1000,com.meizu.connectivitysettings,29526016,24965120]
06-24 14:28:25.222210  1033  2064 I am_proc_died: [0,15670,com.tencent.mm:tools]
06-24 14:28:25.222345  1033  2064 I am_broadcast_discard_app: [0,193572117,NULL,0,ResolveInfo{f99482a com.tencent.mm/.booter.MMReceivers$ToolsProcessReceiver m=0x0}]
06-24 14:28:25.228564  1033  1069 I am_pss  : [4076,10095,com.tencent.mm,105305088,101429248]
06-24 14:28:25.269616  1033  1069 I am_pss  : [14372,10191,com.tencent.news:PushService,14253056,12955648]
06-24 14:28:25.388093  1033  1069 I am_pss  : [20071,10100,com.alibaba.android.rimet,62206976,58904576]
06-24 14:28:53.714531  1033  1069 I am_pss  : [1033,1000,system,97086464,92405760]
06-24 14:28:53.759252  1033  1069 I am_pss  : [1341,10017,com.android.systemui,66243584,62054400]
06-24 14:28:53.781753  1033  1069 I am_pss  : [2093,1000,com.meizu.experiencedatasync,6088704,4866048]
06-24 14:28:53.804403  1033  1069 I am_pss  : [2081,10064,com.meizu.mzsyncservice,7142400,6172672]
06-24 14:28:53.830340  1033  1069 I am_pss  : [2065,10059,com.meizu.cloud,7622656,6643712]
06-24 14:28:53.852160  1033  1069 I am_pss  : [2048,1000,com.mediatek.nlpservice,2893824,2134016]
06-24 14:28:53.880285  1033  1069 I am_pss  : [2033,10004,com.android.incallui,17639424,15392768]
06-24 14:28:53.901637  1033  1069 I am_pss  : [2022,1001,com.mediatek.ims,2902016,2101248]
06-24 14:28:53.920778  1033  1069 I am_pss  : [2010,1001,com.mediatek.gba,2228224,1536000]
06-24 14:28:53.959018  1033  1069 I am_pss  : [1996,1001,com.android.phone,26856448,24317952]
06-24 14:29:21.898172  1033  1926 I battery_level: [38,3845,310]
06-24 14:30:00.105931  1033  1069 I am_pss  : [2107,10014,com.meizu.flyme.launcher,45881344,43122688]
06-24 14:30:26.845638  1033  1033 I free_storage_changed: 9344143360
06-24 14:30:51.820728  1033  2073 I am_home_stack_moved: [0,0,1,1,bringingFoundTaskToFront setFocusedActivity]
06-24 14:30:51.820909  1033  2073 I wm_task_moved: [8577,1,5]
06-24 14:30:51.823732  1033  2073 I am_focused_activity: [0,com.meizu.connectivitysettings/.SubSettings]
06-24 14:30:51.824631  1033  2073 I am_pause_activity: [0,75898732,com.meizu.flyme.launcher/.Launcher]
06-24 14:30:51.825300  2107  2107 I am_on_paused_called: [0,com.meizu.flyme.launcher.Launcher]
06-24 14:30:51.826172  1033  2073 I am_task_to_front: [0,8577]
06-24 14:30:51.826298  1033  2073 I am_finish_activity: [0,103003150,8577,com.meizu.connectivitysettings/.Settings,clear-task-stack]
06-24 14:30:51.826744  1033  2073 I am_destroy_activity: [0,103003150,8577,com.meizu.connectivitysettings/.Settings,finish-imm]
06-24 14:30:51.827162  1033  2073 I am_finish_activity: [0,186297408,8577,com.meizu.connectivitysettings/.SubSettings,clear-task-stack]
06-24 14:30:51.827826  1033  2073 I am_home_stack_moved: [0,0,1,1,finishActivity adjustFocus setFocusedActivity]
06-24 14:30:51.827889  1033  2073 I wm_task_moved: [8577,1,5]
06-24 14:30:51.830156  1033  2073 I am_focused_activity: [0,com.android.settings/.Settings]
06-24 14:30:51.830259  1033  2073 I am_destroy_activity: [0,186297408,8577,com.meizu.connectivitysettings/.SubSettings,finish-imm]
06-24 14:30:51.833740  1033  2073 I am_new_intent: [0,59556901,8577,com.android.settings/.Settings,NULL,NULL,NULL,272629760]
06-24 14:30:51.836936  1033  1059 I am_resume_activity: [0,65050286,8577,com.android.settings/.Settings]
06-24 14:30:51.854295  9704  9704 I am_on_resume_called: [0,com.android.settings.Settings]
06-24 14:30:52.141000  2440  2440 I auditd  : type=1400 audit(0.0:5717): avc: denied { search } for comm="GpuAppSpectator" name="9704" dev="proc" ino=1848414 scontext=u:r:gas_srv:s0 tcontext=u:r:system_app:s0 tclass=dir permissive=1
06-24 14:30:52.141000  2440  2440 I auditd  : type=1400 audit(0.0:5718): avc: denied { read } for comm="GpuAppSpectator" name="cmdline" dev="proc" ino=1848415 scontext=u:r:gas_srv:s0 tcontext=u:r:system_app:s0 tclass=file permissive=1
06-24 14:30:52.141000  2440  2440 I auditd  : type=1400 audit(0.0:5719): avc: denied { open } for comm="GpuAppSpectator" path="/proc/9704/cmdline" dev="proc" ino=1848415 scontext=u:r:gas_srv:s0 tcontext=u:r:system_app:s0 tclass=file permissive=1
06-24 14:30:52.141000  2440  2440 I auditd  : type=1400 audit(0.0:5720): avc: denied { getattr } for comm="GpuAppSpectator" path="/proc/9704/cmdline" dev="proc" ino=1848415 scontext=u:r:gas_srv:s0 tcontext=u:r:system_app:s0 tclass=file permissive=1
06-24 14:30:52.164330   335   335 I sf_frame_dur: [com.meizu.flyme.launcher/com.meizu.flyme.launcher.Launcher,0,0,0,0,2,0,0]
06-24 14:30:53.207209  1033  1926 I am_home_stack_moved: [0,0,1,1,intentActivityFound]
06-24 14:30:53.207289  1033  1926 I wm_task_moved: [8577,1,5]
06-24 14:30:53.208427  1033  1926 I am_home_stack_moved: [0,0,1,1,sourceStackToFront]
06-24 14:30:53.208486  1033  1926 I wm_task_moved: [8577,1,5]
06-24 14:30:53.209478  1033  1926 I am_create_activity: [0,104924451,8577,com.meizu.connectivitysettings/.Settings,com.meizu.connectivitysettings.CONNECTIVITY_SETTINGS,NULL,NULL,268435456]
06-24 14:30:53.209915  1033  1926 I am_pause_activity: [0,65050286,com.android.settings/.Settings]
06-24 14:30:53.210755  1033  1926 I am_home_stack_moved: [0,0,1,1,startedActivity setFocusedActivity]
06-24 14:30:53.210864  1033  1926 I wm_task_moved: [8577,1,5]
06-24 14:30:53.212879  1033  1926 I am_focused_activity: [0,com.meizu.connectivitysettings/.Settings]
06-24 14:30:53.223451  9704  9704 I am_on_paused_called: [0,com.android.settings.Settings]
06-24 14:30:53.228921  1033  1358 I am_restart_activity: [0,104924451,8577,com.meizu.connectivitysettings/.Settings]
06-24 14:30:53.267092  9796  9796 I am_on_resume_called: [0,com.meizu.connectivitysettings.Settings]
06-24 14:30:53.418924  1033  1075 I am_activity_launch_time: [0,104924451,com.meizu.connectivitysettings/.Settings,195,195]
06-24 14:30:53.657584   335   335 I sf_frame_dur: [com.android.settings/com.android.settings.Settings,22,0,0,0,0,0,2]
06-24 14:30:54.353980  1033  1059 I am_home_stack_moved: [0,0,1,1,sourceStackToFront]
06-24 14:30:54.354049  1033  1059 I wm_task_moved: [8577,1,5]
06-24 14:30:54.355329  1033  1059 I am_create_activity: [0,40938829,8577,com.meizu.connectivitysettings/.SubSettings,android.intent.action.MAIN,NULL,NULL,0]
06-24 14:30:54.355721  1033  1059 I am_pause_activity: [0,104924451,com.meizu.connectivitysettings/.Settings]
06-24 14:30:54.356570  1033  1059 I am_home_stack_moved: [0,0,1,1,startedActivity setFocusedActivity]
06-24 14:30:54.356640  1033  1059 I wm_task_moved: [8577,1,5]
06-24 14:30:54.358471  1033  1059 I am_focused_activity: [0,com.meizu.connectivitysettings/.SubSettings]
06-24 14:30:54.365058  9796  9796 I am_on_paused_called: [0,com.meizu.connectivitysettings.Settings]
06-24 14:30:54.367518  1033  2064 I am_restart_activity: [0,40938829,8577,com.meizu.connectivitysettings/.SubSettings]
06-24 14:30:54.395729  9796  9796 I am_on_resume_called: [0,com.meizu.connectivitysettings.SubSettings]
06-24 14:30:54.588801  1033  1075 I am_activity_launch_time: [0,40938829,com.meizu.connectivitysettings/.SubSettings,223,223]
06-24 14:30:54.815364   335   335 I sf_frame_dur: [com.meizu.connectivitysettings/com.meizu.connectivitysettings.Settings,120,0,0,2,0,0,0]
06-24 14:30:56.507704  1033  2073 I am_home_stack_moved: [0,0,1,1,sourceStackToFront]
06-24 14:30:56.507772  1033  2073 I wm_task_moved: [8577,1,5]
06-24 14:30:56.509189  1033  2073 I am_create_activity: [0,1269889,8577,com.meizu.connectivitysettings/.Settings$WifiProxySettingsActivity,NULL,NULL,NULL,0]
06-24 14:30:56.509624  1033  2073 I am_pause_activity: [0,40938829,com.meizu.connectivitysettings/.SubSettings]
06-24 14:30:56.510551  1033  2073 I am_home_stack_moved: [0,0,1,1,startedActivity setFocusedActivity]
06-24 14:30:56.510619  1033  2073 I wm_task_moved: [8577,1,5]
06-24 14:30:56.512883  1033  2073 I am_focused_activity: [0,com.meizu.connectivitysettings/.Settings$WifiProxySettingsActivity]
06-24 14:30:56.516722  9796  9796 I am_on_paused_called: [0,com.meizu.connectivitysettings.SubSettings]
06-24 14:30:56.519088  1033  1058 I am_restart_activity: [0,1269889,8577,com.meizu.connectivitysettings/.Settings$WifiProxySettingsActivity]
06-24 14:30:56.562527  9796  9796 I am_on_resume_called: [0,com.meizu.connectivitysettings.Settings$WifiProxySettingsActivity]
06-24 14:30:56.640681  1033  1075 I am_activity_launch_time: [0,1269889,com.meizu.connectivitysettings/.Settings$WifiProxySettingsActivity,123,123]
06-24 14:30:56.862221   335   335 I sf_frame_dur: [com.meizu.connectivitysettings/com.meizu.connectivitysettings.SubSettings,2,4,2,0,0,0,2]
06-24 14:31:00.827125  1033  1033 I notification_cancel: [10025,1921,com.meizu.flyme.input,101,NULL,0,0,64,8,NULL]
06-24 14:31:00.837793  1033  1033 I notification_enqueue: [1000,1033,android,17040354,NULL,-1,Notification(pri=0 contentView=android/0xa030049 vibrate=null sound=null defaults=0x0 flags=0x2 color=0xff060059 category=sys vis=PRIVATE),0]
06-24 14:31:00.840667  1033  1033 I notification_enqueue: [1000,1033,android,17040354,NULL,-1,Notification(pri=0 contentView=android/0xa030049 vibrate=null sound=null defaults=0x0 flags=0x2 color=0xff060059 category=sys vis=PRIVATE),1]
06-24 14:31:00.843272  1033  1033 I notification_enqueue: [1000,1033,android,17040354,NULL,-1,Notification(pri=0 contentView=android/0xa030049 vibrate=null sound=null defaults=0x0 flags=0x2 color=0xff060059 category=sys vis=PRIVATE),1]
06-24 14:31:05.119942  1033  1033 I notification_enqueue: [1000,1033,android,17040354,NULL,-1,Notification(pri=0 contentView=android/0xa030049 vibrate=null sound=null defaults=0x0 flags=0x2 color=0xff060059 category=sys vis=PRIVATE),1]
06-24 14:31:05.121843  1033  1033 I notification_cancel: [10025,1921,com.meizu.flyme.input,101,NULL,0,0,64,8,NULL]
06-24 14:31:05.131887  1033  1033 I notification_enqueue: [1000,1033,android,17040354,NULL,-1,Notification(pri=0 contentView=android/0xa030049 vibrate=null sound=null defaults=0x0 flags=0x2 color=0xff060059 category=sys vis=PRIVATE),1]
06-24 14:31:05.734838  1033  1069 I am_pss  : [9796,1000,com.meizu.connectivitysettings,34088960,29528064]
06-24 14:31:36.092322  1033  1069 I am_pss  : [9704,1000,com.android.settings,19176448,15130624]
06-24 14:31:36.148736  1033  1069 I am_pss  : [2107,10014,com.meizu.flyme.launcher,45883392,43122688]
06-24 14:31:36.187519  1033  1069 I am_pss  : [15468,10096,com.tencent.mobileqq,15756288,12255232]
06-24 14:31:38.068907  1033  1033 I notification_cancel: [1000,1033,android,17040354,NULL,-1,0,0,8,NULL]
06-24 14:31:38.069514  1033  1033 I notification_canceled: [-1|android|17040354|null|1000,8,37232,32938,0]
06-24 14:31:38.350543   335   335 I sf_frame_dur: [InputMethod,8,10,0,2,2,4,6]
06-24 14:31:39.244393  1033  1033 I notification_cancel: [10025,1921,com.meizu.flyme.input,101,NULL,0,0,64,8,NULL]
06-24 14:31:39.255777  1033  1033 I notification_enqueue: [1000,1033,android,17040354,NULL,-1,Notification(pri=0 contentView=android/0xa030049 vibrate=null sound=null defaults=0x0 flags=0x2 color=0xff060059 category=sys vis=PRIVATE),0]
06-24 14:31:39.258905  1033  1033 I notification_enqueue: [1000,1033,android,17040354,NULL,-1,Notification(pri=0 contentView=android/0xa030049 vibrate=null sound=null defaults=0x0 flags=0x2 color=0xff060059 category=sys vis=PRIVATE),1]
06-24 14:31:39.261881  1033  1033 I notification_enqueue: [1000,1033,android,17040354,NULL,-1,Notification(pri=0 contentView=android/0xa030049 vibrate=null sound=null defaults=0x0 flags=0x2 color=0xff060059 category=sys vis=PRIVATE),1]
06-24 14:31:41.381261  1033  1033 I notification_cancel: [10025,1921,com.meizu.flyme.input,101,NULL,0,0,64,8,NULL]
06-24 14:31:41.388338  1033  1033 I notification_enqueue: [1000,1033,android,17040354,NULL,-1,Notification(pri=0 contentView=android/0xa030049 vibrate=null sound=null defaults=0x0 flags=0x2 color=0xff060059 category=sys vis=PRIVATE),1]
06-24 14:31:41.391537  1033  1033 I notification_enqueue: [1000,1033,android,17040354,NULL,-1,Notification(pri=0 contentView=android/0xa030049 vibrate=null sound=null defaults=0x0 flags=0x2 color=0xff060059 category=sys vis=PRIVATE),1]
06-24 14:31:45.190707  1033  2106 I am_home_stack_moved: [0,0,1,1,intentActivityFound]
06-24 14:31:45.190775  1033  2106 I wm_task_moved: [8577,1,5]
06-24 14:31:45.192372  1033  2106 I am_finish_activity: [0,104924451,8577,com.meizu.connectivitysettings/.Settings,clear-task-stack]
06-24 14:31:45.193213  1033  2106 I am_destroy_activity: [0,104924451,8577,com.meizu.connectivitysettings/.Settings,finish-imm]
06-24 14:31:45.193530  1033  2106 I am_finish_activity: [0,40938829,8577,com.meizu.connectivitysettings/.SubSettings,clear-task-stack]
06-24 14:31:45.194224  1033  2106 I am_destroy_activity: [0,40938829,8577,com.meizu.connectivitysettings/.SubSettings,finish-imm]
06-24 14:31:45.195167  1033  2106 I am_finish_activity: [0,1269889,8577,com.meizu.connectivitysettings/.Settings$WifiProxySettingsActivity,clear-task-stack]
06-24 14:31:45.196545  1033  2106 I am_home_stack_moved: [0,0,1,1,finishActivity adjustFocus setFocusedActivity]
06-24 14:31:45.196932  1033  2106 I wm_task_moved: [8577,1,5]
06-24 14:31:45.198596  1033  2106 I am_focused_activity: [0,com.android.settings/.Settings]
06-24 14:31:45.198980  1033  2106 I am_pause_activity: [0,1269889,com.meizu.connectivitysettings/.Settings$WifiProxySettingsActivity]
06-24 14:31:45.199384  1033  2106 I am_new_intent: [0,92008130,8577,com.android.settings/.Settings,NULL,NULL,NULL,268435456]
06-24 14:31:45.215947  9796  9796 I am_on_paused_called: [0,com.meizu.connectivitysettings.Settings$WifiProxySettingsActivity]
06-24 14:31:45.221161  1033  1358 I am_resume_activity: [0,65050286,8577,com.android.settings/.Settings]
06-24 14:31:45.238592  9704  9704 I am_on_resume_called: [0,com.android.settings.Settings]
06-24 14:31:45.281846  1033  1033 I notification_enqueue: [1000,1033,android,17040354,NULL,-1,Notification(pri=0 contentView=android/0xa030049 vibrate=null sound=null defaults=0x0 flags=0x2 color=0xff060059 category=sys vis=PRIVATE),1]
06-24 14:31:45.289277  1033  1033 I notification_cancel: [1000,1033,android,17040354,NULL,-1,0,0,8,NULL]
06-24 14:31:45.289688  1033  1033 I notification_canceled: [-1|android|17040354|null|1000,8,6034,8,0]
06-24 14:31:45.551709  1033  1070 I am_destroy_activity: [0,1269889,8577,com.meizu.connectivitysettings/.Settings$WifiProxySettingsActivity,finish-imm]
06-24 14:31:45.599210   335   335 I sf_frame_dur: [InputMethod,4,2,2,0,0,2,4]
06-24 14:31:46.556340  1033  1058 I am_home_stack_moved: [0,0,1,1,intentActivityFound]
06-24 14:31:46.556401  1033  1058 I wm_task_moved: [8577,1,5]
06-24 14:31:46.557529  1033  1058 I am_home_stack_moved: [0,0,1,1,sourceStackToFront]
06-24 14:31:46.557600  1033  1058 I wm_task_moved: [8577,1,5]
06-24 14:31:46.558627  1033  1058 I am_create_activity: [0,31323713,8577,com.meizu.connectivitysettings/.Settings,com.meizu.connectivitysettings.CONNECTIVITY_SETTINGS,NULL,NULL,268435456]
06-24 14:31:46.559002  1033  1058 I am_pause_activity: [0,65050286,com.android.settings/.Settings]
06-24 14:31:46.559800  1033  1058 I am_home_stack_moved: [0,0,1,1,startedActivity setFocusedActivity]
06-24 14:31:46.559885  1033  1058 I wm_task_moved: [8577,1,5]
06-24 14:31:46.561977  1033  1058 I am_focused_activity: [0,com.meizu.connectivitysettings/.Settings]
06-24 14:31:46.566516  9704  9704 I am_on_paused_called: [0,com.android.settings.Settings]
06-24 14:31:46.571000  1033  2064 I am_restart_activity: [0,31323713,8577,com.meizu.connectivitysettings/.Settings]
06-24 14:31:46.609089  9796  9796 I am_on_resume_called: [0,com.meizu.connectivitysettings.Settings]
06-24 14:31:46.751917  1033  1075 I am_activity_launch_time: [0,31323713,com.meizu.connectivitysettings/.Settings,185,185]
06-24 14:31:46.991285   335   335 I sf_frame_dur: [com.android.settings/com.android.settings.Settings,22,0,0,2,0,2,0]
06-24 14:31:47.710112  1033  2023 I am_home_stack_moved: [0,0,1,1,sourceStackToFront]
06-24 14:31:47.710185  1033  2023 I wm_task_moved: [8577,1,5]
06-24 14:31:47.711653  1033  2023 I am_create_activity: [0,49118523,8577,com.meizu.connectivitysettings/.SubSettings,android.intent.action.MAIN,NULL,NULL,0]
06-24 14:31:47.712056  1033  2023 I am_pause_activity: [0,31323713,com.meizu.connectivitysettings/.Settings]
06-24 14:31:47.713219  1033  2023 I am_home_stack_moved: [0,0,1,1,startedActivity setFocusedActivity]
06-24 14:31:47.713307  1033  2023 I wm_task_moved: [8577,1,5]
06-24 14:31:47.715570  1033  2023 I am_focused_activity: [0,com.meizu.connectivitysettings/.SubSettings]
06-24 14:31:47.720379  9796  9796 I am_on_paused_called: [0,com.meizu.connectivitysettings.Settings]
06-24 14:31:47.722923  1033  2055 I am_restart_activity: [0,49118523,8577,com.meizu.connectivitysettings/.SubSettings]
06-24 14:31:47.751321  9796  9796 I am_on_resume_called: [0,com.meizu.connectivitysettings.SubSettings]
06-24 14:31:47.939374  1033  1075 I am_activity_launch_time: [0,49118523,com.meizu.connectivitysettings/.SubSettings,218,218]
06-24 14:31:48.165825   335   335 I sf_frame_dur: [com.meizu.connectivitysettings/com.meizu.connectivitysettings.Settings,122,0,0,2,0,0,0]
06-24 14:31:49.856020  1033  1621 I am_home_stack_moved: [0,0,1,1,sourceStackToFront]
06-24 14:31:49.856093  1033  1621 I wm_task_moved: [8577,1,5]
06-24 14:31:49.857592  1033  1621 I am_create_activity: [0,67441052,8577,com.meizu.connectivitysettings/.Settings$WifiProxySettingsActivity,NULL,NULL,NULL,0]
06-24 14:31:49.858015  1033  1621 I am_pause_activity: [0,49118523,com.meizu.connectivitysettings/.SubSettings]
06-24 14:31:49.858985  1033  1621 I am_home_stack_moved: [0,0,1,1,startedActivity setFocusedActivity]
06-24 14:31:49.859049  1033  1621 I wm_task_moved: [8577,1,5]
06-24 14:31:49.861744  1033  1621 I am_focused_activity: [0,com.meizu.connectivitysettings/.Settings$WifiProxySettingsActivity]
06-24 14:31:49.865607  9796  9796 I am_on_paused_called: [0,com.meizu.connectivitysettings.SubSettings]
06-24 14:31:49.867955  1033  1926 I am_restart_activity: [0,67441052,8577,com.meizu.connectivitysettings/.Settings$WifiProxySettingsActivity]
06-24 14:31:49.898930  9796  9796 I am_on_resume_called: [0,com.meizu.connectivitysettings.Settings$WifiProxySettingsActivity]
06-24 14:31:49.988775  1033  1075 I am_activity_launch_time: [0,67441052,com.meizu.connectivitysettings/.Settings$WifiProxySettingsActivity,122,122]
06-24 14:31:50.212468   335   335 I sf_frame_dur: [com.meizu.connectivitysettings/com.meizu.connectivitysettings.SubSettings,2,4,2,0,0,0,2]
06-24 14:31:54.064808  1033  1033 I notification_cancel: [10025,1921,com.meizu.flyme.input,101,NULL,0,0,64,8,NULL]
06-24 14:31:54.089342  1033  1033 I notification_enqueue: [1000,1033,android,17040354,NULL,-1,Notification(pri=0 contentView=android/0xa030049 vibrate=null sound=null defaults=0x0 flags=0x2 color=0xff060059 category=sys vis=PRIVATE),0]
06-24 14:31:54.091294  1033  1033 I notification_enqueue: [1000,1033,android,17040354,NULL,-1,Notification(pri=0 contentView=android/0xa030049 vibrate=null sound=null defaults=0x0 flags=0x2 color=0xff060059 category=sys vis=PRIVATE),1]
06-24 14:31:54.096440  1033  1033 I notification_enqueue: [1000,1033,android,17040354,NULL,-1,Notification(pri=0 contentView=android/0xa030049 vibrate=null sound=null defaults=0x0 flags=0x2 color=0xff060059 category=sys vis=PRIVATE),1]
06-24 14:31:58.577802  1033  1033 I notification_enqueue: [1000,1033,android,17040354,NULL,-1,Notification(pri=0 contentView=android/0xa030049 vibrate=null sound=null defaults=0x0 flags=0x2 color=0xff060059 category=sys vis=PRIVATE),1]
06-24 14:31:58.589332  1033  1033 I notification_enqueue: [1000,1033,android,17040354,NULL,-1,Notification(pri=0 contentView=android/0xa030049 vibrate=null sound=null defaults=0x0 flags=0x2 color=0xff060059 category=sys vis=PRIVATE),1]
06-24 14:31:58.603385  1033  1033 I notification_cancel: [10025,1921,com.meizu.flyme.input,101,NULL,0,0,64,8,NULL]
06-24 14:31:59.113987  1033  1069 I am_pss  : [9796,1000,com.meizu.connectivitysettings,37308416,32722944]
06-24 14:31:59.149008  1033  1069 I am_pss  : [14372,10191,com.tencent.news:PushService,14278656,12984320]
06-24 14:31:59.161771  1033  1069 I sync    : [com.youku.auth.provider,0,4,-1645982301]
06-24 14:31:59.196672  1033  1069 I sync    : [com.youku.auth.provider,1,4,-1645982301]
06-24 14:31:59.197035  1033  1033 I notification_cancel: [1000,1033,android,1266196461,NULL,0,0,0,8,NULL]
06-24 14:32:02.434875  9796  9796 I menu_item_selected: [0,]
06-24 14:32:02.437843  1033  1059 I am_finish_activity: [0,67441052,8577,com.meizu.connectivitysettings/.Settings$WifiProxySettingsActivity,app-request]
06-24 14:32:02.438667  1033  1059 I am_home_stack_moved: [0,0,1,1,finishActivity adjustFocus setFocusedActivity]
06-24 14:32:02.438733  1033  1059 I wm_task_moved: [8577,1,5]
06-24 14:32:02.447466  1033  1059 I am_focused_activity: [0,com.meizu.connectivitysettings/.SubSettings]
06-24 14:32:02.447802  1033  1059 I am_pause_activity: [0,67441052,com.meizu.connectivitysettings/.Settings$WifiProxySettingsActivity]
06-24 14:32:02.454811  9796  9796 I am_on_paused_called: [0,com.meizu.connectivitysettings.Settings$WifiProxySettingsActivity]
06-24 14:32:02.467824  1033  2064 I am_resume_activity: [0,49118523,8577,com.meizu.connectivitysettings/.SubSettings]
06-24 14:32:02.478174  9796  9796 I am_on_resume_called: [0,com.meizu.connectivitysettings.SubSettings]
06-24 14:32:02.519167  1033  1070 I am_broadcast_discard_app: [0,219061003,android.intent.action.PROXY_CHANGE,0,ResolveInfo{7f78de8 com.dianping.v1/com.dianping.base.push.pushservice.PhoneStatusReceiver m=0x108000}]
06-24 14:32:02.519737  1033  1070 I am_broadcast_discard_app: [0,219061003,android.intent.action.PROXY_CHANGE,1,ResolveInfo{b144c01 com.sankuai.meituan/.notify.NetworkChangeReceiver m=0x108000}]
06-24 14:32:02.604704  1033  1033 I notification_cancel: [1000,1033,android,17040354,NULL,-1,0,0,8,NULL]
06-24 14:32:02.605140  1033  1033 I notification_canceled: [-1|android|17040354|null|1000,8,8516,4016,0]
06-24 14:32:02.829545  1033  1070 I am_destroy_activity: [0,67441052,8577,com.meizu.connectivitysettings/.Settings$WifiProxySettingsActivity,finish-imm]
06-24 14:32:02.877430   335   335 I sf_frame_dur: [InputMethod,2,16,6,0,2,4,4]
06-24 14:32:03.524749  1033  1241 I netstats_mobile_sample: [48839386,62015,7896079,61279,48835210,62012,7897806,61292,48835250,62013,7898690,61298,-1]
06-24 14:32:03.525423  1033  1241 I netstats_wifi_sample: [1234947031,902237,56494847,709264,1222079204,894615,46616506,705672,1221874438,892420,46529350,705216,-1]
06-24 14:32:03.608187  1033  2071 I am_home_stack_moved: [0,0,1,1,sourceStackToFront]
06-24 14:32:03.608257  1033  2071 I wm_task_moved: [8577,1,5]
06-24 14:32:03.609513  1033  2071 I am_create_activity: [0,80575033,8577,com.meizu.connectivitysettings/.Settings$WifiProxySettingsActivity,NULL,NULL,NULL,0]
06-24 14:32:03.609886  1033  2071 I am_pause_activity: [0,49118523,com.meizu.connectivitysettings/.SubSettings]
06-24 14:32:03.610781  1033  2071 I am_home_stack_moved: [0,0,1,1,startedActivity setFocusedActivity]
06-24 14:32:03.610895  1033  2071 I wm_task_moved: [8577,1,5]
06-24 14:32:03.612903  1033  2071 I am_focused_activity: [0,com.meizu.connectivitysettings/.Settings$WifiProxySettingsActivity]
06-24 14:32:03.617067  9796  9796 I am_on_paused_called: [0,com.meizu.connectivitysettings.SubSettings]
06-24 14:32:03.619569  1033  1621 I am_restart_activity: [0,80575033,8577,com.meizu.connectivitysettings/.Settings$WifiProxySettingsActivity]
06-24 14:32:03.665845  9796  9796 I am_on_resume_called: [0,com.meizu.connectivitysettings.Settings$WifiProxySettingsActivity]
06-24 14:32:03.774661  1033  1075 I am_activity_launch_time: [0,80575033,com.meizu.connectivitysettings/.Settings$WifiProxySettingsActivity,157,157]
06-24 14:32:04.001346   335   335 I sf_frame_dur: [com.meizu.connectivitysettings/com.meizu.connectivitysettings.SubSettings,20,0,2,2,0,2,0]
06-24 14:32:07.892406  1033  1241 I netstats_mobile_sample: [48839386,62015,7896079,61279,48835210,62012,7897806,61292,48835250,62013,7898690,61298,-1]
06-24 14:32:07.893395  1033  1241 I netstats_wifi_sample: [1234947747,902243,56495951,709271,1222079836,894621,46617512,705679,1221875070,892426,46530356,705223,-1]
06-24 14:32:20.193052  1033  1069 I am_pss  : [9704,1000,com.android.settings,19533824,15491072]
06-24 14:32:20.232048  1033  1069 I am_pss  : [8689,10098,com.push.Youku_PushService,22181888,20951040]
06-24 14:32:20.265969  1033  1069 I am_pss  : [15468,10096,com.tencent.mobileqq,15535104,12087296]
06-24 14:32:50.281000  2440  2440 I auditd  : type=1400 audit(0.0:5721): avc: denied { search } for comm="GpuAppSpectator" name="9796" dev="proc" ino=1838596 scontext=u:r:gas_srv:s0 tcontext=u:r:system_app:s0 tclass=dir permissive=1
06-24 14:33:59.045621  1033  1069 I am_pss  : [9796,1000,com.meizu.connectivitysettings,36338688,31707136]
06-24 14:34:21.901468  1033  1926 I battery_level: [39,3847,310]
06-24 14:34:41.342031  1033  1234 I power_sleep_requested: 0
06-24 14:34:41.407130  1033  1033 I am_pause_activity: [0,80575033,com.meizu.connectivitysettings/.Settings$WifiProxySettingsActivity]
06-24 14:34:41.408454  9796  9796 I am_on_paused_called: [0,com.meizu.connectivitysettings.Settings$WifiProxySettingsActivity]
06-24 14:34:41.472761  1033  1070 I am_focused_activity: [0,com.meizu.connectivitysettings/.Settings$WifiProxySettingsActivity]
06-24 14:34:41.673504  1341  1341 I sysui_status_bar_state: [1,1,0,0,0,1]
06-24 14:34:42.506824  1033  1033 I power_screen_state: [0,2,0,0]
06-24 14:34:42.506881  1033  1033 I screen_toggled: 0
06-24 14:34:42.506923  1033  1033 I sysui_histogram: [screen_timeout,600]
06-24 14:34:42.510302  1033  1033 I power_screen_broadcast_send: 1
06-24 14:34:42.572751  1341  1341 I sysui_heads_up_status: [,0]
06-24 14:34:42.801959  1033  1033 I power_screen_broadcast_done: [0,292,1]
06-24 14:34:57.491000  2440  2440 I auditd  : type=1400 audit(0.0:5722): avc: denied { read } for comm="GpuAppSpectator" name="cmdline" dev="proc" ino=1838597 scontext=u:r:gas_srv:s0 tcontext=u:r:system_app:s0 tclass=file permissive=1
06-24 14:34:57.491000  2440  2440 I auditd  : type=1400 audit(0.0:5723): avc: denied { open } for comm="GpuAppSpectator" path="/proc/9796/cmdline" dev="proc" ino=1838597 scontext=u:r:gas_srv:s0 tcontext=u:r:system_app:s0 tclass=file permissive=1
06-24 14:34:57.491000  2440  2440 I auditd  : type=1400 audit(0.0:5724): avc: denied { getattr } for comm="GpuAppSpectator" path="/proc/9796/cmdline" dev="proc" ino=1838597 scontext=u:r:gas_srv:s0 tcontext=u:r:system_app:s0 tclass=file permissive=1
06-24 14:34:59.491000  2440  2440 I auditd  : type=1400 audit(0.0:5725): avc: denied { search } for comm="GpuAppSpectator" name="9796" dev="proc" ino=1838596 scontext=u:r:gas_srv:s0 tcontext=u:r:system_app:s0 tclass=dir permissive=1
06-24 14:35:28.568233  1033  1033 I power_screen_state: [1,101,0,0]
06-24 14:35:28.568276  1033  1033 I screen_toggled: 1
06-24 14:35:28.568738  1033  1033 I power_screen_broadcast_send: 1
06-24 14:35:28.578576  1033  2094 I notification_panel_revealed: 3
06-24 14:35:28.583610  1033  2106 I notification_visibility: [0|com.tencent.news|475275466|null|10191,1,1141869,1141869,0,0]
06-24 14:35:28.878084  1033  1069 I am_pss  : [4076,10095,com.tencent.mm,103361536,99545088]
06-24 14:35:28.918490  1033  1033 I notification_cancel: [1001,1996,com.android.phone,3,1,-1,0,64,8,NULL]
06-24 14:35:28.919338  1033  1033 I notification_cancel: [1001,1996,com.android.phone,4,1,-1,0,64,8,NULL]
06-24 14:35:29.021554  1033  1033 I notification_cancel: [1001,1996,com.android.phone,3,1,-1,0,64,8,NULL]
06-24 14:35:29.024360  1033  1033 I notification_cancel: [1001,1996,com.android.phone,4,1,-1,0,64,8,NULL]
06-24 14:35:29.104425  1033  1069 I am_pss  : [20071,10100,com.alibaba.android.rimet,61932544,58679296]
06-24 14:35:29.145196   335   335 I sf_frame_dur: [ColorFade,52,0,0,0,0,2,0]
06-24 14:35:29.169706  1033  2055 I notification_visibility: [0|com.tencent.news|475275466|null|10191,1,1142455,1142455,0,0]
06-24 14:35:29.308664  1033  1033 I power_screen_broadcast_done: [1,740,1]
06-24 14:35:29.470682  1341  1341 I sysui_lockscreen_gesture: [1,297,6299]
06-24 14:35:29.554808  1033  2079 I notification_visibility: [0|com.tencent.news|475275466|null|10191,0,1142840,1142840,0,0]
06-24 14:35:29.555207  1033  2070 I notification_panel_hidden: []
06-24 14:35:29.560392  1341  1341 I screen_toggled: 2
06-24 14:35:29.612853  1341  1341 I sysui_status_bar_state: [0,0,0,0,0,1]
06-24 14:35:29.617880  1033  2055 I am_resume_activity: [0,80575033,8577,com.meizu.connectivitysettings/.Settings$WifiProxySettingsActivity]
06-24 14:35:29.632676  9796  9796 I am_on_resume_called: [0,com.meizu.connectivitysettings.Settings$WifiProxySettingsActivity]
06-24 14:35:29.642162  1033  1070 I am_broadcast_discard_app: [0,209643710,android.intent.action.USER_PRESENT,0,ResolveInfo{de72d1f com.sdu.didi.psnger/com.igexin.sdk.PushReceiver p=2147483647 m=0x108000}]
06-24 14:35:29.654805  1033  1058 I netstats_mobile_sample: [48839386,62015,7896079,61279,48835210,62012,7897806,61292,48835250,62013,7898690,61298,-1]
06-24 14:35:29.655506  1033  1058 I netstats_wifi_sample: [1234960410,902331,56510514,709368,1222090411,894701,46630633,705773,1221885645,892506,46543477,705317,-1]
06-24 14:35:29.778541  1033  2070 I am_broadcast_discard_app: [0,209643710,android.intent.action.USER_PRESENT,9,ResolveInfo{8349c com.dianping.v1/com.dianping.base.push.pushservice.PhoneStatusReceiver m=0x108000}]
06-24 14:35:29.781934  1033  1070 I am_broadcast_discard_app: [0,209643710,android.intent.action.USER_PRESENT,10,ResolveInfo{997827a com.mfw.roadbook/com.baidu.android.pushservice.PushServiceReceiver m=0x108000}]
06-24 14:35:29.782817  1033  1070 I am_broadcast_discard_app: [0,209643710,android.intent.action.USER_PRESENT,11,ResolveInfo{39fea2b com.baidu.BaiduMap/com.baidu.android.pushservice.PushServiceReceiver m=0x108000}]
06-24 14:35:29.783412  1033  1070 I am_broadcast_discard_app: [0,209643710,android.intent.action.USER_PRESENT,12,ResolveInfo{cb1fe88 me.ele/com.igexin.sdk.PushReceiver m=0x108000}]
06-24 14:35:29.783987  1033  1070 I am_broadcast_discard_app: [0,209643710,android.intent.action.USER_PRESENT,13,ResolveInfo{8870021 com.supercell.clashofclans.baidu/com.baidu.android.pushservice.PushServiceReceiver m=0x108000}]
06-24 14:35:29.794945  1033  1944 I am_broadcast_discard_app: [0,209643710,android.intent.action.USER_PRESENT,15,ResolveInfo{2ac7b34 com.sankuai.meituan/.launcherbadge.UserPresentReceiver m=0x108000}]
06-24 14:35:29.797230  1033  1070 I am_broadcast_discard_app: [0,209643710,android.intent.action.USER_PRESENT,16,ResolveInfo{f327d5d com.sankuai.meituan/com.sankuai.mtmp.receiver.NetworkReceiver m=0x108000}]
06-24 14:35:30.042363  1033  1621 I am_proc_died: [0,16440,com.taobao.taobao:channel]
06-24 14:35:30.042783  1033  1621 I am_schedule_service_restart: [0,com.taobao.taobao/com.alibaba.analytics.AnalyticsService,1000]
06-24 14:35:30.042879  1033  1621 I am_schedule_service_restart: [0,com.taobao.taobao/.TaobaoIntentService,10999]
06-24 14:35:31.058948  1033  1070 I am_proc_start: [0,17664,10097,com.taobao.taobao:channel,service,com.taobao.taobao/com.alibaba.analytics.AnalyticsService]
06-24 14:35:31.073291  1033  1621 I am_proc_bound: [0,17664,com.taobao.taobao:channel]
06-24 14:35:32.041656  9796  9796 I menu_item_selected: [0,]
06-24 14:35:32.043302  1033  1058 I am_finish_activity: [0,80575033,8577,com.meizu.connectivitysettings/.Settings$WifiProxySettingsActivity,app-request]
06-24 14:35:32.044144  1033  1058 I am_home_stack_moved: [0,0,1,1,finishActivity adjustFocus setFocusedActivity]
06-24 14:35:32.044221  1033  1058 I wm_task_moved: [8577,1,5]
06-24 14:35:32.047279  1033  1058 I am_focused_activity: [0,com.meizu.connectivitysettings/.SubSettings]
06-24 14:35:32.047576  1033  1058 I am_pause_activity: [0,80575033,com.meizu.connectivitysettings/.Settings$WifiProxySettingsActivity]
06-24 14:35:32.052150  9796  9796 I am_on_paused_called: [0,com.meizu.connectivitysettings.Settings$WifiProxySettingsActivity]
06-24 14:35:32.055237  1033  2023 I am_resume_activity: [0,49118523,8577,com.meizu.connectivitysettings/.SubSettings]
06-24 14:35:32.062875  9796  9796 I am_on_resume_called: [0,com.meizu.connectivitysettings.SubSettings]
06-24 14:35:32.086834  1033  1070 I am_broadcast_discard_app: [0,142718354,android.intent.action.PROXY_CHANGE,0,ResolveInfo{578fb63 com.dianping.v1/com.dianping.base.push.pushservice.PhoneStatusReceiver m=0x108000}]
06-24 14:35:32.087404  1033  1070 I am_broadcast_discard_app: [0,142718354,android.intent.action.PROXY_CHANGE,1,ResolveInfo{2ad6360 com.sankuai.meituan/.notify.NetworkChangeReceiver m=0x108000}]
06-24 14:35:32.416573  1033  1070 I am_destroy_activity: [0,80575033,8577,com.meizu.connectivitysettings/.Settings$WifiProxySettingsActivity,finish-imm]
06-24 14:35:32.649183  1033  1058 I am_finish_activity: [0,49118523,8577,com.meizu.connectivitysettings/.SubSettings,app-request]
06-24 14:35:32.649782  1033  1058 I am_home_stack_moved: [0,0,1,1,finishActivity adjustFocus setFocusedActivity]
06-24 14:35:32.649846  1033  1058 I wm_task_moved: [8577,1,5]
06-24 14:35:32.651667  1033  1058 I am_focused_activity: [0,com.meizu.connectivitysettings/.Settings]
06-24 14:35:32.651900  1033  1058 I am_pause_activity: [0,49118523,com.meizu.connectivitysettings/.SubSettings]
06-24 14:35:32.653127  9796  9796 I am_on_paused_called: [0,com.meizu.connectivitysettings.SubSettings]
06-24 14:35:32.655401  1033  1926 I am_resume_activity: [0,31323713,8577,com.meizu.connectivitysettings/.Settings]
06-24 14:35:32.661842  9796  9796 I am_on_resume_called: [0,com.meizu.connectivitysettings.Settings]
06-24 14:35:32.936144  1033  1070 I am_destroy_activity: [0,49118523,8577,com.meizu.connectivitysettings/.SubSettings,finish-imm]
06-24 14:35:32.952232   335   335 I sf_frame_dur: [com.meizu.connectivitysettings/com.meizu.connectivitysettings.SubSettings,0,0,2,2,0,0,0]
06-24 14:35:33.094310  1033  1241 I netstats_mobile_sample: [48839386,62015,7896079,61279,48835210,62012,7897806,61292,48835250,62013,7898690,61298,-1]
06-24 14:35:33.095129  1033  1241 I netstats_wifi_sample: [1234961456,902342,56513360,709388,1222091303,894712,46633199,705793,1221886537,892517,46546043,705337,-1]
06-24 14:35:35.521000  2440  2440 I auditd  : type=1400 audit(0.0:5726): avc: denied { search } for comm="GpuAppSpectator" name="9796" dev="proc" ino=1838596 scontext=u:r:gas_srv:s0 tcontext=u:r:system_app:s0 tclass=dir permissive=1
06-24 14:35:39.073085  1033  2064 I am_home_stack_moved: [0,0,1,1,intentActivityFound]
06-24 14:35:39.073151  1033  2064 I wm_task_moved: [8577,1,5]
06-24 14:35:39.074733  1033  2064 I am_finish_activity: [0,31323713,8577,com.meizu.connectivitysettings/.Settings,clear-task-stack]
06-24 14:35:39.075606  1033  2064 I am_home_stack_moved: [0,0,1,1,finishActivity adjustFocus setFocusedActivity]
06-24 14:35:39.075683  1033  2064 I wm_task_moved: [8577,1,5]
06-24 14:35:39.077228  1033  2064 I am_focused_activity: [0,com.android.settings/.Settings]
06-24 14:35:39.077625  1033  2064 I am_pause_activity: [0,31323713,com.meizu.connectivitysettings/.Settings]
06-24 14:35:39.078322  1033  2064 I am_new_intent: [0,95697089,8577,com.android.settings/.Settings,NULL,NULL,NULL,268435456]
06-24 14:35:39.081600  9796  9796 I am_on_paused_called: [0,com.meizu.connectivitysettings.Settings]
06-24 14:35:39.088558  1033  2094 I am_resume_activity: [0,65050286,8577,com.android.settings/.Settings]
06-24 14:35:39.102898  9704  9704 I am_on_resume_called: [0,com.android.settings.Settings]
06-24 14:35:39.361422  1033  1070 I am_destroy_activity: [0,31323713,8577,com.meizu.connectivitysettings/.Settings,finish-imm]
06-24 14:35:39.375851   335   335 I sf_frame_dur: [com.meizu.connectivitysettings/com.meizu.connectivitysettings.Settings,346,4,4,2,0,0,2]
06-24 14:35:40.438625  1033  2094 I am_home_stack_moved: [0,0,1,1,intentActivityFound]
06-24 14:35:40.438689  1033  2094 I wm_task_moved: [8577,1,5]
06-24 14:35:40.439940  1033  2094 I am_home_stack_moved: [0,0,1,1,sourceStackToFront]
06-24 14:35:40.440010  1033  2094 I wm_task_moved: [8577,1,5]
06-24 14:35:40.441215  1033  2094 I am_create_activity: [0,73809657,8577,com.meizu.connectivitysettings/.Settings,com.meizu.connectivitysettings.CONNECTIVITY_SETTINGS,NULL,NULL,268435456]
06-24 14:35:40.441580  1033  2094 I am_pause_activity: [0,65050286,com.android.settings/.Settings]
06-24 14:35:40.442467  1033  2094 I am_home_stack_moved: [0,0,1,1,startedActivity setFocusedActivity]
06-24 14:35:40.442556  1033  2094 I wm_task_moved: [8577,1,5]
06-24 14:35:40.444782  1033  2094 I am_focused_activity: [0,com.meizu.connectivitysettings/.Settings]
06-24 14:35:40.451672  9704  9704 I am_on_paused_called: [0,com.android.settings.Settings]
06-24 14:35:40.455640  1033  1926 I am_restart_activity: [0,73809657,8577,com.meizu.connectivitysettings/.Settings]
06-24 14:35:40.492595  9796  9796 I am_on_resume_called: [0,com.meizu.connectivitysettings.Settings]
06-24 14:35:40.640858  1033  1075 I am_activity_launch_time: [0,73809657,com.meizu.connectivitysettings/.Settings,188,188]
06-24 14:35:40.885090   335   335 I sf_frame_dur: [com.android.settings/com.android.settings.Settings,22,0,0,0,0,0,2]
06-24 14:35:41.583519  1033  2106 I am_home_stack_moved: [0,0,1,1,sourceStackToFront]
06-24 14:35:41.583584  1033  2106 I wm_task_moved: [8577,1,5]
06-24 14:35:41.584941  1033  2106 I am_create_activity: [0,174663475,8577,com.meizu.connectivitysettings/.SubSettings,android.intent.action.MAIN,NULL,NULL,0]
06-24 14:35:41.585319  1033  2106 I am_pause_activity: [0,73809657,com.meizu.connectivitysettings/.Settings]
06-24 14:35:41.586198  1033  2106 I am_home_stack_moved: [0,0,1,1,startedActivity setFocusedActivity]
06-24 14:35:41.586274  1033  2106 I wm_task_moved: [8577,1,5]
06-24 14:35:41.588172  1033  2106 I am_focused_activity: [0,com.meizu.connectivitysettings/.SubSettings]
06-24 14:35:41.593204  9796  9796 I am_on_paused_called: [0,com.meizu.connectivitysettings.Settings]
06-24 14:35:41.595787  1033  2073 I am_restart_activity: [0,174663475,8577,com.meizu.connectivitysettings/.SubSettings]
06-24 14:35:41.627291  9796  9796 I am_on_resume_called: [0,com.meizu.connectivitysettings.SubSettings]
06-24 14:35:41.817995  1033  1075 I am_activity_launch_time: [0,174663475,com.meizu.connectivitysettings/.SubSettings,225,225]
06-24 14:35:42.042969   335   335 I sf_frame_dur: [com.meizu.connectivitysettings/com.meizu.connectivitysettings.Settings,116,2,0,2,0,0,0]
06-24 14:35:43.733775  1033  2071 I am_home_stack_moved: [0,0,1,1,sourceStackToFront]
06-24 14:35:43.733855  1033  2071 I wm_task_moved: [8577,1,5]
06-24 14:35:43.735300  1033  2071 I am_create_activity: [0,105895303,8577,com.meizu.connectivitysettings/.Settings$WifiProxySettingsActivity,NULL,NULL,NULL,0]
06-24 14:35:43.735710  1033  2071 I am_pause_activity: [0,174663475,com.meizu.connectivitysettings/.SubSettings]
06-24 14:35:43.736657  1033  2071 I am_home_stack_moved: [0,0,1,1,startedActivity setFocusedActivity]
06-24 14:35:43.736718  1033  2071 I wm_task_moved: [8577,1,5]
06-24 14:35:43.739350  1033  2071 I am_focused_activity: [0,com.meizu.connectivitysettings/.Settings$WifiProxySettingsActivity]
06-24 14:35:43.743203  9796  9796 I am_on_paused_called: [0,com.meizu.connectivitysettings.SubSettings]
06-24 14:35:43.745590  1033  2064 I am_restart_activity: [0,105895303,8577,com.meizu.connectivitysettings/.Settings$WifiProxySettingsActivity]
06-24 14:35:43.781070  9796  9796 I am_on_resume_called: [0,com.meizu.connectivitysettings.Settings$WifiProxySettingsActivity]
06-24 14:35:43.868369  1033  1075 I am_activity_launch_time: [0,105895303,com.meizu.connectivitysettings/.Settings$WifiProxySettingsActivity,125,125]
06-24 14:35:44.089061   335   335 I sf_frame_dur: [com.meizu.connectivitysettings/com.meizu.connectivitysettings.SubSettings,0,6,2,0,0,0,2]
06-24 14:35:47.945972  1033  1033 I notification_cancel: [10025,1921,com.meizu.flyme.input,101,NULL,0,0,64,8,NULL]
06-24 14:35:47.968268  1033  1033 I notification_enqueue: [1000,1033,android,17040354,NULL,-1,Notification(pri=0 contentView=android/0xa030049 vibrate=null sound=null defaults=0x0 flags=0x2 color=0xff060059 category=sys vis=PRIVATE),0]
06-24 14:35:47.972013  1033  1033 I notification_enqueue: [1000,1033,android,17040354,NULL,-1,Notification(pri=0 contentView=android/0xa030049 vibrate=null sound=null defaults=0x0 flags=0x2 color=0xff060059 category=sys vis=PRIVATE),1]
06-24 14:35:47.977504  1033  1033 I notification_enqueue: [1000,1033,android,17040354,NULL,-1,Notification(pri=0 contentView=android/0xa030049 vibrate=null sound=null defaults=0x0 flags=0x2 color=0xff060059 category=sys vis=PRIVATE),1]
06-24 14:35:52.555566  1033  1033 I notification_enqueue: [1000,1033,android,17040354,NULL,-1,Notification(pri=0 contentView=android/0xa030049 vibrate=null sound=null defaults=0x0 flags=0x2 color=0xff060059 category=sys vis=PRIVATE),1]
06-24 14:35:52.564537  1033  1033 I notification_cancel: [10025,1921,com.meizu.flyme.input,101,NULL,0,0,64,8,NULL]
06-24 14:35:52.576489  1033  1033 I notification_enqueue: [1000,1033,android,17040354,NULL,-1,Notification(pri=0 contentView=android/0xa030049 vibrate=null sound=null defaults=0x0 flags=0x2 color=0xff060059 category=sys vis=PRIVATE),1]
06-24 14:35:53.182215  1033  1069 I am_pss  : [9796,1000,com.meizu.connectivitysettings,33909760,29466624]
06-24 14:35:53.268347  1033  1069 I am_pss  : [4076,10095,com.tencent.mm,103187456,99377152]
06-24 14:35:53.304210  1033  1069 I am_pss  : [17664,10097,com.taobao.taobao:channel,26259456,18272256]
06-24 14:35:53.325171  1033  1069 I am_pss  : [3197,10017,com.meizu.luckymoney,3546112,2772992]
06-24 14:35:53.443503  1033  1069 I am_pss  : [20071,10100,com.alibaba.android.rimet,61954048,58699776]
06-24 14:35:56.432348  9796  9796 I menu_item_selected: [0,]
06-24 14:35:56.443221  1033  1356 I am_finish_activity: [0,105895303,8577,com.meizu.connectivitysettings/.Settings$WifiProxySettingsActivity,app-request]
06-24 14:35:56.444028  1033  1356 I am_home_stack_moved: [0,0,1,1,finishActivity adjustFocus setFocusedActivity]
06-24 14:35:56.444097  1033  1356 I wm_task_moved: [8577,1,5]
06-24 14:35:56.465064  1033  1356 I am_focused_activity: [0,com.meizu.connectivitysettings/.SubSettings]
06-24 14:35:56.466449  1033  1356 I am_pause_activity: [0,105895303,com.meizu.connectivitysettings/.Settings$WifiProxySettingsActivity]
06-24 14:35:56.487359  9796  9796 I am_on_paused_called: [0,com.meizu.connectivitysettings.Settings$WifiProxySettingsActivity]
06-24 14:35:56.495481  1033  1926 I am_resume_activity: [0,174663475,8577,com.meizu.connectivitysettings/.SubSettings]
06-24 14:35:56.503833  9796  9796 I am_on_resume_called: [0,com.meizu.connectivitysettings.SubSettings]
06-24 14:35:56.536160  1033  1070 I am_broadcast_discard_app: [0,3214977,android.intent.action.PROXY_CHANGE,0,ResolveInfo{14ab26 com.dianping.v1/com.dianping.base.push.pushservice.PhoneStatusReceiver m=0x108000}]
06-24 14:35:56.536835  1033  1070 I am_broadcast_discard_app: [0,3214977,android.intent.action.PROXY_CHANGE,1,ResolveInfo{a56a367 com.sankuai.meituan/.notify.NetworkChangeReceiver m=0x108000}]
06-24 14:35:56.558613  1033  1069 I am_pss  : [14372,10191,com.tencent.news:PushService,14090240,12816384]
06-24 14:35:56.586414  1033  1033 I notification_cancel: [1000,1033,android,17040354,NULL,-1,0,0,8,NULL]
06-24 14:35:56.586808  1033  1033 I notification_canceled: [-1|android|17040354|null|1000,8,8618,4011,0]
06-24 14:35:56.838751  1033  1070 I am_destroy_activity: [0,105895303,8577,com.meizu.connectivitysettings/.Settings$WifiProxySettingsActivity,finish-imm]
06-24 14:35:56.869729   335   335 I sf_frame_dur: [InputMethod,4,22,2,0,2,4,4]
06-24 14:35:57.542218  1033  1241 I netstats_mobile_sample: [48839386,62015,7896079,61279,48835210,62012,7897806,61292,48835250,62013,7898690,61298,-1]
06-24 14:35:57.542979  1033  1241 I netstats_wifi_sample: [1234971849,902382,56524337,709442,1222101136,894752,46643420,705847,1221896370,892557,46556264,705391,-1]
06-24 14:35:57.632046  1033  2023 I am_home_stack_moved: [0,0,1,1,sourceStackToFront]
06-24 14:35:57.632117  1033  2023 I wm_task_moved: [8577,1,5]
06-24 14:35:57.633349  1033  2023 I am_create_activity: [0,59414623,8577,com.meizu.connectivitysettings/.Settings$WifiProxySettingsActivity,NULL,NULL,NULL,0]
06-24 14:35:57.633734  1033  2023 I am_pause_activity: [0,174663475,com.meizu.connectivitysettings/.SubSettings]
06-24 14:35:57.634617  1033  2023 I am_home_stack_moved: [0,0,1,1,startedActivity setFocusedActivity]
06-24 14:35:57.634694  1033  2023 I wm_task_moved: [8577,1,5]
