06-24 14:37:05.496906  1341  1341 D PhoneStatusBar: shouldChargingViewShow hasActiveNotificationsAndShowLockScreenNotification() = true, mNotificationPanel.isExpanding() = false, mNotificationPanel.isFullyCollapsed() = true, mQsExpansionFraction = 0.0, isKeyguardShadeMode() = false, mKeyguardMusicController.isMusicViewShowing() = false, isQsExpanded() = false, mNotificationPanel.isMzKeyguardAffordanceHelperSwiping() = false
06-24 14:37:05.496952  1341  1341 D ChargeViewUtils: updateChargingState mChargingView = com.meizu.keyguard.charge.ChargingEdotView{1a56fbd G.ED..... ......ID 0,0-900,1082 #7f0b0113 app:id/chargingView}, shouldChargingViewShow = false
06-24 14:37:05.496997  1341  1341 D PhoneStatusBar: shouldChargingViewShow hasActiveNotificationsAndShowLockScreenNotification() = true, mNotificationPanel.isExpanding() = false, mNotificationPanel.isFullyCollapsed() = true, mQsExpansionFraction = 0.0, isKeyguardShadeMode() = false, mKeyguardMusicController.isMusicViewShowing() = false, isQsExpanded() = false, mNotificationPanel.isMzKeyguardAffordanceHelperSwiping() = false
06-24 14:37:05.497024  1341  1341 D ChargeViewUtils: onRefreshBatteryInfo
06-24 14:37:05.497120  1341  1341 D PhoneStatusBar: shouldChargingViewShow hasActiveNotificationsAndShowLockScreenNotification() = true, mNotificationPanel.isExpanding() = false, mNotificationPanel.isFullyCollapsed() = true, mQsExpansionFraction = 0.0, isKeyguardShadeMode() = false, mKeyguardMusicController.isMusicViewShowing() = false, isQsExpanded() = false, mNotificationPanel.isMzKeyguardAffordanceHelperSwiping() = false
06-24 14:37:05.497156  1341  1341 D ChargeViewUtils: updateChargingState mChargingView = com.meizu.keyguard.charge.ChargingEdotView{1a56fbd G.ED..... ......ID 0,0-900,1082 #7f0b0113 app:id/chargingView}, shouldChargingViewShow = false
06-24 14:37:05.497193  1341  1341 D PhoneStatusBar: shouldChargingViewShow hasActiveNotificationsAndShowLockScreenNotification() = true, mNotificationPanel.isExpanding() = false, mNotificationPanel.isFullyCollapsed() = true, mQsExpansionFraction = 0.0, isKeyguardShadeMode() = false, mKeyguardMusicController.isMusicViewShowing() = false, isQsExpanded() = false, mNotificationPanel.isMzKeyguardAffordanceHelperSwiping() = false
06-24 14:37:05.497289  1341  1341 D PhoneStatusBar: shouldChargingViewShow hasActiveNotificationsAndShowLockScreenNotification() = true, mNotificationPanel.isExpanding() = false, mNotificationPanel.isFullyCollapsed() = true, mQsExpansionFraction = 0.0, isKeyguardShadeMode() = false, mKeyguardMusicController.isMusicViewShowing() = false, isQsExpanded() = false, mNotificationPanel.isMzKeyguardAffordanceHelperSwiping() = false
06-24 14:37:05.497324  1341  1341 D ChargeViewUtils: updateChargingState mChargingView = com.meizu.keyguard.charge.ChargingEdotView{1a56fbd G.ED..... ......ID 0,0-900,1082 #7f0b0113 app:id/chargingView}, shouldChargingViewShow = false
06-24 14:37:05.497359  1341  1341 D PhoneStatusBar: shouldChargingViewShow hasActiveNotificationsAndShowLockScreenNotification() = true, mNotificationPanel.isExpanding() = false, mNotificationPanel.isFullyCollapsed() = true, mQsExpansionFraction = 0.0, isKeyguardShadeMode() = false, mKeyguardMusicController.isMusicViewShowing() = false, isQsExpanded() = false, mNotificationPanel.isMzKeyguardAffordanceHelperSwiping() = false
06-24 14:37:05.497453  1341  1341 D BlurUtils: onShowKeyguard hasActiveNotifications = true
06-24 14:37:05.497763  1341  1341 D KeyguardBouncer: hide() is called, destroyView = false
06-24 14:37:05.497844  1341  1341 D KeyguardSecurityContainer: onPause()
06-24 14:37:05.497876  1341  1341 D KeyguardBouncer: hide() - user has left keyguard, setAlternateUnlockEnabled(true)
06-24 14:37:05.497920  1341  1341 D KeyguardUpdateMonitor: setAlternateUnlockEnabled(enabled = true)
06-24 14:37:05.497946  1341  1341 D KeyguardBouncer: inflateView() is called, we force to re-inflate the "Bouncer" view.
06-24 14:37:05.500013  1341  1341 V KeyguardUpdateMonitor: *** register callback for com.android.keyguard.KeyguardSimpleHostView$1@22d353
06-24 14:37:05.500131  1341  1341 V KeyguardUpdateMonitor: *** unregister callback for null
06-24 14:37:05.502933  1341  1341 D KeyguardSecurityContainer: lock screen instance created in keyguard com.mediatek.keyguard.ext.DefaultLockScreenExt@ccf1d0f
06-24 14:37:05.502990  1996  2009 D PhoneInterfaceManager: [PhoneIntfMgr] SubscriptionManager.getPhoneId(1)=1
06-24 14:37:05.504384  1341  1341 D KeyguardSecurityModel: isPinPukOrMeRequiredOfSubId() - phoneId = 0, simState = ABSENT
06-24 14:37:05.504463  1033  1043 I art     : Background partial concurrent mark sweep GC freed 9314(642KB) AllocSpace objects, 9(180KB) LOS objects, 8% free, 41MB/45MB, paused 3.908ms total 261.294ms
06-24 14:37:05.504490  1341  1341 D KeyguardSecurityModel: isPinPukOrMeRequiredOfSubId() - phoneId = 1, simState = READY
06-24 14:37:05.504542  1341  1341 D AntiTheftManager: getCurrentAntiTheftMode() is called.
06-24 14:37:05.505094  1996  2009 D PhoneInterfaceManager: [PhoneIntfMgr] ServiceState= 0
06-24 14:37:05.505654  1341  1857 D QSTile.MobileDataTile: isDefaultDataSimRadioOn subId=1, isRadioOn=true
06-24 14:37:05.508999  1341  1857 D MobileDataController: isValidSubId subId:1
06-24 14:37:05.510136  1341  1857 D MobileDataController: is valid: true
06-24 14:37:05.514837  1341  1857 D QSTile.MobileDataTile: handleUpdateState state=SignalState[visible=true,icon=ResourceIcon[resId=0x7f020493],label=优先4G,contentDescription=null,dualLabelContentDescription=null,autoMirrorDrawable=true,intermediate=false,enabled=true,connected=true,activityIn=false,activityOut=false,overlayIconId=0,filter=true,wideOverlayIcon=false]
06-24 14:37:05.515061  1341  1857 D QSTile.WifiTile: handleUpdateState arg=CallbackInfo[enabled=true,connected=true,wifiSignalIconId=2130837759,enabledDesc="MZ-MEIZU-2.4G",activityIn=false,activityOut=false,wifiSignalContentDescription=WLAN信号强度为三格。,enabling=false,connecting=false]
06-24 14:37:05.515251  1341  1857 D QSTile.MobileDataTile: handleUpdateState arg=CallbackInfo[enabled=true,wifiEnabled=true,wifiConnected=true,airplaneModeEnabled=false,mobileSignalIconId=2130837737,dataTypeIconId=0,activityIn=false,activityOut=false,enabledDesc=中国移动,noSim=false,mobileDataModeDesc=优先4G]
06-24 14:37:05.520248  1033  2064 D DeviceStateService: Native: nativeDoCheckLockState check=0, lock_rtx->enable=0,lock_rtx->lock_state=0,result:0.
06-24 14:37:05.521723  1341  1341 D KeyguardSecurityModel: getSecurityMode() - PW_Quality = 0
06-24 14:37:05.522669  1341  1341 D KeyguardSecurityModel: getSecurityMode() - mode = None
06-24 14:37:05.522756  1341  1341 V KeyguardSecurityContainer: showPrimarySecurityScreen(turningOff=false)
06-24 14:37:05.522809  1341  1341 D KeyguardSecurityContainer: showSecurityScreen(None)
06-24 14:37:05.522905  1341  1341 D VoiceWakeupManager: getInstance(...) is called.
06-24 14:37:05.523332   353  1199 I AudioFlinger: +getParameters(): MTK_VOW_SUPPORT
06-24 14:37:05.523462   353  1199 D AudioALSAHardware: +getParameters(), key = MTK_VOW_SUPPORT
06-24 14:37:05.523545   353  1199 D AudioALSAHardware: -getParameters(), return "MTK_VOW_SUPPORT=true"
06-24 14:37:05.523580   353  1199 I str_params: key: 'MTK_VOW_SUPPORT' value: ''
06-24 14:37:05.523615   353  1199 D usb_audio_hw: [GJ_DEBUG] adev_get_parameters: keys = MTK_VOW_SUPPORT, value = 
06-24 14:37:05.523977  1341  1341 D VoiceWakeupManager: MTK_VOW_SUPPORT is enabled in this load.
06-24 14:37:05.524090  1341  1341 D VoiceWakeupManager: notifySecurityModeChange curr = Invalid, next = None
06-24 14:37:05.524122  1341  1341 D VoiceWakeupManager: notifySecurityModeChange original mIsDismissAndLaunchApp = false
06-24 14:37:05.524303  1341  1341 D KeyguardSecurityContainer: showSecurityScreen() - get oldview forInvalid
06-24 14:37:05.524349  1341  1341 D KeyguardSecurityContainer: showSecurityScreen() - get newview forNone
06-24 14:37:05.524377  1341  1341 D KeyguardSecurityContainer: Before update, mCurrentSecuritySelection = Invalid
06-24 14:37:05.524402  1341  1341 D KeyguardSecurityContainer: After update, mCurrentSecuritySelection = None
06-24 14:37:05.525257  1341  1341 D StatusBarKeyguardViewManager: setNeedsInput() - needsInput = false
06-24 14:37:05.525539  1341  1341 D KeyguardSecurityModel: isPinPukOrMeRequiredOfSubId() - phoneId = 0, simState = ABSENT
06-24 14:37:05.525584  1341  1341 D KeyguardSecurityModel: isPinPukOrMeRequiredOfSubId() - phoneId = 1, simState = READY
06-24 14:37:05.525610  1341  1341 D AntiTheftManager: getCurrentAntiTheftMode() is called.
06-24 14:37:05.525960  1033  1259 V SQLiteTime: /data/system/notification_log.db: "INSERT INTO log(flags,when_ms,key,event_time_ms,nid,event_type,priority,event_user_id,pkg,action_count) VALUES (?,?,?,?,?,?,?,?,?,?)" took 38.000 ms
06-24 14:37:05.526621  1341 18071 D FlymeWallpaperManager: getLockWallpaperBitmap
06-24 14:37:05.526661  1996  1678 D PhoneInterfaceManager: [PhoneIntfMgr] SubscriptionManager.getPhoneId(1)=1
06-24 14:37:05.526847  1996  1678 D PhoneInterfaceManager: [PhoneIntfMgr] ServiceState= 0
06-24 14:37:05.531781  1033  2094 D DeviceStateService: Native: nativeDoCheckLockState check=0, lock_rtx->enable=0,lock_rtx->lock_state=0,result:0.
06-24 14:37:05.540097  1341  1857 D QSTile.MobileDataTile: isDefaultDataSimRadioOn subId=1, isRadioOn=true
06-24 14:37:05.542245  1341  1341 D KeyguardSecurityModel: getSecurityMode() - PW_Quality = 0
06-24 14:37:05.543366  1341  1341 D KeyguardSecurityModel: getSecurityMode() - mode = None
06-24 14:37:05.543390  1341  1857 D MobileDataController: isValidSubId subId:1
06-24 14:37:05.543521  1341  1341 D DefaultLockScreenExt: initDgilLayout called
06-24 14:37:05.547160  1341  1341 V KeyguardBouncer: showBatteryOrNot mPowerState = normal
06-24 14:37:05.549850  1341  1341 D StatusBarKeyguardViewManager: updateStates() - showing = true, mLastShowing = false
06-24 14:37:05.549850  1341  1341 D StatusBarKeyguardViewManager: updateStates() - occluded = falsemLastOccluded = false
06-24 14:37:05.549850  1341  1341 D StatusBarKeyguardViewManager: updateStates() - bouncerShowing = false, mLastBouncerShowing = false
06-24 14:37:05.549850  1341  1341 D StatusBarKeyguardViewManager: updateStates() - mFirstUpdate = false
06-24 14:37:05.551246  1341  1341 D KeyguardUpdateMonitor: sendKeyguardVisibilityChanged(true)
06-24 14:37:05.552214  1341  1341 D KeyguardViewMediator: mReadyToShow set as false
06-24 14:37:05.552267  1341  1341 D KeyguardViewMediator: updateActivityLockScreenState() - mShowing = true mReadyToShow = false !mOccluded = true
06-24 14:37:05.553101   784 20364 I EMDLOGGER3: MDL rate:418 KB/s, full count:0
06-24 14:37:05.556671  1033  1058 D DeviceStateService: Native: nativeDoCheckLockState check=0, lock_rtx->enable=0,lock_rtx->lock_state=0,result:0.
06-24 14:37:05.556964  1341  1341 D DefaultLockScreenExt: disableSearch called
06-24 14:37:05.558369  1341  1857 D MobileDataController: is valid: true
06-24 14:37:05.559591  1033  2094 D DeviceStateService: Native: nativeDoCheckLockState check=0, lock_rtx->enable=0,lock_rtx->lock_state=0,result:0.
06-24 14:37:05.560004  1341  1341 D KeyguardViewMediator: adjustStatusBarLocked: mShowing=true mOccluded=false isSecure=false --> flags=0x1200000
06-24 14:37:05.564430  1341  1341 D KeyguardViewMediator: handleShow exit
06-24 14:37:05.564502  1341  1341 D KeyguardViewMediator: handle show call mKeyguardDisplayManager.show()
06-24 14:37:05.564945  1341  1341 D VoiceWakeupManager: onScreenTurnedOff - we should reset mIsDismissAndLaunchApp when screen is off.
06-24 14:37:05.564977  1341  1341 D VoiceWakeupManager: start()
06-24 14:37:05.565256   353 29807 I AudioFlinger: +getParameters(): MTK_VOW_SUPPORT
06-24 14:37:05.565301   353 29807 D AudioALSAHardware: +getParameters(), key = MTK_VOW_SUPPORT
06-24 14:37:05.565386   353 29807 D AudioALSAHardware: -getParameters(), return "MTK_VOW_SUPPORT=true"
06-24 14:37:05.565428   353 29807 I str_params: key: 'MTK_VOW_SUPPORT' value: ''
06-24 14:37:05.565454   353 29807 D usb_audio_hw: [GJ_DEBUG] adev_get_parameters: keys = MTK_VOW_SUPPORT, value = 
06-24 14:37:05.565571  1341  1341 D VoiceWakeupManager: MTK_VOW_SUPPORT is enabled in this load.
06-24 14:37:05.565608  1341  1341 D VoiceWakeupManager: register to service
06-24 14:37:05.565630  1341  1341 D VoiceWakeupManager: bindVoiceService begin  
06-24 14:37:05.572158   841 20359 I EMDLOGGER1: MDL rate:47 KB/s, full count:0
06-24 14:37:05.576007  1033  1071 D STATUSBARCOLOR: mLastLightStatusBar=false
06-24 14:37:05.577181  1341  1857 D QSTile.MobileDataTile: handleUpdateState state=SignalState[visible=true,icon=ResourceIcon[resId=0x7f020493],label=优先4G,contentDescription=null,dualLabelContentDescription=null,autoMirrorDrawable=true,intermediate=false,enabled=true,connected=true,activityIn=false,activityOut=false,overlayIconId=0,filter=true,wideOverlayIcon=false]
06-24 14:37:05.577346  1341  1857 D QSTile.MobileDataTile: handleUpdateState arg=CallbackInfo[enabled=true,wifiEnabled=true,wifiConnected=true,airplaneModeEnabled=false,mobileSignalIconId=2130837737,dataTypeIconId=0,activityIn=false,activityOut=false,enabledDesc=中国移动,noSim=false,mobileDataModeDesc=优先4G]
06-24 14:37:05.583674  1341  1934 D Surface : Surface::disconnect(this=0x7fad6e0c00,api=1)
06-24 14:37:05.584541   335  2204 D GraphicBuffer: free, handle(0x7f7b8ca400) (w:1080 h:75 s:1088 f:0x1 u:0x000b00)
06-24 14:37:05.584639   335  2204 I [MALI][Gralloc]: [-]hnd(0x7f7b8ca400), client(29), share_fd(32)
06-24 14:37:05.584857   335  2204 D GraphicBuffer: free, handle(0x7f7bddef40) (w:1080 h:75 s:1088 f:0x1 u:0x000b00)
06-24 14:37:05.584944   335  2204 I [MALI][Gralloc]: [-]hnd(0x7f7bddef40), client(29), share_fd(54)
06-24 14:37:05.587988  1341  1934 D GraphicBuffer: unregister, handle(0x7f6ab7d160) (w:1080 h:75 s:1088 f:0x1 u:0x000b00)
06-24 14:37:05.588229  1996  2336 D PhoneInterfaceManager: [PhoneIntfMgr] SubscriptionManager.getPhoneId(1)=1
06-24 14:37:05.588431  1996  2336 D PhoneInterfaceManager: [PhoneIntfMgr] ServiceState= 0
06-24 14:37:05.588734  1341  1857 D QSTile.MobileDataTile: isDefaultDataSimRadioOn subId=1, isRadioOn=true
06-24 14:37:05.589053  1341  1934 I [MALI][Gralloc]: [-]r_hnd(0x7f6ab7d160), client(60), share_fd(74)
06-24 14:37:05.589372  1341  1934 D GraphicBuffer: unregister, handle(0x7f6ab7cf80) (w:1080 h:75 s:1088 f:0x1 u:0x000b00)
06-24 14:37:05.589911  1341  1857 D MobileDataController: isValidSubId subId:1
06-24 14:37:05.590153  1341  1934 I [MALI][Gralloc]: [-]r_hnd(0x7f6ab7cf80), client(60), share_fd(89)
06-24 14:37:05.590318  1341  1934 E Surface : getSlotFromBufferLocked: unknown buffer: 0x7f6ab7d020
06-24 14:37:05.590383  1341  1934 D mali_winsys: [MALI] win=0xad6e0c10, native_buffer=0x6b230510, fd=-1
06-24 14:37:05.590418  1341  1934 D GraphicBuffer: unregister, handle(0x7f6ab7d020) (w:1080 h:75 s:1088 f:0x1 u:0x000b00)
06-24 14:37:05.590917  1341  1934 I [MALI][Gralloc]: [-]r_hnd(0x7f6ab7d020), client(60), share_fd(99)
06-24 14:37:05.591133  1341  1934 D Surface : Surface::disconnect(this=0x7fad6e0c00,api=1)
06-24 14:37:05.591768  1341  1934 D Surface : Surface::connect(this=0x7fad6e0c00,api=1)
06-24 14:37:05.591985  1341  1857 D MobileDataController: is valid: true
06-24 14:37:05.592209   335   567 I BufferQueueProducer: [StatusBar](this:0x7f77a87000,id:6,api:1,p:1341,c:335) connect(P): api=1 producer=(1341:com.android.systemui) producerControlledByApp=true
06-24 14:37:05.592457  1341  1934 W libEGL  : [ANDROID_RECORDABLE] format: 1
06-24 14:37:05.593110  1341  1934 D mali_winsys: new_window_surface returns 0x3000
06-24 14:37:05.593340  1341  1857 D QSTile.MobileDataTile: handleUpdateState state=SignalState[visible=true,icon=ResourceIcon[resId=0x7f020493],label=优先4G,contentDescription=null,dualLabelContentDescription=null,autoMirrorDrawable=true,intermediate=false,enabled=true,connected=true,activityIn=false,activityOut=false,overlayIconId=0,filter=true,wideOverlayIcon=false]
06-24 14:37:05.593473  1341  1857 D QSTile.MobileDataTile: handleUpdateState arg=CallbackInfo[enabled=true,wifiEnabled=true,wifiConnected=true,airplaneModeEnabled=false,mobileSignalIconId=2130837737,dataTypeIconId=0,activityIn=false,activityOut=false,enabledDesc=中国移动,noSim=false,mobileDataModeDesc=优先4G]
06-24 14:37:05.595884  1341  1341 D PanelView: UpdateClockOrMusicView alpha = 1.0, translationY = 159.0
06-24 14:37:05.596889  1341  1341 V ColorMasking: ---------updateCoverColor:frank = 0.0
06-24 14:37:05.601664  1341  1341 D PanelView: non keyguard-shade mode, notify panel expansion change normally
06-24 14:37:05.601981  1341  1341 D SystemUIMobEventUtils: onEvent notifiction_panel_full_open, mUsageStatsProxy = com.meizu.stats.UsageStatsProxy@2e99410
06-24 14:37:05.602834  1996 29304 D PhoneInterfaceManager: [PhoneIntfMgr] SubscriptionManager.getPhoneId(1)=1
06-24 14:37:05.603068  1996 29304 D PhoneInterfaceManager: [PhoneIntfMgr] ServiceState= 0
06-24 14:37:05.603734  1341  1857 D QSTile.MobileDataTile: isDefaultDataSimRadioOn subId=1, isRadioOn=true
06-24 14:37:05.604740  1341  1857 D MobileDataController: isValidSubId subId:1
06-24 14:37:05.606262  1341  1857 D MobileDataController: is valid: true
06-24 14:37:05.608758  1341  1857 D QSTile.MobileDataTile: handleUpdateState state=SignalState[visible=true,icon=ResourceIcon[resId=0x7f020493],label=优先4G,contentDescription=null,dualLabelContentDescription=null,autoMirrorDrawable=true,intermediate=false,enabled=true,connected=true,activityIn=false,activityOut=false,overlayIconId=0,filter=true,wideOverlayIcon=false]
06-24 14:37:05.608937  1341  1857 D QSTile.MobileDataTile: handleUpdateState arg=CallbackInfo[enabled=true,wifiEnabled=true,wifiConnected=true,airplaneModeEnabled=false,mobileSignalIconId=2130837737,dataTypeIconId=0,activityIn=false,activityOut=false,enabledDesc=中国移动,noSim=false,mobileDataModeDesc=优先4G]
06-24 14:37:05.620540  1996  2696 D PhoneInterfaceManager: [PhoneIntfMgr] SubscriptionManager.getPhoneId(1)=1
06-24 14:37:05.620778  1996  2696 D PhoneInterfaceManager: [PhoneIntfMgr] ServiceState= 0
06-24 14:37:05.621582  1341  1857 D QSTile.MobileDataTile: isDefaultDataSimRadioOn subId=1, isRadioOn=true
06-24 14:37:05.622882  1341  1857 D MobileDataController: isValidSubId subId:1
06-24 14:37:05.624918  1341  1857 D MobileDataController: is valid: true
06-24 14:37:05.626841  1341  1857 D QSTile.MobileDataTile: handleUpdateState state=SignalState[visible=true,icon=ResourceIcon[resId=0x7f020493],label=优先4G,contentDescription=null,dualLabelContentDescription=null,autoMirrorDrawable=true,intermediate=false,enabled=true,connected=true,activityIn=false,activityOut=false,overlayIconId=0,filter=true,wideOverlayIcon=false]
06-24 14:37:05.627067  1341  1857 D BluetoothAdapter: isEnabled
06-24 14:37:05.627393  1341  1857 D BluetoothController: state.contentDescription=蓝牙关闭。 state.label=蓝牙 state.dualLabelContentDescription蓝牙
06-24 14:37:05.632430  1033  2073 D DeviceStateService: Native: nativeDoCheckLockState check=0, lock_rtx->enable=0,lock_rtx->lock_state=0,result:0.
06-24 14:37:05.632944  1341  1857 D LocationController: state.contentDescription=位置报告功能开启。 locationEnabled=true
06-24 14:37:05.633120  1341  1857 D QSTile.WifiTile: handleUpdateState arg=null
06-24 14:37:05.633180  1341  1857 D QSTile.MobileDataTile: handleUpdateState arg=null
06-24 14:37:05.633218  1341  1857 D BluetoothAdapter: isEnabled
06-24 14:37:05.633297  1341  1857 D BluetoothController: state.contentDescription=蓝牙关闭。 state.label=蓝牙 state.dualLabelContentDescription蓝牙
06-24 14:37:05.633488  1341  1857 D AirplaneModeTile: handleUpdateState: false, 0, null
06-24 14:37:05.633527  1341  1857 D AirplaneModeTile: handleUpdateState(), common flow
06-24 14:37:05.633545  1033  1621 D DeviceStateService: Native: nativeDoCheckLockState check=0, lock_rtx->enable=0,lock_rtx->lock_state=0,result:0.
06-24 14:37:05.635827   335  2204 I [MALI][Gralloc]: [+]hnd(0x7f7bddeea0), client(29), share_fd(54), hnd->flags:4
06-24 14:37:05.636115   335  2204 D GraphicBuffer: alloc, handle(0x7f7bddeea0) (w:1080 h:1920 s:1088 f:0x1 u:0x000b00) err(0)
06-24 14:37:05.637363  1341  1857 D LocationController: state.contentDescription=位置报告功能开启。 locationEnabled=true
06-24 14:37:05.637765  1341  1934 I [MALI][Gralloc]: [+]r_hnd(0x7f6ab7e880), client(60), share_fd(72)
06-24 14:37:05.637853  1341  1934 D GraphicBuffer: register, handle(0x7f6ab7e880) (w:1080 h:1920 s:1088 f:0x1 u:0x000b00)
06-24 14:37:05.638396  1341  1341 D AccessPointController: onReceive android.net.wifi.WIFI_STATE_CHANGED
06-24 14:37:05.638566  1341  1341 D AccessPointController: onReceive android.net.wifi.supplicant.STATE_CHANGE
06-24 14:37:05.638702  1341  1341 D AccessPointController: onReceive android.net.wifi.STATE_CHANGE
06-24 14:37:05.640194  1341  1934 D OpenGLRenderer: CacheTexture 72 upload: x, y, width height = 0, 0, 40, 34
06-24 14:37:05.641416  1341  1341 D AccessPointController: connectedNetworkId: 2
06-24 14:37:05.641562  1341  1341 D WifiManager: getScanResults is com.android.systemui
06-24 14:37:05.643415  1341  1934 D OpenGLRenderer: CacheTexture 72 upload: x, y, width height = 0, 0, 225, 511
06-24 14:37:05.647780   335   569 I BufferQueueProducer: [StatusBar](this:0x7f77a87000,id:6,api:1,p:1341,c:335) queueBuffer: fps=5.00 dur=1000.02 max=934.08 min=14.58
06-24 14:37:05.651449   335   567 I [MALI][Gralloc]: [+]hnd(0x7f7b8ca2c0), client(29), share_fd(94), hnd->flags:4
06-24 14:37:05.651862   335   567 D GraphicBuffer: alloc, handle(0x7f7b8ca2c0) (w:1080 h:1920 s:1088 f:0x1 u:0x000b00) err(0)
06-24 14:37:05.654211  1341  1934 I [MALI][Gralloc]: [+]r_hnd(0x7f6ab7e920), client(60), share_fd(81)
06-24 14:37:05.654317  1341  1934 D GraphicBuffer: register, handle(0x7f6ab7e920) (w:1080 h:1920 s:1088 f:0x1 u:0x000b00)
06-24 14:37:05.656569  1341  1341 D AccessPointController: scanResults: [SSID: MZ-MEIZU-2.4G, BSSID: 58:97:bd:53:e9:10, capabilities: [WPA2-EAP-CCMP][ESS], level: -63, frequency: 2412, timestamp: 91360975288, distance: ?(cm), distanceSd: ?(cm), passpoint: no, ChannelBandwidth: 0, centerFreq0: 0, centerFreq1: 0, 80211mcResponder: is not supported, SSID: MZ-MEIZU-2.4G, BSSID: 58:97:bd:50:94:10, capabilities: [WPA2-EAP-CCMP][ESS], level: -63, frequency: 2462, timestamp: 91360975312, distance: ?(cm), distanceSd: ?(cm), passpoint: no, ChannelBandwidth: 0, centerFreq0: 0, centerFreq1: 0, 80211mcResponder: is not supported, SSID: MZ-MEIZU-2.4G, BSSID: 58:97:bd:1a:0d:b0, capabilities: [WPA2-EAP-CCMP][ESS], level: -60, frequency: 2412, timestamp: 91127285523, distance: ?(cm), distanceSd: ?(cm), passpoint: no, ChannelBandwidth: 0, centerFreq0: 0, centerFreq1: 0, 80211mcResponder: is not supported, SSID: MZ-MEIZU-2.4G, BSSID: 58:97:bd:52:a0:50, capabilities: [WPA2-EAP-CCMP][ESS], level: -70, frequency: 2412, timestamp: 91127285567, distance: ?(cm), distanceSd: ?(cm), passpoint: no, ChannelBandwidth: 0, centerFreq0: 0, centerFreq1: 0, 80211mcResponder: is not supported, SSID: MZ-MEIZU-2.4G, BSSID: 58:97:bd:fd:8a:d0, capabilities: [WPA2-EAP-CCMP][ESS], level: -75, frequency: 2412, timestamp: 90867019743, distance: ?(cm), distanceSd: ?(cm), passpoint: no, ChannelBandwidth: 0, centerFreq0: 0, centerFreq1: 0, 80211mcResponder: is not supported, SSID: MZ-MEIZU-2.4G, BSSID: 58:97:bd:5f:37:90, capabilities: [WPA2-EAP-CCMP][ESS], level: -74, frequency: 2462, timestamp: 91127285574, distance: ?(cm), distanceSd: ?(cm), passpoint: no, ChannelBandwidth: 0, centerFreq0: 0, centerFreq1: 0, 80211mcResponder: is not supported, SSID: MZ-MEIZU-2.4G, BSSID: 58:97:bd:5f:3d:00, capabilities: [WPA2-EAP-CCMP][ESS], level: -83, frequency: 2437, timestamp: 90867019751, distance: ?(cm), distanceSd: ?(cm), passpoint: no, ChannelBandwidth: 0, centerFreq0: 0, centerFreq1: 0, 80211mcResponder: is not supported, SSID: MZ-MEIZU-2.4G, BSSID: 58:97:bd:5f:38:80, capabilities: [WPA2-EAP-CCMP][ESS], level: -82, frequency: 2462, timestamp: 89224303000, distance: ?(cm), distanceSd: ?(cm), passpoint: no, ChannelBandwidth: 0, centerFreq0: 0, centerFreq1: 0, 80211mcResponder: is not supported, SSID: FreeRADIUS-Test, BSSID: 58:97:bd:1a:0d:b0, capabilities: [WPA2-EAP-CCMP][ESS], level: -84, frequency: 5805, timestamp: 91127111330, distance: ?(cm), distanceSd: ?(cm), passpoint: no, ChannelBandwidth: 0, centerFreq0: 0, centerFreq1: 0, 80211mcResponder: is not supported, SSID: MZ-MEIZU-2.4G, BSSID: 5c:83:8f:25:f2:40, capabilities: [WPA2-EAP-CCMP][ESS], level: -84, frequency: 2412, timestamp: 91073919645, distance: ?(cm), distanceSd: ?(cm), passpoint: no, ChannelBandwidth: 0, centerFreq0: 0, centerFreq1: 0, 80211mcResponder: is not supported, SSID: ASUS, BSSID: 66:09:80:46:3d:b8, capabilities: [WPA2-PSK-CCMP][ESS], level: -74, frequency: 2472, timestamp: 91351866160, distance: ?(cm), distanceSd: ?(cm), passpoint: no, ChannelBandwidth: 1, centerFreq0: 2452, centerFreq1: 0, 80211mcResponder: is not supported, SSID: tp link 2.4g, BSSID: 88:25:93:0b:d7:8f, capabilities: [WPA2-PSK-CCMP][ESS], level: -75, frequency: 2437, timestamp: 91071653431, distance: ?(cm), distanceSd: ?(cm), passpoint: no, ChannelBandwidth: 1, centerFreq0: 2417, centerFreq1: 0, 80211mcResponder: is not supported, SSID: Web_Net, BSSID: 58:97:bd:50:93:dc, capabilities: [WPA2-EAP-CCMP][ESS], level: -53, frequency: 5765, timestamp: 91360468933, distance: ?(cm), distanceSd: ?(cm), passpoint: no, ChannelBandwidth: 0, centerFreq0: 0, centerFreq1: 0, 80211mcResponder: is not supported, SSID: MZ-Inweb-Test, BSSID: 58:97:bd:50:93:d1, capabilities: [WPA2-PSK-CCMP][ESS], level: -53, frequency: 5765, timestamp: 91360975340, distance: ?(cm), distanceSd: ?(cm), passpoint: no, ChannelBandwidth: 0, centerFreq0: 0, centerFreq1: 0, 80211mcResponder: is not supported, SSID: , BSSID: 58:97:bd:50:93:d8, capabilities: [WPA2-EAP-CCMP][ESS], level: -52, frequency: 5765, timestamp: 91360975485, distance: ?(cm), distanceSd: ?(cm), passpoint: no, ChannelB
06-24 14:37:05.657720  1341  1341 D AccessPointController: onReceive android.net.wifi.RSSI_CHANGED
06-24 14:37:05.657887  1341  1341 D PhoneStatusBar: addNotification key=0|com.mediatek.mtklogger|2130837539|null|10056
06-24 14:37:05.658692  1341  1341 D StatusBar: interrupt: false
06-24 14:37:05.658919  1341  1341 D StatusBar: createNotificationViews(notification=StatusBarNotification(pkg=com.mediatek.mtklogger user=UserHandle{0} id=2130837539 tag=null score=0 key=0|com.mediatek.mtklogger|2130837539|null|10056: Notification(pri=0 contentView=com.mediatek.mtklogger/0xa030049 vibrate=null sound=null tick defaults=0x0 flags=0x62 color=0x00000000 vis=PRIVATE))
06-24 14:37:05.662703   335   335 D MALI    : eglCreateImageKHR:511: [Crop] 0 0 0 0  img[1080 1920] 
06-24 14:37:05.669186  1341  1341 V StatusBar: publicNotification: null
06-24 14:37:05.719264  1341  1341 D ChargeViewUtils: onNotificationCountChaned hasActiveNotifications = true, mHasActiveNotifications = true
06-24 14:37:05.719356  1341  1341 I PhoneStatusBar: updateNotificationCountChange,mLastHasNotification:true , hasActiveNotifications:true
06-24 14:37:05.721561  1341  1341 V PhoneStatusBar: DEBUG_MEDIA: updateDropViews for notification null metadata=null metaDataChanged=false state=1 notificationChanged = false hasArtwork false wallpaperChanged = false
06-24 14:37:05.722315  1341  1341 D KeyguardUpdateMonitor: handleKeyguardVisibilityChanged(1)
06-24 14:37:05.722420  1341  1341 D VoiceWakeupManager: onKeyguardVisibilityChanged(true)
06-24 14:37:05.722472  1341  1341 V KeyguardUpdateMonitor: startListeningForFingerprint()
06-24 14:37:05.723522  1341  1341 D KeyguardUpdateMonitor: usedAsUnlock = false
06-24 14:37:05.723748  1341  1341 D PhoneStatusBar: disable: 0x00000000 -> 0x01200000 (diff: 0x01200000)
06-24 14:37:05.723819  1341  1341 D PhoneStatusBar: disable: < expand icons alerts system_info back HOME* RECENT* clock search >
06-24 14:37:05.724514  1341  1341 D ImageWallpaper: onOffsetsChanged: xOffset=0.0, yOffset=0.0, xOffsetStep=0.0, yOffsetStep=0.0, xPixels=0, yPixels=0
06-24 14:37:05.724991  1341  1341 D ImageWallpaper: Suppressed drawFrame since redraw is not needed and offsets have not changed.
06-24 14:37:05.725475  1341  1341 D ImageWallpaper: onVisibilityChanged: mVisible, visible=false, true
06-24 14:37:05.725539  1341  1341 D ImageWallpaper: Visibility changed to visible=true
06-24 14:37:05.725990  1341  1341 D ImageWallpaper: Suppressed drawFrame since redraw is not needed and offsets have not changed.
06-24 14:37:05.726541  1341  1341 D PhoneStatusBar: setSystemUiVisibility vis=8600 mask=ffffffff oldVal=a600 newVal=8600 diff=2000
06-24 14:37:05.726712  1341  1341 D PhoneStatusBar: hiding the MENU button
06-24 14:37:05.731835  1341  1341 D PanelView: UpdateClockOrMusicView alpha = 1.0, translationY = 159.0
06-24 14:37:05.745802  1341  1341 D KeyguardBouncer: setBouncerBackgroud background = android.graphics.drawable.BitmapDrawable@6146629, mPowerState = normal
06-24 14:37:05.745892  1341  1341 D KeyguardSecurityModel: isPinPukOrMeRequiredOfSubId() - phoneId = 0, simState = ABSENT
06-24 14:37:05.745924  1341  1341 D KeyguardSecurityModel: isPinPukOrMeRequiredOfSubId() - phoneId = 1, simState = READY
06-24 14:37:05.745968  1341  1341 D AntiTheftManager: getCurrentAntiTheftMode() is called.
06-24 14:37:05.747518  1033  2073 D DeviceStateService: Native: nativeDoCheckLockState check=0, lock_rtx->enable=0,lock_rtx->lock_state=0,result:0.
06-24 14:37:05.749005  1341  1341 D KeyguardSecurityModel: getSecurityMode() - PW_Quality = 0
06-24 14:37:05.750111  1033  1280 E lights  : write 0 to /sys/class/leds/lcd-backlight/brightness
06-24 14:37:05.750118  1341  1341 D KeyguardSecurityModel: getSecurityMode() - mode = None
06-24 14:37:05.750341  2435  2443 D FRR     : buff=0x7f798b22a0, len=168
06-24 14:37:05.750402  2435  2443 D FRR     : uevent[0]=0x7f798b22a0, len=55, "change@/devices/platform/leds-mt65xx/leds/lcd-backlight"
06-24 14:37:05.750416  2435  2443 D FRR     : voteFps(60, 0)
06-24 14:37:05.750429  2435  2443 D FRR     : ThermalListener loop:
06-24 14:37:05.751885  1033  1078 D SensorService: SensorDevice::activate: ident=0x7f7cb21420, handle=0x00000006, enabled=0, count=1
06-24 14:37:05.751971  1033  1078 D SensorService: disable index=0
06-24 14:37:05.752002  1033  1078 D SensorService: 	>>> actuating h/w activate handle=6 enabled=0
06-24 14:37:05.752073  1033  1078 I SensorHAL: Dev Active, handle: 2, name: LSM6DS3 Accelerometer Sensor, enable: 0.
06-24 14:37:05.752101  1033  1078 I SensorHAL: SensorBase::Enable. name: LSM6DS3 Accelerometer Sensor, enable: 0
06-24 14:37:05.755898   335   567 I [MALI][Gralloc]: [+]hnd(0x7f7b8ca7c0), client(29), share_fd(32), hnd->flags:4
06-24 14:37:05.756190   335   567 D GraphicBuffer: alloc, handle(0x7f7b8ca7c0) (w:1080 h:1920 s:1088 f:0x1 u:0x000b00) err(0)
06-24 14:37:05.758079  1341  1934 I [MALI][Gralloc]: [+]r_hnd(0x7f6ab7eb00), client(60), share_fd(89)
06-24 14:37:05.758173  1341  1934 D GraphicBuffer: register, handle(0x7f6ab7eb00) (w:1080 h:1920 s:1088 f:0x1 u:0x000b00)
06-24 14:37:05.758279  1033  1078 I SensorHAL: HWSensorBase::Enable, handle: 2, name: lsm6ds3_accel, enable: 0
06-24 14:37:05.758425  1033  1078 D SensorService: ~SensorEventConnection(0x7f7cb21420)
06-24 14:37:05.758450  1033  1078 D SensorService: 1 active sensors
06-24 14:37:05.758477  1033  1078 D SensorService: removing connection 0x7f7cb21420 for sensor[0].handle=0x00000009
06-24 14:37:05.758829  1033  1078 V KeyguardServiceDelegate: onScreenTurnedOff()
06-24 14:37:05.763791   335   335 D SurfaceFlinger: Set power mode=0, type=0 flinger=0x7f7bdc3c00
06-24 14:37:05.763867   335   335 I hwcomposer: [HWC] SetPowerMode(0) Display(0)
06-24 14:37:05.769576   366   571 D AALService: onBacklightChanged: 164/1023 -> 0/1023(phy:0/4095)
06-24 14:37:05.769627   366   571 D AALService: onBacklightChanged: change screen state 3(On) -> 0(Off)
06-24 14:37:05.769652   366   571 E AALLightSensor: /dev/aal_als open failed.
06-24 14:37:05.769945   366   571 D AALService: Output backlight = 0/1023, CABC gain = 256
06-24 14:37:05.772272  1341  1341 D ImageWallpaper: onVisibilityChanged: mVisible, visible=true, false
06-24 14:37:05.772352  1341  1341 D ImageWallpaper: Visibility changed to visible=false
06-24 14:37:05.926463   409   409 I ADB_SERVICES: service_to_fd tcp:10201
06-24 14:37:05.934173 13485 13510 D FlymeTrafficTracking: tag  (124) com.wandoujia.phoenix2.usbproxy New I/O server boss #3 uid 10123
06-24 14:37:05.934268 13485 13510 D NetworkManagementSocketTagger: tagSocket(124) with statsTag=0xffffffff, statsUid=-1
06-24 14:37:05.934893 13485 13510 I System.out: close [socket][/:::-1]
06-24 14:37:05.935573 13485 13508 I System.out: [CDS]EAGAIN in Recvfrom
06-24 14:37:05.941802   409   409 I ADB_SERVICES: recv: CLSE 0000601b 0000aeda 
06-24 14:37:05.942410 13485 13508 I NetworkManagementSocketTagger: untagSocket(124)
06-24 14:37:05.942499 13485 13508 D FlymeTrafficTracking: untag(124) com.wandoujia.phoenix2.usbproxy New I/O worker #1 uid 10123 8ms
06-24 14:37:06.066224  1341  1341 V PhoneStatusBar: onReceive: Intent { act=android.intent.action.CLOSE_SYSTEM_DIALOGS flg=0x50000010 (has extras) }
06-24 14:37:06.068110  2107  2107 D Launcher: mWaitingForResult is false!
06-24 14:37:06.290084  1033  1280 D SurfaceControl: Excessive delay in setPowerMode(): 530ms
06-24 14:37:06.290156   335   335 D MALI    : eglCreateImageKHR:511: [Crop] 0 0 0 0  img[1080 1920] 
06-24 14:37:06.291927  1341  1934 W MALI    : winsysp_window_buffer_get:2269: [MALI] warning, dequeueBuffer takes more than 300ms here. Total elapse time: 517897
06-24 14:37:06.292239   335   335 I hwcomposer: [GAME] game: 0 notify gas
06-24 14:37:06.292266   335   335 I SceneKnowledgeProvider: SKP: notifyChange(0, 0, -1)
06-24 14:37:06.292774  2436  2441 D GasService: Bn: sendAppInfo(0, 0, 335)
06-24 14:37:06.290284  1033  1280 I libsuspend: autosuspend_debugger_enable
06-24 14:37:06.293399  1033  1280 I libsuspend: autosuspend_debugger_enable done
06-24 14:37:06.294063  1033  1080 I libsuspend: ws name: PowerManagerService.Display, act_since: 97726, act_cnt: 4, ev_cnt: 4, wakeup_cnt: 0
06-24 14:37:06.294128  1033  1080 I libsuspend: ws name: wmtFuncCtrl, act_since: 3, act_cnt: 360, ev_cnt: 360, wakeup_cnt: 10
06-24 14:37:06.294157  1033  1080 I libsuspend: ws name: MT662x, act_since: 3, act_cnt: 1443, ev_cnt: 1443, wakeup_cnt: 90
06-24 14:37:06.294201  1033  1080 I libsuspend: ws name: battery suspend wakelock, act_since: 2595065, act_cnt: 15, ev_cnt: 2183, wakeup_cnt: 6
06-24 14:37:06.294231  1033  1080 I libsuspend: ws name: mlp_wakeup_source, act_since: 4, act_cnt: 282, ev_cnt: 282, wakeup_cnt: 6
06-24 14:37:06.294299  1033  1080 I libsuspend: ws name: ccci3_at, act_since: 509, act_cnt: 291, ev_cnt: 3934, wakeup_cnt: 82
06-24 14:37:06.294338  1033  1080 I libsuspend: ws name: ccci3_tty1, act_since: 506, act_cnt: 8, ev_cnt: 2113, wakeup_cnt: 0
06-24 14:37:06.294442  1033  1080 I libsuspend: ws name: ttyC0, act_since: 515, act_cnt: 11026, ev_cnt: 38648, wakeup_cnt: 835
06-24 14:37:06.294495  1033  1080 I libsuspend: ws name: USB.lock, act_since: 2594822, act_cnt: 13, ev_cnt: 13, wakeup_cnt: 0
06-24 14:37:06.299581  1033  1269 D PerfServiceManager: [PerfService] MESSAGE_TIMER_RENDER_AWARE_DURATION timeout 
06-24 14:37:06.300358   335   335 D MALI    : eglCreateImageKHR:511: [Crop] 0 0 0 0  img[1080 1920] 
06-24 14:37:06.303728  1341  1341 V PhoneStatusBar: onReceive: Intent { act=android.intent.action.ACCESS_CONTROL_CHANGED flg=0x10 }
06-24 14:37:06.303796  1341  1341 V PhoneStatusBar: ACCESS_CONTROL_CHANGED!!!
06-24 14:37:06.303867  1341  1341 V PhoneStatusBar: changed pkg = null
06-24 14:37:06.305514  1341  1341 D ChargeViewUtils: onNotificationCountChaned hasActiveNotifications = true, mHasActiveNotifications = true
06-24 14:37:06.305585  1341  1341 I PhoneStatusBar: updateNotificationCountChange,mLastHasNotification:true , hasActiveNotifications:true
06-24 14:37:06.306029  1341  1341 V PhoneStatusBar: DEBUG_MEDIA: updateDropViews for notification null metadata=null metaDataChanged=false state=1 notificationChanged = false hasArtwork false wallpaperChanged = false
06-24 14:37:06.306179  1341  1341 V PhoneStatusBar: onReceive: Intent { act=android.intent.action.ACCESS_CONTROL_CHANGED flg=0x10 }
06-24 14:37:06.306211  1341  1341 V PhoneStatusBar: ACCESS_CONTROL_CHANGED!!!
06-24 14:37:06.306248  1341  1341 V PhoneStatusBar: changed pkg = null
06-24 14:37:06.309383  8595  8595 D PowerCutOffAwakenAppManager: receive intent: android.intent.action.SCREEN_OFF
06-24 14:37:06.311869  2738  2850 V SQLiteCursor: Cursor open object=126946199
06-24 14:37:06.311869  2738  2850 V SQLiteCursor: java.lang.Throwable: stacktrace
06-24 14:37:06.311869  2738  2850 V SQLiteCursor: 	at android.database.sqlite.SQLiteCursor.<init>(SQLiteCursor.java:117)
06-24 14:37:06.311869  2738  2850 V SQLiteCursor: 	at android.database.sqlite.SQLiteDirectCursorDriver.query(SQLiteDirectCursorDriver.java:50)
06-24 14:37:06.311869  2738  2850 V SQLiteCursor: 	at android.database.sqlite.SQLiteDatabase.rawQueryWithFactory(SQLiteDatabase.java:1350)
06-24 14:37:06.311869  2738  2850 V SQLiteCursor: 	at android.database.sqlite.SQLiteDatabase.queryWithFactory(SQLiteDatabase.java:1197)
06-24 14:37:06.311869  2738  2850 V SQLiteCursor: 	at android.database.sqlite.SQLiteDatabase.query(SQLiteDatabase.java:1068)
06-24 14:37:06.311869  2738  2850 V SQLiteCursor: 	at android.database.sqlite.SQLiteDatabase.query(SQLiteDatabase.java:1236)
06-24 14:37:06.311869  2738  2850 V SQLiteCursor: 	at com.meizu.power.provider.PowerProvider.query(PowerProvider.java:89)
06-24 14:37:06.311869  2738  2850 V SQLiteCursor: 	at android.content.ContentProvider.query(ContentProvider.java:1140)
06-24 14:37:06.311869  2738  2850 V SQLiteCursor: 	at android.content.ContentProvider$Transport.query(ContentProvider.java:262)
06-24 14:37:06.311869  2738  2850 V SQLiteCursor: 	at android.content.ContentProviderNative.onTransact(ContentProviderNative.java:112)
06-24 14:37:06.311869  2738  2850 V SQLiteCursor: 	at android.os.Binder.execTransact(Binder.java:463)
06-24 14:37:06.312727  2738  2850 D CursorWindowStats: Created a new Cursor. # Open Cursors=1 (# cursors opened by pid 8595=1)
06-24 14:37:06.312951  2738  2850 V SQLiteStatements: /data/user/0/com.meizu.safe/databases/power.db: "SELECT value FROM setting WHERE key = 'enable_cut_app_awaken'  ORDER BY key"
06-24 14:37:06.313398  2738  2850 V SQLiteTime: /data/user/0/com.meizu.safe/databases/power.db: "SELECT value FROM setting WHERE key = ?  ORDER BY key" took 1.000 ms
06-24 14:37:06.313488  2738  2850 D SQLiteCursor: received count(*) from native_fill_window: 1
06-24 14:37:06.315218  8595  8618 V ProviderLeakDetecter: Cursor Open:104560516 Total Opened Cursor Count:1.
06-24 14:37:06.315754  2738  2749 V SQLiteCursor: Cursor close object=126946199
06-24 14:37:06.316727  8595  8618 V ProviderLeakDetecter: Cursor Close:104560516 Total Opened Cursor Count:0.
06-24 14:37:06.316786  1341  1341 D ChargeViewUtils: onNotificationCountChaned hasActiveNotifications = true, mHasActiveNotifications = true
06-24 14:37:06.316804  8595  8618 D PowerCutOffAwakenAppManager: do save cut app awaken
06-24 14:37:06.316825  1341  1341 I PhoneStatusBar: updateNotificationCountChange,mLastHasNotification:true , hasActiveNotifications:true
06-24 14:37:06.316881  8595  8618 D PowerCutOffAwakenAppManager: send app cut off intent: act.intercept.MODE
06-24 14:37:06.318004  1341  1341 V PhoneStatusBar: DEBUG_MEDIA: updateDropViews for notification null metadata=null metaDataChanged=false state=1 notificationChanged = false hasArtwork false wallpaperChanged = false
06-24 14:37:06.321401   335   624 W hwcomposer: [JOB] (0) Timed out waiting for vsync...
06-24 14:37:06.324804  1033  1033 I MzPowerStateMachine: power state machine receive action: android.intent.action.SCREEN_OFF
06-24 14:37:06.324887  1033  1033 I MzPowerStateMachine: ACTION_SCREEN_OFF
06-24 14:37:06.327590   409   409 I ADB_SERVICES: service_to_fd shell:dumpsys iphonesubinfo
06-24 14:37:06.328139 12902 15216 D #MZ_FM# : item view update time 1466750226328
06-24 14:37:06.328227 12902 15216 D #MZ_FM# : file changed /storage/emulated/0/adb.jar
06-24 14:37:06.328319   409   409 I ADB_SERVICES: create_subproc ret_fd=22 pid=18072
06-24 14:37:06.341138  1341  1341 W recents.Component: create a new LoadPlan to load thumbnail -- background
06-24 14:37:06.344491  1033  1033 D WifiStateMachine: onReceive, action:android.intent.action.SCREEN_OFF
06-24 14:37:06.346282  2435  2443 D FRR     : buff=0x7f798b22a0, len=174
06-24 14:37:06.346315  2435  2443 D FRR     : uevent[0]=0x7f798b22a0, len=58, "change@/devices/platform/leds-mt65xx/leds/button-backlight"
06-24 14:37:06.346326  2435  2443 D FRR     : voteFps(60, 0)
06-24 14:37:06.346338  2435  2443 D FRR     : ThermalListener loop:
06-24 14:37:06.349963  1033  1244 E native  : do suspend true
06-24 14:37:06.353813  1033  1033 D LedTest : mNotificationLight.turnOffFlick() && turnOffDoubleFlick() called!
06-24 14:37:06.353958  2435  2443 D FRR     : buff=0x7f798b22a0, len=174
06-24 14:37:06.353983  2435  2443 D FRR     : uevent[0]=0x7f798b22a0, len=58, "change@/devices/platform/leds-mt65xx/leds/button-backlight"
06-24 14:37:06.353995  2435  2443 D FRR     : voteFps(60, 0)
06-24 14:37:06.354006  2435  2443 D FRR     : ThermalListener loop:
06-24 14:37:06.355104 12902 15216 D #MZ_FM# : update file /storage/emulated/0/adb.jar
06-24 14:37:06.355895  1033  1033 D AudioSystem: +setParameters(): screen_state=off 
06-24 14:37:06.356477   353  1261 D AudioALSAHardware: +setParameters(): screen_state=off
06-24 14:37:06.356631   353  1261 D AudioALSAStreamOut: +setLowLatencyMode(), mode 0
06-24 14:37:06.356655   353  1261 D AudioALSAHardware: -setParameters(): screen_state=off 
06-24 14:37:06.356679   353  1261 D usb_audio_hw: adev_set_parameters: kvpairs = screen_state=off
06-24 14:37:06.356998  1033  1033 D AudioSystem: -setParameters(): screen_state=off 
06-24 14:37:06.361206 12902 15216 D DiskDirectory: item size:549045  file length:549045
06-24 14:37:06.361281  1033  1033 D PerfService: [PerfService] Intent.ACTION_SCREEN_OFF 
06-24 14:37:06.361449  1033  1269 D PerfServiceManager: [PerfService] MESSAGE_USER_DISABLE_ALL 
06-24 14:37:06.371362  1341  1341 W recents.Performance: preload while task Change spend : 35
06-24 14:37:06.378777  1341  1341 D VolumePanel.0fc79abd: forceTimeout delay=0 callers=com.android.systemui.volume.VolumePanel.postDismiss:994 com.android.systemui.volume.VolumePanel$6.onReceive:598 android.app.LoadedApk$ReceiverDispatcher$Args.run:942 
06-24 14:37:06.379206  1341  1341 D VolumePanel: [GJ_VOLUME_1] msg.what = 5
06-24 14:37:06.381319   409 18073 I ADB_SERVICES: shell exited fd=22 of pid=18072 err=0
06-24 14:37:06.395233  1341  1341 V PhoneStatusBar: onReceive: Intent { act=android.intent.action.SCREEN_OFF flg=0x50000010 }
06-24 14:37:06.395584  1341  1341 V PhoneStatusBar: hiding heads up window
06-24 14:37:07.031221   386   386 I thermal_src: wake up function 3
06-24 14:37:07.031360   386   386 I thermal_src: TA_DAEMON_CMD_GET_TPCB cmd=0x5, len=4 PCB=32000
06-24 14:37:07.031378   386   386 I thermal_src: TA_DAEMON_CMD_SET_TTJ cmd=0x4, len=4 Tj=85000
06-24 14:37:07.031409   386   386 I thermal_src: waiting NOTIFY from kernel...
06-24 14:37:07.307674  9796  9804 I System  : FinalizerDaemon: finalize objects = 147
06-24 14:37:07.310714  9796  9804 D WifiManager: Enter finalize, sThreadRefCount:5
06-24 14:37:07.313671  9796  9845 D OpenGLRenderer: ~CanvasContext() 0x7f86f65800
06-24 14:37:07.323832  9796  9845 D OpenGLRenderer: ~CanvasContext() 0x7f92095000
06-24 14:37:07.324919  9796  9845 D OpenGLRenderer: ~CanvasContext() 0x7f92098800
06-24 14:37:07.370471  1033  1069 D GpsLocationProvider: receive broadcast intent, action: android.intent.action.SCREEN_OFF
06-24 14:37:07.379293  1341  1341 D NetworkController.MobileSignalController(1): onDataActivity: direction=0
06-24 14:37:07.379361  1341  1341 D NetworkController.MobileSignalController(1): isDirty : false
06-24 14:37:07.381511  1341  1341 D NetworkController.MobileSignalController(1): onDataActivity: direction=0
06-24 14:37:07.381553  1341  1341 D NetworkController.MobileSignalController(1): isDirty : false
06-24 14:37:07.390066   841   844 D EMDLOGGER1: CTRL_reader: incoming SPLM req, msgid=6, token=0, result=0
06-24 14:37:07.390096   841   844 I EMDLOGGER1: [MDLOG] [stats][buf] L1 : data:0x2ce6 last:0x5521fc74; (1, 0x483c, 0x5521ee4d)(3, 0x3e8, 0x55219b65)PS : data:0x4c24 last:0x5521ee4d; L2 : data:0x305e last:0x5521fc74; 
06-24 14:37:07.390997   841   844 D EMDLOGGER1: CTRL_reader: incoming SPLM req, msgid=6, token=0, result=0
06-24 14:37:07.391014   841   844 I EMDLOGGER1: [MDLOG] [stats][mux] MCU_P (0x2f30, @0x552177f3) MCU_L (0x18290, @0x5521ef9b) DSP : data:0x0 last:0xc89a196; 
06-24 14:37:07.391031   841   844 D EMDLOGGER1: CTRL_reader: incoming SPLM req, msgid=6, token=0, result=0
06-24 14:37:07.391038   841   844 I EMDLOGGER1: [MDLOG] [discard]PS: 0x0 Prim: 0x0 L1: 0x0 L2: 0x0
06-24 14:37:07.395297  1341  1341 D NetworkController.MobileSignalController(1): onDataActivity: direction=0
06-24 14:37:07.395341  1341  1341 D NetworkController.MobileSignalController(1): isDirty : false
06-24 14:37:07.399912  1341  1341 D NetworkController.MobileSignalController(1): onDataActivity: direction=0
06-24 14:37:07.399969  1341  1341 D NetworkController.MobileSignalController(1): isDirty : false
06-24 14:37:07.406430   409   409 I ADB_SERVICES: service_to_fd shell:dumpsys iphonesubinfo
06-24 14:37:07.407059   409   409 I ADB_SERVICES: create_subproc ret_fd=22 pid=18074
06-24 14:37:07.436734  7904  7904 D ConditionReceiver: Action: android.intent.action.SCREEN_OFF bAutoDownload: true
06-24 14:37:07.438068  7904  7925 D JobSchedulerService: Schedule job: 101
06-24 14:37:07.442190  8595  8595 I MzPowerStateMachine: power state machine receive action: android.intent.action.SCREEN_OFF
06-24 14:37:07.442266  8595  8595 I MzPowerStateMachine: ACTION_SCREEN_OFF
06-24 14:37:07.442391  8595  8615 D MzPowerStateMachine: verifyStateChange: currentState = ACTIVE enterState = WAIT_PAUSE canchange = true
06-24 14:37:07.442434  8595  8615 D MzPowerStateMachine: handleStateChange: stateMode = WAIT_PAUSE don't change state!
06-24 14:37:07.442539  8595  8615 D MzPowerStateMachine: STATE_MODE_WAIT_PAUSE: doNotify
06-24 14:37:07.442608  8595  8615 D MzPowerStateMachine: Notify TimeThread
06-24 14:37:07.442967  8595  8616 D MzPowerStateMachine: TimeThread must pause
06-24 14:37:07.443022  8595  8616 D MzPowerStateMachine: TimeThread wait
06-24 14:37:07.453436  7904  7904 D ConditionReceiver: Action: android.intent.action.SCREEN_OFF bAutoDownload: true
06-24 14:37:07.457420  7904  7925 I a       : >>Screen off and scheduler download
06-24 14:37:07.459556   409 18075 I ADB_SERVICES: shell exited fd=22 of pid=18074 err=0
06-24 14:37:07.460432  9757  9757 D StandbyModeManager: onReceive action: android.intent.action.SCREEN_OFF
06-24 14:37:07.460540  9757  9757 D StandbyModeManager: stop try start standby by mobileOff ON when screenoff
06-24 14:37:07.464309  9757  9757 D MSF.C.LogManager: onReceive broadcastreceiver.action = android.intent.action.SCREEN_OFF
06-24 14:37:07.487414  7904  7904 D ConditionReceiver: Action: android.intent.action.SCREEN_OFF bAutoDownload: true
06-24 14:37:07.508017  7904  7904 D ConditionReceiver: Action: android.intent.action.SCREEN_OFF bAutoDownload: true
06-24 14:37:07.627335  9430  9442 D FlymeTrafficTracking: tag  (19) com.mediatek.atci.service AtciReceiver uid 1000
06-24 14:37:07.627424  9430  9442 D FlymeTrafficTracking: set tracking tag com.mediatek.atci.service 800cffff
06-24 14:37:07.627460  9430  9442 D NetworkManagementSocketTagger: tagSocket(19) with statsTag=0x800cffff, statsUid=-1
06-24 14:37:07.628134  9430  9442 I NetworkManagementSocketTagger: untagSocket(19)
06-24 14:37:07.628233  9430  9442 D FlymeTrafficTracking: untag(19) com.mediatek.atci.service AtciReceiver uid 1000 1ms
06-24 14:37:08.233467  1341  1341 D PanelView: UpdateClockOrMusicView alpha = 1.0, translationY = 159.0
06-24 14:37:08.464227   409   409 I ADB_SERVICES: service_to_fd shell:dumpsys iphonesubinfo
06-24 14:37:08.464870   409   409 I ADB_SERVICES: create_subproc ret_fd=22 pid=18079
06-24 14:37:08.494793   409 18080 I ADB_SERVICES: shell exited fd=22 of pid=18079 err=0
06-24 14:37:08.872746 12902 15216 D #MZ_FM# : item view update time 1466750228872
06-24 14:37:08.872885 12902 15216 D #MZ_FM# : file changed /storage/emulated/0/adb.jar
06-24 14:37:08.873043 12902 15216 D #MZ_FM# : update file /storage/emulated/0/adb.jar
06-24 14:37:08.873215 12902 15216 D DiskDirectory: item size:549045  file length:549045
06-24 14:37:09.158188   409   409 I ADB_SERVICES: service_to_fd tcp:10201
06-24 14:37:09.202591 13485 13510 D FlymeTrafficTracking: tag  (124) com.wandoujia.phoenix2.usbproxy New I/O server boss #3 uid 10123
06-24 14:37:09.202699 13485 13510 D NetworkManagementSocketTagger: tagSocket(124) with statsTag=0xffffffff, statsUid=-1
06-24 14:37:09.204103 13485 13509 I System.out: [CDS]EAGAIN in Recvfrom
06-24 14:37:09.206707 13485 13510 I System.out: close [socket][/:::-1]
06-24 14:37:09.210051   409   409 I ADB_SERVICES: recv: CLSE 0000603a 0000aede 
06-24 14:37:09.211729 13485 13509 I NetworkManagementSocketTagger: untagSocket(124)
06-24 14:37:09.211870 13485 13509 D FlymeTrafficTracking: untag(124) com.wandoujia.phoenix2.usbproxy New I/O worker #2 uid 10123 9ms
06-24 14:37:09.386411   409   409 I ADB_SERVICES: service_to_fd tcp:10201
06-24 14:37:09.389895 13485 13510 D FlymeTrafficTracking: tag  (124) com.wandoujia.phoenix2.usbproxy New I/O server boss #3 uid 10123
06-24 14:37:09.389979 13485 13510 D NetworkManagementSocketTagger: tagSocket(124) with statsTag=0xffffffff, statsUid=-1
06-24 14:37:09.392029 13485 13508 I System.out: [CDS]EAGAIN in Recvfrom
06-24 14:37:09.400441 13485 13510 I System.out: close [socket][/:::-1]
06-24 14:37:09.405342   409   409 I ADB_SERVICES: service_to_fd tcp:10201
