06-24 14:37:03.544061 23823 23845 W MTKLogger/MultiModemLog: Not supported message: 0
06-24 14:37:03.544463   841   844 D EMDLOGGER1: CTRL_reader: incoming SPLM req, msgid=6, token=0, result=0
06-24 14:37:03.544480   841   844 I EMDLOGGER1: [MDLOG] Recv LOGGING_IS_READY_V2 (0)! EARLY_LOG (0) PAUSED (1)
06-24 14:37:03.545262   841   844 D EMDLOGGER1: CTRL_reader: incoming SPLM req, msgid=6, token=0, result=0
06-24 14:37:03.545280   841   844 I EMDLOGGER1: [MDLOG] [MD] Set Logging Mode to SD Card Logging Mode!
06-24 14:37:03.546312   841   844 I EMDLOGGER1: CTRL reader: got response, msgid=0 token=6 result=1
06-24 14:37:03.546701   841 20357 I EMDLOGGER1: thrMDLogReader: resume from pause state
06-24 14:37:03.546809   841   846 I EMDLOGGER1: Set name mdl_seek_filter for thread(871f9440)
06-24 14:37:03.546821   841   846 I EMDLOGGER1: Set detach  mdl_seek_filter for thread(871f9440)
06-24 14:37:03.546980   841 20358 I EMDLOGGER1: thrMDLogWriter: resume from pause state
06-24 14:37:03.547241   784   791 D EMDLOGGER3: Set auto start mode: 2
06-24 14:37:03.547352   784   791 I EMDLOGGER3: MDL: START Logging, mode=2
06-24 14:37:03.547398   784   791 D EMDLOGGER3: startMDLogging: no mode change, resume
06-24 14:37:03.547406   784   791 I EMDLOGGER3: MDL: RESUME Logging
06-24 14:37:03.547452   841   846 D EMDLOGGER1: setproperty debug.mdlogger.Running: 1.
06-24 14:37:03.547468   841   846 D EMDLOGGER1: MDCommEngine.resume: done.
06-24 14:37:03.547480   841   846 I EMDLOGGER1: Need create log recycle thread.
06-24 14:37:03.547504   784   791 D EMDLOGGER3: MDCommEngine.resume:start
06-24 14:37:03.547580   784   791 D EMDLOGGER3: LogWriter: Logging is resumed
06-24 14:37:03.547595   784   791 I EMDLOGGER3: init Cather BinPath.
06-24 14:37:03.547740   784   791 D EMDLOGGER3: Normal Mode 0
06-24 14:37:03.547822   841   846 I EMDLOGGER1: Set name mdl_recycle for thread(8703f440)
06-24 14:37:03.547836   841   846 I EMDLOGGER1: Set detach  mdl_recycle for thread(8703f440)
06-24 14:37:03.547849   841   846 D EMDLOGGER1: resumeLogging: MD engine success to resume log.
06-24 14:37:03.547893   841   846 I EMDLOGGER1: mdlogger send ACK deep_start,2,2,1
06-24 14:37:03.547907   841   846 D EMDLOGGER1: mdlogger socket select start
06-24 14:37:03.548155 23823 23850 V MTKLogger/LogConnection: Response from native byte size=16
06-24 14:37:03.548215   784   791 I EMDLOGGER3: get sd config path from Log2SD property is internal_sd.
06-24 14:37:03.548243   784   791 D EMDLOGGER3: Get SDSwap internal real Path none
06-24 14:37:03.548255   784   791 D EMDLOGGER3: cheptest mode = 0
06-24 14:37:03.548276 23823 23850 I MTKLogger/MultiModemLog: -->dealWithResponse(), resp=deep_start,2,2,1
06-24 14:37:03.548580   841   844 D EMDLOGGER1: CTRL_reader: incoming SPLM req, msgid=6, token=0, result=0
06-24 14:37:03.548600   841   844 I EMDLOGGER1: [MDLOG] [SD] Set TOOL_CONNECT to True!
06-24 14:37:03.548959   841 18040 I EMDLOGGER1: start Logging Recycle Thread
06-24 14:37:03.548974   841 18040 I EMDLOGGER1: start Logging Recycle
06-24 14:37:03.549042 23823 23845 I MTKLogger/MultiModemLog: Handle receive message, what=25, msg.arg1=[9]
06-24 14:37:03.549184   841 18039 I EMDLOGGER1: Detect filter thread started!
06-24 14:37:03.549185 23823 23845 D MTKLogger/MultiModemLog: Got an update event, new state = 1, reason=null
06-24 14:37:03.549313 23823 23845 I MTKLogger/MultiModemLog: -->notifyServiceStatus(), status=1,  reason=[]
06-24 14:37:03.549937   784   791 D EMDLOGGER3: SD_LOG_ROOT is /storage/emulated/0/mtklog/mdlog3.
06-24 14:37:03.549960   784   791 I EMDLOGGER3: MAL_GetModemSuffix: begin
06-24 14:37:03.550036   784   791 D EMDLOGGER3: CATCHER_FILTER_PATH: /storage/emulated/0/mtklog/mdlog3_config/catcher_filter_3_3g_n.bin
06-24 14:37:03.550049   784   791 D EMDLOGGER3: Create log file on SD card
06-24 14:37:03.550626   784   791 D EMDLOGGER3: Success to create log folder /storage/emulated/0/mtklog/mdlog3/MDLog3_2016_0624_143703
06-24 14:37:03.550642   784   791 D EMDLOGGER3: Generate log folder tree file, isFolderTrue:1, isNewCreat:0
06-24 14:37:03.550725   784   791 D EMDLOGGER3: File /storage/emulated/0/mtklog/mdlog3/file_tree.txt open.
06-24 14:37:03.550928   784   791 D EMDLOGGER3: Success to write file tree file.
06-24 14:37:03.552543   841 18040 D EMDLOGGER1: Get recycle size: 2000 M
06-24 14:37:03.552634   784   791 D EMDLOGGER3: Modem db folder path is NULL. No need to copy MD DB file.
06-24 14:37:03.552651   784   791 D EMDLOGGER3: Generate version file
06-24 14:37:03.552889   784   791 D EMDLOGGER3: File /storage/emulated/0/mtklog/mdlog3/MDLog3_2016_0624_143703/version_info.txt open.
06-24 14:37:03.552912   784   791 D EMDLOGGER3: MAL_GetModemVersion: 1
06-24 14:37:03.552955   784   791 D EMDLOGGER3: Modem Version: SIXTH.CBP.MD.MP3.V21.3_P17 2,24,16,21,45
06-24 14:37:03.552991   784   791 D EMDLOGGER3: Android Version: alps-mp-m0.mp9-V1.13.2_meizu6797.6c.m
06-24 14:37:03.553002   784   791 D EMDLOGGER3: getGsmProjectBaseband: MD idx is 3
06-24 14:37:03.553014   784   791 D EMDLOGGER3: Project Version: MEIZU6797_6C_M(LWCTG)
06-24 14:37:03.553041   784   791 D EMDLOGGER3: Success to write version file.
06-24 14:37:03.555133   784   791 D EMDLOGGER3: Open log file /storage/emulated/0/mtklog/mdlog3/MDLog3_2016_0624_143703/MDLog3_2016_0624_143703.muxraw.tmp.
06-24 14:37:03.555210   784   791 D EMDLOGGER3: Create log files: All 1 log files have been created.
06-24 14:37:03.555223   784   791 D EMDLOGGER3: Generate log folder tree file, isFolderTrue:0, isNewCreat:0
06-24 14:37:03.555421   784   791 D EMDLOGGER3: File /storage/emulated/0/mtklog/mdlog3/MDLog3_2016_0624_143703/file_tree.txt open.
06-24 14:37:03.555451   784   791 D EMDLOGGER3: Success to write file tree file.
06-24 14:37:03.555499   784   791 D EMDLOGGER3: MAL_OnLoggingResume
06-24 14:37:03.555517   784   791 I EMDLOGGER3: mdlog_reader_thread resume, opening log port
06-24 14:37:03.555536   784   791 D EMDLOGGER3: eemcs_port_open: port /dev/ccci3_tty1
06-24 14:37:03.555637   784   791 D EMDLOGGER3: MAL_OnLoggingResume: md_log port opened
06-24 14:37:03.555666   784   791 D EMDLOGGER3: MAL_OnLoggingStart: Send SPLM_A2M_AP_LOGGING_IS_READY
06-24 14:37:03.555678   784   791 I EMDLOGGER3: splm_send_req: msg=0, plen=4, token=6, retry=5
06-24 14:37:03.558296 23823 23845 D MTKLogger/LogInstance: -->updateStatusBar(), logType=2, titleRes=2131296259, enable=true
06-24 14:37:03.559834 23823 18042 D MTKLogger/MTKLoggerService:  mStartStopRespHandler receive message, what=1, arg1=2, arg2=1
06-24 14:37:03.560075 23823 18042 D MTKLogger/MTKLoggerService: -->handleLogStateChangeMsg(), mCachedStartStopCmd = 23
06-24 14:37:03.560137 23823 18042 D MTKLogger/MTKLoggerService:  MSG_LOG_STATE_CHANGED, logType=2, result=1, reason=[]
06-24 14:37:03.560177 23823 18042 D MTKLogger/MTKLoggerService: Still waiting start/stop command response, mark it as finished.
06-24 14:37:03.560249 23823 18042 I MTKLogger/MTKLoggerService: Log become enable again, logType=2
06-24 14:37:03.562077   784   790 I EMDLOGGER3: CTRL reader: got response, msgid=0 token=6 result=1
06-24 14:37:03.562391   784 20362 I EMDLOGGER3: thrMDLogReader: resume from pause state
06-24 14:37:03.562392   784 20363 I EMDLOGGER3: thrMDLogWriter: resume from pause state
06-24 14:37:03.562514   784   791 I EMDLOGGER3: Set name mdl_seek_filter for thread(87f7f440)
06-24 14:37:03.562525   784   791 I EMDLOGGER3: Set detach  mdl_seek_filter for thread(87f7f440)
06-24 14:37:03.562526   784 18043 I EMDLOGGER3: Detect filter thread started!
06-24 14:37:03.563009   784   791 D EMDLOGGER3: setproperty debug.mdlogger.Running: 1.
06-24 14:37:03.563035   784   791 D EMDLOGGER3: MDCommEngine.resume: done.
06-24 14:37:03.563046   784   791 I EMDLOGGER3: Need create log recycle thread.
06-24 14:37:03.563228   784   791 I EMDLOGGER3: Set name mdl_recycle for thread(87b83440)
06-24 14:37:03.563245   784   791 I EMDLOGGER3: Set detach  mdl_recycle for thread(87b83440)
06-24 14:37:03.563254   784   791 D EMDLOGGER3: resumeLogging: MD engine success to resume log.
06-24 14:37:03.563376   784   791 I EMDLOGGER3: mdlogger send ACK deep_start,2,2,1
06-24 14:37:03.563400   784   791 D EMDLOGGER3: mdlogger socket select start
06-24 14:37:03.563435   784 18044 I EMDLOGGER3: start Logging Recycle Thread
06-24 14:37:03.563445   784 18044 I EMDLOGGER3: start Logging Recycle
06-24 14:37:03.563495 23823 23849 V MTKLogger/LogConnection: Response from native byte size=16
06-24 14:37:03.563595 23823 23849 I MTKLogger/MultiModemLog: -->dealWithResponse(), resp=deep_start,2,2,1
06-24 14:37:03.563788 23823 23845 I MTKLogger/MultiModemLog: Handle receive message, what=25, msg.arg1=[11]
06-24 14:37:03.563859 23823 23845 D MTKLogger/MultiModemLog: Got an update event, new state = 1, reason=null
06-24 14:37:03.563915 23823 23845 I MTKLogger/MultiModemLog: -->notifyServiceStatus(), status=1,  reason=[]
06-24 14:37:03.565029   784 18044 D EMDLOGGER3: Get recycle size: 2000 M
06-24 14:37:03.566430 23823 23845 D MTKLogger/LogInstance: -->updateStatusBar(), logType=2, titleRes=2131296259, enable=true
06-24 14:37:03.566524 23823 23845 W MTKLogger/LogInstance: Too frequent status bar update request, slow down.
06-24 14:37:03.567508 23823 18045 D MTKLogger/MTKLoggerService:  mStartStopRespHandler receive message, what=1, arg1=2, arg2=1
06-24 14:37:03.567579 23823 18045 D MTKLogger/MTKLoggerService: -->handleLogStateChangeMsg(), mCachedStartStopCmd = 21
06-24 14:37:03.567620 23823 18045 D MTKLogger/MTKLoggerService:  MSG_LOG_STATE_CHANGED, logType=2, result=1, reason=[]
06-24 14:37:03.567671 23823 18045 W MTKLogger/MTKLoggerService: No cached start/stop command for this log, treat it as self change
06-24 14:37:03.567705 23823 18045 W MTKLogger/MTKLoggerService: update multi modem log state!
06-24 14:37:03.593568  1033  1269 D PerfServiceManager: [PerfService] MESSAGE_TIMEOUT:101 
06-24 14:37:03.593673  1033  1269 I libPerfService: 1: set vcore level: 0
06-24 14:37:03.616468  1033  1071 D STATUSBARCOLOR: mLastLightStatusBar=false
06-24 14:37:03.618216  1341  1341 D PhoneStatusBar: setSystemUiVisibility vis=8000 mask=ffffffff oldVal=a000 newVal=8000 diff=2000
06-24 14:37:03.625454  9430  9442 D FlymeTrafficTracking: tag  (19) com.mediatek.atci.service AtciReceiver uid 1000
06-24 14:37:03.625588  9430  9442 D FlymeTrafficTracking: set tracking tag com.mediatek.atci.service 800cffff
06-24 14:37:03.625619  9430  9442 D NetworkManagementSocketTagger: tagSocket(19) with statsTag=0x800cffff, statsUid=-1
06-24 14:37:03.626206  9430  9442 I NetworkManagementSocketTagger: untagSocket(19)
06-24 14:37:03.626293  9430  9442 D FlymeTrafficTracking: untag(19) com.mediatek.atci.service AtciReceiver uid 1000 1ms
06-24 14:37:03.630559   361 18034 I MobileLogD/dupm: dump /data/misc/mblog/mblog_history
06-24 14:37:03.634725  1341  1341 D PhoneStatusBar: hiding the MENU button
06-24 14:37:03.638907   335   747 I BufferQueueProducer: [StatusBar](this:0x7f77a87000,id:6,api:1,p:1341,c:335) queueBuffer: fps=10.54 dur=1991.91 max=1077.08 min=15.05
06-24 14:37:03.731735   361 18034 I MobileLogD/dupm: dump /proc/pl_lk
06-24 14:37:03.802457 23823 23841 I MTKLogger/NetworkLog: Handle receive message, what=1
06-24 14:37:03.802637 23823 23841 D MTKLogger/LogInstance: -->getStorageState(), currentLogPathType=internal_sd
06-24 14:37:03.802688 23823 23841 I MTKLogger/Utils: -->getInternalSdPath()
06-24 14:37:03.804539 23823 23841 I MTKLogger/Utils: /storage/emulated/0 is mounted!
06-24 14:37:03.805453 23823 23841 I MTKLogger/Utils: Is emulated and volumeInfo.getId() : emulated
06-24 14:37:03.805540 23823 23841 I MTKLogger/Utils: <--getInternalSdPath() : internalPath = /storage/emulated/0
06-24 14:37:03.805833 23823 23841 V MTKLogger: <--getLogPath(), type=internal_sd, string=/storage/emulated/0
06-24 14:37:03.808508 23823 23841 I MTKLogger/Utils: -->getInternalSdPath()
06-24 14:37:03.810495 23823 23841 I MTKLogger/Utils: /storage/emulated/0 is mounted!
06-24 14:37:03.810975 23823 23841 I MTKLogger/Utils: Is emulated and volumeInfo.getId() : emulated
06-24 14:37:03.811033 23823 23841 I MTKLogger/Utils: <--getInternalSdPath() : internalPath = /storage/emulated/0
06-24 14:37:03.811212 23823 23841 V MTKLogger: <--getLogPath(), type=internal_sd, string=/storage/emulated/0
06-24 14:37:03.811327 23823 23841 D MTKLogger: -->getAvailableStorageSize(), path=/storage/emulated/0, size=8907MB
06-24 14:37:03.811362 23823 23841 D MTKLogger/LogInstance: <--getStorageState(), storage is ready for log capture.
06-24 14:37:03.811413 23823 23841 I MTKLogger/Utils: -->getInternalSdPath()
06-24 14:37:03.813109 23823 23841 I MTKLogger/Utils: /storage/emulated/0 is mounted!
06-24 14:37:03.813545 23823 23841 I MTKLogger/Utils: Is emulated and volumeInfo.getId() : emulated
06-24 14:37:03.813592 23823 23841 I MTKLogger/Utils: <--getInternalSdPath() : internalPath = /storage/emulated/0
06-24 14:37:03.813786 23823 23841 V MTKLogger: <--getLogPath(), type=internal_sd, string=/storage/emulated/0
06-24 14:37:03.813857 23823 23841 I MTKLogger/LogConnection: -->send cmd: [set_storage_path,/storage/emulated/0] to [netdiag]
06-24 14:37:03.813891 23823 23841 D MTKLogger/LogConnection: Command builder success
06-24 14:37:03.822292 12902 15216 D #MZ_FM# : item view update time 1466750223822
06-24 14:37:03.822408 12902 15216 D #MZ_FM# : file changed /storage/emulated/0/adb.jar
06-24 14:37:03.822531 12902 15216 D #MZ_FM# : update file /storage/emulated/0/adb.jar
06-24 14:37:03.822669 12902 15216 D DiskDirectory: item size:549045  file length:549045
06-24 14:37:03.827788   363   397 E Netdiag : select out for fd=6,i=0  
06-24 14:37:03.827902   363   397 E Netdiag : commandlistening handle_message
06-24 14:37:03.827965   363   397 E Netdiag : commandlistening buffer set_storage_path,/storage/emulated/0
06-24 14:37:03.827988   363   397 E Netdiag : FD_CLR fd=6,index i:0
06-24 14:37:03.828008   363   397 D Netdiag : Add listener on socket server whose id=5
06-24 14:37:03.828028   363   397 D Netdiag : Add listener on former received socket client, fd=6
06-24 14:37:03.828046   363   397 E Netdiag : commandlistening unlock exit
06-24 14:37:03.829893   841 18038 D EMDLOGGER1: Copy DB /system/etc/mddb/DbgInfo_LR11.W1539.MD.MP_MEIZU6797_6C_M_MOLY_LR11_W1539_MD_MP_V12_2_P36_2016_03_29_15_01_1_ulwctg_n to /storage/emulated/0/mtklog/mdlog1/MDLog1_2016_0624_143703/DbgInfo_LR11.W1539.MD.MP_MEIZU6797_6C_M_MOLY_LR11_W1539_MD_MP_V12_2_P36_2016_03_29_15_01_1_ulwctg_n
06-24 14:37:03.832561   361 18034 I MobileLogD/dupm: dump /proc/bootprof
06-24 14:37:03.835593 23823 23841 I MTKLogger/LogConnection: <--send cmd done : [set_storage_path,/storage/emulated/0] to [netdiag]
06-24 14:37:03.835987 23823 23841 I MTKLogger/NetworkLog: limitedPackageSize=0
06-24 14:37:03.836063 23823 23841 I MTKLogger/LogConnection: -->send cmd: [tcpdump_sdcard_start_600] to [netdiag]
06-24 14:37:03.836115 23823 23841 D MTKLogger/LogConnection: Command builder success
06-24 14:37:03.836313   363   397 E Netdiag : select out for fd=6,i=0  
06-24 14:37:03.836351   363   397 E Netdiag : commandlistening handle_message
06-24 14:37:03.836404   363   397 E Netdiag : commandlistening buffer tcpdump_sdcard_start_600
06-24 14:37:03.836427   363   397 E Netdiag : COMMAND = tcpdump
06-24 14:37:03.836447   363   397 E Netdiag : location = sdcard
06-24 14:37:03.836465   363   397 E Netdiag : action = start
06-24 14:37:03.836497   363   397 E Netdiag : log size= 600
06-24 14:37:03.836648   363   397 D Netdiag : Ignore SIGPIPE to avoid possible NE
06-24 14:37:03.836675   363   397 E Netdiag : Tcpdump STARTING
06-24 14:37:03.838379   363   397 D Netdiag : checkdir start NTLog_name:NTLog_2016_0624_143703 commandlistening
06-24 14:37:03.839844 18046 18046 D Netdiag :  At start time, stop reason=.
06-24 14:37:03.839933 18046 18046 D Netdiag : -->tcpdump(), Parameter only contains log size, value=600
06-24 14:37:03.839924   363   397 D Netdiag :  At start time, stop reason=.
06-24 14:37:03.839969 18046 18046 D Netdiag : tcpdump_data ....
06-24 14:37:03.839991   363   397 D Netdiag : tcpdump service running pid=18046
06-24 14:37:03.840006 18046 18046 D Netdiag : property get :internal_sd
06-24 14:37:03.840019   363   397 E Netdiag : FD_CLR fd=6,index i:0
06-24 14:37:03.840028 18046 18046 D Netdiag : tcpdump_data(), getsd_result = 1, sd_path_config=internal_sd
06-24 14:37:03.840056 18046 18046 D Netdiag : get correct sdpath location is  /mnt/sdcard
06-24 14:37:03.840058   363   397 D Netdiag : Add listener on socket server whose id=5
06-24 14:37:03.840076 18046 18046 D Netdiag : location set as mStoragePath  /storage/emulated/0
06-24 14:37:03.840093   363   397 D Netdiag : Add listener on former received socket client, fd=6
06-24 14:37:03.840130   363   397 E Netdiag : commandlistening unlock exit
06-24 14:37:03.840505 18046 18046 D Netdiag : check_dir mtklog has exist
06-24 14:37:03.840587 18046 18046 D Netdiag : check_dir netlog has exist
06-24 14:37:03.840608 18046 18046 D Netdiag : checkdir NTLog_name:NTLog_2016_0624_143703 begin~~
06-24 14:37:03.841839 18046 18046 D Netdiag : persist mtklog system property success
06-24 14:37:03.841893 18046 18046 D Netdiag : Log was started, set log running flag to 1
06-24 14:37:03.842224 18046 18046 D Netdiag : run tcpdump command, write to connection to,'o'is ok,'w'is wrong
06-24 14:37:03.842434 23823 23842 V MTKLogger/LogConnection: Response from native byte size=2
06-24 14:37:03.842534 23823 23842 I MTKLogger/NetworkLog: -->dealWithResponse(), resp=to
06-24 14:37:03.842541 18046 18046 D Netdiag : checkdir NTLog_name:/storage/emulated/0/mtklog/netlog/NTLog_2016_0624_143703/tcpdump_NTLog_2016_0624_143703_start.cap.tmp begin~~, log size:120
06-24 14:37:03.842564 18046 18047 D Netdiag : -->monitor_storage(), root path=/storage/emulated/0, log folder=/storage/emulated/0/mtklog/netlog/NTLog_2016_0624_143703
06-24 14:37:03.842573 18046 18046 D Netdiag : system tcpdump_cmd:tcpdump -i any -s 0 -c 133333 -w /storage/emulated/0/mtklog/netlog/NTLog_2016_0624_143703/tcpdump_NTLog_2016_0624_143703_start.cap.tmp 2>&1 
06-24 14:37:03.842599 18046 18046 E Netdiag : Directly call tcpdump in system begin, uid=2000, errno=4, retry_num=0
06-24 14:37:03.842608 23823 23842 D MTKLogger/NetworkLog: Response from native type=33, failReason=
06-24 14:37:03.842620 18046 18046 D Netdiag : -->my_system(), cmd=tcpdump -i any -s 0 -c 133333 -w /storage/emulated/0/mtklog/netlog/NTLog_2016_0624_143703/tcpdump_NTLog_2016_0624_143703_start.cap.tmp 2>&1
06-24 14:37:03.846507 23823 23841 I MTKLogger/LogConnection: <--send cmd done : [tcpdump_sdcard_start_600] to [netdiag]
06-24 14:37:03.846634 23823 23841 I MTKLogger/NetworkLog: Handle receive message, what=33
06-24 14:37:03.846775 23823 23841 I MTKLogger/NetworkLog: Resp type: 1, failReason string: []
06-24 14:37:03.846871 23823 23841 I MTKLogger/NetworkLog: -->notifyServiceStatus(), status=1,  reason=[]
06-24 14:37:03.852824 23823 23841 D MTKLogger/LogInstance: -->updateStatusBar(), logType=4, titleRes=2131296257, enable=true
06-24 14:37:03.852944 23823 23841 W MTKLogger/LogInstance: Too frequent status bar update request, slow down.
06-24 14:37:03.855592 23823 18049 D MTKLogger/MTKLoggerService:  mStartStopRespHandler receive message, what=1, arg1=4, arg2=1
06-24 14:37:03.855693 23823 18049 D MTKLogger/MTKLoggerService: -->handleLogStateChangeMsg(), mCachedStartStopCmd = 21
06-24 14:37:03.855737 23823 18049 D MTKLogger/MTKLoggerService:  MSG_LOG_STATE_CHANGED, logType=4, result=1, reason=[]
06-24 14:37:03.855768 23823 18049 D MTKLogger/MTKLoggerService: Still waiting start/stop command response, mark it as finished.
06-24 14:37:03.905943   361 18033 I MobileLogD/new: logd_sock: 21
06-24 14:37:03.906576   361 18052 I MobileLogD/new: read thread 18052
06-24 14:37:03.907024   361 18033 I MobileLogD/bootmode: init debug
06-24 14:37:03.911494   361 18053 I MobileLogD/new: write thread 18053
06-24 14:37:03.930086   841 18038 D EMDLOGGER1:  MD DB md2_posfix MDDB.META_MT6797_S00_MOLY_LR11_W1539_MD_MP_V12_2_P36_1_ulwctg_n.EDB
06-24 14:37:03.933423   361 18034 I MobileLogD/dupm: dump /proc/cmdline
06-24 14:37:03.955086   841 18038 D EMDLOGGER1: Copy DB /system/etc/mddb/MDDB.META_MT6797_S00_MOLY_LR11_W1539_MD_MP_V12_2_P36_1_ulwctg_n.EDB to /storage/emulated/0/mtklog/mdlog1/MDLog1_2016_0624_143703/MDDB.META_MT6797_S00_MOLY_LR11_W1539_MD_MP_V12_2_P36_1_ulwctg_n.EDB
06-24 14:37:03.992302 18054 18054 D AEE/AEE_CL: aee mode is switched to 3 by process: mobile_log_d pid: 361
06-24 14:37:03.992413 18054 18054 D AEE/RTT_LIB: Rtt command(type:0, file_path:3 arg0:361)
06-24 14:37:03.992614 18054 18054 D AEE/RTT_LIB: Rtt waiting daemon finish the job...
06-24 14:37:03.992707 20503 20503 D AEE/AED : $===AEE===AEE===AEE===$
06-24 14:37:03.992796 20503 20503 D AEE/AED : p 0 poll events 1 revents 1
06-24 14:37:03.993135 20503 20503 D AEE/AED : requesting from: pid=18054 cmd=0
06-24 14:37:03.993178 20503 20503 D AEE/AED : Got RTT_AEE_CHANGEMODE, mode(3), arg0(361)
06-24 14:37:04.009756 20503 20503 D AEE/AED : p 1 poll events 1 revents 0
06-24 14:37:04.009756 18054 18054 D AEE/RTT_LIB: Rtt send req done
06-24 14:37:04.009847 20503 20503 D AEE/AED : not know revents:0
06-24 14:37:04.009870 20503 20503 D AEE/AED : p 2 poll events 1 revents 0
06-24 14:37:04.009891 20503 20503 D AEE/AED : not know revents:0
06-24 14:37:04.009915 20503 20503 D AEE/AED : p 3 poll events 1 revents 0
06-24 14:37:04.009935 20503 20503 D AEE/AED : not know revents:0
06-24 14:37:04.009956 20503 20503 D AEE/AED : p 4 poll events 1 revents 0
06-24 14:37:04.009977 20503 20503 D AEE/AED : not know revents:0
06-24 14:37:04.010000 20503 20503 D AEE/AED : p 5 poll events 0 revents 0
06-24 14:37:04.010020 20503 20503 D AEE/AED : not know revents:0
06-24 14:37:04.010116 18054 18054 D AEE/RTT_LIB: Rtt waiting 64_daemon finish the job...
06-24 14:37:04.011151 20503 20503 V AEE/AED : No exception handling or backtrace dumping now, aed quit 
06-24 14:37:04.011465 20503 20503 I PerfService: PerfServiceNative_userUnreg:30
06-24 14:37:04.011825 20506 20506 D AEE/AED : $===AEE===AEE===AEE===$
06-24 14:37:04.011879 20506 20506 D AEE/AED : p 0 poll events 1 revents 1
06-24 14:37:04.013015  1033  1269 D PerfServiceManager: [PerfService] MESSAGE_USER_UNREG: 30 
06-24 14:37:04.013094  1033  1269 I libPerfService: [perfUserScnUnreg] nUserScnBase:24, handle:30, state:0, 
06-24 14:37:04.015438 20506 20506 D AEE/AED : requesting from: pid=18054 cmd=0
06-24 14:37:04.015513 20506 20506 D AEE/AED : Got RTT_AEE_CHANGEMODE, mode(3), arg0(361)
06-24 14:37:04.021000 18055 18055 I xlog    : type=1400 audit(0.0:5731): avc: denied { connectto } for path="/dev/socket/property_service" scontext=u:r:xlog:s0 tcontext=u:r:init:s0 tclass=unix_stream_socket permissive=1
06-24 14:37:04.031715 20506 20506 D AEE/AED : p 1 poll events 1 revents 0
06-24 14:37:04.031728 18054 18054 D AEE/RTT_LIB: Rtt send 64 req done
06-24 14:37:04.031762 20506 20506 D AEE/AED : not know revents:0
06-24 14:37:04.031781 20506 20506 D AEE/AED : p 2 poll events 1 revents 0
06-24 14:37:04.031798 20506 20506 D AEE/AED : not know revents:0
06-24 14:37:04.031816 20506 20506 D AEE/AED : p 3 poll events 1 revents 0
06-24 14:37:04.031835 20506 20506 D AEE/AED : not know revents:0
06-24 14:37:04.031944 20506 20506 V AEE/AED : No exception handling or backtrace dumping now, aed quit 
06-24 14:37:04.032012 20506 20506 I PerfService: PerfServiceNative_userUnreg:28
06-24 14:37:04.032600  1033  1269 D PerfServiceManager: [PerfService] MESSAGE_USER_UNREG: 28 
06-24 14:37:04.032672  1033  1269 I libPerfService: [perfUserScnUnreg] nUserScnBase:24, handle:28, state:0, 
06-24 14:37:04.033155   361 18033 I MobileLogD/config: thread 18033 comes
06-24 14:37:04.033610   361 18033 I MobileLogD/config: thread 18033 ends
06-24 14:37:04.033703   361 18033 D MobileLogD/lib: write deep_start,1 to client 6 
06-24 14:37:04.033750   361 18033 D MobileLogD/lib: write to client over
06-24 14:37:04.033936 23823 23844 V MTKLogger/LogConnection: Response from native byte size=12
06-24 14:37:04.034057 23823 23844 I MTKLogger/MobileLog: -->dealWithResponse(), resp=deep_start,1
06-24 14:37:04.034410 23823 23843 I MTKLogger/MobileLog: Handle receive message, what=25
06-24 14:37:04.034502 23823 23843 D MTKLogger/MobileLog: Got an update event, new state = 1, reason=null, oldState=0
06-24 14:37:04.034611 23823 23843 I MTKLogger/MobileLog: -->notifyServiceStatus(), status=1,  reason=[]
06-24 14:37:04.037582   361 18034 I MobileLogD/dupm: dump /system/data/misc/ProjectConfig.mk
06-24 14:37:04.043305 23823 23843 D MTKLogger/LogInstance: -->updateStatusBar(), logType=1, titleRes=2131296258, enable=true
06-24 14:37:04.043451 23823 23843 W MTKLogger/LogInstance: Too frequent status bar update request, slow down.
06-24 14:37:04.044708 23823 18058 D MTKLogger/MTKLoggerService:  mStartStopRespHandler receive message, what=1, arg1=1, arg2=1
06-24 14:37:04.044801 23823 18058 D MTKLogger/MTKLoggerService: -->handleLogStateChangeMsg(), mCachedStartStopCmd = 17
06-24 14:37:04.044850 23823 18058 D MTKLogger/MTKLoggerService:  MSG_LOG_STATE_CHANGED, logType=1, result=1, reason=[]
06-24 14:37:04.044883 23823 18058 D MTKLogger/MTKLoggerService: Still waiting start/stop command response, mark it as finished.
06-24 14:37:04.055273   841 18038 D EMDLOGGER1:  MD DB md2_posfix MDDB_InfoCustomAppSrcP_MT6797_S00_MOLY_LR11_W1539_MD_MP_V12_2_P36_1_ulwctg_n.EDB
06-24 14:37:04.058683 18056 18056 I AEE/AED : Built Mar 22 2016 18:04:25
06-24 14:37:04.059076 18056 18056 I AEE/AED : debuggerd chip_security_check pass! 
06-24 14:37:04.059120 18056 18056 D AEE/AED : [main][normal] aeesp normal
06-24 14:37:04.059226 18056 18056 I AEE/AED : socket server: android:debuggerd32
06-24 14:37:04.066050 18057 18057 I AEE/AED : Built Mar 22 2016 18:04:47
06-24 14:37:04.066510 18057 18057 I AEE/AED : debuggerd chip_security_check pass! 
06-24 14:37:04.066568 18057 18057 D AEE/AED : [main][normal] aeesp normal
06-24 14:37:04.066772 18057 18057 I AEE/AED : socket server: android:debuggerd
06-24 14:37:04.076677 18050 18050 D tcpdump : tcpdump: 
06-24 14:37:04.076785 18050 18050 D tcpdump : listening on any, link-type LINUX_SLL (Linux cooked), capture size 65535 bytes
06-24 14:37:04.114598 18057 18057 I PerfService: PerfServiceNative_userReg: 2, 0 (pid:18057, tid:18057)
06-24 14:37:04.115354 18057 18057 D AEE/AED : aee handle: 28
06-24 14:37:04.115701 18057 18057 E AEE/AED : Can't open virbrator, No such file or directory
06-24 14:37:04.116330 18057 18057 D AEE/AED : ChangeAEEWorkMode: 3
06-24 14:37:04.116560 18057 18057 D AEE/AED : aed_update_db_count: 3
06-24 14:37:04.116675 18057 18057 I AEE/AED : AED config
06-24 14:37:04.116675 18057 18057 I AEE/AED :   mode '3'
06-24 14:37:04.116675 18057 18057 I AEE/AED :   exp level '1
06-24 14:37:04.116675 18057 18057 I AEE/AED :   dal enable '0'
06-24 14:37:04.116675 18057 18057 I AEE/AED :   db count '12'
06-24 14:37:04.116675 18057 18057 I AEE/AED :   fatal db count '8'
06-24 14:37:04.116675 18057 18057 I AEE/AED :  db storage '0'
06-24 14:37:04.116700 18057 18057 I AEE/AED : SMP Info => 1
06-24 14:37:04.143663   361 18034 I MobileLogD/dupm: dump /proc/last_kmsg
06-24 14:37:04.149341 18056 18056 I PerfService: PerfServiceNative_userReg: 2, 0 (pid:18056, tid:18056)
06-24 14:37:04.149929 18056 18056 D AEE/AED : aee handle: 30
06-24 14:37:04.150208 18056 18056 E AEE/AED : Can't open virbrator, No such file or directory
06-24 14:37:04.150263 18056 18056 D AEE/AED : ChangeAEEWorkMode: 3
06-24 14:37:04.150388 18056 18056 D AEE/AED : aed_update_db_count: 3
06-24 14:37:04.150508 18056 18056 I AEE/AED : AED config
06-24 14:37:04.150508 18056 18056 I AEE/AED :   mode '3'
06-24 14:37:04.150508 18056 18056 I AEE/AED :   exp level '1
06-24 14:37:04.150508 18056 18056 I AEE/AED :   dal enable '0'
06-24 14:37:04.150508 18056 18056 I AEE/AED :   db count '12'
06-24 14:37:04.150508 18056 18056 I AEE/AED :   fatal db count '8'
06-24 14:37:04.150508 18056 18056 I AEE/AED :  db storage '0'
06-24 14:37:04.150541 18056 18056 I AEE/AED : SMP Info => 1
06-24 14:37:04.150594 18056 18056 D AEE/RTT_LIB: aee_exception_running_64: send req to debuggerd64
06-24 14:37:04.150877 18056 18056 D AEE/RTT_LIB: Rtt waiting 64_daemon finish the job...
06-24 14:37:04.150945 18057 18057 D AEE/AED : $===AEE===AEE===AEE===$
06-24 14:37:04.150994 18057 18057 D AEE/AED : p 0 poll events 1 revents 1
06-24 14:37:04.151008   409   409 I ADB_SERVICES: service_to_fd tcp:10201
06-24 14:37:04.151070 18057 18057 D AEE/AED : requesting from: pid=18056 cmd=9
06-24 14:37:04.151096 18057 18057 D AEE/AED : Go RTT_AEE_GET_EXCEPTION_RUNNING
06-24 14:37:04.151165 18057 18057 D AEE/AED : p 1 poll events 1 revents 0
06-24 14:37:04.151191 18056 18056 D AEE/RTT_LIB: Rtt send 64 req done
06-24 14:37:04.151195 18057 18057 D AEE/AED : not know revents:0
06-24 14:37:04.151227 18057 18057 D AEE/AED : p 2 poll events 1 revents 0
06-24 14:37:04.151247 18057 18057 D AEE/AED : not know revents:0
06-24 14:37:04.151284 18057 18057 D AEE/AED : p 3 poll events 1 revents 0
06-24 14:37:04.151304 18057 18057 D AEE/AED : not know revents:0
06-24 14:37:04.151575 18056 18056 E AEE/LIBAEE: Can't remove file /sdcard/mtklog/aee_exp/temp: No such file or directory
06-24 14:37:04.151763   841   844 D EMDLOGGER1: CTRL_reader: incoming SPLM req, msgid=6, token=0, result=0
06-24 14:37:04.151781   841   844 I EMDLOGGER1: [MDLOG] [stats][buf] L1 : data:0x81e last:0x552136cd; (1, 0x2cc, 0x55211200)(3, 0x9b, 0x552111fe)PS : data:0x367 last:0x55211200; L2 : data:0x192 last:0x552136ce; 
06-24 14:37:04.152810   841   844 D EMDLOGGER1: CTRL_reader: incoming SPLM req, msgid=6, token=0, result=0
06-24 14:37:04.152838   841   844 I EMDLOGGER1: [MDLOG] [stats][mux] MCU_P (0x2052c, @0x55211258) MCU_L (0x0, @0xc8b2762) DSP : data:0x0 last:0xc89a196; 
06-24 14:37:04.152854   841   844 D EMDLOGGER1: CTRL_reader: incoming SPLM req, msgid=6, token=0, result=0
06-24 14:37:04.152860   841   844 I EMDLOGGER1: [MDLOG] [discard]PS: 0x0 Prim: 0x0 L1: 0x0 L2: 0x0
06-24 14:37:04.155177 13485 13510 D FlymeTrafficTracking: tag  (124) com.wandoujia.phoenix2.usbproxy New I/O server boss #3 uid 10123
06-24 14:37:04.155350 13485 13510 D NetworkManagementSocketTagger: tagSocket(124) with statsTag=0xffffffff, statsUid=-1
06-24 14:37:04.156394 13485 13510 I System.out: close [socket][/:::-1]
06-24 14:37:04.156714 13485 13509 I System.out: [CDS]EAGAIN in Recvfrom
06-24 14:37:04.157421 18056 18056 E AEE/LIBAEE: Can't remove file /data/aee_exp/temp: No such file or directory
06-24 14:37:04.157508 18056 18056 E AEE/LIBAEE: Can't remove file /storage/ext_sd/mtklog/aee_exp/temp: No such file or directory
06-24 14:37:04.162519   409   409 I ADB_SERVICES: recv: CLSE 00006005 0000aed5 
06-24 14:37:04.163106 13485 13509 I NetworkManagementSocketTagger: untagSocket(124)
06-24 14:37:04.163208 13485 13509 D FlymeTrafficTracking: untag(124) com.wandoujia.phoenix2.usbproxy New I/O worker #2 uid 10123 8ms
06-24 14:37:04.174121 18056 18056 W AEE/AED : read_fstab: get fstab /fstab.mt6797
06-24 14:37:04.174484 18056 18056 W AEE/AED : get_expdb_path: get expdb_path /dev/block/platform/mtk-msdc.0/11230000.msdc0/by-name/expdb
06-24 14:37:04.174698 18056 18056 I AEE/AED : ipanic_blk_open, expdb, 200 x 5000 = a00000
06-24 14:37:04.180040 18056 18056 W AEE/AED : aed_reboot_session, no valid ipanic header, ignored
06-24 14:37:04.180213 18056 18056 V ETM     : open etb_get_nr fail! , default etb_nr is 1 , (2, No such file or directory)
06-24 14:37:04.180266 18056 18056 V ETM     : open etb_length fail! (2, No such file or directory)
06-24 14:37:04.180296 18056 18056 V ETM     : open etb_length fail! (2, No such file or directory)
06-24 14:37:04.181040 18056 18056 I AEE/AED : wdt_status = 2, fiq_step=0, exception_type:0 
06-24 14:37:04.181077 18056 18056 I AEE/AED : reboot_reason = 0
06-24 14:37:04.181108 18056 18056 W AEE/AED : read_fstab: get fstab /fstab.mt6797
06-24 14:37:04.181407 18056 18056 W AEE/AED : get_expdb_path: get expdb_path /dev/block/platform/mtk-msdc.0/11230000.msdc0/by-name/expdb
06-24 14:37:04.181544 18056 18056 I AEE/AED : ipanic_blk_open, expdb, 200 x 5000 = a00000
06-24 14:37:04.182196 18056 18056 D AEE/AED : version(aabbccdd)
06-24 14:37:04.182290 18056 18056 D AEE/AED : $===AEE===AEE===AEE===$
06-24 14:37:04.182317 18056 18056 D AEE/AED : p 0 poll events 1 revents 0
06-24 14:37:04.182336 18056 18056 D AEE/AED : not know revents:0
06-24 14:37:04.182357 18056 18056 D AEE/AED : p 1 poll events 1 revents 0
06-24 14:37:04.182375 18056 18056 D AEE/AED : not know revents:0
06-24 14:37:04.182395 18056 18056 D AEE/AED : p 2 poll events 1 revents 0
06-24 14:37:04.182414 18056 18056 D AEE/AED : not know revents:0
06-24 14:37:04.182432 18056 18056 D AEE/AED : p 3 poll events 1 revents 0
06-24 14:37:04.182453 18056 18056 D AEE/AED : not know revents:0
06-24 14:37:04.182471 18056 18056 D AEE/AED : p 4 poll events 1 revents 0
06-24 14:37:04.182489 18056 18056 D AEE/AED : not know revents:0
06-24 14:37:04.182508 18056 18056 D AEE/AED : p 5 poll events 1 revents 1
06-24 14:37:04.183483 18056 18056 D AEE/AED : PerfEnable aee handle:30, cpu cores:10, online:6
06-24 14:37:04.183543 18056 18056 I PerfService: PerfServiceNative_userEnableTimeout:30, 300
06-24 14:37:04.184007  1033  2070 D PerfServiceManager: [PerfService] userEnableTimeout: 30, 300 
06-24 14:37:04.184217 18056 18056 D AEE/AED : aed_main_fork_worker: generator 0xf6dc60d8, worker 0xffad0f78, recv_fd 0
06-24 14:37:04.185960 18059 18059 E         : mrdump_status_get: Signature mismatched
06-24 14:37:04.186152 18056 18056 D AEE/AED : aee handle:30, cpu cores:10, online:6
06-24 14:37:04.188403 18056 18056 I PerfService: PerfServiceNative_userDisable:30
06-24 14:37:04.189235  1033  1269 D PerfServiceManager: [PerfService] MESSAGE_USER_DISABLE: 30 
06-24 14:37:04.189300 18056 18056 D AEE/AED : set aee_handle_enable: false, aee handle: 30
06-24 14:37:04.189335 18056 18056 D AEE/AED : $===AEE===AEE===AEE===$
06-24 14:37:04.189358 18056 18056 D AEE/AED : p 0 poll events 1 revents 0
06-24 14:37:04.189363  1033  1269 I libPerfService: 30: set gpu level: 0
06-24 14:37:04.189378 18056 18056 D AEE/AED : not know revents:0
06-24 14:37:04.189399 18056 18056 D AEE/AED : p 1 poll events 1 revents 0
06-24 14:37:04.189419 18056 18056 D AEE/AED : not know revents:0
06-24 14:37:04.189439 18056 18056 D AEE/AED : p 2 poll events 1 revents 0
06-24 14:37:04.189466 18056 18056 D AEE/AED : not know revents:0
06-24 14:37:04.189486 18056 18056 D AEE/AED : p 3 poll events 1 revents 0
06-24 14:37:04.189503 18056 18056 D AEE/AED : not know revents:0
06-24 14:37:04.189522 18056 18056 D AEE/AED : p 4 poll events 1 revents 0
06-24 14:37:04.189541 18056 18056 D AEE/AED : not know revents:0
06-24 14:37:04.189560 18056 18056 D AEE/AED : p 5 poll events 0 revents 0
06-24 14:37:04.189578 18056 18056 D AEE/AED : not know revents:0
06-24 14:37:04.200364   409   409 I ADB_SERVICES: service_to_fd shell:dumpsys iphonesubinfo
06-24 14:37:04.201149   409   409 I ADB_SERVICES: create_subproc ret_fd=22 pid=18060
06-24 14:37:04.220847  1033  1269 D PerfServiceManager: [PerfService] MESSAGE_TIMEOUT:227 
06-24 14:37:04.221737  1033  1269 I libPerfService: 27: set: -1, -1, -1, 
06-24 14:37:04.222129  1033  1269 I libPerfService: 27: set freq: -1, -1, -1, 
06-24 14:37:04.222201  1033  1269 I libPerfService: 27: set gpu level: 0
06-24 14:37:04.236378   409 18061 I ADB_SERVICES: shell exited fd=22 of pid=18060 err=0
06-24 14:37:04.251166   361 18034 I MobileLogD/dupm: dump sys property
06-24 14:37:04.251401   361 18034 I MobileLogD/dupm: copydump over
06-24 14:37:04.358367   335   569 I BufferQueueProducer: [开始录制](this:0x7f6e4e7000,id:2505,api:1,p:23823,c:335) queueBuffer: fps=45.42 dur=1012.85 max=268.98 min=9.10
06-24 14:37:04.360233   409   409 I ADB_SERVICES: service_to_fd tcp:10201
06-24 14:37:04.364604 13485 13510 D FlymeTrafficTracking: tag  (124) com.wandoujia.phoenix2.usbproxy New I/O server boss #3 uid 10123
06-24 14:37:04.364788 13485 13510 D NetworkManagementSocketTagger: tagSocket(124) with statsTag=0xffffffff, statsUid=-1
06-24 14:37:04.365366 13485 13510 I System.out: close [socket][/:::-1]
06-24 14:37:04.367410 13485 13508 I System.out: [CDS]EAGAIN in Recvfrom
06-24 14:37:04.369323   409   409 I ADB_SERVICES: service_to_fd tcp:10201
06-24 14:37:04.378952 13485 13510 D FlymeTrafficTracking: tag  (128) com.wandoujia.phoenix2.usbproxy New I/O server boss #3 uid 10123
06-24 14:37:04.379016 13485 13510 D NetworkManagementSocketTagger: tagSocket(128) with statsTag=0xffffffff, statsUid=-1
06-24 14:37:04.383329 13485 13510 I System.out: close [socket][/:::-1]
06-24 14:37:04.385300 13485 13509 I System.out: [CDS]EAGAIN in Recvfrom
06-24 14:37:04.389363   409   409 I ADB_SERVICES: recv: CLSE 0000600d 0000aed7 
06-24 14:37:04.390695 13485 13508 I NetworkManagementSocketTagger: untagSocket(124)
06-24 14:37:04.393344 13485 13508 D FlymeTrafficTracking: untag(124) com.wandoujia.phoenix2.usbproxy New I/O worker #1 uid 10123 29ms
06-24 14:37:04.403130 23823 23838 I MTKLogger/GPSLog: Handle receive message, what=1
06-24 14:37:04.403366 23823 23838 D MTKLogger/LogInstance: -->getStorageState(), currentLogPathType=internal_sd
06-24 14:37:04.403412 23823 23838 I MTKLogger/Utils: -->getInternalSdPath()
06-24 14:37:04.404746   409   409 I ADB_SERVICES: recv: CLSE 0000600e 0000aed8 
06-24 14:37:04.406057 13485 13509 I NetworkManagementSocketTagger: untagSocket(128)
06-24 14:37:04.406195 13485 13509 D FlymeTrafficTracking: untag(128) com.wandoujia.phoenix2.usbproxy New I/O worker #2 uid 10123 28ms
06-24 14:37:04.407577 23823 23838 I MTKLogger/Utils: /storage/emulated/0 is mounted!
06-24 14:37:04.408264 23823 23838 I MTKLogger/Utils: Is emulated and volumeInfo.getId() : emulated
06-24 14:37:04.408350 23823 23838 I MTKLogger/Utils: <--getInternalSdPath() : internalPath = /storage/emulated/0
06-24 14:37:04.408597 23823 23838 V MTKLogger: <--getLogPath(), type=internal_sd, string=/storage/emulated/0
06-24 14:37:04.410338 23823 23838 I MTKLogger/Utils: -->getInternalSdPath()
06-24 14:37:04.412247 23823 23838 I MTKLogger/Utils: /storage/emulated/0 is mounted!
06-24 14:37:04.412588 23823 23838 I MTKLogger/Utils: Is emulated and volumeInfo.getId() : emulated
06-24 14:37:04.412638 23823 23838 I MTKLogger/Utils: <--getInternalSdPath() : internalPath = /storage/emulated/0
06-24 14:37:04.412872 23823 23838 V MTKLogger: <--getLogPath(), type=internal_sd, string=/storage/emulated/0
06-24 14:37:04.413060 23823 23838 D MTKLogger: -->getAvailableStorageSize(), path=/storage/emulated/0, size=8901MB
06-24 14:37:04.413114 23823 23838 D MTKLogger/LogInstance: <--getStorageState(), storage is ready for log capture.
06-24 14:37:04.413174 23823 23838 I MTKLogger/Utils: -->getInternalSdPath()
06-24 14:37:04.414761 23823 23838 I MTKLogger/Utils: /storage/emulated/0 is mounted!
06-24 14:37:04.415107 23823 23838 I MTKLogger/Utils: Is emulated and volumeInfo.getId() : emulated
06-24 14:37:04.415168 23823 23838 I MTKLogger/Utils: <--getInternalSdPath() : internalPath = /storage/emulated/0
06-24 14:37:04.415434 23823 23838 V MTKLogger: <--getLogPath(), type=internal_sd, string=/storage/emulated/0
06-24 14:37:04.415519 23823 23838 I MTKLogger/LogConnection: -->send cmd: [set_storage_path,/storage/emulated/0] to [gpslogd]
06-24 14:37:04.415554 23823 23838 D MTKLogger/LogConnection: Command builder success
06-24 14:37:04.415758   375   375 D MNLD    : process: epoll_wait() received 1 events
06-24 14:37:04.416994   375   375 D MNLD    : mtklogger2mnl_handler: recv set_storage_path,/storage/emulated/0 from 15
06-24 14:37:04.417043   375   375 D MNLD    : notify_client: write set_storage_path,/storage/emulated/0,1 to client fd 15 
06-24 14:37:04.417067   375   375 D MNLD    : mtklogger2mnl_handler: notify_client,ans = set_storage_path,/storage/emulated/0,1
06-24 14:37:04.417086   375   375 D MNLD    : get_mtklog_path: logpath for mtklogger socket msg: /storage/emulated/0
06-24 14:37:04.417101   375   375 D MNLD    : get_mtklog_path: get_mtklog_path:logpath is /storage/emulated/0/mtklog/gpsdbglog/
06-24 14:37:04.417222   375   375 D MNLD    : process: mtklogger2mnl_handler: ret = 0
06-24 14:37:04.417243 23823 23839 V MTKLogger/LogConnection: Response from native byte size=38
06-24 14:37:04.417359 23823 23839 I MTKLogger/GPSLog: -->dealWithResponse(), resp=set_storage_path,/storage/emulated/0,1
06-24 14:37:04.425962 23823 23838 I MTKLogger/LogConnection: <--send cmd done : [set_storage_path,/storage/emulated/0] to [gpslogd]
06-24 14:37:04.426291 23823 23838 I MTKLogger/GPSLog: GPS log initialization reason = from_ui
06-24 14:37:04.426346 23823 23838 W MTKLogger/GPSLog: Start command come from UI, change log auto start to true at the same time
06-24 14:37:04.426388 23823 23838 I MTKLogger/LogConnection: -->send cmd: [deep_start,1] to [gpslogd]
06-24 14:37:04.426421 23823 23838 D MTKLogger/LogConnection: Command builder success
06-24 14:37:04.426564   375   375 D MNLD    : process: epoll_wait() received 1 events
06-24 14:37:04.426623   375   375 D MNLD    : mtklogger2mnl_handler: recv deep_start,1 from 15
06-24 14:37:04.426646   375   375 D MNLD    : notify_client: write deep_start,1,1 to client fd 15 
06-24 14:37:04.426663   375   375 D MNLD    : mtklogger2mnl_handler: notify_client,ans = deep_start,1,1
06-24 14:37:04.426674   375   375 D MNLD    : mtklogger2mnl_handler: gps_debuglog_state:1
06-24 14:37:04.426703   375   375 D MNLD    : mnl_sendto_mpe: mnld2hal fd: 7
06-24 14:37:04.426783 23823 23839 V MTKLogger/LogConnection: Response from native byte size=14
06-24 14:37:04.426848   375   375 D MNLD    : mtklogger2mnl_handler: [MNL2MPE]Send to MPE successfully
06-24 14:37:04.426872   375   375 D MNLD    : process: mtklogger2mnl_handler: ret = 0
06-24 14:37:04.426878 23823 23839 I MTKLogger/GPSLog: -->dealWithResponse(), resp=deep_start,1,1
06-24 14:37:04.428099   380   579 E MPE_MA  : flp_socket_thread, read msg ok (type,64,len:136)
06-24 14:37:04.428337   380   380 E MPE_MA  : log_rec =1, rec_loc=0, mpelog_path:/storage/emulated/0/mtklog/gpsdbglog/
06-24 14:37:04.429039   380   380 E SE_MA   : se logger path: /storage/emulated/0/mtklog/gpsdbglog/
06-24 14:37:04.429200   380   380 E MPE_SYS : TaskID:[1][380] waiting... 
06-24 14:37:04.436803 23823 23838 I MTKLogger/LogConnection: <--send cmd done : [deep_start,1] to [gpslogd]
06-24 14:37:04.436885 23823 23838 D MTKLogger/GPSLog: After sending start command, wait native's resp, not treat it as successfully directly
06-24 14:37:04.436965 23823 23838 I MTKLogger/GPSLog: Handle receive message, what=0
06-24 14:37:04.437017 23823 23838 W MTKLogger/GPSLog: Not supported message: 0
06-24 14:37:04.437065 23823 23838 I MTKLogger/GPSLog: Handle receive message, what=25
06-24 14:37:04.437121 23823 23838 D MTKLogger/GPSLog: Got an update event, new state = 1, reason=null, oldState=0
06-24 14:37:04.437257 23823 23838 I MTKLogger/GPSLog: -->notifyServiceStatus(), status=1,  reason=[]
06-24 14:37:04.465469 23823 23838 D MTKLogger/LogInstance: -->updateStatusBar(), logType=16, titleRes=2131296261, enable=true
06-24 14:37:04.465575 23823 23838 W MTKLogger/LogInstance: Too frequent status bar update request, slow down.
06-24 14:37:04.466817 23823 18062 D MTKLogger/MTKLoggerService:  mStartStopRespHandler receive message, what=1, arg1=16, arg2=1
06-24 14:37:04.466911 23823 18062 D MTKLogger/MTKLoggerService: -->handleLogStateChangeMsg(), mCachedStartStopCmd = 16
06-24 14:37:04.466952 23823 18062 D MTKLogger/MTKLoggerService:  MSG_LOG_STATE_CHANGED, logType=16, result=1, reason=[]
06-24 14:37:04.466981 23823 18062 D MTKLogger/MTKLoggerService: Still waiting start/stop command response, mark it as finished.
06-24 14:37:04.467084 23823 18062 I MTKLogger/MTKLoggerService:  Notify other modules current state with broadcast. mCurrentAffectedLogType=23, currentRunningStatus=23, failReasonStr=[]
06-24 14:37:04.469097 23823 18062 D MTKLogger/MTKLoggerService: -->updateStartRecordingTime(), mCurrentRunningStatus=23
06-24 14:37:04.469217 23823 18062 I MTKLogger/MTKLoggerService: Former log start time is 0, set to current system time.
06-24 14:37:04.469384 23823 23823 D MTKLogger/MainActivity: ACTION_LOG_STATE_CHANGED
06-24 14:37:04.469625 23823 18062 V MTKLogger/MTKLoggerService: -->isLogRunning(), logType = 16
06-24 14:37:04.469695 23823 18062 D MTKLogger/GPSLog: Is GPS log running ? true
06-24 14:37:04.469727 23823 18062 V MTKLogger/MTKLoggerService: <--isLogRunning()? true
06-24 14:37:04.469760 23823 18062 V MTKLogger/MTKLoggerService: <--isAnyLogRunning()? true
06-24 14:37:04.469807 23823 18062 D MTKLogger/MTKLoggerService: -->updateLogFolderMonitor(), isLogRunning=true, mLogFolderMonitorThreadStopFlag=true
06-24 14:37:04.470782 23823 17991 D Surface : Surface::disconnect(this=0x7fad6e0c00,api=1)
06-24 14:37:04.470960 23823 18062 V MTKLogger/MTKLoggerService: Log is running, so start monitor log folder
06-24 14:37:04.471048 23823 18062 V MTKLogger/MTKLoggerService: -->isLogRunning(), logType = 16
06-24 14:37:04.471116 23823 18062 D MTKLogger/GPSLog: Is GPS log running ? true
06-24 14:37:04.471149 23823 18062 V MTKLogger/MTKLoggerService: <--isLogRunning()? true
06-24 14:37:04.471189 23823 18062 V MTKLogger/MTKLoggerService: <--isAnyLogRunning()? true
06-24 14:37:04.471232 23823 18062 I MTKLogger/Utils: -->getInternalSdPath()
06-24 14:37:04.472009 23823 18063 D MTKLogger/MTKLoggerService: Begin to monitor log folder status...
06-24 14:37:04.473115   335   335 I SurfaceFlinger: [Built-in Screen (type:0)] fps:59.640789,dur:1006.02,max:22.66,min:11.09
06-24 14:37:04.474749 23823 17991 D GraphicBuffer: unregister, handle(0x7f9506bbc0) (w:1026 h:486 s:1040 f:0x1 u:0x000b00)
06-24 14:37:04.474749 23823 18062 I MTKLogger/Utils: /storage/emulated/0 is mounted!
06-24 14:37:04.475502 23823 17991 I [MALI][Gralloc]: [-]r_hnd(0x7f9506bbc0), client(56), share_fd(61)
06-24 14:37:04.475679 23823 17991 D GraphicBuffer: unregister, handle(0x7fa7460480) (w:1026 h:486 s:1040 f:0x1 u:0x000b00)
06-24 14:37:04.475946 23823 18062 I MTKLogger/Utils: Is emulated and volumeInfo.getId() : emulated
06-24 14:37:04.475982 23823 18062 I MTKLogger/Utils: <--getInternalSdPath() : internalPath = /storage/emulated/0
06-24 14:37:04.476125 23823 17991 I [MALI][Gralloc]: [-]r_hnd(0x7fa7460480), client(56), share_fd(64)
06-24 14:37:04.476146 23823 18062 V MTKLogger: <--getLogPath(), type=internal_sd, string=/storage/emulated/0
06-24 14:37:04.476214 23823 18062 V MTKLogger/Utils: -->setRunnngFileListTree
06-24 14:37:04.476247 23823 17991 E Surface : getSlotFromBufferLocked: unknown buffer: 0x7f9506c2a0
06-24 14:37:04.476270 23823 17991 D mali_winsys: [MALI] win=0xad6e0c10, native_buffer=0x93b4ec10, fd=-1
06-24 14:37:04.476304 23823 17991 D GraphicBuffer: unregister, handle(0x7f9506c2a0) (w:1026 h:486 s:1040 f:0x1 u:0x000b00)
06-24 14:37:04.477002 23823 17991 I [MALI][Gralloc]: [-]r_hnd(0x7f9506c2a0), client(56), share_fd(66)
06-24 14:37:04.477127 23823 17991 D Surface : Surface::disconnect(this=0x7fad6e0c00,api=1)
06-24 14:37:04.477912 23823 18063 I MTKLogger/Utils: -->getInternalSdPath()
06-24 14:37:04.478668 23823 18064 I MTKLogger/Utils: -->getInternalSdPath()
06-24 14:37:04.480053  1033  1071 D STATUSBARCOLOR: mLastLightStatusBar=false
06-24 14:37:04.480397 23823 18063 I MTKLogger/Utils: /storage/emulated/0 is mounted!
06-24 14:37:04.481157  1033  1071 D STATUSBARCOLOR: mLastLightStatusBar=true
06-24 14:37:04.481907  1341  1341 D PhoneStatusBar: setSystemUiVisibility vis=8600 mask=ffffffff oldVal=8000 newVal=8600 diff=600
06-24 14:37:04.483198 23823 18064 I MTKLogger/Utils: /storage/emulated/0 is mounted!
06-24 14:37:04.483857 23823 18064 I MTKLogger/Utils: Is emulated and volumeInfo.getId() : emulated
06-24 14:37:04.483915 23823 18064 I MTKLogger/Utils: <--getInternalSdPath() : internalPath = /storage/emulated/0
06-24 14:37:04.484108 23823 23823 D WindowClient: Remove from mViews: com.android.internal.policy.PhoneWindow$DecorView{4ce2c13 V.E...... R....... 0,0-1026,486}, this = android.view.WindowManagerGlobal@552581d
06-24 14:37:04.484123 23823 18064 V MTKLogger: <--getLogPath(), type=internal_sd, string=/storage/emulated/0
06-24 14:37:04.484622 23823 18063 I MTKLogger/Utils: Is emulated and volumeInfo.getId() : emulated
06-24 14:37:04.484681 23823 18063 I MTKLogger/Utils: <--getInternalSdPath() : internalPath = /storage/emulated/0
06-24 14:37:04.484913 23823 18063 V MTKLogger: <--getLogPath(), type=internal_sd, string=/storage/emulated/0
06-24 14:37:04.486983 23823 18063 I MTKLogger/Utils: -->getInternalSdPath()
06-24 14:37:04.487198 23823 18065 I MTKLogger/Utils: -->getInternalSdPath()
06-24 14:37:04.490872 23823 18063 I MTKLogger/Utils: /storage/emulated/0 is mounted!
06-24 14:37:04.491478 23823 18063 I MTKLogger/Utils: Is emulated and volumeInfo.getId() : emulated
06-24 14:37:04.491543 23823 18063 I MTKLogger/Utils: <--getInternalSdPath() : internalPath = /storage/emulated/0
06-24 14:37:04.491688 23823 18063 V MTKLogger: <--getLogPath(), type=internal_sd, string=/storage/emulated/0
06-24 14:37:04.491785 23823 18063 D MTKLogger: -->getAvailableStorageSize(), path=/storage/emulated/0, size=8901MB
06-24 14:37:04.498133  1341  1341 D PhoneStatusBar: setSystemUiVisibility vis=a600 mask=ffffffff oldVal=8600 newVal=a600 diff=2000
06-24 14:37:04.504314 23823 18064 D MTKLogger/Utils: -->setLogFolderToFileTree()
06-24 14:37:04.508573 23823 18065 I MTKLogger/Utils: /storage/emulated/0 is mounted!
06-24 14:37:04.508709   335  5996 I BufferQueueProducer: [com.mediatek.mtklogger/com.mediatek.mtklogger.MainActivity](this:0x7f6e505c00,id:2503,api:1,p:23823,c:335) queueBuffer: fps=0.82 dur=1214.33 max=1214.33 min=1214.33
06-24 14:37:04.510059  1341  1341 D PhoneStatusBar: hiding the MENU button
06-24 14:37:04.513160 23823 18065 I MTKLogger/Utils: Is emulated and volumeInfo.getId() : emulated
06-24 14:37:04.513231 23823 18065 I MTKLogger/Utils: <--getInternalSdPath() : internalPath = /storage/emulated/0
