06-24 14:36:51.303481 12902 15216 D #MZ_FM# : file changed /storage/emulated/0/adb.jar
06-24 14:36:51.303622 12902 15216 D #MZ_FM# : update file /storage/emulated/0/adb.jar
06-24 14:36:51.303784 12902 15216 D DiskDirectory: item size:549045  file length:549045
06-24 14:36:51.448416   409   409 I ADB_SERVICES: service_to_fd shell:dumpsys iphonesubinfo
06-24 14:36:51.450377   409   409 I ADB_SERVICES: create_subproc ret_fd=22 pid=17953
06-24 14:36:51.506696   409 17954 I ADB_SERVICES: shell exited fd=22 of pid=17953 err=0
06-24 14:36:51.611332  9430  9442 D FlymeTrafficTracking: tag  (19) com.mediatek.atci.service AtciReceiver uid 1000
06-24 14:36:51.611424  9430  9442 D FlymeTrafficTracking: set tracking tag com.mediatek.atci.service 800cffff
06-24 14:36:51.611480  9430  9442 D NetworkManagementSocketTagger: tagSocket(19) with statsTag=0x800cffff, statsUid=-1
06-24 14:36:51.612039  9430  9442 I NetworkManagementSocketTagger: untagSocket(19)
06-24 14:36:51.612123  9430  9442 D FlymeTrafficTracking: untag(19) com.mediatek.atci.service AtciReceiver uid 1000 1ms
06-24 14:36:51.865473   386   386 I thermal_src: wake up function 3
06-24 14:36:51.865806   386   386 I thermal_src: ERROR, recvmsg expect 5, but get 5 
06-24 14:36:51.865904   386   386 I thermal_src: ERROR, recvmsg expect 5, but get 5 
06-24 14:36:51.866014   386   386 I thermal_src: TA_DAEMON_CMD_GET_TPCB cmd=0x5, len=4 PCB=32000
06-24 14:36:51.866175   386   386 I thermal_src: TA_DAEMON_CMD_SET_TTJ cmd=0x4, len=4 Tj=85000
06-24 14:36:51.866374   386   386 I thermal_src: waiting NOTIFY from kernel...
06-24 14:36:51.881448  2435  2443 D FRR     : buff=0x7f798b22a0, len=805
06-24 14:36:51.881590  2435  2443 D FRR     : uevent[0]=0x7f798b22a0, len=53, "change@/devices/platform/battery/power_supply/battery"
06-24 14:36:51.882437  2435  2443 D FRR     : voteFps(60, 0)
06-24 14:36:51.882833  2435  2443 D FRR     : ThermalListener loop:
06-24 14:36:51.906858   386   386 I thermal_src: wake up function 3
06-24 14:36:51.906952   386   386 I thermal_src: TA_DAEMON_CMD_GET_TPCB cmd=0x5, len=4 PCB=32000
06-24 14:36:51.906975   386   386 I thermal_src: TA_DAEMON_CMD_SET_TTJ cmd=0x4, len=4 Tj=85000
06-24 14:36:51.907044   386   386 I thermal_src: waiting NOTIFY from kernel...
06-24 14:36:51.909075  1033  2071 D BatteryService: mBatteryVoltage=3849, batteryLevel=50
06-24 14:36:52.011029   386   386 I thermal_src: wake up function 3
06-24 14:36:52.011125   386   386 I thermal_src: TA_DAEMON_CMD_GET_TPCB cmd=0x5, len=4 PCB=32000
06-24 14:36:52.011149   386   386 I thermal_src: TA_DAEMON_CMD_SET_TTJ cmd=0x4, len=4 Tj=85000
06-24 14:36:52.011187   386   386 I thermal_src: waiting NOTIFY from kernel...
06-24 14:36:52.514574   409   409 I ADB_SERVICES: service_to_fd shell:dumpsys iphonesubinfo
06-24 14:36:52.516542   409   409 I ADB_SERVICES: create_subproc ret_fd=22 pid=17955
06-24 14:36:52.575930   409 17956 I ADB_SERVICES: shell exited fd=22 of pid=17955 err=0
06-24 14:36:53.081915   341   881 D MAL-Daemon: URC = (+ECSQ: 15,33,1,1,1,-50,-431,7,15,39
06-24 14:36:53.081915   341   881 D MAL-Daemon: )[void* rilproxy_urc_thread(void*), 961]: 
06-24 14:36:53.082180   341   881 I MAL-Daemon: mdfx_event_do_statistic(): [STATISTIC] TID = 881 has used 0 + 45768 bytes!!
06-24 14:36:53.082180   341   881 I MAL-Daemon: [mdfx_event_do_statistic, 150]: 
06-24 14:36:53.082392   341   881 W MAL-Daemon: event_get_last_addr(): No data available!!
06-24 14:36:53.082392   341   881 W MAL-Daemon: [event_get_last_addr, 469]: 
06-24 14:36:53.082637   341   881 I MAL-Daemon: mdfx_event_do_statistic(): [STATISTIC] TID = 881 has used 45768  -45768 bytes!!
06-24 14:36:53.082637   341   881 I MAL-Daemon: [mdfx_event_do_statistic, 150]: 
06-24 14:36:53.082935   341   881 I MAL-Daemon: mdfx_event_do_statistic(): [STATISTIC] TID = 881 has used 0 + 45768 bytes!!
06-24 14:36:53.082935   341   881 I MAL-Daemon: [mdfx_event_do_statistic, 150]: 
06-24 14:36:53.083193   341   881 W MAL-Daemon: event_get_last_addr(): No data available!!
06-24 14:36:53.083193   341   881 W MAL-Daemon: [event_get_last_addr, 469]: 
06-24 14:36:53.083428   341   881 I MAL-Daemon: mdfx_event_do_statistic(): [STATISTIC] TID = 881 has used 45768  -45768 bytes!!
06-24 14:36:53.083428   341   881 I MAL-Daemon: [mdfx_event_do_statistic, 150]: 
06-24 14:36:53.084097   341   877 I MAL-Daemon: mdfx_event_do_statistic(): [STATISTIC] TID = 877 has used 0 + 45768 bytes!!
06-24 14:36:53.084097   341   877 I MAL-Daemon: [mdfx_event_do_statistic, 150]: 
06-24 14:36:53.084282   341   877 I MAL-Daemon: [RDS-I][RU][rds_ru_task] RCV Event: 104 
06-24 14:36:53.084282   341   877 I MAL-Daemon: [rds_ru_task, 413]: 
06-24 14:36:53.084446   341   877 I MAL-Daemon: [RDS-I][RDS][rds_ru_urc_hdlr] get URC: +ECSQ: 15,33,1,1,1,-50,-431,7,15,39
06-24 14:36:53.084446   341   877 I MAL-Daemon: 
06-24 14:36:53.084446   341   877 I MAL-Daemon: [rds_ru_urc_hdlr, 1171]: 
06-24 14:36:53.084694   341   877 I MAL-Daemon: [RDS-I][RDS][ru_parse_3gppsigval] 3gppsigval #args act<7>
06-24 14:36:53.084694   341   877 I MAL-Daemon: [ru_parse_3gppsigval, 929]: 
06-24 14:36:53.084896   341   877 I MAL-Daemon: [RDS-I][RDS][RU][rds_ru_urc_hdlr] Update 3GPP STATUS rsrp<-108> regstat<6> 
06-24 14:36:53.084896   341   877 I MAL-Daemon: [rds_ru_urc_hdlr, 1281]: 
06-24 14:36:53.085120   341   877 I MAL-Daemon: mdfx_event_do_statistic(): [STATISTIC] TID = 877 has used 45768 + 45768 bytes!!
06-24 14:36:53.085120   341   877 I MAL-Daemon: [mdfx_event_do_statistic, 150]: 
06-24 14:36:53.085325   341   877 I MAL-Daemon: [RDS-I][RDS][RU][rds_ru_urc_hdlr] ru_check_ctx_ptr<0xf6597aa8, 0xf6597aa8>
06-24 14:36:53.085325   341   877 I MAL-Daemon: [rds_ru_urc_hdlr, 1286]: 
06-24 14:36:53.085563   341   877 I MAL-Daemon: mdfx_event_do_statistic(): [STATISTIC] TID = 877 has used 91536  -45768 bytes!!
06-24 14:36:53.085563   341   877 I MAL-Daemon: [mdfx_event_do_statistic, 150]: 
06-24 14:36:53.085800   341   877 I MAL-Daemon: mdfx_event_do_statistic(): [STATISTIC] TID = 877 has used 45768  -45768 bytes!!
06-24 14:36:53.085800   341   877 I MAL-Daemon: [mdfx_event_do_statistic, 150]: 
06-24 14:36:53.086040   341   877 I MAL-Daemon: mdfx_event_do_statistic(): [STATISTIC] TID = 877 has used 0 + 45768 bytes!!
06-24 14:36:53.086040   341   877 I MAL-Daemon: [mdfx_event_do_statistic, 150]: 
06-24 14:36:53.086205   341   877 I MAL-Daemon: [RDS-I][RU][rds_ru_task] RCV Event: 605 
06-24 14:36:53.086205   341   877 I MAL-Daemon: [rds_ru_task, 413]: 
06-24 14:36:53.086407   341   877 I MAL-Daemon: [RDS-I][RU][EVENT_RU_DM_3GPP_STATUS_IND] i4ltersrp:-108 u43gpp_status:0x6
06-24 14:36:53.086407   341   877 I MAL-Daemon: [rds_ru_3gpp_status_ind, 846]: 
06-24 14:36:53.086595   341   877 E MAL-Daemon: [RDS-E][RU][EVENT_RU_DM_3GPP_STATUS_IND] Invalid u43gpp_status:0x6
06-24 14:36:53.086595   341   877 E MAL-Daemon: [rds_ru_3gpp_status_ind, 874]: 
06-24 14:36:53.087212   341   859 D MAL-Daemon: ati_entity_ati_task_hdl(): receiving a AT Cmd Rsp. or a URC = "+ECSQ: 15,33,1,1,1,-50,-431,7,15,39
06-24 14:36:53.087212   341   859 D MAL-Daemon: "
06-24 14:36:53.087212   341   859 D MAL-Daemon: [ati_entity_atc_task_hdl, 390]: 
06-24 14:36:53.087410   341   859 D MAL-Daemon: ati_entity_ati_task_hdl(): [[AT_URC] "+ECSQ: 15,33,1,1,1,-50,-431,7,15,39
06-24 14:36:53.087410   341   859 D MAL-Daemon: "!!
06-24 14:36:53.087410   341   859 D MAL-Daemon: [ati_entity_atc_task_hdl, 482]: 
06-24 14:36:53.087653   341   859 I MAL-Daemon: ati_entity_ati_task_hdl(): sening out a ATC or URC "
06-24 14:36:53.087653   341   859 I MAL-Daemon: +ECSQ: 15,33,1,1,1,-50,-431,7,15,39
06-24 14:36:53.087653   341   859 I MAL-Daemon: 
06-24 14:36:53.087653   341   859 I MAL-Daemon: " to FD = 10!!
06-24 14:36:53.087653   341   859 I MAL-Daemon: [ati_entity_atc_task_hdl, 507]: 
06-24 14:36:53.087900   341   859 I MAL-Daemon: mdfx_event_do_statistic(): [STATISTIC] TID = 859 has used -234848672  -45768 bytes!!
06-24 14:36:53.087900   341   859 I MAL-Daemon: [mdfx_event_do_statistic, 150]: 
06-24 14:36:53.107301  1341  1341 D NetworkController.MobileSignalController(1): onSignalStrengthsChanged signalStrength=SignalStrength: 0 33 -120 -160 -7 0 -1 99 -107 -12 37 2147483647 gsm|lte 1 1 1 level=3
06-24 14:36:53.107386  1341  1341 D NetworkController: updateTelephonySignalStrength: hasService=true ss=SignalStrength: 0 33 -120 -160 -7 0 -1 99 -107 -12 37 2147483647 gsm|lte 1 1 1
06-24 14:36:53.113692  1341  1341 I NetworkController: [CMCC Performance test][SystemUI][Statusbar] show signal end [91430855]
06-24 14:36:53.113756  1341  1341 D NetworkController.MobileSignalController(1): isDirty : false
06-24 14:36:53.114375  1341  1341 D NetworkController.MobileSignalController(1): Change in state from: connected=true,enabled=true,level=4,inetCondition=1,iconGroup=IconGroup(4G),activityIn=false,activityOut=false,rssi=0,networkType=Type_4G,lastModified=06-24 02:33:44,dataSim=true,networkName=中国移动,dataConnected=false,inetForNetwork=0,isEmergency=false,airplaneMode=falsevoiceType=nullimsState=-1,inPhoneCall=false,voiceLevel=4
06-24 14:36:53.114375  1341  1341 D NetworkController.MobileSignalController(1): 	to: connected=true,enabled=true,level=3,inetCondition=1,iconGroup=IconGroup(4G),activityIn=false,activityOut=false,rssi=0,networkType=Type_4G,lastModified=06-24 02:33:44,dataSim=true,networkName=中国移动,dataConnected=false,inetForNetwork=0,isEmergency=false,airplaneMode=falsevoiceType=nullimsState=-1,inPhoneCall=false,voiceLevel=3
06-24 14:36:53.117823  1341  1341 D SignalClusterView:  setVolteMode(false, 0)
06-24 14:36:53.117932  1341  1341 D SignalClusterView: vpn: GONE
06-24 14:36:53.119263  1341  1341 D SignalClusterView: wifi: VISIBLE sig=2130839015
06-24 14:36:53.119380  1341  1341 D SignalClusterView: apply(1), mMobileVisible= true, mIsAirplaneMode= false
06-24 14:36:53.119735  1341  1341 D SignalClusterView: apply(), mNetworkType= Type_4G resId= 2130838934
06-24 14:36:53.120453  1341  1341 D SignalClusterView: mobile: VISIBLE sig=2130838981 typ=0
06-24 14:36:53.120526  1341  1341 D SignalClusterView:  setVolteMode(false, 0)
06-24 14:36:53.120589  1341  1341 D SignalClusterView: vpn: GONE
06-24 14:36:53.120735  1341  1341 D SignalClusterView: wifi: VISIBLE sig=2130839015
06-24 14:36:53.120788  1341  1341 D SignalClusterView: apply(1), mMobileVisible= true, mIsAirplaneMode= false
06-24 14:36:53.122619  1341  1341 D SignalClusterView: apply(), mNetworkType= Type_4G resId= 2130838934
06-24 14:36:53.122766  1341  1341 D SignalClusterView: mobile: VISIBLE sig=2130838981 typ=0
06-24 14:36:53.122838  1341  1341 D SignalClusterView:  setVolteMode(false, 0)
06-24 14:36:53.122885  1341  1341 D SignalClusterView: vpn: GONE
06-24 14:36:53.122987  1341  1341 D SignalClusterView: wifi: VISIBLE sig=2130839015
06-24 14:36:53.123049  1341  1341 D SignalClusterView: apply(1), mMobileVisible= true, mIsAirplaneMode= false
06-24 14:36:53.123144  1341  1341 D SignalClusterView: apply(), mNetworkType= Type_4G resId= 2130838934
06-24 14:36:53.123241  1341  1341 D SignalClusterView: mobile: VISIBLE sig=2130838981 typ=0
06-24 14:36:53.123296  1341  1341 D SignalClusterView:  setVolteMode(false, 0)
06-24 14:36:53.123517   341   877 I MAL-Daemon: [RDS-I][RDS][OP][rds_op_check_feature] operator id(0) check feature<0>, curr_opmsk is <0>, sys_opmsk is <, 0>
06-24 14:36:53.123517   341   877 I MAL-Daemon: [rds_op_check_feature, 178]: 
06-24 14:36:53.123606   341   877 I MAL-Daemon: [RDS-I][RU][rds_ru_rpl_gen][RDS] Current policy: fgimsolte_en<0>, fgwfc_en<0>, erdspolicy<3>, i4wifirssih<-75>, i4wifirssil<-85>, i4ltersrph<-106>, i4ltersrpl<-116>
06-24 14:36:53.123606   341   877 I MAL-Daemon: [rds_ru_rpl_gen, 2778]: 
06-24 14:36:53.123654   341   877 I MAL-Daemon: [RDS-I][RU][rds_ru_rpl_gen][RDS] current rds ru status: i4wifirssi<-127>, i4ltersrp<-108>, u4active_ran<0> 
06-24 14:36:53.123654   341   877 I MAL-Daemon: [rds_ru_rpl_gen, 2781]: 
06-24 14:36:53.123702   341   877 I MAL-Daemon: [RDS-I][RU][RDS IMS/MMS][rds_ru_rpl_gen] Ori:(255,255)/(255,255) New:(255,255)/(255,255)
06-24 14:36:53.123702   341   877 I MAL-Daemon: [rds_ru_rpl_gen, 2787]: 
06-24 14:36:53.123752   341   877 I MAL-Daemon: [RDS-I][RU][RDS IMS/MMS WIFI][rds_ru_rpl_gen] Ori:(255,255)/(255,255) New:(255,255)/(255,255)
06-24 14:36:53.123752   341   877 I MAL-Daemon: [rds_ru_rpl_gen, 2792]: 
06-24 14:36:53.123799   341   877 I MAL-Daemon: [RDS-I][RU][RDS IMS/MMS CELL][rds_ru_rpl_gen] Ori:(255,255)/(255,255) New:(255,255)/(255,255)
06-24 14:36:53.123799   341   877 I MAL-Daemon: [rds_ru_rpl_gen, 2797]: 
06-24 14:36:53.123854   341   877 I MAL-Daemon: mdfx_event_do_statistic(): [STATISTIC] TID = 877 has used 45768  -45768 bytes!!
06-24 14:36:53.123854   341   877 I MAL-Daemon: [mdfx_event_do_statistic, 150]: 
06-24 14:36:53.136449  1341  1341 D SignalClusterView: setNetworkType(1), NetworkType= Type_4G,VoiceType=Type_4G
06-24 14:36:53.136604  1341  1341 D SignalClusterView: setMobileDataIndicators(1), visible=true, strengthIcon= 2130838979, mMobileTypeId= 0, isTypeIconWide= false
06-24 14:36:53.136727  1341  1341 D SignalClusterView: vpn: GONE
06-24 14:36:53.137134  1341  1341 D SignalClusterView: wifi: VISIBLE sig=2130839015
06-24 14:36:53.137235  1341  1341 D SignalClusterView: apply(1), mMobileVisible= true, mIsAirplaneMode= false
06-24 14:36:53.138533  1341  1341 D SignalClusterView: apply(), mNetworkType= Type_4G resId= 2130838934
06-24 14:36:53.138831  1341  1341 D SignalClusterView: mobile: VISIBLE sig=2130838979 typ=0
06-24 14:36:53.138960  1341  1341 D SignalClusterView: vpn: GONE
06-24 14:36:53.139205  1341  1341 D SignalClusterView: wifi: VISIBLE sig=2130839015
06-24 14:36:53.139274  1341  1341 D SignalClusterView: apply(1), mMobileVisible= true, mIsAirplaneMode= false
06-24 14:36:53.139469  1341  1341 D SignalClusterView: apply(), mNetworkType= Type_4G resId= 2130838934
06-24 14:36:53.139645  1341  1341 D SignalClusterView: mobile: VISIBLE sig=2130838979 typ=0
06-24 14:36:53.141458  1341  1341 D SignalClusterView: setNetworkType(1), NetworkType= Type_4G,VoiceType=Type_4G
06-24 14:36:53.141601  1341  1341 D SignalClusterView: setMobileDataIndicators(1), visible=true, strengthIcon= 2130838979, mMobileTypeId= 0, isTypeIconWide= false
06-24 14:36:53.141698  1341  1341 D SignalClusterView: vpn: GONE
06-24 14:36:53.142033  1341  1341 D SignalClusterView: wifi: VISIBLE sig=2130839015
06-24 14:36:53.142111  1341  1341 D SignalClusterView: apply(1), mMobileVisible= true, mIsAirplaneMode= false
06-24 14:36:53.142304  1341  1341 D SignalClusterView: apply(), mNetworkType= Type_4G resId= 2130838934
06-24 14:36:53.142510  1341  1341 D SignalClusterView: mobile: VISIBLE sig=2130838979 typ=0
06-24 14:36:53.142621  1341  1341 D SignalClusterView: vpn: GONE
06-24 14:36:53.142783  1341  1341 D SignalClusterView: wifi: VISIBLE sig=2130839015
06-24 14:36:53.142852  1341  1341 D SignalClusterView: apply(1), mMobileVisible= true, mIsAirplaneMode= false
06-24 14:36:53.142981  1341  1341 D SignalClusterView: apply(), mNetworkType= Type_4G resId= 2130838934
06-24 14:36:53.143139  1341  1341 D SignalClusterView: mobile: VISIBLE sig=2130838979 typ=0
06-24 14:36:53.144762  1341  1341 D SignalClusterView: setNetworkType(1), NetworkType= Type_4G,VoiceType=Type_4G
06-24 14:36:53.144904  1341  1341 D SignalClusterView: setMobileDataIndicators(1), visible=true, strengthIcon= 2130838979, mMobileTypeId= 0, isTypeIconWide= false
06-24 14:36:53.145000  1341  1341 D SignalClusterView: vpn: GONE
06-24 14:36:53.145226  1341  1341 D SignalClusterView: wifi: VISIBLE sig=2130839015
06-24 14:36:53.145284  1341  1341 D SignalClusterView: apply(1), mMobileVisible= true, mIsAirplaneMode= false
06-24 14:36:53.145417  1341  1341 D SignalClusterView: apply(), mNetworkType= Type_4G resId= 2130838934
06-24 14:36:53.145550  1341  1341 D SignalClusterView: mobile: VISIBLE sig=2130838979 typ=0
06-24 14:36:53.145654  1341  1341 D SignalClusterView: vpn: GONE
06-24 14:36:53.145812  1341  1341 D SignalClusterView: wifi: VISIBLE sig=2130839015
06-24 14:36:53.145875  1341  1341 D SignalClusterView: apply(1), mMobileVisible= true, mIsAirplaneMode= false
06-24 14:36:53.145985  1341  1341 D SignalClusterView: apply(), mNetworkType= Type_4G resId= 2130838934
06-24 14:36:53.146095  1341  1341 D SignalClusterView: mobile: VISIBLE sig=2130838979 typ=0
06-24 14:36:53.147727  1341  1341 D SignalClusterView: setNetworkType(1), NetworkType= Type_4G,VoiceType=Type_4G
06-24 14:36:53.147908  1341  1341 D SignalClusterView: setMobileDataIndicators(1), visible=true, strengthIcon= 2130838979, mMobileTypeId= 0, isTypeIconWide= false
06-24 14:36:53.149065  1341  1341 W ConnectionRateView: mDataConnection: true
06-24 14:36:53.149157  1341  1341 W ConnectionRateView: mDataConnection: true
06-24 14:36:53.153667   335  5996 I BufferQueueProducer: [StatusBar](this:0x7f77a87000,id:6,api:1,p:1341,c:335) queueBuffer: fps=0.70 dur=2837.44 max=2816.28 min=21.17
06-24 14:36:53.173843   335   335 I SurfaceFlinger: [Built-in Screen (type:0)] fps:0.705581,dur:2834.54,max:2825.54,min:9.00
06-24 14:36:53.214166  1033  1244 I WifiStateMachine: fetchRssiLinkSpeedAndFrequencyNative, newRssi:-61, newLinkSpeed:6, SSID:"MZ-MEIZU-2.4G"
06-24 14:36:53.214264  1033  1244 D WifiStateMachine: mLastSignalLevel:2, newSignalLevel:2
06-24 14:36:53.581032   409   409 I ADB_SERVICES: service_to_fd shell:dumpsys iphonesubinfo
06-24 14:36:53.582853   409   409 I ADB_SERVICES: create_subproc ret_fd=22 pid=17957
06-24 14:36:53.638064   409 17958 I ADB_SERVICES: shell exited fd=22 of pid=17957 err=0
06-24 14:36:53.806787 12902 15216 D #MZ_FM# : item view update time 1466750213806
06-24 14:36:53.807249 12902 15216 D #MZ_FM# : file changed /storage/emulated/0/adb.jar
06-24 14:36:53.807665 12902 15216 D #MZ_FM# : update file /storage/emulated/0/adb.jar
06-24 14:36:53.808189 12902 15216 D DiskDirectory: item size:549045  file length:549045
06-24 14:36:54.135772   409   409 I ADB_SERVICES: service_to_fd tcp:10201
06-24 14:36:54.147830 13485 13510 D FlymeTrafficTracking: tag  (124) com.wandoujia.phoenix2.usbproxy New I/O server boss #3 uid 10123
06-24 14:36:54.148109 13485 13510 D NetworkManagementSocketTagger: tagSocket(124) with statsTag=0xffffffff, statsUid=-1
06-24 14:36:54.153711 13485 13509 I System.out: [CDS]EAGAIN in Recvfrom
06-24 14:36:54.160027 13485 13510 I System.out: close [socket][/:::-1]
06-24 14:36:54.167615   409   409 I ADB_SERVICES: recv: CLSE 00005f92 0000aebe 
06-24 14:36:54.169063 13485 13509 I NetworkManagementSocketTagger: untagSocket(124)
06-24 14:36:54.169179 13485 13509 D FlymeTrafficTracking: untag(124) com.wandoujia.phoenix2.usbproxy New I/O worker #2 uid 10123 22ms
06-24 14:36:54.253372   409   409 I ADB_SERVICES: service_to_fd tcp:10201
06-24 14:36:54.257144 13485 13510 D FlymeTrafficTracking: tag  (124) com.wandoujia.phoenix2.usbproxy New I/O server boss #3 uid 10123
06-24 14:36:54.257228 13485 13510 D NetworkManagementSocketTagger: tagSocket(124) with statsTag=0xffffffff, statsUid=-1
06-24 14:36:54.259302 13485 13508 I System.out: [CDS]EAGAIN in Recvfrom
06-24 14:36:54.265466 13485 13510 I System.out: close [socket][/:::-1]
06-24 14:36:54.276890   409   409 I ADB_SERVICES: recv: CLSE 00005f93 0000aebf 
06-24 14:36:54.278758 13485 13508 I NetworkManagementSocketTagger: untagSocket(124)
06-24 14:36:54.278944 13485 13508 D FlymeTrafficTracking: untag(124) com.wandoujia.phoenix2.usbproxy New I/O worker #1 uid 10123 21ms
06-24 14:36:54.315602   409   409 I ADB_SERVICES: service_to_fd tcp:10201
06-24 14:36:54.321232 13485 13510 D FlymeTrafficTracking: tag  (124) com.wandoujia.phoenix2.usbproxy New I/O server boss #3 uid 10123
06-24 14:36:54.321355 13485 13510 D NetworkManagementSocketTagger: tagSocket(124) with statsTag=0xffffffff, statsUid=-1
06-24 14:36:54.322286 13485 13510 I System.out: close [socket][/:::-1]
06-24 14:36:54.324734 13485 13509 I System.out: [CDS]EAGAIN in Recvfrom
06-24 14:36:54.338850   409   409 I ADB_SERVICES: recv: CLSE 00005f94 0000aec0 
06-24 14:36:54.340236 13485 13509 I NetworkManagementSocketTagger: untagSocket(124)
06-24 14:36:54.342430 13485 13509 D FlymeTrafficTracking: untag(124) com.wandoujia.phoenix2.usbproxy New I/O worker #2 uid 10123 20ms
06-24 14:36:54.505464   388   388 I thermal_repeater: select timeout
06-24 14:36:54.644382   409   409 I ADB_SERVICES: service_to_fd shell:dumpsys iphonesubinfo
06-24 14:36:54.646353   409   409 I ADB_SERVICES: create_subproc ret_fd=22 pid=17959
06-24 14:36:54.705796   409 17960 I ADB_SERVICES: shell exited fd=22 of pid=17959 err=0
06-24 14:36:54.996165  1033  1898 D AES     : AEEIOCTL_GET/SET_SF_STATE IOCTL,cmd= 1074294797, lParam=0. 
06-24 14:36:54.996630  1033  1898 D AES     : AEEIOCTL_RT_MON_Kick IOCTL,cmd= -2147192822, lParam=300. 
06-24 14:36:55.006419  1033  1072 D InputReader: InputReader::monitor: lock
06-24 14:36:55.007626  1033  1072 D InputReader: InputReader::monitor: wait 
06-24 14:36:55.007990  1033  1072 D InputReader: InputReader::monitor: unlock
06-24 14:36:55.008117  1033  1072 D InputReader: InputReader::monitor: done
06-24 14:36:55.613459  9430  9442 D FlymeTrafficTracking: tag  (19) com.mediatek.atci.service AtciReceiver uid 1000
06-24 14:36:55.613749  9430  9442 D FlymeTrafficTracking: set tracking tag com.mediatek.atci.service 800cffff
06-24 14:36:55.613916  9430  9442 D NetworkManagementSocketTagger: tagSocket(19) with statsTag=0x800cffff, statsUid=-1
06-24 14:36:55.615354  9430  9442 I NetworkManagementSocketTagger: untagSocket(19)
06-24 14:36:55.615596  9430  9442 D FlymeTrafficTracking: untag(19) com.mediatek.atci.service AtciReceiver uid 1000 2ms
06-24 14:36:55.714792   409   409 I ADB_SERVICES: service_to_fd shell:dumpsys iphonesubinfo
06-24 14:36:55.716573   409   409 I ADB_SERVICES: create_subproc ret_fd=22 pid=17961
06-24 14:36:55.783172   409 17962 I ADB_SERVICES: shell exited fd=22 of pid=17961 err=0
06-24 14:36:55.893694   409   409 I ADB_SERVICES: service_to_fd tcp:10201
06-24 14:36:55.897085 13485 13510 D FlymeTrafficTracking: tag  (124) com.wandoujia.phoenix2.usbproxy New I/O server boss #3 uid 10123
06-24 14:36:55.897165 13485 13510 D NetworkManagementSocketTagger: tagSocket(124) with statsTag=0xffffffff, statsUid=-1
06-24 14:36:55.899477 13485 13508 I System.out: [CDS]EAGAIN in Recvfrom
06-24 14:36:55.904093 13485 13510 I System.out: close [socket][/:::-1]
06-24 14:36:55.914280   409   409 I ADB_SERVICES: recv: CLSE 00005fa8 0000aec3 
06-24 14:36:55.916691 13485 13508 I NetworkManagementSocketTagger: untagSocket(124)
06-24 14:36:55.916936 13485 13508 D FlymeTrafficTracking: untag(124) com.wandoujia.phoenix2.usbproxy New I/O worker #1 uid 10123 20ms
06-24 14:36:56.246278  1033  1244 I WifiStateMachine: fetchRssiLinkSpeedAndFrequencyNative, newRssi:-60, newLinkSpeed:6, SSID:"MZ-MEIZU-2.4G"
06-24 14:36:56.246530  1033  1244 D WifiStateMachine: mLastSignalLevel:2, newSignalLevel:2
06-24 14:36:56.311512 12902 15216 D #MZ_FM# : item view update time 1466750216311
06-24 14:36:56.311861 12902 15216 D #MZ_FM# : file changed /storage/emulated/0/adb.jar
06-24 14:36:56.312278 12902 15216 D #MZ_FM# : update file /storage/emulated/0/adb.jar
06-24 14:36:56.312787 12902 15216 D DiskDirectory: item size:549045  file length:549045
06-24 14:36:56.374359   335  2204 I BufferQueueProducer: [StatusBar](this:0x7f77a87000,id:6,api:1,p:1341,c:335) queueBuffer: fps=0.62 dur=3220.57 max=3008.47 min=212.10
06-24 14:36:56.394773   335   335 I SurfaceFlinger: [Built-in Screen (type:0)] fps:0.620939,dur:3220.93,max:3024.83,min:196.10
06-24 14:36:56.788173   409   409 I ADB_SERVICES: service_to_fd shell:dumpsys iphonesubinfo
06-24 14:36:56.788870   409   409 I ADB_SERVICES: create_subproc ret_fd=22 pid=17963
06-24 14:36:56.828016   409 17964 I ADB_SERVICES: shell exited fd=22 of pid=17963 err=0
06-24 14:36:57.021933   386   386 I thermal_src: wake up function 3
06-24 14:36:57.022311   386   386 I thermal_src: TA_DAEMON_CMD_GET_TPCB cmd=0x5, len=4 PCB=32000
06-24 14:36:57.022432   386   386 I thermal_src: TA_DAEMON_CMD_SET_TTJ cmd=0x4, len=4 Tj=85000
06-24 14:36:57.022629   386   386 I thermal_src: waiting NOTIFY from kernel...
06-24 14:36:57.334371  1341  1341 D NetworkController.WifiSignalController: setActivity: wifiActivity= 3
06-24 14:36:57.334631  1341  1341 D NetworkController.WifiSignalController: isDirty : false
06-24 14:36:57.342776  1341  1341 D NetworkController.WifiSignalController: Change in state from: connected=true,enabled=true,level=3,inetCondition=1,iconGroup=IconGroup(Wi-Fi Icons),activityIn=false,activityOut=false,rssi=-69,networkType=null,lastModified=06-24 02:36:50,ssid="MZ-MEIZU-2.4G"enabling=falsedisabling=falseconnecting=false
06-24 14:36:57.342776  1341  1341 D NetworkController.WifiSignalController: 	to: connected=true,enabled=true,level=3,inetCondition=1,iconGroup=IconGroup(Wi-Fi Icons),activityIn=true,activityOut=true,rssi=-69,networkType=null,lastModified=06-24 02:36:50,ssid="MZ-MEIZU-2.4G"enabling=falsedisabling=falseconnecting=false
06-24 14:36:57.343213  1341  1341 D NetworkController.WifiSignalController: Wifi notifyListeners: level= 3, wifiActivity= 3
06-24 14:36:57.343486  1341  1341 D SignalClusterView: setWifiIndicators, visible=true, strengthIcon=2130839017, contentDescription=WLAN信号强度为三格。
06-24 14:36:57.343750  1341  1341 D SignalClusterView: vpn: GONE
06-24 14:36:57.358772  1341  1341 D SignalClusterView: wifi: VISIBLE sig=2130839017
06-24 14:36:57.358892  1341  1341 D SignalClusterView: apply(1), mMobileVisible= true, mIsAirplaneMode= false
06-24 14:36:57.360251  1341  1341 D SignalClusterView: apply(), mNetworkType= Type_4G resId= 2130838934
06-24 14:36:57.361859  1341  1341 D SignalClusterView: mobile: VISIBLE sig=2130838979 typ=0
06-24 14:36:57.361958  1341  1341 D NetworkController.WifiSignalController: Wifi notifyListeners: level= 3, wifiActivity= 3
06-24 14:36:57.362013  1341  1341 D SignalClusterView: setWifiIndicators, visible=true, strengthIcon=2130839017, contentDescription=WLAN信号强度为三格。
06-24 14:36:57.362060  1341  1341 D SignalClusterView: vpn: GONE
06-24 14:36:57.362508  1341  1341 D SignalClusterView: wifi: VISIBLE sig=2130839017
06-24 14:36:57.362574  1341  1341 D SignalClusterView: apply(1), mMobileVisible= true, mIsAirplaneMode= false
06-24 14:36:57.362715  1341  1341 D SignalClusterView: apply(), mNetworkType= Type_4G resId= 2130838934
06-24 14:36:57.362846  1341  1341 D SignalClusterView: mobile: VISIBLE sig=2130838979 typ=0
06-24 14:36:57.364190  1341  1341 D NetworkController.WifiSignalController: Wifi notifyListeners: level= 3, wifiActivity= 3
06-24 14:36:57.364272  1341  1341 D SignalClusterView: setWifiIndicators, visible=true, strengthIcon=2130839017, contentDescription=WLAN信号强度为三格。
06-24 14:36:57.364334  1341  1341 D SignalClusterView: vpn: GONE
06-24 14:36:57.365394  1341  1341 D SignalClusterView: wifi: VISIBLE sig=2130839017
06-24 14:36:57.365481  1341  1341 D SignalClusterView: apply(1), mMobileVisible= true, mIsAirplaneMode= false
06-24 14:36:57.365637  1341  1341 D SignalClusterView: apply(), mNetworkType= Type_4G resId= 2130838934
06-24 14:36:57.365765  1341  1341 D SignalClusterView: mobile: VISIBLE sig=2130838979 typ=0
06-24 14:36:57.365837  1341  1341 D NetworkController.WifiSignalController: Wifi notifyListeners: level= 3, wifiActivity= 3
06-24 14:36:57.366605  1341  1341 D SignalClusterView: setWifiIndicators, visible=true, strengthIcon=2130839017, contentDescription=WLAN信号强度为三格。
06-24 14:36:57.368685  1341  1341 W ConnectionRateView: mDataConnection: true
06-24 14:36:57.368749  1341  1341 W ConnectionRateView: mDataConnection: true
06-24 14:36:57.374765   335   567 I BufferQueueProducer: [StatusBar](this:0x7f77a87000,id:6,api:1,p:1341,c:335) queueBuffer: fps=1.00 dur=1000.53 max=1000.53 min=1000.53
06-24 14:36:57.567228   409   409 I ADB_SERVICES: service_to_fd shell:
06-24 14:36:57.569049   409   409 I ADB_SERVICES: create_subproc ret_fd=22 pid=17965
06-24 14:36:57.657542   409 17966 I ADB_SERVICES: shell exited fd=22 of pid=17965 err=0
06-24 14:36:57.681333   409   409 I ADB_SERVICES: service_to_fd sync:
06-24 14:36:57.832820   409   409 I ADB_SERVICES: service_to_fd shell:dumpsys iphonesubinfo
06-24 14:36:57.833733   409   409 I ADB_SERVICES: create_subproc ret_fd=25 pid=17971
06-24 14:36:57.905251   409 17972 I ADB_SERVICES: shell exited fd=25 of pid=17971 err=0
06-24 14:36:58.199638   341   881 D MAL-Daemon: URC = (+ECSQ: 14,33,1,1,1,-52,-431,7,11,39
06-24 14:36:58.199638   341   881 D MAL-Daemon: )[void* rilproxy_urc_thread(void*), 961]: 
06-24 14:36:58.199772   341   881 I MAL-Daemon: mdfx_event_do_statistic(): [STATISTIC] TID = 881 has used 0 + 45768 bytes!!
06-24 14:36:58.199772   341   881 I MAL-Daemon: [mdfx_event_do_statistic, 150]: 
06-24 14:36:58.199881   341   881 W MAL-Daemon: event_get_last_addr(): No data available!!
06-24 14:36:58.199881   341   881 W MAL-Daemon: [event_get_last_addr, 469]: 
06-24 14:36:58.199998   341   881 I MAL-Daemon: mdfx_event_do_statistic(): [STATISTIC] TID = 881 has used 45768  -45768 bytes!!
06-24 14:36:58.199998   341   881 I MAL-Daemon: [mdfx_event_do_statistic, 150]: 
06-24 14:36:58.200146   341   881 I MAL-Daemon: mdfx_event_do_statistic(): [STATISTIC] TID = 881 has used 0 + 45768 bytes!!
06-24 14:36:58.200146   341   881 I MAL-Daemon: [mdfx_event_do_statistic, 150]: 
06-24 14:36:58.200235   341   881 W MAL-Daemon: event_get_last_addr(): No data available!!
06-24 14:36:58.200235   341   881 W MAL-Daemon: [event_get_last_addr, 469]: 
06-24 14:36:58.200347   341   881 I MAL-Daemon: mdfx_event_do_statistic(): [STATISTIC] TID = 881 has used 45768  -45768 bytes!!
06-24 14:36:58.200347   341   881 I MAL-Daemon: [mdfx_event_do_statistic, 150]: 
06-24 14:36:58.201034   341   877 I MAL-Daemon: mdfx_event_do_statistic(): [STATISTIC] TID = 877 has used 0 + 45768 bytes!!
06-24 14:36:58.201034   341   877 I MAL-Daemon: [mdfx_event_do_statistic, 150]: 
06-24 14:36:58.201130   341   877 I MAL-Daemon: [RDS-I][RU][rds_ru_task] RCV Event: 104 
06-24 14:36:58.201130   341   877 I MAL-Daemon: [rds_ru_task, 413]: 
06-24 14:36:58.201259   341   877 I MAL-Daemon: [RDS-I][RDS][rds_ru_urc_hdlr] get URC: +ECSQ: 14,33,1,1,1,-52,-431,7,11,39
06-24 14:36:58.201259   341   877 I MAL-Daemon: 
06-24 14:36:58.201259   341   877 I MAL-Daemon: [rds_ru_urc_hdlr, 1171]: 
06-24 14:36:58.201350   341   877 I MAL-Daemon: [RDS-I][RDS][ru_parse_3gppsigval] 3gppsigval #args act<7>
06-24 14:36:58.201350   341   877 I MAL-Daemon: [ru_parse_3gppsigval, 929]: 
06-24 14:36:58.201459   341   877 I MAL-Daemon: mdfx_event_do_statistic(): [STATISTIC] TID = 877 has used 45768  -45768 bytes!!
06-24 14:36:58.201459   341   877 I MAL-Daemon: [mdfx_event_do_statistic, 150]: 
06-24 14:36:58.201658   341   859 D MAL-Daemon: ati_entity_ati_task_hdl(): receiving a AT Cmd Rsp. or a URC = "+ECSQ: 14,33,1,1,1,-52,-431,7,11,39
06-24 14:36:58.201658   341   859 D MAL-Daemon: "
06-24 14:36:58.201658   341   859 D MAL-Daemon: [ati_entity_atc_task_hdl, 390]: 
06-24 14:36:58.201755   341   859 D MAL-Daemon: ati_entity_ati_task_hdl(): [[AT_URC] "+ECSQ: 14,33,1,1,1,-52,-431,7,11,39
06-24 14:36:58.201755   341   859 D MAL-Daemon: "!!
06-24 14:36:58.201755   341   859 D MAL-Daemon: [ati_entity_atc_task_hdl, 482]: 
06-24 14:36:58.201869   341   859 I MAL-Daemon: ati_entity_ati_task_hdl(): sening out a ATC or URC "
06-24 14:36:58.201869   341   859 I MAL-Daemon: +ECSQ: 14,33,1,1,1,-52,-431,7,11,39
06-24 14:36:58.201869   341   859 I MAL-Daemon: 
06-24 14:36:58.201869   341   859 I MAL-Daemon: " to FD = 10!!
06-24 14:36:58.201869   341   859 I MAL-Daemon: [ati_entity_atc_task_hdl, 507]: 
06-24 14:36:58.201987   341   859 I MAL-Daemon: mdfx_event_do_statistic(): [STATISTIC] TID = 859 has used -234894440  -45768 bytes!!
06-24 14:36:58.201987   341   859 I MAL-Daemon: [mdfx_event_do_statistic, 150]: 
06-24 14:36:58.226151  1341  1341 D NetworkController.MobileSignalController(1): onSignalStrengthsChanged signalStrength=SignalStrength: 0 33 -120 -160 -7 0 -1 99 -107 -13 27 2147483647 gsm|lte 1 1 1 level=3
06-24 14:36:58.226239  1341  1341 D NetworkController: updateTelephonySignalStrength: hasService=true ss=SignalStrength: 0 33 -120 -160 -7 0 -1 99 -107 -13 27 2147483647 gsm|lte 1 1 1
06-24 14:36:58.228643  1341  1341 I NetworkController: [CMCC Performance test][SystemUI][Statusbar] show signal end [91435970]
06-24 14:36:58.228713  1341  1341 D NetworkController.MobileSignalController(1): isDirty : false
06-24 14:36:58.366563  1341  1341 D NetworkController.WifiSignalController: setActivity: wifiActivity= 0
06-24 14:36:58.366680  1341  1341 D NetworkController.WifiSignalController: isDirty : false
06-24 14:36:58.367623  1341  1341 D NetworkController.WifiSignalController: Change in state from: connected=true,enabled=true,level=3,inetCondition=1,iconGroup=IconGroup(Wi-Fi Icons),activityIn=true,activityOut=true,rssi=-69,networkType=null,lastModified=06-24 02:36:57,ssid="MZ-MEIZU-2.4G"enabling=falsedisabling=falseconnecting=false
06-24 14:36:58.367623  1341  1341 D NetworkController.WifiSignalController: 	to: connected=true,enabled=true,level=3,inetCondition=1,iconGroup=IconGroup(Wi-Fi Icons),activityIn=false,activityOut=false,rssi=-69,networkType=null,lastModified=06-24 02:36:57,ssid="MZ-MEIZU-2.4G"enabling=falsedisabling=falseconnecting=false
06-24 14:36:58.367789  1341  1341 D NetworkController.WifiSignalController: Wifi notifyListeners: level= 3, wifiActivity= 0
06-24 14:36:58.367874  1341  1341 D SignalClusterView: setWifiIndicators, visible=true, strengthIcon=2130839015, contentDescription=WLAN信号强度为三格。
06-24 14:36:58.367965  1341  1341 D SignalClusterView: vpn: GONE
06-24 14:36:58.369745  1341  1341 D SignalClusterView: wifi: VISIBLE sig=2130839015
06-24 14:36:58.369857  1341  1341 D SignalClusterView: apply(1), mMobileVisible= true, mIsAirplaneMode= false
06-24 14:36:58.370196  1341  1341 D SignalClusterView: apply(), mNetworkType= Type_4G resId= 2130838934
06-24 14:36:58.370490  1341  1341 D SignalClusterView: mobile: VISIBLE sig=2130838979 typ=0
06-24 14:36:58.370586  1341  1341 D NetworkController.WifiSignalController: Wifi notifyListeners: level= 3, wifiActivity= 0
06-24 14:36:58.370664  1341  1341 D SignalClusterView: setWifiIndicators, visible=true, strengthIcon=2130839015, contentDescription=WLAN信号强度为三格。
06-24 14:36:58.370740  1341  1341 D SignalClusterView: vpn: GONE
06-24 14:36:58.372323  1341  1341 D SignalClusterView: wifi: VISIBLE sig=2130839015
06-24 14:36:58.372432  1341  1341 D SignalClusterView: apply(1), mMobileVisible= true, mIsAirplaneMode= false
06-24 14:36:58.372629  1341  1341 D SignalClusterView: apply(), mNetworkType= Type_4G resId= 2130838934
06-24 14:36:58.372859  1341  1341 D SignalClusterView: mobile: VISIBLE sig=2130838979 typ=0
06-24 14:36:58.372950  1341  1341 D NetworkController.WifiSignalController: Wifi notifyListeners: level= 3, wifiActivity= 0
06-24 14:36:58.373026  1341  1341 D SignalClusterView: setWifiIndicators, visible=true, strengthIcon=2130839015, contentDescription=WLAN信号强度为三格。
06-24 14:36:58.373099  1341  1341 D SignalClusterView: vpn: GONE
06-24 14:36:58.373244  1341  1341 D SignalClusterView: wifi: VISIBLE sig=2130839015
06-24 14:36:58.373318  1341  1341 D SignalClusterView: apply(1), mMobileVisible= true, mIsAirplaneMode= false
06-24 14:36:58.373460  1341  1341 D SignalClusterView: apply(), mNetworkType= Type_4G resId= 2130838934
06-24 14:36:58.373614  1341  1341 D SignalClusterView: mobile: VISIBLE sig=2130838979 typ=0
06-24 14:36:58.373700  1341  1341 D NetworkController.WifiSignalController: Wifi notifyListeners: level= 3, wifiActivity= 0
06-24 14:36:58.373769  1341  1341 D SignalClusterView: setWifiIndicators, visible=true, strengthIcon=2130839015, contentDescription=WLAN信号强度为三格。
06-24 14:36:58.375273  1341  1341 W ConnectionRateView: mDataConnection: true
06-24 14:36:58.375340  1341  1341 W ConnectionRateView: mDataConnection: true
06-24 14:36:58.392082   335   747 I BufferQueueProducer: [StatusBar](this:0x7f77a87000,id:6,api:1,p:1341,c:335) queueBuffer: fps=0.98 dur=1017.32 max=1017.32 min=1017.32
06-24 14:36:58.409094   335   335 I SurfaceFlinger: [Built-in Screen (type:0)] fps:0.992890,dur:2014.32,max:1022.94,min:991.38
06-24 14:36:58.427597   409   409 I ADB_SERVICES: recv: CLSE 00005fba 0000aec6 
06-24 14:36:58.815917 12902 15216 D #MZ_FM# : item view update time 1466750218815
06-24 14:36:58.816026 12902 15216 D #MZ_FM# : file changed /storage/emulated/0/adb.jar
06-24 14:36:58.816201 12902 15216 D #MZ_FM# : update file /storage/emulated/0/adb.jar
06-24 14:36:58.816389 12902 15216 D DiskDirectory: item size:549045  file length:549045
06-24 14:36:58.912120   409   409 I ADB_SERVICES: service_to_fd shell:dumpsys iphonesubinfo
06-24 14:36:58.914119   409   409 I ADB_SERVICES: create_subproc ret_fd=22 pid=17973
06-24 14:36:58.976156   409 17974 I ADB_SERVICES: shell exited fd=22 of pid=17973 err=0
06-24 14:36:59.144009   409   409 I ADB_SERVICES: service_to_fd tcp:10201
06-24 14:36:59.154117 13485 13510 D FlymeTrafficTracking: tag  (124) com.wandoujia.phoenix2.usbproxy New I/O server boss #3 uid 10123
06-24 14:36:59.154415 13485 13510 D NetworkManagementSocketTagger: tagSocket(124) with statsTag=0xffffffff, statsUid=-1
06-24 14:36:59.160070 13485 13509 I System.out: [CDS]EAGAIN in Recvfrom
06-24 14:36:59.167708 13485 13510 I System.out: close [socket][/:::-1]
06-24 14:36:59.177832   409   409 I ADB_SERVICES: recv: CLSE 00005fcd 0000aec9 
06-24 14:36:59.182947 13485 13509 I NetworkManagementSocketTagger: untagSocket(124)
06-24 14:36:59.183148 13485 13509 D FlymeTrafficTracking: untag(124) com.wandoujia.phoenix2.usbproxy New I/O worker #2 uid 10123 30ms
06-24 14:36:59.275081   409   409 I ADB_SERVICES: service_to_fd tcp:10201
06-24 14:36:59.279753  1033  1244 I WifiStateMachine: fetchRssiLinkSpeedAndFrequencyNative, newRssi:-57, newLinkSpeed:6, SSID:"MZ-MEIZU-2.4G"
06-24 14:36:59.280026  1033  1244 D WifiStateMachine: mLastSignalLevel:2, newSignalLevel:2
06-24 14:36:59.295802 13485 13510 D FlymeTrafficTracking: tag  (124) com.wandoujia.phoenix2.usbproxy New I/O server boss #3 uid 10123
06-24 14:36:59.296008 13485 13510 D NetworkManagementSocketTagger: tagSocket(124) with statsTag=0xffffffff, statsUid=-1
06-24 14:36:59.312957 13485 13508 I System.out: [CDS]EAGAIN in Recvfrom
06-24 14:36:59.339091   409   409 I ADB_SERVICES: service_to_fd tcp:10201
06-24 14:36:59.349862 13485 13510 D FlymeTrafficTracking: tag  (128) com.wandoujia.phoenix2.usbproxy New I/O server boss #3 uid 10123
06-24 14:36:59.351255 13485 13510 D NetworkManagementSocketTagger: tagSocket(128) with statsTag=0xffffffff, statsUid=-1
06-24 14:36:59.352496 13485 13510 I System.out: close [socket][/:::-1]
06-24 14:36:59.360234 13485 13509 I System.out: [CDS]EAGAIN in Recvfrom
06-24 14:36:59.361922   409   409 I ADB_SERVICES: recv: CLSE 00005fce 0000aeca 
06-24 14:36:59.362520 13485 13508 I NetworkManagementSocketTagger: untagSocket(124)
06-24 14:36:59.362654 13485 13508 D FlymeTrafficTracking: untag(124) com.wandoujia.phoenix2.usbproxy New I/O worker #1 uid 10123 67ms
06-24 14:36:59.368875   409   409 I ADB_SERVICES: recv: CLSE 00005fcf 0000aecb 
06-24 14:36:59.369404 13485 13509 I NetworkManagementSocketTagger: untagSocket(128)
06-24 14:36:59.369527 13485 13509 D FlymeTrafficTracking: untag(128) com.wandoujia.phoenix2.usbproxy New I/O worker #2 uid 10123 20ms
06-24 14:36:59.384127  1341  1341 D NetworkController.WifiSignalController: setActivity: wifiActivity= 2
06-24 14:36:59.384234  1341  1341 D NetworkController.WifiSignalController: isDirty : false
06-24 14:36:59.384867  1341  1341 D NetworkController.WifiSignalController: Change in state from: connected=true,enabled=true,level=3,inetCondition=1,iconGroup=IconGroup(Wi-Fi Icons),activityIn=false,activityOut=false,rssi=-69,networkType=null,lastModified=06-24 02:36:58,ssid="MZ-MEIZU-2.4G"enabling=falsedisabling=falseconnecting=false
06-24 14:36:59.384867  1341  1341 D NetworkController.WifiSignalController: 	to: connected=true,enabled=true,level=3,inetCondition=1,iconGroup=IconGroup(Wi-Fi Icons),activityIn=false,activityOut=true,rssi=-69,networkType=null,lastModified=06-24 02:36:58,ssid="MZ-MEIZU-2.4G"enabling=falsedisabling=falseconnecting=false
06-24 14:36:59.385023  1341  1341 D NetworkController.WifiSignalController: Wifi notifyListeners: level= 3, wifiActivity= 2
06-24 14:36:59.385122  1341  1341 D SignalClusterView: setWifiIndicators, visible=true, strengthIcon=2130839019, contentDescription=WLAN信号强度为三格。
06-24 14:36:59.385201  1341  1341 D SignalClusterView: vpn: GONE
06-24 14:36:59.385827  1341  1341 D SignalClusterView: wifi: VISIBLE sig=2130839019
06-24 14:36:59.385945  1341  1341 D SignalClusterView: apply(1), mMobileVisible= true, mIsAirplaneMode= false
06-24 14:36:59.386290  1341  1341 D SignalClusterView: apply(), mNetworkType= Type_4G resId= 2130838934
06-24 14:36:59.386646  1341  1341 D SignalClusterView: mobile: VISIBLE sig=2130838979 typ=0
06-24 14:36:59.386748  1341  1341 D NetworkController.WifiSignalController: Wifi notifyListeners: level= 3, wifiActivity= 2
06-24 14:36:59.386816  1341  1341 D SignalClusterView: setWifiIndicators, visible=true, strengthIcon=2130839019, contentDescription=WLAN信号强度为三格。
06-24 14:36:59.386870  1341  1341 D SignalClusterView: vpn: GONE
06-24 14:36:59.387158  1341  1341 D SignalClusterView: wifi: VISIBLE sig=2130839019
06-24 14:36:59.387246  1341  1341 D SignalClusterView: apply(1), mMobileVisible= true, mIsAirplaneMode= false
06-24 14:36:59.387533  1341  1341 D SignalClusterView: apply(), mNetworkType= Type_4G resId= 2130838934
06-24 14:36:59.387733  1341  1341 D SignalClusterView: mobile: VISIBLE sig=2130838979 typ=0
06-24 14:36:59.387813  1341  1341 D NetworkController.WifiSignalController: Wifi notifyListeners: level= 3, wifiActivity= 2
06-24 14:36:59.387872  1341  1341 D SignalClusterView: setWifiIndicators, visible=true, strengthIcon=2130839019, contentDescription=WLAN信号强度为三格。
06-24 14:36:59.387936  1341  1341 D SignalClusterView: vpn: GONE
06-24 14:36:59.388132  1341  1341 D SignalClusterView: wifi: VISIBLE sig=2130839019
06-24 14:36:59.388219  1341  1341 D SignalClusterView: apply(1), mMobileVisible= true, mIsAirplaneMode= false
06-24 14:36:59.388391  1341  1341 D SignalClusterView: apply(), mNetworkType= Type_4G resId= 2130838934
06-24 14:36:59.388532  1341  1341 D SignalClusterView: mobile: VISIBLE sig=2130838979 typ=0
06-24 14:36:59.388637  1341  1341 D NetworkController.WifiSignalController: Wifi notifyListeners: level= 3, wifiActivity= 2
06-24 14:36:59.388702  1341  1341 D SignalClusterView: setWifiIndicators, visible=true, strengthIcon=2130839019, contentDescription=WLAN信号强度为三格。
06-24 14:36:59.389969  1341  1341 W ConnectionRateView: mDataConnection: true
06-24 14:36:59.390062  1341  1341 W ConnectionRateView: mDataConnection: true
06-24 14:36:59.393924   335   569 I BufferQueueProducer: [StatusBar](this:0x7f77a87000,id:6,api:1,p:1341,c:335) queueBuffer: fps=2.00 dur=1001.85 max=986.96 min=14.88
06-24 14:36:59.506360   388   388 I thermal_repeater: oh, queryMdThermalInfo (0)No such file or directory
06-24 14:36:59.518093   388   388 I thermal_repeater: [recvMdThermalInfo] ret=25, strLen=127,  3, 40, -127, 0, 32767, 1
06-24 14:36:59.617586  9430  9442 D FlymeTrafficTracking: tag  (19) com.mediatek.atci.service AtciReceiver uid 1000
06-24 14:36:59.617870  9430  9442 D FlymeTrafficTracking: set tracking tag com.mediatek.atci.service 800cffff
06-24 14:36:59.618037  9430  9442 D NetworkManagementSocketTagger: tagSocket(19) with statsTag=0x800cffff, statsUid=-1
06-24 14:36:59.619759  9430  9442 I NetworkManagementSocketTagger: untagSocket(19)
06-24 14:36:59.620002  9430  9442 D FlymeTrafficTracking: untag(19) com.mediatek.atci.service AtciReceiver uid 1000 2ms
06-24 14:36:59.754372   409   409 I ADB_SERVICES: service_to_fd tcp:10201
06-24 14:36:59.765559 13485 13510 D FlymeTrafficTracking: tag  (124) com.wandoujia.phoenix2.usbproxy New I/O server boss #3 uid 10123
06-24 14:36:59.765851 13485 13510 D NetworkManagementSocketTagger: tagSocket(124) with statsTag=0xffffffff, statsUid=-1
06-24 14:36:59.771876 13485 13508 I System.out: [CDS]EAGAIN in Recvfrom
06-24 14:36:59.783222 13485 13510 I System.out: close [socket][/:::-1]
06-24 14:36:59.818015   409   409 I ADB_SERVICES: recv: CLSE 00005fd2 0000aecc 
06-24 14:36:59.818448 13485 13508 I NetworkManagementSocketTagger: untagSocket(124)
06-24 14:36:59.818610 13485 13508 D FlymeTrafficTracking: untag(124) com.wandoujia.phoenix2.usbproxy New I/O worker #1 uid 10123 54ms
06-24 14:36:59.980381   409   409 I ADB_SERVICES: service_to_fd shell:dumpsys iphonesubinfo
06-24 14:36:59.982472   409   409 I ADB_SERVICES: create_subproc ret_fd=22 pid=17975
06-24 14:37:00.011507  1341  1341 D KeyguardUpdateMonitor: received broadcast android.intent.action.TIME_TICK
06-24 14:37:00.011768  1341  1341 D KeyguardUpdateMonitor: handleTimeUpdate
06-24 14:37:00.052203   335   335 I SurfaceFlinger: [Built-in Screen (type:0)] fps:1.825801,dur:1643.11,max:988.44,min:9.70
06-24 14:37:00.084477   409 17976 I ADB_SERVICES: shell exited fd=22 of pid=17975 err=0
06-24 14:37:00.403108  1341  1341 D NetworkController.WifiSignalController: setActivity: wifiActivity= 3
06-24 14:37:00.403383  1341  1341 D NetworkController.WifiSignalController: isDirty : false
06-24 14:37:00.405246  1341  1341 D NetworkController.WifiSignalController: Change in state from: connected=true,enabled=true,level=3,inetCondition=1,iconGroup=IconGroup(Wi-Fi Icons),activityIn=false,activityOut=true,rssi=-69,networkType=null,lastModified=06-24 02:36:59,ssid="MZ-MEIZU-2.4G"enabling=falsedisabling=falseconnecting=false
06-24 14:37:00.405246  1341  1341 D NetworkController.WifiSignalController: 	to: connected=true,enabled=true,level=3,inetCondition=1,iconGroup=IconGroup(Wi-Fi Icons),activityIn=true,activityOut=true,rssi=-69,networkType=null,lastModified=06-24 02:36:59,ssid="MZ-MEIZU-2.4G"enabling=falsedisabling=falseconnecting=false
06-24 14:37:00.405597  1341  1341 D NetworkController.WifiSignalController: Wifi notifyListeners: level= 3, wifiActivity= 3
06-24 14:37:00.405806  1341  1341 D SignalClusterView: setWifiIndicators, visible=true, strengthIcon=2130839017, contentDescription=WLAN信号强度为三格。
06-24 14:37:00.406023  1341  1341 D SignalClusterView: vpn: GONE
06-24 14:37:00.424037  1341  1341 D SignalClusterView: wifi: VISIBLE sig=2130839017
06-24 14:37:00.424161  1341  1341 D SignalClusterView: apply(1), mMobileVisible= true, mIsAirplaneMode= false
06-24 14:37:00.424473  1341  1341 D SignalClusterView: apply(), mNetworkType= Type_4G resId= 2130838934
06-24 14:37:00.424665  1341  1341 D SignalClusterView: mobile: VISIBLE sig=2130838979 typ=0
06-24 14:37:00.424733  1341  1341 D NetworkController.WifiSignalController: Wifi notifyListeners: level= 3, wifiActivity= 3
06-24 14:37:00.424786  1341  1341 D SignalClusterView: setWifiIndicators, visible=true, strengthIcon=2130839017, contentDescription=WLAN信号强度为三格。
06-24 14:37:00.424834  1341  1341 D SignalClusterView: vpn: GONE
06-24 14:37:00.425206  1341  1341 D SignalClusterView: wifi: VISIBLE sig=2130839017
06-24 14:37:00.425260  1341  1341 D SignalClusterView: apply(1), mMobileVisible= true, mIsAirplaneMode= false
06-24 14:37:00.425388  1341  1341 D SignalClusterView: apply(), mNetworkType= Type_4G resId= 2130838934
06-24 14:37:00.425513  1341  1341 D SignalClusterView: mobile: VISIBLE sig=2130838979 typ=0
06-24 14:37:00.425572  1341  1341 D NetworkController.WifiSignalController: Wifi notifyListeners: level= 3, wifiActivity= 3
06-24 14:37:00.425616  1341  1341 D SignalClusterView: setWifiIndicators, visible=true, strengthIcon=2130839017, contentDescription=WLAN信号强度为三格。
06-24 14:37:00.425662  1341  1341 D SignalClusterView: vpn: GONE
06-24 14:37:00.425865  1341  1341 D SignalClusterView: wifi: VISIBLE sig=2130839017
06-24 14:37:00.425917  1341  1341 D SignalClusterView: apply(1), mMobileVisible= true, mIsAirplaneMode= false
06-24 14:37:00.426014  1341  1341 D SignalClusterView: apply(), mNetworkType= Type_4G resId= 2130838934
06-24 14:37:00.426112  1341  1341 D SignalClusterView: mobile: VISIBLE sig=2130838979 typ=0
06-24 14:37:00.426173  1341  1341 D NetworkController.WifiSignalController: Wifi notifyListeners: level= 3, wifiActivity= 3
06-24 14:37:00.426216  1341  1341 D SignalClusterView: setWifiIndicators, visible=true, strengthIcon=2130839017, contentDescription=WLAN信号强度为三格。
06-24 14:37:00.430292  1341  1341 W ConnectionRateView: mDataConnection: true
06-24 14:37:00.430370  1341  1341 W ConnectionRateView: mDataConnection: true
06-24 14:37:00.434778   335   567 I BufferQueueProducer: [StatusBar](this:0x7f77a87000,id:6,api:1,p:1341,c:335) queueBuffer: fps=1.92 dur=1040.85 max=640.51 min=400.34
06-24 14:37:00.722062   409   409 I ADB_SERVICES: service_to_fd shell:am start -n com.mediatek.mtklogger/.MainActivity
06-24 14:37:00.723870   409   409 I ADB_SERVICES: create_subproc ret_fd=22 pid=17977
06-24 14:37:00.913890   409   409 I ADB_SERVICES: service_to_fd tcp:10201
06-24 14:37:00.917222 13485 13510 D FlymeTrafficTracking: tag  (124) com.wandoujia.phoenix2.usbproxy New I/O server boss #3 uid 10123
06-24 14:37:00.917297 13485 13510 D NetworkManagementSocketTagger: tagSocket(124) with statsTag=0xffffffff, statsUid=-1
06-24 14:37:00.917890 13485 13510 I System.out: close [socket][/:::-1]
06-24 14:37:00.919399 13485 13509 I System.out: [CDS]EAGAIN in Recvfrom
06-24 14:37:00.925856   409   409 I ADB_SERVICES: recv: CLSE 00005fe1 0000aecf 
06-24 14:37:00.926867 13485 13509 I NetworkManagementSocketTagger: untagSocket(124)
06-24 14:37:00.927479 13485 13509 D FlymeTrafficTracking: untag(124) com.wandoujia.phoenix2.usbproxy New I/O worker #2 uid 10123 9ms
06-24 14:37:01.090584   409   409 I ADB_SERVICES: service_to_fd shell:dumpsys iphonesubinfo
06-24 14:37:01.091270   409   409 I ADB_SERVICES: create_subproc ret_fd=23 pid=17979
06-24 14:37:01.120271   409 17980 I ADB_SERVICES: shell exited fd=23 of pid=17979 err=0
06-24 14:37:01.278839   409   409 I ADB_SERVICES: service_to_fd tcp:10201
