----- timezone:GMT
06-24 14:36:28.769870 12902 15216 D #MZ_FM# : update file /storage/emulated/0/adb.jar
06-24 14:36:28.770058 12902 15216 D DiskDirectory: item size:549045  file length:549045
06-24 14:36:28.979132   409   409 I ADB_SERVICES: service_to_fd shell:dumpsys iphonesubinfo
06-24 14:36:28.981295   409   409 I ADB_SERVICES: create_subproc ret_fd=22 pid=17911
06-24 14:36:29.036110  1341  1341 D NetworkController.WifiSignalController: setActivity: wifiActivity= 0
06-24 14:36:29.036205  1341  1341 D NetworkController.WifiSignalController: isDirty : false
06-24 14:36:29.036842  1341  1341 D NetworkController.WifiSignalController: Change in state from: connected=true,enabled=true,level=3,inetCondition=1,iconGroup=IconGroup(Wi-Fi Icons),activityIn=true,activityOut=true,rssi=-69,networkType=null,lastModified=06-24 02:36:27,ssid="MZ-MEIZU-2.4G"enabling=falsedisabling=falseconnecting=false
06-24 14:36:29.036842  1341  1341 D NetworkController.WifiSignalController: 	to: connected=true,enabled=true,level=3,inetCondition=1,iconGroup=IconGroup(Wi-Fi Icons),activityIn=false,activityOut=false,rssi=-69,networkType=null,lastModified=06-24 02:36:27,ssid="MZ-MEIZU-2.4G"enabling=falsedisabling=falseconnecting=false
06-24 14:36:29.036979  1341  1341 D NetworkController.WifiSignalController: Wifi notifyListeners: level= 3, wifiActivity= 0
06-24 14:36:29.037046  1341  1341 D SignalClusterView: setWifiIndicators, visible=true, strengthIcon=2130839015, contentDescription=WLAN信号强度为三格。
06-24 14:36:29.037106  1341  1341 D SignalClusterView: vpn: GONE
06-24 14:36:29.037492  1341  1341 D SignalClusterView: wifi: VISIBLE sig=2130839015
06-24 14:36:29.037551  1341  1341 D SignalClusterView: apply(1), mMobileVisible= true, mIsAirplaneMode= false
06-24 14:36:29.037786  1341  1341 D SignalClusterView: apply(), mNetworkType= Type_4G resId= 2130838934
06-24 14:36:29.037995  1341  1341 D SignalClusterView: mobile: VISIBLE sig=2130838981 typ=0
06-24 14:36:29.038076  1341  1341 D NetworkController.WifiSignalController: Wifi notifyListeners: level= 3, wifiActivity= 0
06-24 14:36:29.038136  1341  1341 D SignalClusterView: setWifiIndicators, visible=true, strengthIcon=2130839015, contentDescription=WLAN信号强度为三格。
06-24 14:36:29.038195  1341  1341 D SignalClusterView: vpn: GONE
06-24 14:36:29.038364  1341  1341 D SignalClusterView: wifi: VISIBLE sig=2130839015
06-24 14:36:29.038434  1341  1341 D SignalClusterView: apply(1), mMobileVisible= true, mIsAirplaneMode= false
06-24 14:36:29.038569  1341  1341 D SignalClusterView: apply(), mNetworkType= Type_4G resId= 2130838934
06-24 14:36:29.038728  1341  1341 D SignalClusterView: mobile: VISIBLE sig=2130838981 typ=0
06-24 14:36:29.038812  1341  1341 D NetworkController.WifiSignalController: Wifi notifyListeners: level= 3, wifiActivity= 0
06-24 14:36:29.038875  1341  1341 D SignalClusterView: setWifiIndicators, visible=true, strengthIcon=2130839015, contentDescription=WLAN信号强度为三格。
06-24 14:36:29.038923  1341  1341 D SignalClusterView: vpn: GONE
06-24 14:36:29.039032  1341  1341 D SignalClusterView: wifi: VISIBLE sig=2130839015
06-24 14:36:29.039093  1341  1341 D SignalClusterView: apply(1), mMobileVisible= true, mIsAirplaneMode= false
06-24 14:36:29.039194  1341  1341 D SignalClusterView: apply(), mNetworkType= Type_4G resId= 2130838934
06-24 14:36:29.039284  1341  1341 D SignalClusterView: mobile: VISIBLE sig=2130838981 typ=0
06-24 14:36:29.039339  1341  1341 D NetworkController.WifiSignalController: Wifi notifyListeners: level= 3, wifiActivity= 0
06-24 14:36:29.039398  1341  1341 D SignalClusterView: setWifiIndicators, visible=true, strengthIcon=2130839015, contentDescription=WLAN信号强度为三格。
06-24 14:36:29.040605  1341  1341 W ConnectionRateView: mDataConnection: true
06-24 14:36:29.040685  1341  1341 W ConnectionRateView: mDataConnection: true
06-24 14:36:29.048177   335   569 I BufferQueueProducer: [StatusBar](this:0x7f77a87000,id:6,api:1,p:1341,c:335) queueBuffer: fps=1.01 dur=1990.02 max=1004.25 min=985.77
06-24 14:36:29.049881   409 17912 I ADB_SERVICES: shell exited fd=22 of pid=17911 err=0
06-24 14:36:29.052955  1033  1244 I WifiStateMachine: fetchRssiLinkSpeedAndFrequencyNative, newRssi:-69, newLinkSpeed:6, SSID:"MZ-MEIZU-2.4G"
06-24 14:36:29.053047  1033  1244 D WifiStateMachine: mLastSignalLevel:2, newSignalLevel:2
06-24 14:36:29.069076   335   335 I SurfaceFlinger: [Built-in Screen (type:0)] fps:1.002110,dur:1995.79,max:1005.17,min:990.61
06-24 14:36:29.098531   409   409 I ADB_SERVICES: service_to_fd tcp:10201
06-24 14:36:29.100590 13485 13510 D FlymeTrafficTracking: tag  (124) com.wandoujia.phoenix2.usbproxy New I/O server boss #3 uid 10123
06-24 14:36:29.100693 13485 13510 D NetworkManagementSocketTagger: tagSocket(124) with statsTag=0xffffffff, statsUid=-1
06-24 14:36:29.101996 13485 13510 I System.out: close [socket][/:::-1]
06-24 14:36:29.102600 13485 13509 I System.out: [CDS]EAGAIN in Recvfrom
06-24 14:36:29.108407   409   409 I ADB_SERVICES: recv: CLSE 00005e91 0000ae8d 
06-24 14:36:29.108990 13485 13509 I NetworkManagementSocketTagger: untagSocket(124)
06-24 14:36:29.109109 13485 13509 D FlymeTrafficTracking: untag(124) com.wandoujia.phoenix2.usbproxy New I/O worker #2 uid 10123 9ms
06-24 14:36:29.163772   409   409 I ADB_SERVICES: service_to_fd tcp:10201
06-24 14:36:29.166722 13485 13510 D FlymeTrafficTracking: tag  (124) com.wandoujia.phoenix2.usbproxy New I/O server boss #3 uid 10123
06-24 14:36:29.166807 13485 13510 D NetworkManagementSocketTagger: tagSocket(124) with statsTag=0xffffffff, statsUid=-1
06-24 14:36:29.169117 13485 13508 I System.out: [CDS]EAGAIN in Recvfrom
06-24 14:36:29.173294 13485 13510 I System.out: close [socket][/:::-1]
06-24 14:36:29.179998   409   409 I ADB_SERVICES: recv: CLSE 00005e92 0000ae8e 
06-24 14:36:29.181267 13485 13508 I NetworkManagementSocketTagger: untagSocket(124)
06-24 14:36:29.181382 13485 13508 D FlymeTrafficTracking: untag(124) com.wandoujia.phoenix2.usbproxy New I/O worker #1 uid 10123 15ms
06-24 14:36:29.205921   409   409 I ADB_SERVICES: service_to_fd tcp:10201
06-24 14:36:29.208793 13485 13510 D FlymeTrafficTracking: tag  (124) com.wandoujia.phoenix2.usbproxy New I/O server boss #3 uid 10123
06-24 14:36:29.209018 13485 13510 D NetworkManagementSocketTagger: tagSocket(124) with statsTag=0xffffffff, statsUid=-1
06-24 14:36:29.210637 13485 13510 I System.out: close [socket][/:::-1]
06-24 14:36:29.212121 13485 13509 I System.out: [CDS]EAGAIN in Recvfrom
06-24 14:36:29.222189   409   409 I ADB_SERVICES: recv: CLSE 00005e93 0000ae8f 
06-24 14:36:29.223267 13485 13509 I NetworkManagementSocketTagger: untagSocket(124)
06-24 14:36:29.224014 13485 13509 D FlymeTrafficTracking: untag(124) com.wandoujia.phoenix2.usbproxy New I/O worker #2 uid 10123 15ms
06-24 14:36:29.432305   388   388 I thermal_repeater: oh, queryMdThermalInfo (0)No such file or directory
06-24 14:36:29.453308   388   388 I thermal_repeater: [recvMdThermalInfo] ret=25, strLen=127,  3, 40, -127, 0, 32767, 1
06-24 14:36:29.520005   409   409 I ADB_SERVICES: service_to_fd tcp:10201
06-24 14:36:29.526499 13485 13510 D FlymeTrafficTracking: tag  (124) com.wandoujia.phoenix2.usbproxy New I/O server boss #3 uid 10123
06-24 14:36:29.526599 13485 13510 D NetworkManagementSocketTagger: tagSocket(124) with statsTag=0xffffffff, statsUid=-1
06-24 14:36:29.527270 13485 13510 I System.out: close [socket][/:::-1]
06-24 14:36:29.529748 13485 13508 I System.out: [CDS]EAGAIN in Recvfrom
06-24 14:36:29.568752   409   409 I ADB_SERVICES: recv: CLSE 00005e96 0000ae90 
06-24 14:36:29.569679 13485 13508 I NetworkManagementSocketTagger: untagSocket(124)
06-24 14:36:29.569774 13485 13508 D FlymeTrafficTracking: untag(124) com.wandoujia.phoenix2.usbproxy New I/O worker #1 uid 10123 43ms
06-24 14:36:29.583192  1033 10407 D DhcpStateMachine: PollingState{ when=-32ms what=196616 target=com.android.internal.util.StateMachine$SmHandler }
06-24 14:36:29.583263  1033 10407 D DhcpStateMachine: GET_DHCP_RESULTS on wlan0
06-24 14:36:29.583340  1033 10407 D DhcpUtils: [dhcpv6_get_results] result_prop_name = dhcp.ipv6.wlan0.result; isrenew = 0
06-24 14:36:29.583370  1033 10407 D DhcpUtils: [dhcpv6_get_results] prop_value = 
06-24 14:36:29.583409  1033 10407 D NetUtils: dhcpv6_get_results failed : wlan0 ()
06-24 14:36:29.583448  1033 10407 D DhcpStateMachine: getDhcpv6Results failed, isRenew = false
06-24 14:36:30.056798   409   409 I ADB_SERVICES: service_to_fd shell:dumpsys iphonesubinfo
06-24 14:36:30.058814   409   409 I ADB_SERVICES: create_subproc ret_fd=22 pid=17913
06-24 14:36:30.116674   409 17914 I ADB_SERVICES: shell exited fd=22 of pid=17913 err=0
06-24 14:36:30.758883   409   409 I ADB_SERVICES: service_to_fd tcp:10201
06-24 14:36:30.762303 13485 13510 D FlymeTrafficTracking: tag  (124) com.wandoujia.phoenix2.usbproxy New I/O server boss #3 uid 10123
06-24 14:36:30.762904 13485 13510 D NetworkManagementSocketTagger: tagSocket(124) with statsTag=0xffffffff, statsUid=-1
06-24 14:36:30.764733 13485 13509 I System.out: [CDS]EAGAIN in Recvfrom
06-24 14:36:30.767733 13485 13510 I System.out: close [socket][/:::-1]
06-24 14:36:30.771452   409   409 I ADB_SERVICES: recv: CLSE 00005ea0 0000ae92 
06-24 14:36:30.772431 13485 13509 I NetworkManagementSocketTagger: untagSocket(124)
06-24 14:36:30.773096 13485 13509 D FlymeTrafficTracking: untag(124) com.wandoujia.phoenix2.usbproxy New I/O worker #2 uid 10123 10ms
06-24 14:36:31.121904   409   409 I ADB_SERVICES: service_to_fd shell:dumpsys iphonesubinfo
06-24 14:36:31.123846   409   409 I ADB_SERVICES: create_subproc ret_fd=22 pid=17915
06-24 14:36:31.144092   409   409 I ADB_SERVICES: service_to_fd tcp:10201
06-24 14:36:31.184060 13485 13510 D FlymeTrafficTracking: tag  (124) com.wandoujia.phoenix2.usbproxy New I/O server boss #3 uid 10123
06-24 14:36:31.184187 13485 13510 D NetworkManagementSocketTagger: tagSocket(124) with statsTag=0xffffffff, statsUid=-1
06-24 14:36:31.184889 13485 13510 I System.out: close [socket][/:::-1]
06-24 14:36:31.187541 13485 13508 I System.out: [CDS]EAGAIN in Recvfrom
06-24 14:36:31.191901   409 17916 I ADB_SERVICES: shell exited fd=22 of pid=17915 err=0
06-24 14:36:31.194050   409   409 I ADB_SERVICES: recv: CLSE 00005eaa 0000ae94 
06-24 14:36:31.194776 13485 13508 I NetworkManagementSocketTagger: untagSocket(124)
06-24 14:36:31.194900 13485 13508 D FlymeTrafficTracking: untag(124) com.wandoujia.phoenix2.usbproxy New I/O worker #1 uid 10123 11ms
06-24 14:36:31.275486 12902 15216 D #MZ_FM# : item view update time 1466750191275
06-24 14:36:31.275588 12902 15216 D #MZ_FM# : file changed /storage/emulated/0/adb.jar
06-24 14:36:31.275728 12902 15216 D #MZ_FM# : update file /storage/emulated/0/adb.jar
06-24 14:36:31.275886 12902 15216 D DiskDirectory: item size:549045  file length:549045
06-24 14:36:31.318504   341   881 D MAL-Daemon: URC = (+ECSQ: 15,38,1,1,1,-50,-412,7,11,39
06-24 14:36:31.318504   341   881 D MAL-Daemon: )[void* rilproxy_urc_thread(void*), 961]: 
06-24 14:36:31.318576   341   881 I MAL-Daemon: mdfx_event_do_statistic(): [STATISTIC] TID = 881 has used 0 + 45768 bytes!!
06-24 14:36:31.318576   341   881 I MAL-Daemon: [mdfx_event_do_statistic, 150]: 
06-24 14:36:31.318632   341   881 W MAL-Daemon: event_get_last_addr(): No data available!!
06-24 14:36:31.318632   341   881 W MAL-Daemon: [event_get_last_addr, 469]: 
06-24 14:36:31.318691   341   881 I MAL-Daemon: mdfx_event_do_statistic(): [STATISTIC] TID = 881 has used 45768  -45768 bytes!!
06-24 14:36:31.318691   341   881 I MAL-Daemon: [mdfx_event_do_statistic, 150]: 
06-24 14:36:31.318762   341   881 I MAL-Daemon: mdfx_event_do_statistic(): [STATISTIC] TID = 881 has used 0 + 45768 bytes!!
06-24 14:36:31.318762   341   881 I MAL-Daemon: [mdfx_event_do_statistic, 150]: 
06-24 14:36:31.318805   341   881 W MAL-Daemon: event_get_last_addr(): No data available!!
06-24 14:36:31.318805   341   881 W MAL-Daemon: [event_get_last_addr, 469]: 
06-24 14:36:31.318854   341   881 I MAL-Daemon: mdfx_event_do_statistic(): [STATISTIC] TID = 881 has used 45768  -45768 bytes!!
06-24 14:36:31.318854   341   881 I MAL-Daemon: [mdfx_event_do_statistic, 150]: 
06-24 14:36:31.319170   341   877 I MAL-Daemon: mdfx_event_do_statistic(): [STATISTIC] TID = 877 has used 0 + 45768 bytes!!
06-24 14:36:31.319170   341   877 I MAL-Daemon: [mdfx_event_do_statistic, 150]: 
06-24 14:36:31.319220   341   877 I MAL-Daemon: [RDS-I][RU][rds_ru_task] RCV Event: 104 
06-24 14:36:31.319220   341   877 I MAL-Daemon: [rds_ru_task, 413]: 
06-24 14:36:31.319258   341   877 I MAL-Daemon: [RDS-I][RDS][rds_ru_urc_hdlr] get URC: +ECSQ: 15,38,1,1,1,-50,-412,7,11,39
06-24 14:36:31.319258   341   877 I MAL-Daemon: 
06-24 14:36:31.319258   341   877 I MAL-Daemon: [rds_ru_urc_hdlr, 1171]: 
06-24 14:36:31.319299   341   877 I MAL-Daemon: [RDS-I][RDS][ru_parse_3gppsigval] 3gppsigval #args act<7>
06-24 14:36:31.319299   341   877 I MAL-Daemon: [ru_parse_3gppsigval, 929]: 
06-24 14:36:31.319343   341   877 I MAL-Daemon: [RDS-I][RDS][RU][rds_ru_urc_hdlr] Update 3GPP STATUS rsrp<-103> regstat<6> 
06-24 14:36:31.319343   341   877 I MAL-Daemon: [rds_ru_urc_hdlr, 1281]: 
06-24 14:36:31.319389   341   877 I MAL-Daemon: mdfx_event_do_statistic(): [STATISTIC] TID = 877 has used 45768 + 45768 bytes!!
06-24 14:36:31.319389   341   877 I MAL-Daemon: [mdfx_event_do_statistic, 150]: 
06-24 14:36:31.319438   341   877 I MAL-Daemon: [RDS-I][RDS][RU][rds_ru_urc_hdlr] ru_check_ctx_ptr<0xf6597aa8, 0xf6597aa8>
06-24 14:36:31.319438   341   877 I MAL-Daemon: [rds_ru_urc_hdlr, 1286]: 
06-24 14:36:31.319493   341   877 I MAL-Daemon: mdfx_event_do_statistic(): [STATISTIC] TID = 877 has used 91536  -45768 bytes!!
06-24 14:36:31.319493   341   877 I MAL-Daemon: [mdfx_event_do_statistic, 150]: 
06-24 14:36:31.319543   341   877 I MAL-Daemon: mdfx_event_do_statistic(): [STATISTIC] TID = 877 has used 45768  -45768 bytes!!
06-24 14:36:31.319543   341   877 I MAL-Daemon: [mdfx_event_do_statistic, 150]: 
06-24 14:36:31.319593   341   877 I MAL-Daemon: mdfx_event_do_statistic(): [STATISTIC] TID = 877 has used 0 + 45768 bytes!!
06-24 14:36:31.319593   341   877 I MAL-Daemon: [mdfx_event_do_statistic, 150]: 
06-24 14:36:31.319630   341   877 I MAL-Daemon: [RDS-I][RU][rds_ru_task] RCV Event: 605 
06-24 14:36:31.319630   341   877 I MAL-Daemon: [rds_ru_task, 413]: 
06-24 14:36:31.319674   341   877 I MAL-Daemon: [RDS-I][RU][EVENT_RU_DM_3GPP_STATUS_IND] i4ltersrp:-103 u43gpp_status:0x6
06-24 14:36:31.319674   341   877 I MAL-Daemon: [rds_ru_3gpp_status_ind, 846]: 
06-24 14:36:31.319713   341   877 E MAL-Daemon: [RDS-E][RU][EVENT_RU_DM_3GPP_STATUS_IND] Invalid u43gpp_status:0x6
06-24 14:36:31.319713   341   877 E MAL-Daemon: [rds_ru_3gpp_status_ind, 874]: 
06-24 14:36:31.319778   341   877 I MAL-Daemon: [RDS-I][RDS][OP][rds_op_check_feature] operator id(0) check feature<0>, curr_opmsk is <0>, sys_opmsk is <, 0>
06-24 14:36:31.319778   341   877 I MAL-Daemon: [rds_op_check_feature, 178]: 
06-24 14:36:31.319838   341   877 I MAL-Daemon: [RDS-I][RU][rds_ru_rpl_gen][RDS] Current policy: fgimsolte_en<0>, fgwfc_en<0>, erdspolicy<3>, i4wifirssih<-75>, i4wifirssil<-85>, i4ltersrph<-106>, i4ltersrpl<-116>
06-24 14:36:31.319838   341   877 I MAL-Daemon: [rds_ru_rpl_gen, 2778]: 
06-24 14:36:31.319884   341   877 I MAL-Daemon: [RDS-I][RU][rds_ru_rpl_gen][RDS] current rds ru status: i4wifirssi<-127>, i4ltersrp<-103>, u4active_ran<0> 
06-24 14:36:31.319884   341   877 I MAL-Daemon: [rds_ru_rpl_gen, 2781]: 
06-24 14:36:31.319930   341   877 I MAL-Daemon: [RDS-I][RU][RDS IMS/MMS][rds_ru_rpl_gen] Ori:(255,255)/(255,255) New:(255,255)/(255,255)
06-24 14:36:31.319930   341   877 I MAL-Daemon: [rds_ru_rpl_gen, 2787]: 
06-24 14:36:31.319978   341   877 I MAL-Daemon: [RDS-I][RU][RDS IMS/MMS WIFI][rds_ru_rpl_gen] Ori:(255,255)/(255,255) New:(255,255)/(255,255)
06-24 14:36:31.319978   341   877 I MAL-Daemon: [rds_ru_rpl_gen, 2792]: 
06-24 14:36:31.320025   341   877 I MAL-Daemon: [RDS-I][RU][RDS IMS/MMS CELL][rds_ru_rpl_gen] Ori:(255,255)/(255,255) New:(255,255)/(255,255)
06-24 14:36:31.320025   341   877 I MAL-Daemon: [rds_ru_rpl_gen, 2797]: 
06-24 14:36:31.320073   341   877 I MAL-Daemon: mdfx_event_do_statistic(): [STATISTIC] TID = 877 has used 45768  -45768 bytes!!
06-24 14:36:31.320073   341   877 I MAL-Daemon: [mdfx_event_do_statistic, 150]: 
06-24 14:36:31.320173   341   859 D MAL-Daemon: ati_entity_ati_task_hdl(): receiving a AT Cmd Rsp. or a URC = "+ECSQ: 15,38,1,1,1,-50,-412,7,11,39
06-24 14:36:31.320173   341   859 D MAL-Daemon: "
06-24 14:36:31.320173   341   859 D MAL-Daemon: [ati_entity_atc_task_hdl, 390]: 
06-24 14:36:31.320219   341   859 D MAL-Daemon: ati_entity_ati_task_hdl(): [[AT_URC] "+ECSQ: 15,38,1,1,1,-50,-412,7,11,39
06-24 14:36:31.320219   341   859 D MAL-Daemon: "!!
06-24 14:36:31.320219   341   859 D MAL-Daemon: [ati_entity_atc_task_hdl, 482]: 
06-24 14:36:31.320272   341   859 I MAL-Daemon: ati_entity_ati_task_hdl(): sening out a ATC or URC "
06-24 14:36:31.320272   341   859 I MAL-Daemon: +ECSQ: 15,38,1,1,1,-50,-412,7,11,39
06-24 14:36:31.320272   341   859 I MAL-Daemon: 
06-24 14:36:31.320272   341   859 I MAL-Daemon: " to FD = 10!!
06-24 14:36:31.320272   341   859 I MAL-Daemon: [ati_entity_atc_task_hdl, 507]: 
06-24 14:36:31.320324   341   859 I MAL-Daemon: mdfx_event_do_statistic(): [STATISTIC] TID = 859 has used -234665600  -45768 bytes!!
06-24 14:36:31.320324   341   859 I MAL-Daemon: [mdfx_event_do_statistic, 150]: 
06-24 14:36:31.348609  1341  1341 D NetworkController.MobileSignalController(1): onSignalStrengthsChanged signalStrength=SignalStrength: 0 38 -120 -160 -7 0 -1 99 -103 -12 27 2147483647 gsm|lte 1 1 1 level=4
06-24 14:36:31.348696  1341  1341 D NetworkController: updateTelephonySignalStrength: hasService=true ss=SignalStrength: 0 38 -120 -160 -7 0 -1 99 -103 -12 27 2147483647 gsm|lte 1 1 1
06-24 14:36:31.351120  1341  1341 I NetworkController: [CMCC Performance test][SystemUI][Statusbar] show signal end [91409092]
06-24 14:36:31.351193  1341  1341 D NetworkController.MobileSignalController(1): isDirty : false
06-24 14:36:31.578915  9430  9442 D FlymeTrafficTracking: tag  (19) com.mediatek.atci.service AtciReceiver uid 1000
06-24 14:36:31.579065  9430  9442 D FlymeTrafficTracking: set tracking tag com.mediatek.atci.service 800cffff
06-24 14:36:31.579136  9430  9442 D NetworkManagementSocketTagger: tagSocket(19) with statsTag=0x800cffff, statsUid=-1
06-24 14:36:31.579705  9430  9442 I NetworkManagementSocketTagger: untagSocket(19)
06-24 14:36:31.579776  9430  9442 D FlymeTrafficTracking: untag(19) com.mediatek.atci.service AtciReceiver uid 1000 1ms
06-24 14:36:31.790653 20071 20193 I System.out: [CDS]EAGAIN in Recvfrom
06-24 14:36:31.794451 20071 20228 V SQLiteStatements: /data/user/0/com.alibaba.android.rimet/databases/0e0f9ae0baf43281afa095bb0427c078.db: "BEGIN EXCLUSIVE;"
06-24 14:36:31.794606 20071 20228 V SQLiteTime: /data/user/0/com.alibaba.android.rimet/databases/0e0f9ae0baf43281afa095bb0427c078.db: "BEGIN EXCLUSIVE;" took 0.000 ms
06-24 14:36:31.794831 20071 20228 V SQLiteStatements: /data/user/0/com.alibaba.android.rimet/databases/0e0f9ae0baf43281afa095bb0427c078.db: "UPDATE tbconversation SET unreadCount=0 WHERE cid='4216499:44777893'"
06-24 14:36:31.795347 20071 20228 V SQLiteStatements: /data/user/0/com.alibaba.android.rimet/databases/0e0f9ae0baf43281afa095bb0427c078.db: "-- SELECT rowid,cid,title FROM tbconversation  WHERE type = 2 AND  rowid = 1739"
06-24 14:36:31.795411 20071 20228 V SQLiteTime: /data/user/0/com.alibaba.android.rimet/databases/0e0f9ae0baf43281afa095bb0427c078.db: "SELECT rowid,cid,title FROM tbconversation  WHERE type = 2 AND  rowid = 1739" took 0.000 ms
06-24 14:36:31.796393 20071 20228 V SQLiteTime: /data/user/0/com.alibaba.android.rimet/databases/0e0f9ae0baf43281afa095bb0427c078.db: "UPDATE tbconversation SET unreadCount=? WHERE cid=?" took 2.000 ms
06-24 14:36:31.796545 20071 20228 V SQLiteStatements: /data/user/0/com.alibaba.android.rimet/databases/0e0f9ae0baf43281afa095bb0427c078.db: "COMMIT;"
06-24 14:36:31.801357 20071 20228 V SQLiteTime: /data/user/0/com.alibaba.android.rimet/databases/0e0f9ae0baf43281afa095bb0427c078.db: "COMMIT;" took 5.000 ms
06-24 14:36:31.826381 20071 20228 V SQLiteStatements: /data/user/0/com.alibaba.android.rimet/databases/0e0f9ae0baf43281afa095bb0427c078.db: "BEGIN EXCLUSIVE;"
06-24 14:36:31.826580 20071 20228 V SQLiteTime: /data/user/0/com.alibaba.android.rimet/databases/0e0f9ae0baf43281afa095bb0427c078.db: "BEGIN EXCLUSIVE;" took 0.000 ms
06-24 14:36:31.827181 20071 20228 V SQLiteStatements: /data/user/0/com.alibaba.android.rimet/databases/0e0f9ae0baf43281afa095bb0427c078.db: "UPDATE tbmsg_4216499_44777893 SET viewStatus=2 WHERE mid='6481970190'"
06-24 14:36:31.827955 20071 20228 V SQLiteStatements: /data/user/0/com.alibaba.android.rimet/databases/0e0f9ae0baf43281afa095bb0427c078.db: "-- SELECT rowid,rowid,content,senderId,cid FROM tbmsg_4216499_44777893  WHERE (contentType = 1 or contentType = 4 or contentType = 102 or contentType = 400 or contentType = 500 or contentType = 501 or contentType = 301 or contentType = 300 or contentType = 700) and creatorType = 1 and messageStatus != 4 and recall != 1 AND  rowid = 36"
06-24 14:36:31.828100 20071 20228 V SQLiteTime: /data/user/0/com.alibaba.android.rimet/databases/0e0f9ae0baf43281afa095bb0427c078.db: "SELECT rowid,rowid,content,senderId,cid FROM tbmsg_4216499_44777893  WHERE (contentType = 1 or contentType = 4 or contentType = 102 or contentType = 400 or contentType = 500 or contentType = 501 or contentType = 301 or contentType = 300 or contentType = 700) and creatorType = 1 and messageStatus != 4 and recall != 1 AND  rowid = 36" took 1.000 ms
06-24 14:36:31.828660 20071 20228 V SQLiteTime: /data/user/0/com.alibaba.android.rimet/databases/0e0f9ae0baf43281afa095bb0427c078.db: "UPDATE tbmsg_4216499_44777893 SET viewStatus=? WHERE mid=?" took 1.000 ms
06-24 14:36:31.828863 20071 20228 V SQLiteStatements: /data/user/0/com.alibaba.android.rimet/databases/0e0f9ae0baf43281afa095bb0427c078.db: "COMMIT;"
06-24 14:36:31.834880 20071 20228 V SQLiteTime: /data/user/0/com.alibaba.android.rimet/databases/0e0f9ae0baf43281afa095bb0427c078.db: "COMMIT;" took 6.000 ms
06-24 14:36:31.863463   386   386 I thermal_src: wake up function 3
06-24 14:36:31.863561   386   386 I thermal_src: ERROR, recvmsg expect 5, but get 5 
06-24 14:36:31.863587   386   386 I thermal_src: TA_DAEMON_CMD_GET_TPCB cmd=0x5, len=4 PCB=32000
06-24 14:36:31.863608   386   386 I thermal_src: TA_DAEMON_CMD_SET_TTJ cmd=0x4, len=4 Tj=85000
06-24 14:36:31.863648   386   386 I thermal_src: waiting NOTIFY from kernel...
06-24 14:36:31.865314   386   386 I thermal_src: wake up function 3
06-24 14:36:31.865417   386   386 I thermal_src: TA_DAEMON_CMD_GET_TPCB cmd=0x5, len=4 PCB=32000
06-24 14:36:31.865441   386   386 I thermal_src: TA_DAEMON_CMD_SET_TTJ cmd=0x4, len=4 Tj=85000
06-24 14:36:31.865485   386   386 I thermal_src: waiting NOTIFY from kernel...
06-24 14:36:31.870018  2435  2443 D FRR     : buff=0x7f798b22a0, len=805
06-24 14:36:31.870102  2435  2443 D FRR     : uevent[0]=0x7f798b22a0, len=53, "change@/devices/platform/battery/power_supply/battery"
06-24 14:36:31.870117  2435  2443 D FRR     : voteFps(60, 0)
06-24 14:36:31.870131  2435  2443 D FRR     : ThermalListener loop:
06-24 14:36:31.874355  1033  1358 D BatteryService: mBatteryVoltage=3851, batteryLevel=50
06-24 14:36:31.896925   386   386 I thermal_src: wake up function 3
06-24 14:36:31.897027   386   386 I thermal_src: TA_DAEMON_CMD_GET_TPCB cmd=0x5, len=4 PCB=32000
06-24 14:36:31.897051   386   386 I thermal_src: TA_DAEMON_CMD_SET_TTJ cmd=0x4, len=4 Tj=85000
06-24 14:36:31.897090   386   386 I thermal_src: waiting NOTIFY from kernel...
06-24 14:36:31.971381   386   386 I thermal_src: wake up function 3
06-24 14:36:31.971485   386   386 I thermal_src: TA_DAEMON_CMD_GET_TPCB cmd=0x5, len=4 PCB=32000
06-24 14:36:31.971508   386   386 I thermal_src: TA_DAEMON_CMD_SET_TTJ cmd=0x4, len=4 Tj=85000
06-24 14:36:31.971550   386   386 I thermal_src: waiting NOTIFY from kernel...
06-24 14:36:32.042281  1341  1341 D NetworkController.WifiSignalController: setActivity: wifiActivity= 3
06-24 14:36:32.042550  1341  1341 D NetworkController.WifiSignalController: isDirty : false
06-24 14:36:32.044516  1341  1341 D NetworkController.WifiSignalController: Change in state from: connected=true,enabled=true,level=3,inetCondition=1,iconGroup=IconGroup(Wi-Fi Icons),activityIn=false,activityOut=false,rssi=-69,networkType=null,lastModified=06-24 02:36:29,ssid="MZ-MEIZU-2.4G"enabling=falsedisabling=falseconnecting=false
06-24 14:36:32.044516  1341  1341 D NetworkController.WifiSignalController: 	to: connected=true,enabled=true,level=3,inetCondition=1,iconGroup=IconGroup(Wi-Fi Icons),activityIn=true,activityOut=true,rssi=-69,networkType=null,lastModified=06-24 02:36:29,ssid="MZ-MEIZU-2.4G"enabling=falsedisabling=falseconnecting=false
06-24 14:36:32.044861  1341  1341 D NetworkController.WifiSignalController: Wifi notifyListeners: level= 3, wifiActivity= 3
06-24 14:36:32.045062  1341  1341 D SignalClusterView: setWifiIndicators, visible=true, strengthIcon=2130839017, contentDescription=WLAN信号强度为三格。
06-24 14:36:32.045353  1341  1341 D SignalClusterView: vpn: GONE
06-24 14:36:32.069641  1341  1341 D SignalClusterView: wifi: VISIBLE sig=2130839017
06-24 14:36:32.069763  1341  1341 D SignalClusterView: apply(1), mMobileVisible= true, mIsAirplaneMode= false
06-24 14:36:32.071437  1033  1244 I WifiStateMachine: fetchRssiLinkSpeedAndFrequencyNative, newRssi:-69, newLinkSpeed:6, SSID:"MZ-MEIZU-2.4G"
06-24 14:36:32.071685  1033  1244 D WifiStateMachine: mLastSignalLevel:2, newSignalLevel:2
06-24 14:36:32.073795  1341  1341 D SignalClusterView: apply(), mNetworkType= Type_4G resId= 2130838934
06-24 14:36:32.074888  1341  1341 D SignalClusterView: mobile: VISIBLE sig=2130838981 typ=0
06-24 14:36:32.074981  1341  1341 D NetworkController.WifiSignalController: Wifi notifyListeners: level= 3, wifiActivity= 3
06-24 14:36:32.075611  1341  1341 D SignalClusterView: setWifiIndicators, visible=true, strengthIcon=2130839017, contentDescription=WLAN信号强度为三格。
06-24 14:36:32.075691  1341  1341 D SignalClusterView: vpn: GONE
06-24 14:36:32.076802  1341  1341 D SignalClusterView: wifi: VISIBLE sig=2130839017
06-24 14:36:32.077387  1341  1341 D SignalClusterView: apply(1), mMobileVisible= true, mIsAirplaneMode= false
06-24 14:36:32.077635  1341  1341 D SignalClusterView: apply(), mNetworkType= Type_4G resId= 2130838934
06-24 14:36:32.078387  1341  1341 D SignalClusterView: mobile: VISIBLE sig=2130838981 typ=0
06-24 14:36:32.078479  1341  1341 D NetworkController.WifiSignalController: Wifi notifyListeners: level= 3, wifiActivity= 3
06-24 14:36:32.078534  1341  1341 D SignalClusterView: setWifiIndicators, visible=true, strengthIcon=2130839017, contentDescription=WLAN信号强度为三格。
06-24 14:36:32.078587  1341  1341 D SignalClusterView: vpn: GONE
06-24 14:36:32.079980  1341  1341 D SignalClusterView: wifi: VISIBLE sig=2130839017
06-24 14:36:32.080704  1341  1341 D SignalClusterView: apply(1), mMobileVisible= true, mIsAirplaneMode= false
06-24 14:36:32.081515  1341  1341 D SignalClusterView: apply(), mNetworkType= Type_4G resId= 2130838934
06-24 14:36:32.081699  1341  1341 D SignalClusterView: mobile: VISIBLE sig=2130838981 typ=0
06-24 14:36:32.082319  1341  1341 D NetworkController.WifiSignalController: Wifi notifyListeners: level= 3, wifiActivity= 3
06-24 14:36:32.082384  1341  1341 D SignalClusterView: setWifiIndicators, visible=true, strengthIcon=2130839017, contentDescription=WLAN信号强度为三格。
06-24 14:36:32.084177  1341  1341 W ConnectionRateView: mDataConnection: true
06-24 14:36:32.084239  1341  1341 W ConnectionRateView: mDataConnection: true
06-24 14:36:32.091331   335   567 I BufferQueueProducer: [StatusBar](this:0x7f77a87000,id:6,api:1,p:1341,c:335) queueBuffer: fps=0.66 dur=3042.32 max=2804.88 min=237.44
06-24 14:36:32.105916   335   335 I SurfaceFlinger: [Built-in Screen (type:0)] fps:0.658579,dur:3036.84,max:2809.21,min:227.63
06-24 14:36:32.196767   409   409 I ADB_SERVICES: service_to_fd shell:dumpsys iphonesubinfo
06-24 14:36:32.200500   409   409 I ADB_SERVICES: create_subproc ret_fd=22 pid=17917
06-24 14:36:32.248689   409 17918 I ADB_SERVICES: shell exited fd=22 of pid=17917 err=0
06-24 14:36:32.655269 20071 20193 I System.out: [CDS]EAGAIN in Recvfrom
06-24 14:36:32.665294 20071 20172 V SQLiteStatements: /data/user/0/com.alibaba.android.rimet/databases/0e0f9ae0baf43281afa095bb0427c078.db: "BEGIN EXCLUSIVE;"
06-24 14:36:32.665841 20071 20172 V SQLiteTime: /data/user/0/com.alibaba.android.rimet/databases/0e0f9ae0baf43281afa095bb0427c078.db: "BEGIN EXCLUSIVE;" took 0.000 ms
06-24 14:36:32.666542 20071 20172 V SQLiteStatements: /data/user/0/com.alibaba.android.rimet/databases/0e0f9ae0baf43281afa095bb0427c078.db: "UPDATE tbconversation SET unreadCount=0 WHERE cid='4216499:44777893'"
06-24 14:36:32.668359 20071 20172 V SQLiteStatements: /data/user/0/com.alibaba.android.rimet/databases/0e0f9ae0baf43281afa095bb0427c078.db: "-- SELECT rowid,cid,title FROM tbconversation  WHERE type = 2 AND  rowid = 1739"
06-24 14:36:32.668592 20071 20172 V SQLiteTime: /data/user/0/com.alibaba.android.rimet/databases/0e0f9ae0baf43281afa095bb0427c078.db: "SELECT rowid,cid,title FROM tbconversation  WHERE type = 2 AND  rowid = 1739" took 0.000 ms
06-24 14:36:32.674697 20071 20172 V SQLiteTime: /data/user/0/com.alibaba.android.rimet/databases/0e0f9ae0baf43281afa095bb0427c078.db: "UPDATE tbconversation SET unreadCount=? WHERE cid=?" took 8.000 ms
06-24 14:36:32.674945 20071 20172 V SQLiteStatements: /data/user/0/com.alibaba.android.rimet/databases/0e0f9ae0baf43281afa095bb0427c078.db: "COMMIT;"
06-24 14:36:32.678713 20071 20172 V SQLiteTime: /data/user/0/com.alibaba.android.rimet/databases/0e0f9ae0baf43281afa095bb0427c078.db: "COMMIT;" took 4.000 ms
06-24 14:36:32.685725 20071 20172 V SQLiteStatements: /data/user/0/com.alibaba.android.rimet/databases/0e0f9ae0baf43281afa095bb0427c078.db: "BEGIN EXCLUSIVE;"
06-24 14:36:32.685915 20071 20172 V SQLiteTime: /data/user/0/com.alibaba.android.rimet/databases/0e0f9ae0baf43281afa095bb0427c078.db: "BEGIN EXCLUSIVE;" took 0.000 ms
06-24 14:36:32.686445 20071 20172 V SQLiteStatements: /data/user/0/com.alibaba.android.rimet/databases/0e0f9ae0baf43281afa095bb0427c078.db: "UPDATE tbmsg_4216499_44777893 SET isRead=2 WHERE mid='6481970190'"
06-24 14:36:32.687369 20071 20172 V SQLiteStatements: /data/user/0/com.alibaba.android.rimet/databases/0e0f9ae0baf43281afa095bb0427c078.db: "-- SELECT rowid,rowid,content,senderId,cid FROM tbmsg_4216499_44777893  WHERE (contentType = 1 or contentType = 4 or contentType = 102 or contentType = 400 or contentType = 500 or contentType = 501 or contentType = 301 or contentType = 300 or contentType = 700) and creatorType = 1 and messageStatus != 4 and recall != 1 AND  rowid = 36"
06-24 14:36:32.687504 20071 20172 V SQLiteTime: /data/user/0/com.alibaba.android.rimet/databases/0e0f9ae0baf43281afa095bb0427c078.db: "SELECT rowid,rowid,content,senderId,cid FROM tbmsg_4216499_44777893  WHERE (contentType = 1 or contentType = 4 or contentType = 102 or contentType = 400 or contentType = 500 or contentType = 501 or contentType = 301 or contentType = 300 or contentType = 700) and creatorType = 1 and messageStatus != 4 and recall != 1 AND  rowid = 36" took 0.000 ms
06-24 14:36:32.688066 20071 20172 V SQLiteTime: /data/user/0/com.alibaba.android.rimet/databases/0e0f9ae0baf43281afa095bb0427c078.db: "UPDATE tbmsg_4216499_44777893 SET isRead=? WHERE mid=?" took 2.000 ms
06-24 14:36:32.688317 20071 20172 V SQLiteStatements: /data/user/0/com.alibaba.android.rimet/databases/0e0f9ae0baf43281afa095bb0427c078.db: "COMMIT;"
06-24 14:36:32.691687 20071 20172 V SQLiteTime: /data/user/0/com.alibaba.android.rimet/databases/0e0f9ae0baf43281afa095bb0427c078.db: "COMMIT;" took 3.000 ms
06-24 14:36:33.254454   409   409 I ADB_SERVICES: service_to_fd shell:dumpsys iphonesubinfo
06-24 14:36:33.256020   409   409 I ADB_SERVICES: create_subproc ret_fd=22 pid=17919
06-24 14:36:33.313511   409 17920 I ADB_SERVICES: shell exited fd=22 of pid=17919 err=0
06-24 14:36:33.778876 12902 15216 D #MZ_FM# : item view update time 1466750193778
06-24 14:36:33.779178 12902 15216 D #MZ_FM# : file changed /storage/emulated/0/adb.jar
06-24 14:36:33.779596 12902 15216 D #MZ_FM# : update file /storage/emulated/0/adb.jar
06-24 14:36:33.780109 12902 15216 D DiskDirectory: item size:549045  file length:549045
06-24 14:36:34.097569   335  5996 I BufferQueueProducer: [StatusBar](this:0x7f77a87000,id:6,api:1,p:1341,c:335) queueBuffer: fps=1.49 dur=2006.95 max=1010.94 min=196.95
06-24 14:36:34.103895  1341  1341 D NetworkController.WifiSignalController: setActivity: wifiActivity= 0
06-24 14:36:34.103984  1341  1341 D NetworkController.WifiSignalController: isDirty : false
06-24 14:36:34.104583  1341  1341 D NetworkController.WifiSignalController: Change in state from: connected=true,enabled=true,level=3,inetCondition=1,iconGroup=IconGroup(Wi-Fi Icons),activityIn=true,activityOut=true,rssi=-69,networkType=null,lastModified=06-24 02:36:32,ssid="MZ-MEIZU-2.4G"enabling=falsedisabling=falseconnecting=false
06-24 14:36:34.104583  1341  1341 D NetworkController.WifiSignalController: 	to: connected=true,enabled=true,level=3,inetCondition=1,iconGroup=IconGroup(Wi-Fi Icons),activityIn=false,activityOut=false,rssi=-69,networkType=null,lastModified=06-24 02:36:32,ssid="MZ-MEIZU-2.4G"enabling=falsedisabling=falseconnecting=false
06-24 14:36:34.104702  1341  1341 D NetworkController.WifiSignalController: Wifi notifyListeners: level= 3, wifiActivity= 0
06-24 14:36:34.104759  1341  1341 D SignalClusterView: setWifiIndicators, visible=true, strengthIcon=2130839015, contentDescription=WLAN信号强度为三格。
06-24 14:36:34.104817  1341  1341 D SignalClusterView: vpn: GONE
06-24 14:36:34.105176  1341  1341 D SignalClusterView: wifi: VISIBLE sig=2130839015
06-24 14:36:34.105237  1341  1341 D SignalClusterView: apply(1), mMobileVisible= true, mIsAirplaneMode= false
06-24 14:36:34.105427  1341  1341 D SignalClusterView: apply(), mNetworkType= Type_4G resId= 2130838934
06-24 14:36:34.105595  1341  1341 D SignalClusterView: mobile: VISIBLE sig=2130838981 typ=0
06-24 14:36:34.105659  1341  1341 D NetworkController.WifiSignalController: Wifi notifyListeners: level= 3, wifiActivity= 0
06-24 14:36:34.105707  1341  1341 D SignalClusterView: setWifiIndicators, visible=true, strengthIcon=2130839015, contentDescription=WLAN信号强度为三格。
06-24 14:36:34.105754  1341  1341 D SignalClusterView: vpn: GONE
06-24 14:36:34.105895  1341  1341 D SignalClusterView: wifi: VISIBLE sig=2130839015
06-24 14:36:34.105943  1341  1341 D SignalClusterView: apply(1), mMobileVisible= true, mIsAirplaneMode= false
06-24 14:36:34.106059  1341  1341 D SignalClusterView: apply(), mNetworkType= Type_4G resId= 2130838934
06-24 14:36:34.106186  1341  1341 D SignalClusterView: mobile: VISIBLE sig=2130838981 typ=0
06-24 14:36:34.106241  1341  1341 D NetworkController.WifiSignalController: Wifi notifyListeners: level= 3, wifiActivity= 0
06-24 14:36:34.106283  1341  1341 D SignalClusterView: setWifiIndicators, visible=true, strengthIcon=2130839015, contentDescription=WLAN信号强度为三格。
06-24 14:36:34.108071   409   409 I ADB_SERVICES: service_to_fd tcp:10201
06-24 14:36:34.119779   335   335 I SurfaceFlinger: [Built-in Screen (type:0)] fps:1.489676,dur:2013.86,max:1019.30,min:193.47
06-24 14:36:34.128136  1341  1341 D SignalClusterView: vpn: GONE
06-24 14:36:34.128498  1341  1341 D SignalClusterView: wifi: VISIBLE sig=2130839015
06-24 14:36:34.128579  1341  1341 D SignalClusterView: apply(1), mMobileVisible= true, mIsAirplaneMode= false
06-24 14:36:34.128703  1341  1341 D SignalClusterView: apply(), mNetworkType= Type_4G resId= 2130838934
06-24 14:36:34.128817  1341  1341 D SignalClusterView: mobile: VISIBLE sig=2130838981 typ=0
06-24 14:36:34.128883  1341  1341 D NetworkController.WifiSignalController: Wifi notifyListeners: level= 3, wifiActivity= 0
06-24 14:36:34.128934  1341  1341 D SignalClusterView: setWifiIndicators, visible=true, strengthIcon=2130839015, contentDescription=WLAN信号强度为三格。
06-24 14:36:34.129943  1341  1341 W ConnectionRateView: mDataConnection: true
06-24 14:36:34.129984  1341  1341 W ConnectionRateView: mDataConnection: true
06-24 14:36:34.140717 13485 13510 D FlymeTrafficTracking: tag  (124) com.wandoujia.phoenix2.usbproxy New I/O server boss #3 uid 10123
06-24 14:36:34.141982 13485 13510 D NetworkManagementSocketTagger: tagSocket(124) with statsTag=0xffffffff, statsUid=-1
06-24 14:36:34.146371 13485 13509 I System.out: [CDS]EAGAIN in Recvfrom
06-24 14:36:34.149154 13485 13510 I System.out: close [socket][/:::-1]
06-24 14:36:34.152023   409   409 I ADB_SERVICES: recv: CLSE 00005ec3 0000ae97 
06-24 14:36:34.152564 13485 13509 I NetworkManagementSocketTagger: untagSocket(124)
06-24 14:36:34.152718 13485 13509 D FlymeTrafficTracking: untag(124) com.wandoujia.phoenix2.usbproxy New I/O worker #2 uid 10123 12ms
06-24 14:36:34.179342   409   409 I ADB_SERVICES: service_to_fd tcp:10201
06-24 14:36:34.180599 13485 13510 D FlymeTrafficTracking: tag  (124) com.wandoujia.phoenix2.usbproxy New I/O server boss #3 uid 10123
06-24 14:36:34.180696 13485 13510 D NetworkManagementSocketTagger: tagSocket(124) with statsTag=0xffffffff, statsUid=-1
06-24 14:36:34.181629 13485 13510 I System.out: close [socket][/:::-1]
06-24 14:36:34.181914 13485 13508 I System.out: [CDS]EAGAIN in Recvfrom
06-24 14:36:34.188906   409   409 I ADB_SERVICES: recv: CLSE 00005ec4 0000ae98 
06-24 14:36:34.190316 13485 13508 I NetworkManagementSocketTagger: untagSocket(124)
06-24 14:36:34.190448 13485 13508 D FlymeTrafficTracking: untag(124) com.wandoujia.phoenix2.usbproxy New I/O worker #1 uid 10123 10ms
06-24 14:36:34.222470   409   409 I ADB_SERVICES: service_to_fd tcp:10201
06-24 14:36:34.226000 13485 13510 D FlymeTrafficTracking: tag  (124) com.wandoujia.phoenix2.usbproxy New I/O server boss #3 uid 10123
06-24 14:36:34.226198 13485 13510 D NetworkManagementSocketTagger: tagSocket(124) with statsTag=0xffffffff, statsUid=-1
06-24 14:36:34.226841 13485 13510 I System.out: close [socket][/:::-1]
06-24 14:36:34.228426 13485 13509 I System.out: [CDS]EAGAIN in Recvfrom
06-24 14:36:34.237066   409   409 I ADB_SERVICES: recv: CLSE 00005ec5 0000ae99 
06-24 14:36:34.238110 13485 13509 I NetworkManagementSocketTagger: untagSocket(124)
06-24 14:36:34.238327 13485 13509 D FlymeTrafficTracking: untag(124) com.wandoujia.phoenix2.usbproxy New I/O worker #2 uid 10123 13ms
06-24 14:36:34.319518   409   409 I ADB_SERVICES: service_to_fd shell:dumpsys iphonesubinfo
06-24 14:36:34.320170   409   409 I ADB_SERVICES: create_subproc ret_fd=22 pid=17921
06-24 14:36:34.377032   409 17922 I ADB_SERVICES: shell exited fd=22 of pid=17921 err=0
06-24 14:36:34.454151   388   388 I thermal_repeater: select timeout
06-24 14:36:35.083977  1033  1244 I WifiStateMachine: fetchRssiLinkSpeedAndFrequencyNative, newRssi:-67, newLinkSpeed:6, SSID:"MZ-MEIZU-2.4G"
06-24 14:36:35.084230  1033  1244 D WifiStateMachine: mLastSignalLevel:2, newSignalLevel:2
06-24 14:36:35.322705   335  5996 I BufferQueueProducer: [StatusBar](this:0x7f77a87000,id:6,api:1,p:1341,c:335) queueBuffer: fps=1.63 dur=1225.26 max=1186.55 min=38.71
06-24 14:36:35.343055   335   335 I SurfaceFlinger: [Built-in Screen (type:0)] fps:1.634956,dur:1223.27,max:1197.80,min:25.47
06-24 14:36:35.379776   409   409 I ADB_SERVICES: service_to_fd shell:dumpsys iphonesubinfo
06-24 14:36:35.380408   409   409 I ADB_SERVICES: create_subproc ret_fd=22 pid=17923
06-24 14:36:35.432942   409 17924 I ADB_SERVICES: shell exited fd=22 of pid=17923 err=0
06-24 14:36:35.450692  1996  2004 I System  : FinalizerDaemon: finalize objects = 253
06-24 14:36:35.580562  9430  9442 D FlymeTrafficTracking: tag  (19) com.mediatek.atci.service AtciReceiver uid 1000
06-24 14:36:35.580638  9430  9442 D FlymeTrafficTracking: set tracking tag com.mediatek.atci.service 800cffff
06-24 14:36:35.580672  9430  9442 D NetworkManagementSocketTagger: tagSocket(19) with statsTag=0x800cffff, statsUid=-1
06-24 14:36:35.586009  9430  9442 I NetworkManagementSocketTagger: untagSocket(19)
06-24 14:36:35.588914  9430  9442 D FlymeTrafficTracking: untag(19) com.mediatek.atci.service AtciReceiver uid 1000 6ms
06-24 14:36:35.773437   409   409 I ADB_SERVICES: service_to_fd tcp:10201
06-24 14:36:35.785319 13485 13510 D FlymeTrafficTracking: tag  (124) com.wandoujia.phoenix2.usbproxy New I/O server boss #3 uid 10123
06-24 14:36:35.785593 13485 13510 D NetworkManagementSocketTagger: tagSocket(124) with statsTag=0xffffffff, statsUid=-1
06-24 14:36:35.787480 13485 13510 I System.out: close [socket][/:::-1]
06-24 14:36:35.793603 13485 13508 I System.out: [CDS]EAGAIN in Recvfrom
06-24 14:36:35.806325   409   409 I ADB_SERVICES: recv: CLSE 00005ed6 0000ae9c 
06-24 14:36:35.808814 13485 13508 I NetworkManagementSocketTagger: untagSocket(124)
06-24 14:36:35.809055 13485 13508 D FlymeTrafficTracking: untag(124) com.wandoujia.phoenix2.usbproxy New I/O worker #1 uid 10123 23ms
06-24 14:36:36.281145 12902 15216 D #MZ_FM# : item view update time 1466750196280
06-24 14:36:36.281447 12902 15216 D #MZ_FM# : file changed /storage/emulated/0/adb.jar
06-24 14:36:36.281858 12902 15216 D #MZ_FM# : update file /storage/emulated/0/adb.jar
06-24 14:36:36.282376 12902 15216 D DiskDirectory: item size:549045  file length:549045
06-24 14:36:36.442499   341   881 D MAL-Daemon: URC = (+ECSQ: 14,35,1,1,1,-52,-423,7,9,39
06-24 14:36:36.442499   341   881 D MAL-Daemon: )[void* rilproxy_urc_thread(void*), 961]: 
06-24 14:36:36.442760   341   881 I MAL-Daemon: mdfx_event_do_statistic(): [STATISTIC] TID = 881 has used 0 + 45768 bytes!!
06-24 14:36:36.442760   341   881 I MAL-Daemon: [mdfx_event_do_statistic, 150]: 
06-24 14:36:36.442967   341   881 W MAL-Daemon: event_get_last_addr(): No data available!!
06-24 14:36:36.442967   341   881 W MAL-Daemon: [event_get_last_addr, 469]: 
06-24 14:36:36.443208   341   881 I MAL-Daemon: mdfx_event_do_statistic(): [STATISTIC] TID = 881 has used 45768  -45768 bytes!!
06-24 14:36:36.443208   341   881 I MAL-Daemon: [mdfx_event_do_statistic, 150]: 
06-24 14:36:36.443502   341   881 I MAL-Daemon: mdfx_event_do_statistic(): [STATISTIC] TID = 881 has used 0 + 45768 bytes!!
06-24 14:36:36.443502   341   881 I MAL-Daemon: [mdfx_event_do_statistic, 150]: 
06-24 14:36:36.443701   341   881 W MAL-Daemon: event_get_last_addr(): No data available!!
06-24 14:36:36.443701   341   881 W MAL-Daemon: [event_get_last_addr, 469]: 
06-24 14:36:36.443929   341   881 I MAL-Daemon: mdfx_event_do_statistic(): [STATISTIC] TID = 881 has used 45768  -45768 bytes!!
06-24 14:36:36.443929   341   881 I MAL-Daemon: [mdfx_event_do_statistic, 150]: 
06-24 14:36:36.444546   341   877 I MAL-Daemon: mdfx_event_do_statistic(): [STATISTIC] TID = 877 has used 0 + 45768 bytes!!
06-24 14:36:36.444546   341   877 I MAL-Daemon: [mdfx_event_do_statistic, 150]: 
06-24 14:36:36.444740   341   877 I MAL-Daemon: [RDS-I][RU][rds_ru_task] RCV Event: 104 
06-24 14:36:36.444740   341   877 I MAL-Daemon: [rds_ru_task, 413]: 
06-24 14:36:36.444902   341   877 I MAL-Daemon: [RDS-I][RDS][rds_ru_urc_hdlr] get URC: +ECSQ: 14,35,1,1,1,-52,-423,7,9,39
06-24 14:36:36.444902   341   877 I MAL-Daemon: 
06-24 14:36:36.444902   341   877 I MAL-Daemon: [rds_ru_urc_hdlr, 1171]: 
06-24 14:36:36.445080   341   877 I MAL-Daemon: [RDS-I][RDS][ru_parse_3gppsigval] 3gppsigval #args act<7>
06-24 14:36:36.445080   341   877 I MAL-Daemon: [ru_parse_3gppsigval, 929]: 
06-24 14:36:36.445282   341   877 I MAL-Daemon: [RDS-I][RDS][RU][rds_ru_urc_hdlr] Update 3GPP STATUS rsrp<-106> regstat<6> 
06-24 14:36:36.445282   341   877 I MAL-Daemon: [rds_ru_urc_hdlr, 1281]: 
06-24 14:36:36.445500   341   877 I MAL-Daemon: mdfx_event_do_statistic(): [STATISTIC] TID = 877 has used 45768 + 45768 bytes!!
06-24 14:36:36.445500   341   877 I MAL-Daemon: [mdfx_event_do_statistic, 150]: 
06-24 14:36:36.445699   341   877 I MAL-Daemon: [RDS-I][RDS][RU][rds_ru_urc_hdlr] ru_check_ctx_ptr<0xf6597aa8, 0xf6597aa8>
06-24 14:36:36.445699   341   877 I MAL-Daemon: [rds_ru_urc_hdlr, 1286]: 
06-24 14:36:36.445941   341   877 I MAL-Daemon: mdfx_event_do_statistic(): [STATISTIC] TID = 877 has used 91536  -45768 bytes!!
06-24 14:36:36.445941   341   877 I MAL-Daemon: [mdfx_event_do_statistic, 150]: 
06-24 14:36:36.446176   341   877 I MAL-Daemon: mdfx_event_do_statistic(): [STATISTIC] TID = 877 has used 45768  -45768 bytes!!
06-24 14:36:36.446176   341   877 I MAL-Daemon: [mdfx_event_do_statistic, 150]: 
06-24 14:36:36.446408   341   877 I MAL-Daemon: mdfx_event_do_statistic(): [STATISTIC] TID = 877 has used 0 + 45768 bytes!!
06-24 14:36:36.446408   341   877 I MAL-Daemon: [mdfx_event_do_statistic, 150]: 
06-24 14:36:36.446571   341   877 I MAL-Daemon: [RDS-I][RU][rds_ru_task] RCV Event: 605 
06-24 14:36:36.446571   341   877 I MAL-Daemon: [rds_ru_task, 413]: 
06-24 14:36:36.447213   341   859 D MAL-Daemon: ati_entity_ati_task_hdl(): receiving a AT Cmd Rsp. or a URC = "+ECSQ: 14,35,1,1,1,-52,-423,7,9,39
06-24 14:36:36.447213   341   859 D MAL-Daemon: "
06-24 14:36:36.447213   341   859 D MAL-Daemon: [ati_entity_atc_task_hdl, 390]: 
06-24 14:36:36.456536   341   859 D MAL-Daemon: ati_entity_ati_task_hdl(): [[AT_URC] "+ECSQ: 14,35,1,1,1,-52,-423,7,9,39
06-24 14:36:36.456536   341   859 D MAL-Daemon: "!!
06-24 14:36:36.456536   341   859 D MAL-Daemon: [ati_entity_atc_task_hdl, 482]: 
06-24 14:36:36.456786   341   859 I MAL-Daemon: ati_entity_ati_task_hdl(): sening out a ATC or URC "
06-24 14:36:36.456786   341   859 I MAL-Daemon: +ECSQ: 14,35,1,1,1,-52,-423,7,9,39
06-24 14:36:36.456786   341   859 I MAL-Daemon: 
06-24 14:36:36.456786   341   859 I MAL-Daemon: " to FD = 10!!
06-24 14:36:36.456786   341   859 I MAL-Daemon: [ati_entity_atc_task_hdl, 507]: 
06-24 14:36:36.457041   341   859 I MAL-Daemon: mdfx_event_do_statistic(): [STATISTIC] TID = 859 has used -234711368  -45768 bytes!!
06-24 14:36:36.457041   341   859 I MAL-Daemon: [mdfx_event_do_statistic, 150]: 
06-24 14:36:36.447760   409   409 I ADB_SERVICES: service_to_fd shell:dumpsys iphonesubinfo
06-24 14:36:36.459378   409   409 I ADB_SERVICES: create_subproc ret_fd=22 pid=17925
06-24 14:36:36.476001  1341  1341 D NetworkController.MobileSignalController(1): onSignalStrengthsChanged signalStrength=SignalStrength: 0 35 -120 -160 -7 0 -1 99 -105 -13 22 2147483647 gsm|lte 1 1 1 level=4
06-24 14:36:36.476087  1341  1341 D NetworkController: updateTelephonySignalStrength: hasService=true ss=SignalStrength: 0 35 -120 -160 -7 0 -1 99 -105 -13 22 2147483647 gsm|lte 1 1 1
06-24 14:36:36.482785  1341  1341 I NetworkController: [CMCC Performance test][SystemUI][Statusbar] show signal end [91414224]
06-24 14:36:36.482838  1341  1341 D NetworkController.MobileSignalController(1): isDirty : false
06-24 14:36:36.446782   341   877 I MAL-Daemon: [RDS-I][RU][EVENT_RU_DM_3GPP_STATUS_IND] i4ltersrp:-106 u43gpp_status:0x6
06-24 14:36:36.446782   341   877 I MAL-Daemon: [rds_ru_3gpp_status_ind, 846]: 
06-24 14:36:36.484409   341   877 E MAL-Daemon: [RDS-E][RU][EVENT_RU_DM_3GPP_STATUS_IND] Invalid u43gpp_status:0x6
06-24 14:36:36.484409   341   877 E MAL-Daemon: [rds_ru_3gpp_status_ind, 874]: 
06-24 14:36:36.484481   341   877 I MAL-Daemon: [RDS-I][RDS][OP][rds_op_check_feature] operator id(0) check feature<0>, curr_opmsk is <0>, sys_opmsk is <, 0>
06-24 14:36:36.484481   341   877 I MAL-Daemon: [rds_op_check_feature, 178]: 
06-24 14:36:36.484542   341   877 I MAL-Daemon: [RDS-I][RU][rds_ru_rpl_gen][RDS] Current policy: fgimsolte_en<0>, fgwfc_en<0>, erdspolicy<3>, i4wifirssih<-75>, i4wifirssil<-85>, i4ltersrph<-106>, i4ltersrpl<-116>
06-24 14:36:36.484542   341   877 I MAL-Daemon: [rds_ru_rpl_gen, 2778]: 
06-24 14:36:36.484589   341   877 I MAL-Daemon: [RDS-I][RU][rds_ru_rpl_gen][RDS] current rds ru status: i4wifirssi<-127>, i4ltersrp<-106>, u4active_ran<0> 
06-24 14:36:36.484589   341   877 I MAL-Daemon: [rds_ru_rpl_gen, 2781]: 
06-24 14:36:36.484639   341   877 I MAL-Daemon: [RDS-I][RU][RDS IMS/MMS][rds_ru_rpl_gen] Ori:(255,255)/(255,255) New:(255,255)/(255,255)
06-24 14:36:36.484639   341   877 I MAL-Daemon: [rds_ru_rpl_gen, 2787]: 
06-24 14:36:36.484688   341   877 I MAL-Daemon: [RDS-I][RU][RDS IMS/MMS WIFI][rds_ru_rpl_gen] Ori:(255,255)/(255,255) New:(255,255)/(255,255)
06-24 14:36:36.484688   341   877 I MAL-Daemon: [rds_ru_rpl_gen, 2792]: 
06-24 14:36:36.484735   341   877 I MAL-Daemon: [RDS-I][RU][RDS IMS/MMS CELL][rds_ru_rpl_gen] Ori:(255,255)/(255,255) New:(255,255)/(255,255)
06-24 14:36:36.484735   341   877 I MAL-Daemon: [rds_ru_rpl_gen, 2797]: 
06-24 14:36:36.484789   341   877 I MAL-Daemon: mdfx_event_do_statistic(): [STATISTIC] TID = 877 has used 45768  -45768 bytes!!
06-24 14:36:36.484789   341   877 I MAL-Daemon: [mdfx_event_do_statistic, 150]: 
06-24 14:36:36.530209   409 17926 I ADB_SERVICES: shell exited fd=22 of pid=17925 err=0
06-24 14:36:36.781384  1033 10405 D NetlinkSocketObserver: RtNetlinkNeighborMessage{ nlmsghdr{StructNlMsgHdr{ nlmsg_len{76}, nlmsg_type{28(RTM_NEWNEIGH)}, nlmsg_flags{0())}, nlmsg_seq{0}, nlmsg_pid{0} }}, ndmsg{StructNdMsg{ family{AF_INET}, ifindex{33}, state{2 (NUD_REACHABLE)}, flags{0 ()}, type{1} }}, destination{172.17.120.1} linklayeraddr{BCC493463B48} probes{1} cacheinfo{NdaCacheInfo{ ndm_used{520}, ndm_confirmed{520}, ndm_updated{0}, ndm_refcnt{2} }} }
06-24 14:36:36.843776 20071 20554 D SQLiteDatabase: Open database
06-24 14:36:36.843776 20071 20554 D SQLiteDatabase: java.lang.Throwable: stacktrace
06-24 14:36:36.843776 20071 20554 D SQLiteDatabase: 	at android.database.sqlite.SQLiteDatabase.open(SQLiteDatabase.java:819)
06-24 14:36:36.843776 20071 20554 D SQLiteDatabase: 	at android.database.sqlite.SQLiteDatabase.openDatabase(SQLiteDatabase.java:718)
06-24 14:36:36.843776 20071 20554 D SQLiteDatabase: 	at android.app.ContextImpl.openOrCreateDatabase(ContextImpl.java:599)
