06-24 14:36:14.903741  1996  2181 D RILJ    : responseInts response[0]=99 [SUB1]
06-24 14:36:14.903769  1996  2181 D RILJ    : responseInts response[1]=0 [SUB1]
06-24 14:36:14.903807  1996  2181 D RILJ    : responseInts response[2]=-1549684064 [SUB1]
06-24 14:36:14.903837  1996  2181 D RILJ    : responseInts response[3]=127 [SUB1]
06-24 14:36:14.903884  1996  2181 D RILJ    : [UNSL]< <unknown response> {99, 0, -1549684064, 127} [SUB1]
06-24 14:36:14.903975  1996  2181 V RILJ    : [UNSL]< UNSOL_RESPONSE_VOICE_NETWORK_STATE_CHANGED {1, 2694, a534d01, 7, 0} [SUB1]
06-24 14:36:14.904084  1996  2181 D RILJ    : responseInts numInts=1 [SUB1]
06-24 14:36:14.904268  1996  1996 D GsmSST  : [GsmSST1] handle EVENT_NETWORK_STATE_CHANGED
06-24 14:36:14.904324  1996  1996 D GsmSST  : [GsmSST1] onNetworkStateChangeResult state:1 lac:9876 cid:173231361 Act:7 cause:0
06-24 14:36:14.904379  1996  1996 I use-Rlog/RLOG-GSM: clear dontUpdateNetworkStateFlag
06-24 14:36:14.905089  1996  1996 D PhoneFactory: calculatePreferredNetworkType: phoneSubId = 1 networkType = 10
06-24 14:36:14.905141  1996  1996 D GsmSST  : [GsmSST1] pollState RadioState is RADIO_ON, currentNetworkMode= 10
06-24 14:36:14.905217  1996  1996 D RILJ    : [3438]> OPERATOR [SUB1]
06-24 14:36:14.912245  1996  1996 D RILJ    : [3439]> DATA_REGISTRATION_STATE [SUB1]
06-24 14:36:14.913190  1095  1098 E RILC    : [RilProxy] token = 9790, request = 22
06-24 14:36:14.913338  1095  1098 D RIL     : [RilProxy] onRequest: OPERATOR, datalen = 0, radioState:10, socket_id: 1
06-24 14:36:14.913362  1095  1098 D RIL     : [RilProxy] onRequest: request = 22, slotId = 1
06-24 14:36:14.913517  1095  1104 D RfxMainThread: enqueueMessage(), mainHandler = 0x7fa2efd780, msg = [type=REQUEST, source=GSM, dest=GSM, pId=OPERATOR(22), pToken=9790, id=OPERATOR(22), token=14598, slotId=1,             error = 0, pTimeStamp =  3613659800, isWrongC2KResponse = 0]
06-24 14:36:14.913594  1996  2181 D RILJ    : responseInts response[0]=1 [SUB1]
06-24 14:36:14.913719  1996  2181 D RILJ    : [UNSL]< UNSOL_RESPONSE_PS_NETWORK_STATE_CHANGED [SUB1]
06-24 14:36:14.914631  1996  1996 D RILJ    : [3440]> VOICE_REGISTRATION_STATE [SUB1]
06-24 14:36:14.915473  1095  1098 E RILC    : [RilProxy] token = 9791, request = 21
06-24 14:36:14.915514  1095  1098 D RIL     : [RilProxy] onRequest: DATA_REGISTRATION_STATE, datalen = 0, radioState:10, socket_id: 1
06-24 14:36:14.915535  1095  1098 D RIL     : [RilProxy] onRequest: request = 21, slotId = 1
06-24 14:36:14.915672  1095  1104 D RfxMainThread: enqueueMessage(), mainHandler = 0x7fa2efd4e0, msg = [type=REQUEST, source=GSM, dest=GSM, pId=DATA_REGISTRATION_STATE(21), pToken=9791, id=DATA_REGISTRATION_STATE(21), token=14599, slotId=1,             error = 0, pTimeStamp =  3615828185, isWrongC2KResponse = 0]
06-24 14:36:14.915763  1095  1101 D RfxMainThread: handle msg begin, mainHandler = 0x7fa2efd940
06-24 14:36:14.915827  1095  1101 D RfxRootController: processMessage() msg = [type=URC, source=GSM, dest=GSM, pId=<unknown request>(3015), pToken=0, id=<unknown request>(3015), token=0, slotId=1,             error = 0, pTimeStamp =           0, isWrongC2KResponse = 0]
06-24 14:36:14.916460  1095  1101 D RfxRootController: processMessage() handler = 0x7fa2ef1380, RpNwStateController
06-24 14:36:14.916499  1095  1101 D RfxRilAdapter: client: unsol response to client
06-24 14:36:14.916526  1095  1101 D RpRilClientController: client 1001 handle unsolictied
06-24 14:36:14.916831  1996  1996 D RILJ    : [3441]> QUERY_NETWORK_SELECTION_MODE [SUB1]
06-24 14:36:14.917192  1095  1098 E RILC    : [RilProxy] token = 9792, request = 20
06-24 14:36:14.917223  1095  1098 D RIL     : [RilProxy] onRequest: VOICE_REGISTRATION_STATE, datalen = 0, radioState:10, socket_id: 1
06-24 14:36:14.917244  1095  1098 D RIL     : [RilProxy] onRequest: request = 20, slotId = 1
06-24 14:36:14.917380  1095  1104 D RfxMainThread: enqueueMessage(), mainHandler = 0x7fa2efd520, msg = [type=REQUEST, source=GSM, dest=GSM, pId=VOICE_REGISTRATION_STATE(20), pToken=9792, id=VOICE_REGISTRATION_STATE(20), token=14600, slotId=1,             error = 0, pTimeStamp =  3617538339, isWrongC2KResponse = 0]
06-24 14:36:14.917432  1095  1101 D RilClient: capabilitySim = 1
06-24 14:36:14.917453  1095  1101 D RilClient: command Fd not ready here
06-24 14:36:14.917476  1095  1101 D RILC    : RIL_onUnsolicitedResponse: GSM
06-24 14:36:14.917557  1095  1101 D RfxRilAdapter: responseToRilj send Urc done (slotId=1, PId=3015, dataSize=16)
06-24 14:36:14.917669  1095  1101 D RfxMainThread: handle msg begin, mainHandler = 0x7fa2efd780
06-24 14:36:14.917731  1095  1101 D RfxRootController: processMessage() msg = [type=REQUEST, source=GSM, dest=GSM, pId=OPERATOR(22), pToken=9790, id=OPERATOR(22), token=14598, slotId=1,             error = 0, pTimeStamp =  3613659800, isWrongC2KResponse = 0]
06-24 14:36:14.917761  1095  1101 D RfxRootController: processMessage() handler = 0x7fa2ef1380, RpNwStateController
06-24 14:36:14.917792  1095  1101 D RfxRilAdapter: isRequestQueueEmpty slotId=1, group=0, ret=t
06-24 14:36:14.917875  1095  1101 D RfxDispatchThread: addMessageToPendingQueue pRequest = 22, pToken = 9790, token = 14598
06-24 14:36:14.917949  1095  1101 D RfxRilAdapter: requestToRild send request done (slotId=1, dest=0, reqId=22, true, dataSize=8, 12)
06-24 14:36:14.917982  1095  1101 D RfxMainThread: handle msg begin, mainHandler = 0x7fa2efd4e0
06-24 14:36:14.918039  1095  1101 D RfxRootController: processMessage() msg = [type=REQUEST, source=GSM, dest=GSM, pId=DATA_REGISTRATION_STATE(21), pToken=9791, id=DATA_REGISTRATION_STATE(21), token=14599, slotId=1,             error = 0, pTimeStamp =  3615828185, isWrongC2KResponse = 0]
06-24 14:36:14.918062  1095  1101 D RfxRootController: processMessage() handler = 0x7fa2ef1380, RpNwStateController
06-24 14:36:14.918085  1095  1101 D RfxRilAdapter: isRequestQueueEmpty slotId=1, group=0, ret=t
06-24 14:36:14.918108  1095  1101 D RfxDispatchThread: addMessageToPendingQueue pRequest = 21, pToken = 9791, token = 14599
06-24 14:36:14.918143  1095  1101 D RfxRilAdapter: requestToRild send request done (slotId=1, dest=0, reqId=21, true, dataSize=8, 12)
06-24 14:36:14.918169  1095  1101 D RfxMainThread: handle msg begin, mainHandler = 0x7fa2efd520
06-24 14:36:14.918225  1095  1101 D RfxRootController: processMessage() msg = [type=REQUEST, source=GSM, dest=GSM, pId=VOICE_REGISTRATION_STATE(20), pToken=9792, id=VOICE_REGISTRATION_STATE(20), token=14600, slotId=1,             error = 0, pTimeStamp =  3617538339, isWrongC2KResponse = 0]
06-24 14:36:14.918249  1095  1101 D RfxRootController: processMessage() handler = 0x7fa2ef1380, RpNwStateController
06-24 14:36:14.918271  1095  1101 D RfxRilAdapter: isRequestQueueEmpty slotId=1, group=0, ret=t
06-24 14:36:14.918294  1095  1101 D RfxDispatchThread: addMessageToPendingQueue pRequest = 20, pToken = 9792, token = 14600
06-24 14:36:14.918331  1095  1101 D RfxRilAdapter: requestToRild send request done (slotId=1, dest=0, reqId=20, true, dataSize=8, 12)
06-24 14:36:14.918460   979   998 D RILC    : SOCKET RIL_SOCKET_2 REQUEST: OPERATOR length:8
06-24 14:36:14.918498   979   998 I RILC-MTK: create request 22: pRequest=0x7fa2f735e0, pRI=0x7fa528cb70, p=0x7fa52987d0, pUCI=0x0
06-24 14:36:14.918522   979   998 D RILC-MTK: OPERATOR pRI=0x7fa528cb70 p=0x7fa52987d0 dispatched to RIL_CMD2_PROXY_3
06-24 14:36:14.918622   979   998 D RILC    : SOCKET RIL_SOCKET_2 REQUEST: DATA_REGISTRATION_STATE length:8
06-24 14:36:14.918652   979   998 I RILC-MTK: create request 21: pRequest=0x7fa2f73620, pRI=0x7fa528c870, p=0x7fa5299250, pUCI=0x0
06-24 14:36:14.918675   979   998 D RILC-MTK: 1:OPERATOR pRI=0x7fa528cb70 p=0x7fa52987d0 is queued in RIL_CMD2_PROXY_3
06-24 14:36:14.918697   979   998 D RILC-MTK: **** the last executed cmd for RIL_CMD2_PROXY_3 is RIL_REQUEST_MAL_PS_RGEGISTRATION_STATE ****
06-24 14:36:14.918720   979   998 D RILC-MTK: Request pRI=0x7fa528c870 to RIL_CMD2_PROXY_3 is busy. total:2 requests pending
06-24 14:36:14.918743   979   998 D RILC    : SOCKET RIL_SOCKET_2 REQUEST: VOICE_REGISTRATION_STATE length:8
06-24 14:36:14.918772   979   998 I RILC-MTK: create request 20: pRequest=0x7fa2f73660, pRI=0x7fa528ccc0, p=0x7fa5297e30, pUCI=0x0
06-24 14:36:14.918793   979   998 D RILC-MTK: 1:OPERATOR pRI=0x7fa528cb70 p=0x7fa52987d0 is queued in RIL_CMD2_PROXY_3
06-24 14:36:14.918813   979   998 D RILC-MTK: 2:DATA_REGISTRATION_STATE pRI=0x7fa528c870 p=0x7fa5299250 is queued in RIL_CMD2_PROXY_3
06-24 14:36:14.918833   979   998 D RILC-MTK: **** the last executed cmd for RIL_CMD2_PROXY_3 is RIL_REQUEST_MAL_PS_RGEGISTRATION_STATE ****
06-24 14:36:14.918858   979   998 D RILC-MTK: Request pRI=0x7fa528ccc0 to RIL_CMD2_PROXY_3 is busy. total:3 requests pending
06-24 14:36:14.918909   979   995 I RILC-MTK: RIL_CMD2_PROXY_1 wakeup
06-24 14:36:14.918932   979   995 I RILC-MTK: RIL_CMD2_PROXY_1 sleep
06-24 14:36:14.918961   979   987 I RILC-MTK: RIL_CMD_PROXY_3 wakeup
06-24 14:36:14.918979   979   987 I RILC-MTK: RIL_CMD_PROXY_3 sleep
06-24 14:36:14.919007   979   992 I RILC-MTK: RIL_URC2_PROXY wakeup
06-24 14:36:14.919030   979   992 I RILC-MTK: RIL_URC2_PROXY sleep
06-24 14:36:14.919058   979   990 I RILC-MTK: RIL_CMD_PROXY_4 wakeup
06-24 14:36:14.919076   979   990 I RILC-MTK: RIL_CMD_PROXY_4 sleep
06-24 14:36:14.919104   979   988 I RILC-MTK: RIL_CMD_PROXY_2 wakeup
06-24 14:36:14.919122   979   988 I RILC-MTK: RIL_CMD_PROXY_2 sleep
06-24 14:36:14.919152   979   994 I RILC-MTK: RIL_CMD2_PROXY_2 wakeup
06-24 14:36:14.919171   979   994 I RILC-MTK: RIL_CMD2_PROXY_2 sleep
06-24 14:36:14.919199   979   989 I RILC-MTK: RIL_CMD_PROXY_1 wakeup
06-24 14:36:14.919217   979   989 I RILC-MTK: RIL_CMD_PROXY_1 sleep
06-24 14:36:14.919246   979   986 I RILC-MTK: RIL_URC_PROXY wakeup
06-24 14:36:14.919264   979   986 I RILC-MTK: RIL_URC_PROXY sleep
06-24 14:36:14.919295   979   991 I RILC-MTK: RIL_ATCI_PROXY wakeup
06-24 14:36:14.919315   979   991 I RILC-MTK: RIL_ATCI_PROXY sleep
06-24 14:36:14.919347   979   996 I RILC-MTK: RIL_CMD2_PROXY_4 wakeup
06-24 14:36:14.919366   979   996 I RILC-MTK: RIL_CMD2_PROXY_4 sleep
06-24 14:36:14.919395   979   997 I RILC-MTK: RIL_ATCI2_PROXY wakeup
06-24 14:36:14.919413   979   997 I RILC-MTK: RIL_ATCI2_PROXY sleep
06-24 14:36:14.919449   979   993 I RILC-MTK: RIL_CMD2_PROXY_3 wakeup
06-24 14:36:14.919470   979   993 D RILC-MTK: proxy id:7, proxyName: RIL_CMD2_PROXY_3
06-24 14:36:14.919491   979   993 D RILC-MTK: OPERATOR pRI=0x7fa528cb70 p=0x7fa52987d0 execute on RIL_CMD2_PROXY_3 using channel 7
06-24 14:36:14.919515   979   993 D RILC    : callOnRequest for new vendor ril
06-24 14:36:14.919538   979   993 D RIL     : onRequest: OPERATOR, datalen = 0
06-24 14:36:14.919558   979   993 D RIL     : radioState:10
06-24 14:36:14.919591   979   993 D AT      : AT send on RIL_CMD2_READER_1, tid:548220937280
06-24 14:36:14.919612   979   993 D AT      : AT> AT+COPS?
06-24 14:36:14.919632   979   993 I AT      : AT write start
06-24 14:36:14.919680   979   993 I AT      : AT write end, errno = 9, length = 9
06-24 14:36:14.919795   842   967 D RILMUXD : [gsm0710muxd] 3630:poll_thread(): poll_thread select found
06-24 14:36:14.919834   842   967 D RILMUXD : [gsm0710muxd] 1050:pseudo_device_read(): Enter, LackofAtciChannel=0
06-24 14:36:14.919873   842   967 D RILMUXD : [gsm0710muxd] 657:write_frame(): Sending frame to channel 3
06-24 14:36:14.919931   842   967 D RILMUXD : [gsm0710muxd] 772:write_frame(): Write a frame on channel 3 with length 9
06-24 14:36:14.920211  1996  2181 D RILJ    : responseInts numInts=1 [SUB1]
06-24 14:36:14.920263  1996  2181 D RILJ    : responseInts response[0]=1 [SUB1]
06-24 14:36:14.920311  1996  2181 D RILJ    : [UNSL]< UNSOL_RESPONSE_PS_NETWORK_STATE_CHANGED [SUB1]
06-24 14:36:14.921169  1996  1996 D GsmSST  : [GsmSST1] handleMessage msg done
06-24 14:36:14.921224  1996  1996 D GsmSST  : [GsmSST1] handle EVENT_PS_NETWORK_STATE_CHANGED
06-24 14:36:14.921262  1996  1996 D GsmSST  : [GsmSST1] mPsRegState:0,new:0,result:1
06-24 14:36:14.921592  1095  1098 E RILC    : [RilProxy] token = 9793, request = 45
06-24 14:36:14.921630  1095  1098 D RIL     : [RilProxy] onRequest: QUERY_NETWORK_SELECTION_MODE, datalen = 0, radioState:10, socket_id: 1
06-24 14:36:14.921651  1095  1098 D RIL     : [RilProxy] onRequest: request = 45, slotId = 1
06-24 14:36:14.921792  1095  1104 D RfxMainThread: enqueueMessage(), mainHandler = 0x7fa2efd580, msg = [type=REQUEST, source=GSM, dest=GSM, pId=QUERY_NETWORK_SELECTION_MODE(45), pToken=9793, id=QUERY_NETWORK_SELECTION_MODE(45), token=14601, slotId=1,             error = 0, pTimeStamp =  3621946646, isWrongC2KResponse = 0]
06-24 14:36:14.926479   842   963 D RILMUXD : [gsm0710muxd] 1649:gsm0710_base_buffer_get_frame(): Get a complete frame. ch:3, ctrl:239, len:24
06-24 14:36:14.926531   842   963 D RILMUXD : [gsm0710muxd] 2394:extract_frames(): Writing 24 byte frame received on channel 3 to /dev/pts/8
06-24 14:36:14.926575   842   963 D RILMUXD : [gsm0710muxd] 2414:extract_frames(): write() returned. Written 24/24 bytes of frame to /dev/pts/8
06-24 14:36:14.926606   842   963 D RILMUXD : [gsm0710muxd] 2419:extract_frames(): fsync() failed (-1, 22 - Invalid argument)
06-24 14:36:14.926684   842   963 D RILMUXD : [gsm0710muxd] 1649:gsm0710_base_buffer_get_frame(): Get a complete frame. ch:3, ctrl:239, len:6
06-24 14:36:14.926712   842   963 D RILMUXD : [gsm0710muxd] 2394:extract_frames(): Writing 6 byte frame received on channel 3 to /dev/pts/8
06-24 14:36:14.926763   842   963 D RILMUXD : [gsm0710muxd] 2414:extract_frames(): write() returned. Written 6/6 bytes of frame to /dev/pts/8
06-24 14:36:14.926790   842   963 D RILMUXD : [gsm0710muxd] 2419:extract_frames(): fsync() failed (-1, 22 - Invalid argument)
06-24 14:36:14.926945   979  1010 I AT      : AT read end: 30
06-24 14:36:14.926974   979  1010 D AT      : AT< +COPS: 0,2,"46000",7
06-24 14:36:14.926997   979  1010 D AT      : RIL_CMD2_READER_1 Enter processLine:+COPS: 0,2,"46000",7
06-24 14:36:14.927025   979  1010 D AT      : AT< OK
06-24 14:36:14.927044   979  1010 D AT      : RIL_CMD2_READER_1 Enter processLine:OK
06-24 14:36:14.927092   979  1010 I AT      : AT read start
06-24 14:36:14.927320   979   993 D AT      : response received on RIL_CMD2_READER_1, tid:548220937280
06-24 14:36:14.927348   979   993 D RIL     : Get operator code 46000
06-24 14:36:14.927374   979   993 D RIL     : Get ril_nw_nitzName_mutex in the getOperatorNamesFromNumericCode
06-24 14:36:14.927399   979   993 D RILC    : RequestComplete, RIL_SOCKET_2
06-24 14:36:14.927455   979   993 E RILC    : Send Response to RIL_SOCKET_2
06-24 14:36:14.927523   979   993 D RILC-MTK: proxyLoop free  pRI=0x7fa528cb70 p=0x7fa52987d0 
06-24 14:36:14.927547   979   993 D RILC-MTK: proxyLoop free  pRequest=0x7fa2f735e0
06-24 14:36:14.927568   979   993 D RILC-MTK: proxy id:7, proxyName: RIL_CMD2_PROXY_3
06-24 14:36:14.927592   979   993 D RILC-MTK: DATA_REGISTRATION_STATE pRI=0x7fa528c870 p=0x7fa5299250 execute on RIL_CMD2_PROXY_3 using channel 7
06-24 14:36:14.927616   979   993 D RILC    : callOnRequest for new vendor ril
06-24 14:36:14.927636   979   993 D RIL     : onRequest: DATA_REGISTRATION_STATE, datalen = 0
06-24 14:36:14.927655   979   993 D RIL     : radioState:10
06-24 14:36:14.927683   979   993 D AT      : AT send on RIL_CMD2_READER_1, tid:548220937280
06-24 14:36:14.927703   979   993 D AT      : AT> AT+CGREG?
06-24 14:36:14.927724   979   993 I AT      : AT write start
06-24 14:36:14.927756   979   993 I AT      : AT write end, errno = 9, length = 10
06-24 14:36:14.927944  1095  1105 D RfxMainThread: enqueueMessage(), mainHandler = 0x7fa2efd5a0, msg = [type=RESPONSE, source=GSM, dest=GSM, pId=OPERATOR(22), pToken=9790, id=OPERATOR(22), token=14598, slotId=1,             error = 0, pTimeStamp =  3613659569, isWrongC2KResponse = 0]
06-24 14:36:14.928051   842   967 D RILMUXD : [gsm0710muxd] 3630:poll_thread(): poll_thread select found
06-24 14:36:14.928103   842   967 D RILMUXD : [gsm0710muxd] 1050:pseudo_device_read(): Enter, LackofAtciChannel=0
06-24 14:36:14.928137   842   967 D RILMUXD : [gsm0710muxd] 657:write_frame(): Sending frame to channel 3
06-24 14:36:14.928197   842   967 D RILMUXD : [gsm0710muxd] 772:write_frame(): Write a frame on channel 3 with length 10
06-24 14:36:14.929307  1996  1996 D PhoneFactory: calculatePreferredNetworkType: phoneSubId = 1 networkType = 10
06-24 14:36:14.929370  1996  1996 D GsmSST  : [GsmSST1] pollState RadioState is RADIO_ON, currentNetworkMode= 10
06-24 14:36:14.929457  1996  1996 D RILJ    : [3442]> OPERATOR [SUB1]
06-24 14:36:14.929677  1095  1101 D RfxMainThread: handle msg begin, mainHandler = 0x7fa2efd580
06-24 14:36:14.929761  1095  1101 D RfxRootController: processMessage() msg = [type=REQUEST, source=GSM, dest=GSM, pId=QUERY_NETWORK_SELECTION_MODE(45), pToken=9793, id=QUERY_NETWORK_SELECTION_MODE(45), token=14601, slotId=1,             error = 0, pTimeStamp =  3621946646, isWrongC2KResponse = 0]
06-24 14:36:14.929792  1095  1101 D RfxRootController: processMessage() handler = NULL ==> request
06-24 14:36:14.929818  1095  1101 D RfxRilAdapter: isRequestQueueEmpty slotId=1, group=0, ret=t
06-24 14:36:14.929847  1095  1101 D RfxDispatchThread: addMessageToPendingQueue pRequest = 45, pToken = 9793, token = 14601
06-24 14:36:14.930038   979   998 D RILC    : SOCKET RIL_SOCKET_2 REQUEST: QUERY_NETWORK_SELECTION_MODE length:8
06-24 14:36:14.930079   979   998 I RILC-MTK: create request 45: pRequest=0x7fa2f73640, pRI=0x7fa528ccf0, p=0x7fa52986f0, pUCI=0x0
06-24 14:36:14.930106   979   998 D RILC-MTK: 1:VOICE_REGISTRATION_STATE pRI=0x7fa528ccc0 p=0x7fa5297e30 is queued in RIL_CMD2_PROXY_3
06-24 14:36:14.930131   979   998 D RILC-MTK: **** the last executed cmd for RIL_CMD2_PROXY_3 is DATA_REGISTRATION_STATE ****
06-24 14:36:14.930153   979   998 D RILC-MTK: Request pRI=0x7fa528ccf0 to RIL_CMD2_PROXY_3 is busy. total:2 requests pending
06-24 14:36:14.930207  1095  1101 D RfxRilAdapter: requestToRild send request done (slotId=1, dest=0, reqId=45, true, dataSize=8, 12)
06-24 14:36:14.930248  1095  1101 D RfxMainThread: handle msg begin, mainHandler = 0x7fa2efd5a0
06-24 14:36:14.930307  1095  1101 D RfxRootController: processMessage() msg = [type=RESPONSE, source=GSM, dest=GSM, pId=OPERATOR(22), pToken=9790, id=OPERATOR(22), token=14598, slotId=1,             error = 0, pTimeStamp =  3613659569, isWrongC2KResponse = 0]
06-24 14:36:14.930335  1095  1101 D RfxRootController: processMessage() handler = 0x7fa2ef1380, RpNwStateController
06-24 14:36:14.930418  1095  1101 D RfxRilAdapter: responseToRilj send Response done (slotId=1, pToken=9790, pId=22, dataSize=64)
06-24 14:36:14.930619  1996  2181 D RILJ    : [3438]< OPERATOR {46000, 46000, 46000} [SUB1]
06-24 14:36:14.932103  1095  1098 E RILC    : [RilProxy] token = 9794, request = 22
06-24 14:36:14.932152  1095  1098 D RIL     : [RilProxy] onRequest: OPERATOR, datalen = 0, radioState:10, socket_id: 1
06-24 14:36:14.932173  1095  1098 D RIL     : [RilProxy] onRequest: request = 22, slotId = 1
06-24 14:36:14.932320  1095  1104 D RfxMainThread: enqueueMessage(), mainHandler = 0x7fa2efd5e0, msg = [type=REQUEST, source=GSM, dest=GSM, pId=OPERATOR(22), pToken=9794, id=OPERATOR(22), token=14602, slotId=1,             error = 0, pTimeStamp =  3632472415, isWrongC2KResponse = 0]
06-24 14:36:14.932426   842   963 D RILMUXD : [gsm0710muxd] 1649:gsm0710_base_buffer_get_frame(): Get a complete frame. ch:3, ctrl:239, len:44
06-24 14:36:14.932467   842   963 D RILMUXD : [gsm0710muxd] 2394:extract_frames(): Writing 44 byte frame received on channel 3 to /dev/pts/8
06-24 14:36:14.932521   842   963 D RILMUXD : [gsm0710muxd] 2414:extract_frames(): write() returned. Written 44/44 bytes of frame to /dev/pts/8
06-24 14:36:14.932553   842   963 D RILMUXD : [gsm0710muxd] 2419:extract_frames(): fsync() failed (-1, 22 - Invalid argument)
06-24 14:36:14.932587   842   963 D RILMUXD : [gsm0710muxd] 1649:gsm0710_base_buffer_get_frame(): Get a complete frame. ch:3, ctrl:239, len:6
06-24 14:36:14.932616   842   963 D RILMUXD : [gsm0710muxd] 2394:extract_frames(): Writing 6 byte frame received on channel 3 to /dev/pts/8
06-24 14:36:14.932649   842   963 D RILMUXD : [gsm0710muxd] 2414:extract_frames(): write() returned. Written 6/6 bytes of frame to /dev/pts/8
06-24 14:36:14.932677   842   963 D RILMUXD : [gsm0710muxd] 2419:extract_frames(): fsync() failed (-1, 22 - Invalid argument)
06-24 14:36:14.932751   979  1010 I AT      : AT read end: 50
06-24 14:36:14.932776   979  1010 D AT      : AT< +CGREG: 3,1,"2694","0A534D01",7,"00",0,0
06-24 14:36:14.932801   979  1010 D AT      : RIL_CMD2_READER_1 Enter processLine:+CGREG: 3,1,"2694","0A534D01",7,"00",0,0
06-24 14:36:14.932827   979  1010 D AT      : AT< OK
06-24 14:36:14.932845   979  1010 D AT      : RIL_CMD2_READER_1 Enter processLine:OK
06-24 14:36:14.932935   979  1010 I AT      : AT read start
06-24 14:36:14.932982   979   993 D AT      : response received on RIL_CMD2_READER_1, tid:548220937280
06-24 14:36:14.933011   979   993 D RIL     : convertRegState() uiRegState=1 , uiRet=1 
06-24 14:36:14.933035   979   993 E RIL     : The value in the field <lac> :0
06-24 14:36:14.933056   979   993 D RIL     : cid: 173231361
06-24 14:36:14.933076   979   993 E RIL     : The value of act: 7
06-24 14:36:14.933095   979   993 D RIL     : cause_type: 0
06-24 14:36:14.933114   979   993 D RIL     : reject_cause: 0
06-24 14:36:14.933142   979   993 D AT      : AT send on RIL_CMD2_READER_1, tid:548220937280
06-24 14:36:14.933161   979   993 D AT      : AT> AT+PSBEARER?
06-24 14:36:14.933179   979   993 I AT      : AT write start
06-24 14:36:14.933210   979   993 I AT      : AT write end, errno = 9, length = 13
06-24 14:36:14.933275   842   967 D RILMUXD : [gsm0710muxd] 3630:poll_thread(): poll_thread select found
06-24 14:36:14.933304   842   967 D RILMUXD : [gsm0710muxd] 1050:pseudo_device_read(): Enter, LackofAtciChannel=0
06-24 14:36:14.933340   842   967 D RILMUXD : [gsm0710muxd] 657:write_frame(): Sending frame to channel 3
06-24 14:36:14.933393   842   967 D RILMUXD : [gsm0710muxd] 772:write_frame(): Write a frame on channel 3 with length 13
06-24 14:36:14.934479   842   963 D RILMUXD : [gsm0710muxd] 1649:gsm0710_base_buffer_get_frame(): Get a complete frame. ch:3, ctrl:239, len:22
06-24 14:36:14.934514   842   963 D RILMUXD : [gsm0710muxd] 2394:extract_frames(): Writing 22 byte frame received on channel 3 to /dev/pts/8
06-24 14:36:14.934554   842   963 D RILMUXD : [gsm0710muxd] 2414:extract_frames(): write() returned. Written 22/22 bytes of frame to /dev/pts/8
06-24 14:36:14.934582   842   963 D RILMUXD : [gsm0710muxd] 2419:extract_frames(): fsync() failed (-1, 22 - Invalid argument)
06-24 14:36:14.934651   979  1010 I AT      : AT read end: 22
06-24 14:36:14.934676   979  1010 D AT      : AT< +PSBEARER: 4096, 3
06-24 14:36:14.934699   979  1010 D AT      : RIL_CMD2_READER_1 Enter processLine:+PSBEARER: 4096, 3
06-24 14:36:14.934727   979  1010 I AT      : AT read start
06-24 14:36:14.934991   842   963 D RILMUXD : [gsm0710muxd] 1649:gsm0710_base_buffer_get_frame(): Get a complete frame. ch:3, ctrl:239, len:6
06-24 14:36:14.935026   842   963 D RILMUXD : [gsm0710muxd] 2394:extract_frames(): Writing 6 byte frame received on channel 3 to /dev/pts/8
06-24 14:36:14.935064   842   963 D RILMUXD : [gsm0710muxd] 2414:extract_frames(): write() returned. Written 6/6 bytes of frame to /dev/pts/8
06-24 14:36:14.935092   842   963 D RILMUXD : [gsm0710muxd] 2419:extract_frames(): fsync() failed (-1, 22 - Invalid argument)
06-24 14:36:14.935135   979  1010 I AT      : AT read end: 6
06-24 14:36:14.935157   979  1010 D AT      : AT< OK
06-24 14:36:14.935177   979  1010 D AT      : RIL_CMD2_READER_1 Enter processLine:OK
06-24 14:36:14.935208   979  1010 I AT      : AT read start
06-24 14:36:14.935243   979   993 D AT      : response received on RIL_CMD2_READER_1, tid:548220937280
06-24 14:36:14.935289   979   993 E RIL     : rid: 1
06-24 14:36:14.935310   979   993 D RIL     : RestrictedStateChanged: 0
06-24 14:36:14.935335   979   993 D RIL     : isSimInserted(): rid: 1, sim_inserted_status: 2
06-24 14:36:14.935354   979   993 D RIL     : isSimInserted(): pivotSim = 2 ,2
06-24 14:36:14.935374   979   993 D RIL     : isSimInserted(): simInserted = 1
06-24 14:36:14.935400   979   993 D RILC    : RequestComplete, RIL_SOCKET_2
06-24 14:36:14.935454   979   993 E RILC    : Send Response to RIL_SOCKET_2
06-24 14:36:14.935515   979   993 D RILC-MTK: proxyLoop free  pRI=0x7fa528c870 p=0x7fa5299250 
06-24 14:36:14.935541   979   993 D RILC-MTK: proxyLoop free  pRequest=0x7fa2f73620
06-24 14:36:14.935566   979   993 D RILC-MTK: proxy id:7, proxyName: RIL_CMD2_PROXY_3
06-24 14:36:14.935590   979   993 D RILC-MTK: VOICE_REGISTRATION_STATE pRI=0x7fa528ccc0 p=0x7fa5297e30 execute on RIL_CMD2_PROXY_3 using channel 7
06-24 14:36:14.935613   979   993 D RILC    : callOnRequest for new vendor ril
06-24 14:36:14.935634   979   993 D RIL     : onRequest: VOICE_REGISTRATION_STATE, datalen = 0
06-24 14:36:14.935652   979   993 D RIL     : radioState:10
06-24 14:36:14.935678   979   993 D AT      : AT send on RIL_CMD2_READER_1, tid:548220937280
06-24 14:36:14.935698   979   993 D AT      : AT> AT+CREG?
06-24 14:36:14.935717   979   993 I AT      : AT write start
06-24 14:36:14.935748   979   993 I AT      : AT write end, errno = 9, length = 9
06-24 14:36:14.935928  1095  1105 D RfxMainThread: enqueueMessage(), mainHandler = 0x7fa2efd640, msg = [type=RESPONSE, source=GSM, dest=GSM, pId=DATA_REGISTRATION_STATE(21), pToken=9791, id=DATA_REGISTRATION_STATE(21), token=14599, slotId=1,             error = 0, pTimeStamp =  3615828108, isWrongC2KResponse = 0]
06-24 14:36:14.936012   842   967 D RILMUXD : [gsm0710muxd] 3630:poll_thread(): poll_thread select found
06-24 14:36:14.936043   842   967 D RILMUXD : [gsm0710muxd] 1050:pseudo_device_read(): Enter, LackofAtciChannel=0
06-24 14:36:14.936076   842   967 D RILMUXD : [gsm0710muxd] 657:write_frame(): Sending frame to channel 3
06-24 14:36:14.936131   842   967 D RILMUXD : [gsm0710muxd] 772:write_frame(): Write a frame on channel 3 with length 9
06-24 14:36:14.936460  1996  1996 D RILJ    : [3443]> DATA_REGISTRATION_STATE [SUB1]
06-24 14:36:14.938190  1095  1101 D RfxMainThread: handle msg begin, mainHandler = 0x7fa2efd5e0
06-24 14:36:14.938212   842   963 D RILMUXD : [gsm0710muxd] 1649:gsm0710_base_buffer_get_frame(): Get a complete frame. ch:3, ctrl:239, len:38
06-24 14:36:14.938266   842   963 D RILMUXD : [gsm0710muxd] 2394:extract_frames(): Writing 38 byte frame received on channel 3 to /dev/pts/8
06-24 14:36:14.938339   842   963 D RILMUXD : [gsm0710muxd] 2414:extract_frames(): write() returned. Written 38/38 bytes of frame to /dev/pts/8
06-24 14:36:14.938356   979  1010 I AT      : AT read end: 38
06-24 14:36:14.938369   842   963 D RILMUXD : [gsm0710muxd] 2419:extract_frames(): fsync() failed (-1, 22 - Invalid argument)
06-24 14:36:14.938381   979  1010 D AT      : AT< +CREG: 3,1,"2694","0A534D01",7,0,0
06-24 14:36:14.938404   979  1010 D AT      : RIL_CMD2_READER_1 Enter processLine:+CREG: 3,1,"2694","0A534D01",7,0,0
06-24 14:36:14.938405   842   963 D RILMUXD : [gsm0710muxd] 1649:gsm0710_base_buffer_get_frame(): Get a complete frame. ch:3, ctrl:239, len:6
06-24 14:36:14.938439   842   963 D RILMUXD : [gsm0710muxd] 2394:extract_frames(): Writing 6 byte frame received on channel 3 to /dev/pts/8
06-24 14:36:14.938444   979  1010 I AT      : AT read start
06-24 14:36:14.938493   979  1010 I AT      : AT read end: 6
06-24 14:36:14.938513   979  1010 D AT      : AT< OK
06-24 14:36:14.938533   979  1010 D AT      : RIL_CMD2_READER_1 Enter processLine:OK
06-24 14:36:14.938564   979  1010 I AT      : AT read start
06-24 14:36:14.938301  1095  1101 D RfxRootController: processMessage() msg = [type=REQUEST, source=GSM, dest=GSM, pId=OPERATOR(22), pToken=9794, id=OPERATOR(22), token=14602, slotId=1,             error = 0, pTimeStamp =  3632472415, isWrongC2KResponse = 0]
06-24 14:36:14.938673  1095  1101 D RfxRootController: processMessage() handler = 0x7fa2ef1380, RpNwStateController
06-24 14:36:14.938709  1095  1101 D RfxRilAdapter: isRequestQueueEmpty slotId=1, group=0, ret=t
06-24 14:36:14.938738  1095  1101 D RfxDispatchThread: addMessageToPendingQueue pRequest = 22, pToken = 9794, token = 14602
06-24 14:36:14.938799  1095  1101 D RfxRilAdapter: requestToRild send request done (slotId=1, dest=0, reqId=22, true, dataSize=8, 12)
06-24 14:36:14.938861  1095  1101 D RfxMainThread: handle msg begin, mainHandler = 0x7fa2efd640
06-24 14:36:14.938929  1095  1101 D RfxRootController: processMessage() msg = [type=RESPONSE, source=GSM, dest=GSM, pId=DATA_REGISTRATION_STATE(21), pToken=9791, id=DATA_REGISTRATION_STATE(21), token=14599, slotId=1,             error = 0, pTimeStamp =  3615828108, isWrongC2KResponse = 0]
06-24 14:36:14.938953  1095  1101 D RfxRootController: processMessage() handler = 0x7fa2ef1380, RpNwStateController
06-24 14:36:14.939034  1095  1101 D RfxRilAdapter: responseToRilj send Response done (slotId=1, pToken=9791, pId=21, dataSize=88)
06-24 14:36:14.939324   979   998 D RILC    : SOCKET RIL_SOCKET_2 REQUEST: OPERATOR length:8
06-24 14:36:14.939370   979   998 I RILC-MTK: create request 22: pRequest=0x7fa2f73840, pRI=0x7fa528cdb0, p=0x7fa5298d80, pUCI=0x0
06-24 14:36:14.939396   979   998 D RILC-MTK: 1:QUERY_NETWORK_SELECTION_MODE pRI=0x7fa528ccf0 p=0x7fa52986f0 is queued in RIL_CMD2_PROXY_3
06-24 14:36:14.939423   979   998 D RILC-MTK: **** the last executed cmd for RIL_CMD2_PROXY_3 is VOICE_REGISTRATION_STATE ****
06-24 14:36:14.939446   979   998 D RILC-MTK: Request pRI=0x7fa528cdb0 to RIL_CMD2_PROXY_3 is busy. total:2 requests pending
06-24 14:36:14.939739  1996  2181 D RILJ    : [3439]< DATA_REGISTRATION_STATE {1, 2694, a534d01, 14, 0, 9} [SUB1]
06-24 14:36:14.939852   979   993 D AT      : response received on RIL_CMD2_READER_1, tid:548220937280
06-24 14:36:14.939886   979   993 D RIL     : convertRegState() uiRegState=1 , uiRet=1 
06-24 14:36:14.939907   979   993 E RIL     : The value in the field <lac> :127
06-24 14:36:14.939929   979   993 D RIL     : cid: 173231361
06-24 14:36:14.939947   979   993 E RIL     : The value of act: 7
06-24 14:36:14.939967   979   993 D RIL     : cause_type: 0
06-24 14:36:14.939987   979   993 D RIL     : reject_cause: 0
06-24 14:36:14.940032   979   993 E RIL     : rid: 1
06-24 14:36:14.940052   979   993 D RIL     : RestrictedStateChanged: 0
06-24 14:36:14.940074   979   993 D RIL     : isSimInserted(): rid: 1, sim_inserted_status: 2
06-24 14:36:14.940093   979   993 D RIL     : isSimInserted(): pivotSim = 2 ,2
06-24 14:36:14.940113   979   993 D RIL     : isSimInserted(): simInserted = 1
06-24 14:36:14.940135   979   993 D RIL     : convertToRilRegState() uiRegState=1 , uiRet=1 
06-24 14:36:14.940174   979   993 D RILC    : RequestComplete, RIL_SOCKET_2
06-24 14:36:14.940231   979   993 E RILC    : Send Response to RIL_SOCKET_2
06-24 14:36:14.940310   979   993 D RILC-MTK: proxyLoop free  pRI=0x7fa528ccc0 p=0x7fa5297e30 
06-24 14:36:14.940333   979   993 D RILC-MTK: proxyLoop free  pRequest=0x7fa2f73660
06-24 14:36:14.940358   979   993 D RILC-MTK: proxy id:7, proxyName: RIL_CMD2_PROXY_3
06-24 14:36:14.940383   979   993 D RILC-MTK: QUERY_NETWORK_SELECTION_MODE pRI=0x7fa528ccf0 p=0x7fa52986f0 execute on RIL_CMD2_PROXY_3 using channel 7
06-24 14:36:14.940406   979   993 D RILC    : callOnRequest for new vendor ril
06-24 14:36:14.940429   979   993 D RIL     : onRequest: QUERY_NETWORK_SELECTION_MODE, datalen = 0
06-24 14:36:14.940447   979   993 D RIL     : radioState:10
06-24 14:36:14.940475   979   993 D AT      : AT send on RIL_CMD2_READER_1, tid:548220937280
06-24 14:36:14.940497   979   993 D AT      : AT> AT+COPS?
06-24 14:36:14.940518   979   993 I AT      : AT write start
06-24 14:36:14.940516  1095  1105 D RfxMainThread: enqueueMessage(), mainHandler = 0x7fa2efd6c0, msg = [type=RESPONSE, source=GSM, dest=GSM, pId=VOICE_REGISTRATION_STATE(20), pToken=9792, id=VOICE_REGISTRATION_STATE(20), token=14600, slotId=1,             error = 0, pTimeStamp =  3617538185, isWrongC2KResponse = 0]
06-24 14:36:14.940572   979   993 I AT      : AT write end, errno = 9, length = 9
06-24 14:36:14.940615  1095  1101 D RfxMainThread: handle msg begin, mainHandler = 0x7fa2efd6c0
06-24 14:36:14.938605   842   963 D RILMUXD : [gsm0710muxd] 2414:extract_frames(): write() returned. Written 6/6 bytes of frame to /dev/pts/8
06-24 14:36:14.940691  1095  1101 D RfxRootController: processMessage() msg = [type=RESPONSE, source=GSM, dest=GSM, pId=VOICE_REGISTRATION_STATE(20), pToken=9792, id=VOICE_REGISTRATION_STATE(20), token=14600, slotId=1,             error = 0, pTimeStamp =  3617538185, isWrongC2KResponse = 0]
06-24 14:36:14.940690   842   963 D RILMUXD : [gsm0710muxd] 2419:extract_frames(): fsync() failed (-1, 22 - Invalid argument)
06-24 14:36:14.940690   842   967 D RILMUXD : [gsm0710muxd] 3630:poll_thread(): poll_thread select found
06-24 14:36:14.940732  1095  1101 D RfxRootController: processMessage() handler = 0x7fa2ef1380, RpNwStateController
06-24 14:36:14.940735   842   967 D RILMUXD : [gsm0710muxd] 1050:pseudo_device_read(): Enter, LackofAtciChannel=0
06-24 14:36:14.940777   842   967 D RILMUXD : [gsm0710muxd] 657:write_frame(): Sending frame to channel 3
06-24 14:36:14.940870  1095  1101 D RfxRilAdapter: responseToRilj send Response done (slotId=1, pToken=9792, pId=20, dataSize=152)
06-24 14:36:14.941052  1996  1996 D RILJ    : [3444]> VOICE_REGISTRATION_STATE [SUB1]
06-24 14:36:14.941093  1996  2181 D RILJ    : [3440]< VOICE_REGISTRATION_STATE {1, 2694, a534d01, 14, , , , , , , , , , 0} [SUB1]
06-24 14:36:14.941195   842   967 D RILMUXD : [gsm0710muxd] 772:write_frame(): Write a frame on channel 3 with length 9
06-24 14:36:14.941312  1095  1098 E RILC    : [RilProxy] token = 9795, request = 21
06-24 14:36:14.941347  1095  1098 D RIL     : [RilProxy] onRequest: DATA_REGISTRATION_STATE, datalen = 0, radioState:10, socket_id: 1
06-24 14:36:14.941368  1095  1098 D RIL     : [RilProxy] onRequest: request = 21, slotId = 1
06-24 14:36:14.941493  1095  1104 D RfxMainThread: enqueueMessage(), mainHandler = 0x7fa2efd4e0, msg = [type=REQUEST, source=GSM, dest=GSM, pId=DATA_REGISTRATION_STATE(21), pToken=9795, id=DATA_REGISTRATION_STATE(21), token=14603, slotId=1,             error = 0, pTimeStamp =  3641659262, isWrongC2KResponse = 0]
06-24 14:36:14.941572  1095  1101 D RfxMainThread: handle msg begin, mainHandler = 0x7fa2efd4e0
06-24 14:36:14.941639  1095  1101 D RfxRootController: processMessage() msg = [type=REQUEST, source=GSM, dest=GSM, pId=DATA_REGISTRATION_STATE(21), pToken=9795, id=DATA_REGISTRATION_STATE(21), token=14603, slotId=1,             error = 0, pTimeStamp =  3641659262, isWrongC2KResponse = 0]
06-24 14:36:14.941669  1095  1101 D RfxRootController: processMessage() handler = 0x7fa2ef1380, RpNwStateController
06-24 14:36:14.941702  1095  1101 D RfxRilAdapter: isRequestQueueEmpty slotId=1, group=0, ret=t
06-24 14:36:14.941727  1095  1101 D RfxDispatchThread: addMessageToPendingQueue pRequest = 21, pToken = 9795, token = 14603
06-24 14:36:14.941784  1095  1101 D RfxRilAdapter: requestToRild send request done (slotId=1, dest=0, reqId=21, true, dataSize=8, 12)
06-24 14:36:14.941772  1996  1996 D RILJ    : [3445]> QUERY_NETWORK_SELECTION_MODE [SUB1]
06-24 14:36:14.941857  1095  1098 E RILC    : [RilProxy] token = 9796, request = 20
06-24 14:36:14.941901  1095  1098 D RIL     : [RilProxy] onRequest: VOICE_REGISTRATION_STATE, datalen = 0, radioState:10, socket_id: 1
06-24 14:36:14.941923  1095  1098 D RIL     : [RilProxy] onRequest: request = 20, slotId = 1
06-24 14:36:14.942030  1095  1104 D RfxMainThread: enqueueMessage(), mainHandler = 0x7fa2efd600, msg = [type=REQUEST, source=GSM, dest=GSM, pId=VOICE_REGISTRATION_STATE(20), pToken=9796, id=VOICE_REGISTRATION_STATE(20), token=14604, slotId=1,             error = 0, pTimeStamp =  3642214569, isWrongC2KResponse = 0]
06-24 14:36:14.942090   979   998 D RILC    : SOCKET RIL_SOCKET_2 REQUEST: DATA_REGISTRATION_STATE length:8
06-24 14:36:14.942102  1095  1101 D RfxMainThread: handle msg begin, mainHandler = 0x7fa2efd600
06-24 14:36:14.942135   979   998 I RILC-MTK: create request 21: pRequest=0x7fa2f73860, pRI=0x7fa528c450, p=0x7fa5299870, pUCI=0x0
06-24 14:36:14.942161   979   998 D RILC-MTK: 1:OPERATOR pRI=0x7fa528cdb0 p=0x7fa5298d80 is queued in RIL_CMD2_PROXY_3
06-24 14:36:14.942166  1095  1101 D RfxRootController: processMessage() msg = [type=REQUEST, source=GSM, dest=GSM, pId=VOICE_REGISTRATION_STATE(20), pToken=9796, id=VOICE_REGISTRATION_STATE(20), token=14604, slotId=1,             error = 0, pTimeStamp =  3642214569, isWrongC2KResponse = 0]
06-24 14:36:14.942184   979   998 D RILC-MTK: **** the last executed cmd for RIL_CMD2_PROXY_3 is QUERY_NETWORK_SELECTION_MODE ****
06-24 14:36:14.942198  1095  1101 D RfxRootController: processMessage() handler = 0x7fa2ef1380, RpNwStateController
06-24 14:36:14.942208   979   998 D RILC-MTK: Request pRI=0x7fa528c450 to RIL_CMD2_PROXY_3 is busy. total:2 requests pending
06-24 14:36:14.942230  1095  1101 D RfxRilAdapter: isRequestQueueEmpty slotId=1, group=0, ret=t
06-24 14:36:14.942256  1095  1101 D RfxDispatchThread: addMessageToPendingQueue pRequest = 20, pToken = 9796, token = 14604
06-24 14:36:14.942305  1095  1101 D RfxRilAdapter: requestToRild send request done (slotId=1, dest=0, reqId=20, true, dataSize=8, 12)
06-24 14:36:14.942348   979   998 D RILC    : SOCKET RIL_SOCKET_2 REQUEST: VOICE_REGISTRATION_STATE length:8
06-24 14:36:14.942386   979   998 I RILC-MTK: create request 20: pRequest=0x7fa2f73880, pRI=0x7fa528c4e0, p=0x7fa529a360, pUCI=0x0
06-24 14:36:14.942409   979   998 D RILC-MTK: 1:OPERATOR pRI=0x7fa528cdb0 p=0x7fa5298d80 is queued in RIL_CMD2_PROXY_3
06-24 14:36:14.942431   979   998 D RILC-MTK: 2:DATA_REGISTRATION_STATE pRI=0x7fa528c450 p=0x7fa5299870 is queued in RIL_CMD2_PROXY_3
06-24 14:36:14.942452   979   998 D RILC-MTK: **** the last executed cmd for RIL_CMD2_PROXY_3 is QUERY_NETWORK_SELECTION_MODE ****
06-24 14:36:14.942475   979   998 D RILC-MTK: Request pRI=0x7fa528c4e0 to RIL_CMD2_PROXY_3 is busy. total:3 requests pending
06-24 14:36:14.942496  1996  1996 D GsmSST  : [GsmSST1] handleMessage msg done
06-24 14:36:14.942553  1996  1996 D GsmSST  : [GsmSST1] handle EVENT_PS_NETWORK_STATE_CHANGED
06-24 14:36:14.942571  1095  1098 E RILC    : [RilProxy] token = 9797, request = 45
06-24 14:36:14.942591  1996  1996 D GsmSST  : [GsmSST1] mPsRegState:0,new:0,result:1
06-24 14:36:14.942603  1095  1098 D RIL     : [RilProxy] onRequest: QUERY_NETWORK_SELECTION_MODE, datalen = 0, radioState:10, socket_id: 1
06-24 14:36:14.942625  1095  1098 D RIL     : [RilProxy] onRequest: request = 45, slotId = 1
06-24 14:36:14.942816  1095  1104 D RfxMainThread: enqueueMessage(), mainHandler = 0x7fa2efd520, msg = [type=REQUEST, source=GSM, dest=GSM, pId=QUERY_NETWORK_SELECTION_MODE(45), pToken=9797, id=QUERY_NETWORK_SELECTION_MODE(45), token=14605, slotId=1,             error = 0, pTimeStamp =  3642948415, isWrongC2KResponse = 0]
06-24 14:36:14.942891  1095  1101 D RfxMainThread: handle msg begin, mainHandler = 0x7fa2efd520
06-24 14:36:14.942932   842   963 D RILMUXD : [gsm0710muxd] 1649:gsm0710_base_buffer_get_frame(): Get a complete frame. ch:3, ctrl:239, len:24
06-24 14:36:14.942957  1095  1101 D RfxRootController: processMessage() msg = [type=REQUEST, source=GSM, dest=GSM, pId=QUERY_NETWORK_SELECTION_MODE(45), pToken=9797, id=QUERY_NETWORK_SELECTION_MODE(45), token=14605, slotId=1,             error = 0, pTimeStamp =  3642948415, isWrongC2KResponse = 0]
06-24 14:36:14.942975   842   963 D RILMUXD : [gsm0710muxd] 2394:extract_frames(): Writing 24 byte frame received on channel 3 to /dev/pts/8
06-24 14:36:14.942987  1095  1101 D RfxRootController: processMessage() handler = NULL ==> request
06-24 14:36:14.943014  1095  1101 D RfxRilAdapter: isRequestQueueEmpty slotId=1, group=0, ret=t
06-24 14:36:14.943033   842   963 D RILMUXD : [gsm0710muxd] 2414:extract_frames(): write() returned. Written 24/24 bytes of frame to /dev/pts/8
06-24 14:36:14.943040  1095  1101 D RfxDispatchThread: addMessageToPendingQueue pRequest = 45, pToken = 9797, token = 14605
06-24 14:36:14.943063   842   963 D RILMUXD : [gsm0710muxd] 2419:extract_frames(): fsync() failed (-1, 22 - Invalid argument)
06-24 14:36:14.943095  1095  1101 D RfxRilAdapter: requestToRild send request done (slotId=1, dest=0, reqId=45, true, dataSize=8, 12)
06-24 14:36:14.943171   979  1010 I AT      : AT read end: 24
06-24 14:36:14.943200   979  1010 D AT      : AT< +COPS: 0,2,"46000",7
06-24 14:36:14.943226   979  1010 D AT      : RIL_CMD2_READER_1 Enter processLine:+COPS: 0,2,"46000",7
06-24 14:36:14.943254   979  1010 I AT      : AT read start
06-24 14:36:14.943323   842   963 D RILMUXD : [gsm0710muxd] 1649:gsm0710_base_buffer_get_frame(): Get a complete frame. ch:3, ctrl:239, len:6
06-24 14:36:14.943338  1996  1996 D PhoneFactory: calculatePreferredNetworkType: phoneSubId = 1 networkType = 10
06-24 14:36:14.943360   842   963 D RILMUXD : [gsm0710muxd] 2394:extract_frames(): Writing 6 byte frame received on channel 3 to /dev/pts/8
06-24 14:36:14.943379   979   998 D RILC    : SOCKET RIL_SOCKET_2 REQUEST: QUERY_NETWORK_SELECTION_MODE length:8
06-24 14:36:14.943389  1996  1996 D GsmSST  : [GsmSST1] pollState RadioState is RADIO_ON, currentNetworkMode= 10
06-24 14:36:14.943415   979   998 I RILC-MTK: create request 45: pRequest=0x7fa2f73280, pRI=0x7fa528c750, p=0x7fa529a3d0, pUCI=0x0
06-24 14:36:14.943434   842   963 D RILMUXD : [gsm0710muxd] 2414:extract_frames(): write() returned. Written 6/6 bytes of frame to /dev/pts/8
06-24 14:36:14.943441   979   998 D RILC-MTK: 1:OPERATOR pRI=0x7fa528cdb0 p=0x7fa5298d80 is queued in RIL_CMD2_PROXY_3
06-24 14:36:14.943465   979   998 D RILC-MTK: 2:DATA_REGISTRATION_STATE pRI=0x7fa528c450 p=0x7fa5299870 is queued in RIL_CMD2_PROXY_3
06-24 14:36:14.943468   842   963 D RILMUXD : [gsm0710muxd] 2419:extract_frames(): fsync() failed (-1, 22 - Invalid argument)
06-24 14:36:14.943476  1996  1996 D RILJ    : [3446]> OPERATOR [SUB1]
06-24 14:36:14.943492   979   998 D RILC-MTK: 3:VOICE_REGISTRATION_STATE pRI=0x7fa528c4e0 p=0x7fa529a360 is queued in RIL_CMD2_PROXY_3
06-24 14:36:14.943514   979   998 D RILC-MTK: **** the last executed cmd for RIL_CMD2_PROXY_3 is QUERY_NETWORK_SELECTION_MODE ****
06-24 14:36:14.943537   979   998 D RILC-MTK: Request pRI=0x7fa528c750 to RIL_CMD2_PROXY_3 is busy. total:4 requests pending
06-24 14:36:14.943605   979  1010 I AT      : AT read end: 6
06-24 14:36:14.943628   979  1010 D AT      : AT< OK
06-24 14:36:14.943651   979  1010 D AT      : RIL_CMD2_READER_1 Enter processLine:OK
06-24 14:36:14.943686   979  1010 I AT      : AT read start
06-24 14:36:14.943710   979   993 D AT      : response received on RIL_CMD2_READER_1, tid:548220937280
06-24 14:36:14.943746   979   993 D RILC    : RequestComplete, RIL_SOCKET_2
06-24 14:36:14.943788   979   993 E RILC    : Send Response to RIL_SOCKET_2
06-24 14:36:14.943849   979   993 D RILC-MTK: proxyLoop free  pRI=0x7fa528ccf0 p=0x7fa52986f0 
06-24 14:36:14.943876   979   993 D RILC-MTK: proxyLoop free  pRequest=0x7fa2f73640
06-24 14:36:14.943899   979   993 D RILC-MTK: proxy id:7, proxyName: RIL_CMD2_PROXY_3
06-24 14:36:14.943923   979   993 D RILC-MTK: OPERATOR pRI=0x7fa528cdb0 p=0x7fa5298d80 execute on RIL_CMD2_PROXY_3 using channel 7
06-24 14:36:14.943944   979   993 D RILC    : callOnRequest for new vendor ril
06-24 14:36:14.943969   979   993 D RIL     : onRequest: OPERATOR, datalen = 0
06-24 14:36:14.943975  1095  1105 D RfxMainThread: enqueueMessage(), mainHandler = 0x7fa2efd760, msg = [type=RESPONSE, source=GSM, dest=GSM, pId=QUERY_NETWORK_SELECTION_MODE(45), pToken=9793, id=QUERY_NETWORK_SELECTION_MODE(45), token=14601, slotId=1,             error = 0, pTimeStamp =  3621946415, isWrongC2KResponse = 0]
06-24 14:36:14.943989   979   993 D RIL     : radioState:10
06-24 14:36:14.944017   979   993 D AT      : AT send on RIL_CMD2_READER_1, tid:548220937280
06-24 14:36:14.944038   979   993 D AT      : AT> AT+COPS?
06-24 14:36:14.944058   979   993 I AT      : AT write start
06-24 14:36:14.944132   979   993 I AT      : AT write end, errno = 9, length = 9
06-24 14:36:14.944138  1095  1101 D RfxMainThread: handle msg begin, mainHandler = 0x7fa2efd760
06-24 14:36:14.944169   842   967 D RILMUXD : [gsm0710muxd] 3630:poll_thread(): poll_thread select found
06-24 14:36:14.944207  1095  1101 D RfxRootController: processMessage() msg = [type=RESPONSE, source=GSM, dest=GSM, pId=QUERY_NETWORK_SELECTION_MODE(45), pToken=9793, id=QUERY_NETWORK_SELECTION_MODE(45), token=14601, slotId=1,             error = 0, pTimeStamp =  3621946415, isWrongC2KResponse = 0]
06-24 14:36:14.944209   842   967 D RILMUXD : [gsm0710muxd] 1050:pseudo_device_read(): Enter, LackofAtciChannel=0
06-24 14:36:14.944239  1095  1101 D RfxRootController: processMessage() handler = NULL ==> response/urc
06-24 14:36:14.944248   842   967 D RILMUXD : [gsm0710muxd] 657:write_frame(): Sending frame to channel 3
06-24 14:36:14.944310   842   967 D RILMUXD : [gsm0710muxd] 772:write_frame(): Write a frame on channel 3 with length 9
06-24 14:36:14.944317  1095  1101 D RfxRilAdapter: responseToRilj send Response done (slotId=1, pToken=9793, pId=45, dataSize=20)
06-24 14:36:14.944343  1996  1996 D RILJ    : [3447]> DATA_REGISTRATION_STATE [SUB1]
06-24 14:36:14.944597  1996  2181 D RILJ    : responseInts numInts=1 [SUB1]
06-24 14:36:14.944640  1996  2181 D RILJ    : responseInts response[0]=0 [SUB1]
06-24 14:36:14.944695  1996  2181 D RILJ    : [3441]< QUERY_NETWORK_SELECTION_MODE {0} [SUB1]
06-24 14:36:14.944961  1095  1098 E RILC    : [RilProxy] token = 9798, request = 22
06-24 14:36:14.944976  1996  1996 D RILJ    : [3448]> VOICE_REGISTRATION_STATE [SUB1]
06-24 14:36:14.945002  1095  1098 D RIL     : [RilProxy] onRequest: OPERATOR, datalen = 0, radioState:10, socket_id: 1
06-24 14:36:14.945024  1095  1098 D RIL     : [RilProxy] onRequest: request = 22, slotId = 1
06-24 14:36:14.945104  1095  1098 E RILC    : [RilProxy] token = 9799, request = 21
06-24 14:36:14.945133  1095  1098 D RIL     : [RilProxy] onRequest: DATA_REGISTRATION_STATE, datalen = 0, radioState:10, socket_id: 1
06-24 14:36:14.945155  1095  1098 D RIL     : [RilProxy] onRequest: request = 21, slotId = 1
06-24 14:36:14.945155  1095  1104 D RfxMainThread: enqueueMessage(), mainHandler = 0x7fa2efd580, msg = [type=REQUEST, source=GSM, dest=GSM, pId=OPERATOR(22), pToken=9798, id=OPERATOR(22), token=14606, slotId=1,             error = 0, pTimeStamp =  3645320877, isWrongC2KResponse = 0]
06-24 14:36:14.945232  1095  1101 D RfxMainThread: handle msg begin, mainHandler = 0x7fa2efd580
06-24 14:36:14.945252  1095  1104 D RfxMainThread: enqueueMessage(), mainHandler = 0x7fa2efd4e0, msg = [type=REQUEST, source=GSM, dest=GSM, pId=DATA_REGISTRATION_STATE(21), pToken=9799, id=DATA_REGISTRATION_STATE(21), token=14607, slotId=1,             error = 0, pTimeStamp =  3645440877, isWrongC2KResponse = 0]
06-24 14:36:14.945297  1095  1101 D RfxRootController: processMessage() msg = [type=REQUEST, source=GSM, dest=GSM, pId=OPERATOR(22), pToken=9798, id=OPERATOR(22), token=14606, slotId=1,             error = 0, pTimeStamp =  3645320877, isWrongC2KResponse = 0]
06-24 14:36:14.945326  1095  1101 D RfxRootController: processMessage() handler = 0x7fa2ef1380, RpNwStateController
06-24 14:36:14.945358  1095  1101 D RfxRilAdapter: isRequestQueueEmpty slotId=1, group=0, ret=t
06-24 14:36:14.945383  1095  1101 D RfxDispatchThread: addMessageToPendingQueue pRequest = 22, pToken = 9798, token = 14606
06-24 14:36:14.945437  1095  1101 D RfxRilAdapter: requestToRild send request done (slotId=1, dest=0, reqId=22, true, dataSize=8, 12)
06-24 14:36:14.945476  1095  1101 D RfxMainThread: handle msg begin, mainHandler = 0x7fa2efd4e0
06-24 14:36:14.945536  1095  1101 D RfxRootController: processMessage() msg = [type=REQUEST, source=GSM, dest=GSM, pId=DATA_REGISTRATION_STATE(21), pToken=9799, id=DATA_REGISTRATION_STATE(21), token=14607, slotId=1,             error = 0, pTimeStamp =  3645440877, isWrongC2KResponse = 0]
06-24 14:36:14.945564  1095  1101 D RfxRootController: processMessage() handler = 0x7fa2ef1380, RpNwStateController
06-24 14:36:14.945589  1095  1101 D RfxRilAdapter: isRequestQueueEmpty slotId=1, group=0, ret=t
06-24 14:36:14.945603   979   998 D RILC    : SOCKET RIL_SOCKET_2 REQUEST: OPERATOR length:8
06-24 14:36:14.945612  1095  1101 D RfxDispatchThread: addMessageToPendingQueue pRequest = 21, pToken = 9799, token = 14607
06-24 14:36:14.945648  1095  1101 D RfxRilAdapter: requestToRild send request done (slotId=1, dest=0, reqId=21, true, dataSize=8, 12)
06-24 14:36:14.945649   979   998 I RILC-MTK: create request 22: pRequest=0x7fa2f73420, pRI=0x7fa528ce10, p=0x7fa529a520, pUCI=0x0
06-24 14:36:14.945680   979   998 D RILC-MTK: 1:DATA_REGISTRATION_STATE pRI=0x7fa528c450 p=0x7fa5299870 is queued in RIL_CMD2_PROXY_3
06-24 14:36:14.945704   979   998 D RILC-MTK: 2:VOICE_REGISTRATION_STATE pRI=0x7fa528c4e0 p=0x7fa529a360 is queued in RIL_CMD2_PROXY_3
06-24 14:36:14.945728   979   998 D RILC-MTK: 3:QUERY_NETWORK_SELECTION_MODE pRI=0x7fa528c750 p=0x7fa529a3d0 is queued in RIL_CMD2_PROXY_3
06-24 14:36:14.945751   979   998 D RILC-MTK: **** the last executed cmd for RIL_CMD2_PROXY_3 is OPERATOR ****
06-24 14:36:14.945774   979   998 D RILC-MTK: Request pRI=0x7fa528ce10 to RIL_CMD2_PROXY_3 is busy. total:4 requests pending
06-24 14:36:14.945821   979   998 D RILC    : SOCKET RIL_SOCKET_2 REQUEST: DATA_REGISTRATION_STATE length:8
06-24 14:36:14.945852   979   998 I RILC-MTK: create request 21: pRequest=0x7fa2f735a0, pRI=0x7fa528ce40, p=0x7fa529a590, pUCI=0x0
06-24 14:36:14.945850   842   963 D RILMUXD : [gsm0710muxd] 1649:gsm0710_base_buffer_get_frame(): Get a complete frame. ch:3, ctrl:239, len:24
