06-24 14:36:14.945877   979   998 D RILC-MTK: 1:DATA_REGISTRATION_STATE pRI=0x7fa528c450 p=0x7fa5299870 is queued in RIL_CMD2_PROXY_3
06-24 14:36:14.945894   842   963 D RILMUXD : [gsm0710muxd] 2394:extract_frames(): Writing 24 byte frame received on channel 3 to /dev/pts/8
06-24 14:36:14.945901   979   998 D RILC-MTK: 2:VOICE_REGISTRATION_STATE pRI=0x7fa528c4e0 p=0x7fa529a360 is queued in RIL_CMD2_PROXY_3
06-24 14:36:14.945923   979   998 D RILC-MTK: 3:QUERY_NETWORK_SELECTION_MODE pRI=0x7fa528c750 p=0x7fa529a3d0 is queued in RIL_CMD2_PROXY_3
06-24 14:36:14.945944   979   998 D RILC-MTK: 4:OPERATOR pRI=0x7fa528ce10 p=0x7fa529a520 is queued in RIL_CMD2_PROXY_3
06-24 14:36:14.945964   979   998 D RILC-MTK: **** the last executed cmd for RIL_CMD2_PROXY_3 is OPERATOR ****
06-24 14:36:14.945980   842   963 D RILMUXD : [gsm0710muxd] 2414:extract_frames(): write() returned. Written 24/24 bytes of frame to /dev/pts/8
06-24 14:36:14.945986   979   998 D RILC-MTK: Request pRI=0x7fa528ce40 to RIL_CMD2_PROXY_3 is busy. total:5 requests pending
06-24 14:36:14.945981   979  1010 I AT      : AT read end: 24
06-24 14:36:14.946013   979  1010 D AT      : AT< +COPS: 0,2,"46000",7
06-24 14:36:14.946020   842   963 D RILMUXD : [gsm0710muxd] 2419:extract_frames(): fsync() failed (-1, 22 - Invalid argument)
06-24 14:36:14.946037   979  1010 D AT      : RIL_CMD2_READER_1 Enter processLine:+COPS: 0,2,"46000",7
06-24 14:36:14.946062   979  1010 I AT      : AT read start
06-24 14:36:14.946284  1996  1996 D RILJ    : [3449]> QUERY_NETWORK_SELECTION_MODE [SUB1]
06-24 14:36:14.946396  1095  1098 E RILC    : [RilProxy] token = 9800, request = 20
06-24 14:36:14.946433  1095  1098 D RIL     : [RilProxy] onRequest: VOICE_REGISTRATION_STATE, datalen = 0, radioState:10, socket_id: 1
06-24 14:36:14.946454  1095  1098 D RIL     : [RilProxy] onRequest: request = 20, slotId = 1
06-24 14:36:14.946580   842   963 D RILMUXD : [gsm0710muxd] 1649:gsm0710_base_buffer_get_frame(): Get a complete frame. ch:3, ctrl:239, len:6
06-24 14:36:14.946585  1095  1104 D RfxMainThread: enqueueMessage(), mainHandler = 0x7fa2efd520, msg = [type=REQUEST, source=GSM, dest=GSM, pId=VOICE_REGISTRATION_STATE(20), pToken=9800, id=VOICE_REGISTRATION_STATE(20), token=14608, slotId=1,             error = 0, pTimeStamp =  3646750339, isWrongC2KResponse = 0]
06-24 14:36:14.946625   842   963 D RILMUXD : [gsm0710muxd] 2394:extract_frames(): Writing 6 byte frame received on channel 3 to /dev/pts/8
06-24 14:36:14.946673  1095  1101 D RfxMainThread: handle msg begin, mainHandler = 0x7fa2efd520
06-24 14:36:14.946708   842   963 D RILMUXD : [gsm0710muxd] 2414:extract_frames(): write() returned. Written 6/6 bytes of frame to /dev/pts/8
06-24 14:36:14.946737  1095  1101 D RfxRootController: processMessage() msg = [type=REQUEST, source=GSM, dest=GSM, pId=VOICE_REGISTRATION_STATE(20), pToken=9800, id=VOICE_REGISTRATION_STATE(20), token=14608, slotId=1,             error = 0, pTimeStamp =  3646750339, isWrongC2KResponse = 0]
06-24 14:36:14.946740   842   963 D RILMUXD : [gsm0710muxd] 2419:extract_frames(): fsync() failed (-1, 22 - Invalid argument)
06-24 14:36:14.946768  1095  1101 D RfxRootController: processMessage() handler = 0x7fa2ef1380, RpNwStateController
06-24 14:36:14.946799  1095  1101 D RfxRilAdapter: isRequestQueueEmpty slotId=1, group=0, ret=t
06-24 14:36:14.946825  1095  1101 D RfxDispatchThread: addMessageToPendingQueue pRequest = 20, pToken = 9800, token = 14608
06-24 14:36:14.946887  1095  1101 D RfxRilAdapter: requestToRild send request done (slotId=1, dest=0, reqId=20, true, dataSize=8, 12)
06-24 14:36:14.946930  1996  1996 D GsmSST  : [GsmSST1] handleMessage msg done
06-24 14:36:14.946990  1996  1996 D GsmSST  : [GsmSST1] handle EVENT_POLL_STATE_OPERATOR
06-24 14:36:14.947023  1996  1996 E GsmSST  : [GsmSST1] handlePollStateResult return due to (ar.userObj != mPollingContext)
06-24 14:36:14.947047  1996  1996 D GsmSST  : [GsmSST1] handleMessage msg done
06-24 14:36:14.947074  1996  1996 D GsmSST  : [GsmSST1] handle EVENT_POLL_STATE_GPRS
06-24 14:36:14.947091   979  1010 I AT      : AT read end: 6
06-24 14:36:14.947099  1996  1996 E GsmSST  : [GsmSST1] handlePollStateResult return due to (ar.userObj != mPollingContext)
06-24 14:36:14.947099  1095  1098 E RILC    : [RilProxy] token = 9801, request = 45
06-24 14:36:14.947124   979  1010 D AT      : AT< OK
06-24 14:36:14.947126  1996  1996 D GsmSST  : [GsmSST1] handleMessage msg done
06-24 14:36:14.947137  1095  1098 D RIL     : [RilProxy] onRequest: QUERY_NETWORK_SELECTION_MODE, datalen = 0, radioState:10, socket_id: 1
06-24 14:36:14.947153   979  1010 D AT      : RIL_CMD2_READER_1 Enter processLine:OK
06-24 14:36:14.947160  1095  1098 D RIL     : [RilProxy] onRequest: request = 45, slotId = 1
06-24 14:36:14.947161  1996  1996 D GsmSST  : [GsmSST1] handle EVENT_POLL_STATE_REGISTRATION
06-24 14:36:14.947188  1996  1996 E GsmSST  : [GsmSST1] handlePollStateResult return due to (ar.userObj != mPollingContext)
06-24 14:36:14.947196   979  1010 I AT      : AT read start
06-24 14:36:14.947211  1996  1996 D GsmSST  : [GsmSST1] handleMessage msg done
06-24 14:36:14.947247  1996  1996 D GsmSST  : [GsmSST1] handle EVENT_POLL_STATE_NETWORK_SELECTION_MODE
06-24 14:36:14.947270  1996  1996 E GsmSST  : [GsmSST1] handlePollStateResult return due to (ar.userObj != mPollingContext)
06-24 14:36:14.947290  1996  1996 D GsmSST  : [GsmSST1] handleMessage msg done
06-24 14:36:14.947288  1095  1104 D RfxMainThread: enqueueMessage(), mainHandler = 0x7fa2efd600, msg = [type=REQUEST, source=GSM, dest=GSM, pId=QUERY_NETWORK_SELECTION_MODE(45), pToken=9801, id=QUERY_NETWORK_SELECTION_MODE(45), token=14609, slotId=1,             error = 0, pTimeStamp =  3647453954, isWrongC2KResponse = 0]
06-24 14:36:14.947359  1095  1101 D RfxMainThread: handle msg begin, mainHandler = 0x7fa2efd600
06-24 14:36:14.947421  1095  1101 D RfxRootController: processMessage() msg = [type=REQUEST, source=GSM, dest=GSM, pId=QUERY_NETWORK_SELECTION_MODE(45), pToken=9801, id=QUERY_NETWORK_SELECTION_MODE(45), token=14609, slotId=1,             error = 0, pTimeStamp =  3647453954, isWrongC2KResponse = 0]
06-24 14:36:14.947429   979   998 D RILC    : SOCKET RIL_SOCKET_2 REQUEST: VOICE_REGISTRATION_STATE length:8
06-24 14:36:14.947450  1095  1101 D RfxRootController: processMessage() handler = NULL ==> request
06-24 14:36:14.947471   979   998 I RILC-MTK: create request 20: pRequest=0x7fa2f738a0, pRI=0x7fa528ce70, p=0x7fa52978f0, pUCI=0x0
06-24 14:36:14.947475  1095  1101 D RfxRilAdapter: isRequestQueueEmpty slotId=1, group=0, ret=t
06-24 14:36:14.947499   979   998 D RILC-MTK: 1:DATA_REGISTRATION_STATE pRI=0x7fa528c450 p=0x7fa5299870 is queued in RIL_CMD2_PROXY_3
06-24 14:36:14.947506  1095  1101 D RfxDispatchThread: addMessageToPendingQueue pRequest = 45, pToken = 9801, token = 14609
06-24 14:36:14.947521   979   998 D RILC-MTK: 2:VOICE_REGISTRATION_STATE pRI=0x7fa528c4e0 p=0x7fa529a360 is queued in RIL_CMD2_PROXY_3
06-24 14:36:14.947543   979   998 D RILC-MTK: 3:QUERY_NETWORK_SELECTION_MODE pRI=0x7fa528c750 p=0x7fa529a3d0 is queued in RIL_CMD2_PROXY_3
06-24 14:36:14.947545  1095  1101 D RfxRilAdapter: requestToRild send request done (slotId=1, dest=0, reqId=45, true, dataSize=8, 12)
06-24 14:36:14.947568   979   998 D RILC-MTK: 4:OPERATOR pRI=0x7fa528ce10 p=0x7fa529a520 is queued in RIL_CMD2_PROXY_3
06-24 14:36:14.947589   979   998 D RILC-MTK: 5:DATA_REGISTRATION_STATE pRI=0x7fa528ce40 p=0x7fa529a590 is queued in RIL_CMD2_PROXY_3
06-24 14:36:14.947614   979   998 D RILC-MTK: **** the last executed cmd for RIL_CMD2_PROXY_3 is OPERATOR ****
06-24 14:36:14.947637   979   998 D RILC-MTK: Request pRI=0x7fa528ce70 to RIL_CMD2_PROXY_3 is busy. total:6 requests pending
06-24 14:36:14.947676   979   998 D RILC    : SOCKET RIL_SOCKET_2 REQUEST: QUERY_NETWORK_SELECTION_MODE length:8
06-24 14:36:14.947705   979   998 I RILC-MTK: create request 45: pRequest=0x7fa2f738c0, pRI=0x7fa528cea0, p=0x7fa5299950, pUCI=0x0
06-24 14:36:14.947728   979   998 D RILC-MTK: 1:DATA_REGISTRATION_STATE pRI=0x7fa528c450 p=0x7fa5299870 is queued in RIL_CMD2_PROXY_3
06-24 14:36:14.947749   979   998 D RILC-MTK: 2:VOICE_REGISTRATION_STATE pRI=0x7fa528c4e0 p=0x7fa529a360 is queued in RIL_CMD2_PROXY_3
06-24 14:36:14.947769   979   998 D RILC-MTK: 3:QUERY_NETWORK_SELECTION_MODE pRI=0x7fa528c750 p=0x7fa529a3d0 is queued in RIL_CMD2_PROXY_3
06-24 14:36:14.947790   979   998 D RILC-MTK: 4:OPERATOR pRI=0x7fa528ce10 p=0x7fa529a520 is queued in RIL_CMD2_PROXY_3
06-24 14:36:14.947824   979   998 D RILC-MTK: 5:DATA_REGISTRATION_STATE pRI=0x7fa528ce40 p=0x7fa529a590 is queued in RIL_CMD2_PROXY_3
06-24 14:36:14.947847   979   998 D RILC-MTK: 6:VOICE_REGISTRATION_STATE pRI=0x7fa528ce70 p=0x7fa52978f0 is queued in RIL_CMD2_PROXY_3
06-24 14:36:14.947867   979   998 D RILC-MTK: **** the last executed cmd for RIL_CMD2_PROXY_3 is OPERATOR ****
06-24 14:36:14.947890   979   998 D RILC-MTK: Request pRI=0x7fa528cea0 to RIL_CMD2_PROXY_3 is busy. total:7 requests pending
06-24 14:36:14.947974   979   993 D AT      : response received on RIL_CMD2_READER_1, tid:548220937280
06-24 14:36:14.948004   979   993 D RIL     : Get operator code 46000
06-24 14:36:14.948028   979   993 D RIL     : Get ril_nw_nitzName_mutex in the getOperatorNamesFromNumericCode
06-24 14:36:14.948050   979   993 D RILC    : RequestComplete, RIL_SOCKET_2
06-24 14:36:14.948101   979   993 E RILC    : Send Response to RIL_SOCKET_2
06-24 14:36:14.948154   979   993 D RILC-MTK: proxyLoop free  pRI=0x7fa528cdb0 p=0x7fa5298d80 
06-24 14:36:14.948176   979   993 D RILC-MTK: proxyLoop free  pRequest=0x7fa2f73840
06-24 14:36:14.948197   979   993 D RILC-MTK: proxy id:7, proxyName: RIL_CMD2_PROXY_3
06-24 14:36:14.948220   979   993 D RILC-MTK: DATA_REGISTRATION_STATE pRI=0x7fa528c450 p=0x7fa5299870 execute on RIL_CMD2_PROXY_3 using channel 7
06-24 14:36:14.948244  1095  1105 D RfxMainThread: enqueueMessage(), mainHandler = 0x7fa2efd5c0, msg = [type=RESPONSE, source=GSM, dest=GSM, pId=OPERATOR(22), pToken=9794, id=OPERATOR(22), token=14602, slotId=1,             error = 0, pTimeStamp =  3632472339, isWrongC2KResponse = 0]
06-24 14:36:14.948254   979   993 D RILC    : callOnRequest for new vendor ril
06-24 14:36:14.948278   979   993 D RIL     : onRequest: DATA_REGISTRATION_STATE, datalen = 0
06-24 14:36:14.948296   979   993 D RIL     : radioState:10
06-24 14:36:14.948312  1095  1101 D RfxMainThread: handle msg begin, mainHandler = 0x7fa2efd5c0
06-24 14:36:14.948329   979   993 D AT      : AT send on RIL_CMD2_READER_1, tid:548220937280
06-24 14:36:14.948350   979   993 D AT      : AT> AT+CGREG?
06-24 14:36:14.948369   979   993 I AT      : AT write start
06-24 14:36:14.948387  1095  1101 D RfxRootController: processMessage() msg = [type=RESPONSE, source=GSM, dest=GSM, pId=OPERATOR(22), pToken=9794, id=OPERATOR(22), token=14602, slotId=1,             error = 0, pTimeStamp =  3632472339, isWrongC2KResponse = 0]
06-24 14:36:14.948420  1095  1101 D RfxRootController: processMessage() handler = 0x7fa2ef1380, RpNwStateController
06-24 14:36:14.948450   979   993 I AT      : AT write end, errno = 9, length = 10
06-24 14:36:14.948503  1095  1101 D RfxRilAdapter: responseToRilj send Response done (slotId=1, pToken=9794, pId=22, dataSize=64)
06-24 14:36:14.948495   842   967 D RILMUXD : [gsm0710muxd] 3630:poll_thread(): poll_thread select found
06-24 14:36:14.948538   842   967 D RILMUXD : [gsm0710muxd] 1050:pseudo_device_read(): Enter, LackofAtciChannel=0
06-24 14:36:14.948589   842   967 D RILMUXD : [gsm0710muxd] 657:write_frame(): Sending frame to channel 3
06-24 14:36:14.948652   842   967 D RILMUXD : [gsm0710muxd] 772:write_frame(): Write a frame on channel 3 with length 10
06-24 14:36:14.948692  1996  2181 D RILJ    : [3442]< OPERATOR {46000, 46000, 46000} [SUB1]
06-24 14:36:14.948852  1996  1996 D GsmSST  : [GsmSST1] handle EVENT_POLL_STATE_OPERATOR
06-24 14:36:14.948904  1996  1996 E GsmSST  : [GsmSST1] handlePollStateResult return due to (ar.userObj != mPollingContext)
06-24 14:36:14.948928  1996  1996 D GsmSST  : [GsmSST1] handleMessage msg done
06-24 14:36:14.950240   842   963 D RILMUXD : [gsm0710muxd] 1649:gsm0710_base_buffer_get_frame(): Get a complete frame. ch:3, ctrl:239, len:44
06-24 14:36:14.950289   842   963 D RILMUXD : [gsm0710muxd] 2394:extract_frames(): Writing 44 byte frame received on channel 3 to /dev/pts/8
06-24 14:36:14.950373   842   963 D RILMUXD : [gsm0710muxd] 2414:extract_frames(): write() returned. Written 44/44 bytes of frame to /dev/pts/8
06-24 14:36:14.950393   979  1010 I AT      : AT read end: 44
06-24 14:36:14.950404   842   963 D RILMUXD : [gsm0710muxd] 2419:extract_frames(): fsync() failed (-1, 22 - Invalid argument)
06-24 14:36:14.950422   979  1010 D AT      : AT< +CGREG: 3,1,"2694","0A534D01",7,"00",0,0
06-24 14:36:14.950447   979  1010 D AT      : RIL_CMD2_READER_1 Enter processLine:+CGREG: 3,1,"2694","0A534D01",7,"00",0,0
06-24 14:36:14.950474   979  1010 I AT      : AT read start
06-24 14:36:14.950747   842   963 D RILMUXD : [gsm0710muxd] 1649:gsm0710_base_buffer_get_frame(): Get a complete frame. ch:3, ctrl:239, len:6
06-24 14:36:14.950783   842   963 D RILMUXD : [gsm0710muxd] 2394:extract_frames(): Writing 6 byte frame received on channel 3 to /dev/pts/8
06-24 14:36:14.950891   979  1010 I AT      : AT read end: 6
06-24 14:36:14.950897   842   963 D RILMUXD : [gsm0710muxd] 2414:extract_frames(): write() returned. Written 6/6 bytes of frame to /dev/pts/8
06-24 14:36:14.950919   979  1010 D AT      : AT< OK
06-24 14:36:14.950931   842   963 D RILMUXD : [gsm0710muxd] 2419:extract_frames(): fsync() failed (-1, 22 - Invalid argument)
06-24 14:36:14.950941   979  1010 D AT      : RIL_CMD2_READER_1 Enter processLine:OK
06-24 14:36:14.950983   979  1010 I AT      : AT read start
06-24 14:36:14.951003   979   993 D AT      : response received on RIL_CMD2_READER_1, tid:548220937280
06-24 14:36:14.951037   979   993 D RIL     : convertRegState() uiRegState=1 , uiRet=1 
06-24 14:36:14.951058   979   993 E RIL     : The value in the field <lac> :0
06-24 14:36:14.951082   979   993 D RIL     : cid: 173231361
06-24 14:36:14.951104   979   993 E RIL     : The value of act: 7
06-24 14:36:14.951122   979   993 D RIL     : cause_type: 0
06-24 14:36:14.951140   979   993 D RIL     : reject_cause: 0
06-24 14:36:14.951169   979   993 D AT      : AT send on RIL_CMD2_READER_1, tid:548220937280
06-24 14:36:14.951190   979   993 D AT      : AT> AT+PSBEARER?
06-24 14:36:14.951210   979   993 I AT      : AT write start
06-24 14:36:14.951282   979   993 I AT      : AT write end, errno = 9, length = 13
06-24 14:36:14.951293   842   967 D RILMUXD : [gsm0710muxd] 3630:poll_thread(): poll_thread select found
06-24 14:36:14.951322   842   967 D RILMUXD : [gsm0710muxd] 1050:pseudo_device_read(): Enter, LackofAtciChannel=0
06-24 14:36:14.951355   842   967 D RILMUXD : [gsm0710muxd] 657:write_frame(): Sending frame to channel 3
06-24 14:36:14.951406   842   967 D RILMUXD : [gsm0710muxd] 772:write_frame(): Write a frame on channel 3 with length 13
06-24 14:36:14.952240   842   963 D RILMUXD : [gsm0710muxd] 1649:gsm0710_base_buffer_get_frame(): Get a complete frame. ch:3, ctrl:239, len:22
06-24 14:36:14.952276   842   963 D RILMUXD : [gsm0710muxd] 2394:extract_frames(): Writing 22 byte frame received on channel 3 to /dev/pts/8
06-24 14:36:14.952339   979  1010 I AT      : AT read end: 22
06-24 14:36:14.952344   842   963 D RILMUXD : [gsm0710muxd] 2414:extract_frames(): write() returned. Written 22/22 bytes of frame to /dev/pts/8
06-24 14:36:14.952362   979  1010 D AT      : AT< +PSBEARER: 4096, 3
06-24 14:36:14.952376   842   963 D RILMUXD : [gsm0710muxd] 2419:extract_frames(): fsync() failed (-1, 22 - Invalid argument)
06-24 14:36:14.952384   979  1010 D AT      : RIL_CMD2_READER_1 Enter processLine:+PSBEARER: 4096, 3
06-24 14:36:14.952409   979  1010 I AT      : AT read start
06-24 14:36:14.952785   842   963 D RILMUXD : [gsm0710muxd] 1649:gsm0710_base_buffer_get_frame(): Get a complete frame. ch:3, ctrl:239, len:6
06-24 14:36:14.952817   842   963 D RILMUXD : [gsm0710muxd] 2394:extract_frames(): Writing 6 byte frame received on channel 3 to /dev/pts/8
06-24 14:36:14.952866   979  1010 I AT      : AT read end: 6
06-24 14:36:14.952877   842   963 D RILMUXD : [gsm0710muxd] 2414:extract_frames(): write() returned. Written 6/6 bytes of frame to /dev/pts/8
06-24 14:36:14.952886   979  1010 D AT      : AT< OK
06-24 14:36:14.952905   842   963 D RILMUXD : [gsm0710muxd] 2419:extract_frames(): fsync() failed (-1, 22 - Invalid argument)
06-24 14:36:14.952907   979  1010 D AT      : RIL_CMD2_READER_1 Enter processLine:OK
06-24 14:36:14.952940   979  1010 I AT      : AT read start
06-24 14:36:14.952953   979   993 D AT      : response received on RIL_CMD2_READER_1, tid:548220937280
06-24 14:36:14.952992   979   993 E RIL     : rid: 1
06-24 14:36:14.953013   979   993 D RIL     : RestrictedStateChanged: 0
06-24 14:36:14.953040   979   993 D RIL     : isSimInserted(): rid: 1, sim_inserted_status: 2
06-24 14:36:14.953063   979   993 D RIL     : isSimInserted(): pivotSim = 2 ,2
06-24 14:36:14.953084   979   993 D RIL     : isSimInserted(): simInserted = 1
06-24 14:36:14.953108   979   993 D RILC    : RequestComplete, RIL_SOCKET_2
06-24 14:36:14.953162   979   993 E RILC    : Send Response to RIL_SOCKET_2
06-24 14:36:14.953228   979   993 D RILC-MTK: proxyLoop free  pRI=0x7fa528c450 p=0x7fa5299870 
06-24 14:36:14.953251   979   993 D RILC-MTK: proxyLoop free  pRequest=0x7fa2f73860
06-24 14:36:14.953272   979   993 D RILC-MTK: proxy id:7, proxyName: RIL_CMD2_PROXY_3
06-24 14:36:14.953296   979   993 D RILC-MTK: VOICE_REGISTRATION_STATE pRI=0x7fa528c4e0 p=0x7fa529a360 execute on RIL_CMD2_PROXY_3 using channel 7
06-24 14:36:14.953320   979   993 D RILC    : callOnRequest for new vendor ril
06-24 14:36:14.953341   979   993 D RIL     : onRequest: VOICE_REGISTRATION_STATE, datalen = 0
06-24 14:36:14.953344  1095  1105 D RfxMainThread: enqueueMessage(), mainHandler = 0x7fa2efd620, msg = [type=RESPONSE, source=GSM, dest=GSM, pId=DATA_REGISTRATION_STATE(21), pToken=9795, id=DATA_REGISTRATION_STATE(21), token=14603, slotId=1,             error = 0, pTimeStamp =  3641659185, isWrongC2KResponse = 0]
06-24 14:36:14.953361   979   993 D RIL     : radioState:10
06-24 14:36:14.953387   979   993 D AT      : AT send on RIL_CMD2_READER_1, tid:548220937280
06-24 14:36:14.953408   979   993 D AT      : AT> AT+CREG?
06-24 14:36:14.953427   979   993 I AT      : AT write start
06-24 14:36:14.953428  1095  1101 D RfxMainThread: handle msg begin, mainHandler = 0x7fa2efd620
06-24 14:36:14.953499  1095  1101 D RfxRootController: processMessage() msg = [type=RESPONSE, source=GSM, dest=GSM, pId=DATA_REGISTRATION_STATE(21), pToken=9795, id=DATA_REGISTRATION_STATE(21), token=14603, slotId=1,             error = 0, pTimeStamp =  3641659185, isWrongC2KResponse = 0]
06-24 14:36:14.953505   842   967 D RILMUXD : [gsm0710muxd] 3630:poll_thread(): poll_thread select found
06-24 14:36:14.953530  1095  1101 D RfxRootController: processMessage() handler = 0x7fa2ef1380, RpNwStateController
06-24 14:36:14.953537   842   967 D RILMUXD : [gsm0710muxd] 1050:pseudo_device_read(): Enter, LackofAtciChannel=0
06-24 14:36:14.953572   842   967 D RILMUXD : [gsm0710muxd] 657:write_frame(): Sending frame to channel 3
06-24 14:36:14.953611  1095  1101 D RfxRilAdapter: responseToRilj send Response done (slotId=1, pToken=9795, pId=21, dataSize=88)
06-24 14:36:14.953624   842   967 D RILMUXD : [gsm0710muxd] 772:write_frame(): Write a frame on channel 3 with length 9
06-24 14:36:14.953665   979   993 I AT      : AT write end, errno = 9, length = 9
06-24 14:36:14.953809  1996  2181 D RILJ    : [3443]< DATA_REGISTRATION_STATE {1, 2694, a534d01, 14, 0, 9} [SUB1]
06-24 14:36:14.953936  1996  1996 D GsmSST  : [GsmSST1] handle EVENT_POLL_STATE_GPRS
06-24 14:36:14.953970  1996  1996 E GsmSST  : [GsmSST1] handlePollStateResult return due to (ar.userObj != mPollingContext)
06-24 14:36:14.953995  1996  1996 D GsmSST  : [GsmSST1] handleMessage msg done
06-24 14:36:14.954296   842   963 D RILMUXD : [gsm0710muxd] 1649:gsm0710_base_buffer_get_frame(): Get a complete frame. ch:3, ctrl:239, len:38
06-24 14:36:14.954338   842   963 D RILMUXD : [gsm0710muxd] 2394:extract_frames(): Writing 38 byte frame received on channel 3 to /dev/pts/8
06-24 14:36:14.954413   842   963 D RILMUXD : [gsm0710muxd] 2414:extract_frames(): write() returned. Written 38/38 bytes of frame to /dev/pts/8
06-24 14:36:14.954416   979  1010 I AT      : AT read end: 38
06-24 14:36:14.954442   979  1010 D AT      : AT< +CREG: 3,1,"2694","0A534D01",7,0,0
06-24 14:36:14.954450   842   963 D RILMUXD : [gsm0710muxd] 2419:extract_frames(): fsync() failed (-1, 22 - Invalid argument)
06-24 14:36:14.954464   979  1010 D AT      : RIL_CMD2_READER_1 Enter processLine:+CREG: 3,1,"2694","0A534D01",7,0,0
06-24 14:36:14.954488   979  1010 I AT      : AT read start
06-24 14:36:14.954829   842   963 D RILMUXD : [gsm0710muxd] 1649:gsm0710_base_buffer_get_frame(): Get a complete frame. ch:3, ctrl:239, len:6
06-24 14:36:14.954860   842   963 D RILMUXD : [gsm0710muxd] 2394:extract_frames(): Writing 6 byte frame received on channel 3 to /dev/pts/8
06-24 14:36:14.954916   979  1010 I AT      : AT read end: 6
06-24 14:36:14.954919   842   963 D RILMUXD : [gsm0710muxd] 2414:extract_frames(): write() returned. Written 6/6 bytes of frame to /dev/pts/8
06-24 14:36:14.954945   979  1010 D AT      : AT< OK
06-24 14:36:14.954955   842   963 D RILMUXD : [gsm0710muxd] 2419:extract_frames(): fsync() failed (-1, 22 - Invalid argument)
06-24 14:36:14.954968   979  1010 D AT      : RIL_CMD2_READER_1 Enter processLine:OK
06-24 14:36:14.955003   979  1010 I AT      : AT read start
06-24 14:36:14.955019   979   993 D AT      : response received on RIL_CMD2_READER_1, tid:548220937280
06-24 14:36:14.955051   979   993 D RIL     : convertRegState() uiRegState=1 , uiRet=1 
06-24 14:36:14.955072   979   993 E RIL     : The value in the field <lac> :127
06-24 14:36:14.955092   979   993 D RIL     : cid: 173231361
06-24 14:36:14.955111   979   993 E RIL     : The value of act: 7
06-24 14:36:14.955131   979   993 D RIL     : cause_type: 0
06-24 14:36:14.955149   979   993 D RIL     : reject_cause: 0
06-24 14:36:14.955188   979   993 E RIL     : rid: 1
06-24 14:36:14.955207   979   993 D RIL     : RestrictedStateChanged: 0
06-24 14:36:14.955231   979   993 D RIL     : isSimInserted(): rid: 1, sim_inserted_status: 2
06-24 14:36:14.955251   979   993 D RIL     : isSimInserted(): pivotSim = 2 ,2
06-24 14:36:14.955270   979   993 D RIL     : isSimInserted(): simInserted = 1
06-24 14:36:14.955292   979   993 D RIL     : convertToRilRegState() uiRegState=1 , uiRet=1 
06-24 14:36:14.955315   979   993 D RILC    : RequestComplete, RIL_SOCKET_2
06-24 14:36:14.955370   979   993 E RILC    : Send Response to RIL_SOCKET_2
06-24 14:36:14.955445   979   993 D RILC-MTK: proxyLoop free  pRI=0x7fa528c4e0 p=0x7fa529a360 
06-24 14:36:14.955469   979   993 D RILC-MTK: proxyLoop free  pRequest=0x7fa2f73880
06-24 14:36:14.955491   979   993 D RILC-MTK: proxy id:7, proxyName: RIL_CMD2_PROXY_3
06-24 14:36:14.955517   979   993 D RILC-MTK: QUERY_NETWORK_SELECTION_MODE pRI=0x7fa528c750 p=0x7fa529a3d0 execute on RIL_CMD2_PROXY_3 using channel 7
06-24 14:36:14.955540   979   993 D RILC    : callOnRequest for new vendor ril
06-24 14:36:14.955546  1095  1105 D RfxMainThread: enqueueMessage(), mainHandler = 0x7fa2efd4e0, msg = [type=RESPONSE, source=GSM, dest=GSM, pId=VOICE_REGISTRATION_STATE(20), pToken=9796, id=VOICE_REGISTRATION_STATE(20), token=14604, slotId=1,             error = 0, pTimeStamp =  3642214415, isWrongC2KResponse = 0]
06-24 14:36:14.955559   979   993 D RIL     : onRequest: QUERY_NETWORK_SELECTION_MODE, datalen = 0
06-24 14:36:14.955578   979   993 D RIL     : radioState:10
06-24 14:36:14.955604   979   993 D AT      : AT send on RIL_CMD2_READER_1, tid:548220937280
06-24 14:36:14.955626   979   993 D AT      : AT> AT+COPS?
06-24 14:36:14.955626  1095  1101 D RfxMainThread: handle msg begin, mainHandler = 0x7fa2efd4e0
06-24 14:36:14.955649   979   993 I AT      : AT write start
06-24 14:36:14.955695  1095  1101 D RfxRootController: processMessage() msg = [type=RESPONSE, source=GSM, dest=GSM, pId=VOICE_REGISTRATION_STATE(20), pToken=9796, id=VOICE_REGISTRATION_STATE(20), token=14604, slotId=1,             error = 0, pTimeStamp =  3642214415, isWrongC2KResponse = 0]
06-24 14:36:14.955713   979   993 I AT      : AT write end, errno = 9, length = 9
06-24 14:36:14.955726  1095  1101 D RfxRootController: processMessage() handler = 0x7fa2ef1380, RpNwStateController
06-24 14:36:14.955736   842   967 D RILMUXD : [gsm0710muxd] 3630:poll_thread(): poll_thread select found
06-24 14:36:14.955770   842   967 D RILMUXD : [gsm0710muxd] 1050:pseudo_device_read(): Enter, LackofAtciChannel=0
06-24 14:36:14.955802  1095  1101 D RfxRilAdapter: responseToRilj send Response done (slotId=1, pToken=9796, pId=20, dataSize=152)
06-24 14:36:14.955806   842   967 D RILMUXD : [gsm0710muxd] 657:write_frame(): Sending frame to channel 3
06-24 14:36:14.955864   842   967 D RILMUXD : [gsm0710muxd] 772:write_frame(): Write a frame on channel 3 with length 9
06-24 14:36:14.956000  1996  2181 D RILJ    : [3444]< VOICE_REGISTRATION_STATE {1, 2694, a534d01, 14, , , , , , , , , , 0} [SUB1]
06-24 14:36:14.956129  1996  1996 D GsmSST  : [GsmSST1] handle EVENT_POLL_STATE_REGISTRATION
06-24 14:36:14.956168  1996  1996 E GsmSST  : [GsmSST1] handlePollStateResult return due to (ar.userObj != mPollingContext)
06-24 14:36:14.956191  1996  1996 D GsmSST  : [GsmSST1] handleMessage msg done
06-24 14:36:14.957345   842   963 D RILMUXD : [gsm0710muxd] 1649:gsm0710_base_buffer_get_frame(): Get a complete frame. ch:3, ctrl:239, len:24
06-24 14:36:14.957403   842   963 D RILMUXD : [gsm0710muxd] 2394:extract_frames(): Writing 24 byte frame received on channel 3 to /dev/pts/8
06-24 14:36:14.957494   842   963 D RILMUXD : [gsm0710muxd] 2414:extract_frames(): write() returned. Written 24/24 bytes of frame to /dev/pts/8
06-24 14:36:14.957529   842   963 D RILMUXD : [gsm0710muxd] 2419:extract_frames(): fsync() failed (-1, 22 - Invalid argument)
06-24 14:36:14.957521   979  1010 I AT      : AT read end: 24
06-24 14:36:14.957556   979  1010 D AT      : AT< +COPS: 0,2,"46000",7
06-24 14:36:14.957579   979  1010 D AT      : RIL_CMD2_READER_1 Enter processLine:+COPS: 0,2,"46000",7
06-24 14:36:14.957612   979  1010 I AT      : AT read start
06-24 14:36:14.957887   842   963 D RILMUXD : [gsm0710muxd] 1649:gsm0710_base_buffer_get_frame(): Get a complete frame. ch:3, ctrl:239, len:6
06-24 14:36:14.957930   842   963 D RILMUXD : [gsm0710muxd] 2394:extract_frames(): Writing 6 byte frame received on channel 3 to /dev/pts/8
06-24 14:36:14.958003   842   963 D RILMUXD : [gsm0710muxd] 2414:extract_frames(): write() returned. Written 6/6 bytes of frame to /dev/pts/8
06-24 14:36:14.958002   979  1010 I AT      : AT read end: 6
06-24 14:36:14.958033   979  1010 D AT      : AT< OK
06-24 14:36:14.958036   842   963 D RILMUXD : [gsm0710muxd] 2419:extract_frames(): fsync() failed (-1, 22 - Invalid argument)
06-24 14:36:14.958059   979  1010 D AT      : RIL_CMD2_READER_1 Enter processLine:OK
06-24 14:36:14.958102   979  1010 I AT      : AT read start
06-24 14:36:14.958120   979   993 D AT      : response received on RIL_CMD2_READER_1, tid:548220937280
06-24 14:36:14.958157   979   993 D RILC    : RequestComplete, RIL_SOCKET_2
06-24 14:36:14.958210   979   993 E RILC    : Send Response to RIL_SOCKET_2
06-24 14:36:14.958278   979   993 D RILC-MTK: proxyLoop free  pRI=0x7fa528c750 p=0x7fa529a3d0 
06-24 14:36:14.958303   979   993 D RILC-MTK: proxyLoop free  pRequest=0x7fa2f73280
06-24 14:36:14.958324   979   993 D RILC-MTK: proxy id:7, proxyName: RIL_CMD2_PROXY_3
06-24 14:36:14.958350   979   993 D RILC-MTK: OPERATOR pRI=0x7fa528ce10 p=0x7fa529a520 execute on RIL_CMD2_PROXY_3 using channel 7
06-24 14:36:14.958374   979   993 D RILC    : callOnRequest for new vendor ril
06-24 14:36:14.958388  1095  1105 D RfxMainThread: enqueueMessage(), mainHandler = 0x7fa2efd520, msg = [type=RESPONSE, source=GSM, dest=GSM, pId=QUERY_NETWORK_SELECTION_MODE(45), pToken=9797, id=QUERY_NETWORK_SELECTION_MODE(45), token=14605, slotId=1,             error = 0, pTimeStamp =  3642948339, isWrongC2KResponse = 0]
06-24 14:36:14.958394   979   993 D RIL     : onRequest: OPERATOR, datalen = 0
06-24 14:36:14.958417   979   993 D RIL     : radioState:10
06-24 14:36:14.958447   979   993 D AT      : AT send on RIL_CMD2_READER_1, tid:548220937280
06-24 14:36:14.958469   979   993 D AT      : AT> AT+COPS?
06-24 14:36:14.958477  1095  1101 D RfxMainThread: handle msg begin, mainHandler = 0x7fa2efd520
06-24 14:36:14.958488   979   993 I AT      : AT write start
06-24 14:36:14.958543  1095  1101 D RfxRootController: processMessage() msg = [type=RESPONSE, source=GSM, dest=GSM, pId=QUERY_NETWORK_SELECTION_MODE(45), pToken=9797, id=QUERY_NETWORK_SELECTION_MODE(45), token=14605, slotId=1,             error = 0, pTimeStamp =  3642948339, isWrongC2KResponse = 0]
06-24 14:36:14.958549   979   993 I AT      : AT write end, errno = 9, length = 9
06-24 14:36:14.958566   842   967 D RILMUXD : [gsm0710muxd] 3630:poll_thread(): poll_thread select found
06-24 14:36:14.958572  1095  1101 D RfxRootController: processMessage() handler = NULL ==> response/urc
06-24 14:36:14.958603   842   967 D RILMUXD : [gsm0710muxd] 1050:pseudo_device_read(): Enter, LackofAtciChannel=0
06-24 14:36:14.958637   842   967 D RILMUXD : [gsm0710muxd] 657:write_frame(): Sending frame to channel 3
06-24 14:36:14.958649  1095  1101 D RfxRilAdapter: responseToRilj send Response done (slotId=1, pToken=9797, pId=45, dataSize=20)
06-24 14:36:14.958692   842   967 D RILMUXD : [gsm0710muxd] 772:write_frame(): Write a frame on channel 3 with length 9
06-24 14:36:14.958774  1996  2181 D RILJ    : responseInts numInts=1 [SUB1]
06-24 14:36:14.958817  1996  2181 D RILJ    : responseInts response[0]=0 [SUB1]
06-24 14:36:14.958884  1996  2181 D RILJ    : [3445]< QUERY_NETWORK_SELECTION_MODE {0} [SUB1]
06-24 14:36:14.959001  1996  1996 D GsmSST  : [GsmSST1] handle EVENT_POLL_STATE_NETWORK_SELECTION_MODE
06-24 14:36:14.959037  1996  1996 E GsmSST  : [GsmSST1] handlePollStateResult return due to (ar.userObj != mPollingContext)
06-24 14:36:14.959061  1996  1996 D GsmSST  : [GsmSST1] handleMessage msg done
06-24 14:36:14.959333   842   963 D RILMUXD : [gsm0710muxd] 1649:gsm0710_base_buffer_get_frame(): Get a complete frame. ch:3, ctrl:239, len:24
06-24 14:36:14.959372   842   963 D RILMUXD : [gsm0710muxd] 2394:extract_frames(): Writing 24 byte frame received on channel 3 to /dev/pts/8
06-24 14:36:14.959448   842   963 D RILMUXD : [gsm0710muxd] 2414:extract_frames(): write() returned. Written 24/24 bytes of frame to /dev/pts/8
06-24 14:36:14.959460   979  1010 I AT      : AT read end: 24
06-24 14:36:14.959477   842   963 D RILMUXD : [gsm0710muxd] 2419:extract_frames(): fsync() failed (-1, 22 - Invalid argument)
06-24 14:36:14.959486   979  1010 D AT      : AT< +COPS: 0,2,"46000",7
06-24 14:36:14.959510   979  1010 D AT      : RIL_CMD2_READER_1 Enter processLine:+COPS: 0,2,"46000",7
06-24 14:36:14.959534   979  1010 I AT      : AT read start
06-24 14:36:14.959929   842   963 D RILMUXD : [gsm0710muxd] 1649:gsm0710_base_buffer_get_frame(): Get a complete frame. ch:3, ctrl:239, len:6
06-24 14:36:14.959996   842   963 D RILMUXD : [gsm0710muxd] 2394:extract_frames(): Writing 6 byte frame received on channel 3 to /dev/pts/8
06-24 14:36:14.960068   979  1010 I AT      : AT read end: 6
06-24 14:36:14.960078   842   963 D RILMUXD : [gsm0710muxd] 2414:extract_frames(): write() returned. Written 6/6 bytes of frame to /dev/pts/8
06-24 14:36:14.960102   979  1010 D AT      : AT< OK
06-24 14:36:14.960111   842   963 D RILMUXD : [gsm0710muxd] 2419:extract_frames(): fsync() failed (-1, 22 - Invalid argument)
06-24 14:36:14.960124   979  1010 D AT      : RIL_CMD2_READER_1 Enter processLine:OK
06-24 14:36:14.960163   979  1010 I AT      : AT read start
06-24 14:36:14.960182   979   993 D AT      : response received on RIL_CMD2_READER_1, tid:548220937280
06-24 14:36:14.960214   979   993 D RIL     : Get operator code 46000
06-24 14:36:14.960239   979   993 D RIL     : Get ril_nw_nitzName_mutex in the getOperatorNamesFromNumericCode
06-24 14:36:14.960263   979   993 D RILC    : RequestComplete, RIL_SOCKET_2
06-24 14:36:14.960316   979   993 E RILC    : Send Response to RIL_SOCKET_2
06-24 14:36:14.960381   979   993 D RILC-MTK: proxyLoop free  pRI=0x7fa528ce10 p=0x7fa529a520 
06-24 14:36:14.960414   979   993 D RILC-MTK: proxyLoop free  pRequest=0x7fa2f73420
06-24 14:36:14.960442   979   993 D RILC-MTK: proxy id:7, proxyName: RIL_CMD2_PROXY_3
06-24 14:36:14.960466   979   993 D RILC-MTK: DATA_REGISTRATION_STATE pRI=0x7fa528ce40 p=0x7fa529a590 execute on RIL_CMD2_PROXY_3 using channel 7
06-24 14:36:14.960488   979   993 D RILC    : callOnRequest for new vendor ril
06-24 14:36:14.960489  1095  1105 D RfxMainThread: enqueueMessage(), mainHandler = 0x7fa2efd600, msg = [type=RESPONSE, source=GSM, dest=GSM, pId=OPERATOR(22), pToken=9798, id=OPERATOR(22), token=14606, slotId=1,             error = 0, pTimeStamp =  3645320800, isWrongC2KResponse = 0]
06-24 14:36:14.960519   979   993 D RIL     : onRequest: DATA_REGISTRATION_STATE, datalen = 0
06-24 14:36:14.960538   979   993 D RIL     : radioState:10
06-24 14:36:14.960566   979   993 D AT      : AT send on RIL_CMD2_READER_1, tid:548220937280
06-24 14:36:14.960569  1095  1101 D RfxMainThread: handle msg begin, mainHandler = 0x7fa2efd600
06-24 14:36:14.960588   979   993 D AT      : AT> AT+CGREG?
06-24 14:36:14.960608   979   993 I AT      : AT write start
06-24 14:36:14.960635  1095  1101 D RfxRootController: processMessage() msg = [type=RESPONSE, source=GSM, dest=GSM, pId=OPERATOR(22), pToken=9798, id=OPERATOR(22), token=14606, slotId=1,             error = 0, pTimeStamp =  3645320800, isWrongC2KResponse = 0]
06-24 14:36:14.960665   979   993 I AT      : AT write end, errno = 9, length = 10
06-24 14:36:14.960666  1095  1101 D RfxRootController: processMessage() handler = 0x7fa2ef1380, RpNwStateController
06-24 14:36:14.960683   842   967 D RILMUXD : [gsm0710muxd] 3630:poll_thread(): poll_thread select found
06-24 14:36:14.960716   842   967 D RILMUXD : [gsm0710muxd] 1050:pseudo_device_read(): Enter, LackofAtciChannel=0
06-24 14:36:14.960744  1095  1101 D RfxRilAdapter: responseToRilj send Response done (slotId=1, pToken=9798, pId=22, dataSize=64)
06-24 14:36:14.960750   842   967 D RILMUXD : [gsm0710muxd] 657:write_frame(): Sending frame to channel 3
06-24 14:36:14.960860   842   967 D RILMUXD : [gsm0710muxd] 772:write_frame(): Write a frame on channel 3 with length 10
06-24 14:36:14.961060  1996  2181 D RILJ    : [3446]< OPERATOR {46000, 46000, 46000} [SUB1]
06-24 14:36:14.961205  1996  1996 D GsmSST  : [GsmSST1] handle EVENT_POLL_STATE_OPERATOR
06-24 14:36:14.961394   842   963 D RILMUXD : [gsm0710muxd] 1649:gsm0710_base_buffer_get_frame(): Get a complete frame. ch:3, ctrl:239, len:44
06-24 14:36:14.961442   842   963 D RILMUXD : [gsm0710muxd] 2394:extract_frames(): Writing 44 byte frame received on channel 3 to /dev/pts/8
06-24 14:36:14.961524   842   963 D RILMUXD : [gsm0710muxd] 2414:extract_frames(): write() returned. Written 44/44 bytes of frame to /dev/pts/8
06-24 14:36:14.961528   979  1010 I AT      : AT read end: 44
06-24 14:36:14.961557   979  1010 D AT      : AT< +CGREG: 3,1,"2694","0A534D01",7,"00",0,0
06-24 14:36:14.961562   842   963 D RILMUXD : [gsm0710muxd] 2419:extract_frames(): fsync() failed (-1, 22 - Invalid argument)
06-24 14:36:14.961583   979  1010 D AT      : RIL_CMD2_READER_1 Enter processLine:+CGREG: 3,1,"2694","0A534D01",7,"00",0,0
06-24 14:36:14.961611   979  1010 I AT      : AT read start
06-24 14:36:14.961953   842   963 D RILMUXD : [gsm0710muxd] 1649:gsm0710_base_buffer_get_frame(): Get a complete frame. ch:3, ctrl:239, len:6
06-24 14:36:14.962010   842   963 D RILMUXD : [gsm0710muxd] 2394:extract_frames(): Writing 6 byte frame received on channel 3 to /dev/pts/8
06-24 14:36:14.962078   842   963 D RILMUXD : [gsm0710muxd] 2414:extract_frames(): write() returned. Written 6/6 bytes of frame to /dev/pts/8
06-24 14:36:14.962079   979  1010 I AT      : AT read end: 6
06-24 14:36:14.962111   979  1010 D AT      : AT< OK
06-24 14:36:14.962119   842   963 D RILMUXD : [gsm0710muxd] 2419:extract_frames(): fsync() failed (-1, 22 - Invalid argument)
06-24 14:36:14.962132   979  1010 D AT      : RIL_CMD2_READER_1 Enter processLine:OK
06-24 14:36:14.962135  1996  1996 D TelephonyManager: getTelephonyProperty prop value= 
06-24 14:36:14.962170   979  1010 I AT      : AT read start
06-24 14:36:14.962190   979   993 D AT      : response received on RIL_CMD2_READER_1, tid:548220937280
06-24 14:36:14.962215  1996  1996 D RILJ    : lookupOperatorNameFromNetwork numeric= 46000,subId= 1,nitzOperatorNumeric= ,nitzOperatorName= null [SUB1]
06-24 14:36:14.962221   979   993 D RIL     : convertRegState() uiRegState=1 , uiRet=1 
06-24 14:36:14.962243   979   993 E RIL     : The value in the field <lac> :0
06-24 14:36:14.962264   979   993 D RIL     : cid: 173231361
06-24 14:36:14.962283   979   993 E RIL     : The value of act: 7
06-24 14:36:14.962302   979   993 D RIL     : cause_type: 0
06-24 14:36:14.962320   979   993 D RIL     : reject_cause: 0
06-24 14:36:14.962354   979   993 D AT      : AT send on RIL_CMD2_READER_1, tid:548220937280
06-24 14:36:14.962374   979   993 D AT      : AT> AT+PSBEARER?
06-24 14:36:14.962419   979   993 I AT      : AT write start
06-24 14:36:14.962487   979   993 I AT      : AT write end, errno = 9, length = 13
06-24 14:36:14.962512   842   967 D RILMUXD : [gsm0710muxd] 3630:poll_thread(): poll_thread select found
06-24 14:36:14.962549   842   967 D RILMUXD : [gsm0710muxd] 1050:pseudo_device_read(): Enter, LackofAtciChannel=0
06-24 14:36:14.962585   842   967 D RILMUXD : [gsm0710muxd] 657:write_frame(): Sending frame to channel 3
06-24 14:36:14.962655   842   967 D RILMUXD : [gsm0710muxd] 772:write_frame(): Write a frame on channel 3 with length 13
06-24 14:36:14.963068  1996  1996 D GSMPhone: [GSMPhone] getMvnoPattern:Type = spn
06-24 14:36:14.963153  1996  1996 D SIMRecords: [SIMRecords] getSpNameInEfSpn(): CMCC (slot 1)
06-24 14:36:14.963197  1996  1996 D GSMPhone: [GSMPhone] getMvnoPattern: pattern = CMCC
06-24 14:36:14.963247  1996  1996 W SpnOverride: the result of searching mvnoOperName by EF_SPN: null
06-24 14:36:14.963307  1996  1996 W SpnOverride: getSpnByImsi(): mccmnc = 46000, imsi = 460029191799966, pattern = 2080120801xxx67xxxxx
06-24 14:36:14.963354  1996  1996 W SpnOverride: mvno match imsi = 46000460029191799966pattern = 2080120801xxx67xxxxx
06-24 14:36:14.963382  1996  1996 W SpnOverride: the result of searching mvnoOperName by IMSI: null
06-24 14:36:14.963416  1996  1996 D GSMPhone: [GSMPhone] getMvnoPattern:Type = pnn
06-24 14:36:14.963464  1996  1996 D SIMRecords: [SIMRecords] getFirstFullNameInEfPnn(): empty (slot 1)
06-24 14:36:14.963490   842   963 D RILMUXD : [gsm0710muxd] 1649:gsm0710_base_buffer_get_frame(): Get a complete frame. ch:3, ctrl:239, len:22
06-24 14:36:14.963514  1996  1996 D SIMRecords: [SIMRecords] isOperatorMvnoForEfPnn(): mccmnc = 46002, pnn = null (slot 1)
06-24 14:36:14.963528   842   963 D RILMUXD : [gsm0710muxd] 2394:extract_frames(): Writing 22 byte frame received on channel 3 to /dev/pts/8
06-24 14:36:14.963539  1996  1996 D GSMPhone: [GSMPhone] getMvnoPattern: pattern = null
06-24 14:36:14.963561  1996  1996 W SpnOverride: the result of searching mvnoOperName by EF_PNN: null
06-24 14:36:14.963585  1996  1996 D GSMPhone: [GSMPhone] getMvnoPattern:Type = gid
06-24 14:36:14.963612  1996  1996 D GSMPhone: [GSMPhone] getMvnoPattern: pattern = ffffffff
06-24 14:36:14.963610   979  1010 I AT      : AT read end: 22
06-24 14:36:14.963641   979  1010 D AT      : AT< +PSBEARER: 4096, 3
06-24 14:36:14.963649  1996  1996 W SpnOverride: the result of searching mvnoOperName by EF_GID1: null
06-24 14:36:14.963664   979  1010 D AT      : RIL_CMD2_READER_1 Enter processLine:+PSBEARER: 4096, 3
06-24 14:36:14.963687   979  1010 I AT      : AT read start
06-24 14:36:14.963731   842   963 D RILMUXD : [gsm0710muxd] 2414:extract_frames(): write() returned. Written 22/22 bytes of frame to /dev/pts/8
06-24 14:36:14.963762   842   963 D RILMUXD : [gsm0710muxd] 2419:extract_frames(): fsync() failed (-1, 22 - Invalid argument)
06-24 14:36:14.964002   842   963 D RILMUXD : [gsm0710muxd] 1649:gsm0710_base_buffer_get_frame(): Get a complete frame. ch:3, ctrl:239, len:6
06-24 14:36:14.964052   842   963 D RILMUXD : [gsm0710muxd] 2394:extract_frames(): Writing 6 byte frame received on channel 3 to /dev/pts/8
06-24 14:36:14.964081  1996  1996 D TelephonyManager: getTelephonyProperty prop value= ,CMCC
06-24 14:36:14.964126   842   963 D RILMUXD : [gsm0710muxd] 2414:extract_frames(): write() returned. Written 6/6 bytes of frame to /dev/pts/8
06-24 14:36:14.964131   979  1010 I AT      : AT read end: 6
06-24 14:36:14.964140  1996  1996 D SpnOverride: ctName:中国电信, simCarrierName:CMCC, subId:1
06-24 14:36:14.964156   842   963 D RILMUXD : [gsm0710muxd] 2419:extract_frames(): fsync() failed (-1, 22 - Invalid argument)
06-24 14:36:14.964158   979  1010 D AT      : AT< OK
06-24 14:36:14.964184   979  1010 D AT      : RIL_CMD2_READER_1 Enter processLine:OK
06-24 14:36:14.964221   979  1010 I AT      : AT read start
06-24 14:36:14.964241   979   993 D AT      : response received on RIL_CMD2_READER_1, tid:548220937280
06-24 14:36:14.964250  1996  1996 D GsmSST  : [GsmSST1] EVENT_POLL_STATE_OPERATOR: OperatorLong use lookupOperatorName
06-24 14:36:14.964286   979   993 E RIL     : rid: 1
06-24 14:36:14.964307   979   993 D RIL     : RestrictedStateChanged: 0
06-24 14:36:14.964327  1996  1996 D use-Rlog/RLOG-GSM: oriOperatorLong= 中国移动 numeric= 46000, cdmaLteSupport = true, slotId = 1
06-24 14:36:14.964330   979   993 D RIL     : isSimInserted(): rid: 1, sim_inserted_status: 2
06-24 14:36:14.964353   979   993 D RIL     : isSimInserted(): pivotSim = 2 ,2
06-24 14:36:14.964373   979   993 D RIL     : isSimInserted(): simInserted = 1
06-24 14:36:14.964395   979   993 D RILC    : RequestComplete, RIL_SOCKET_2
06-24 14:36:14.964440   979   993 E RILC    : Send Response to RIL_SOCKET_2
06-24 14:36:14.964532   979   993 D RILC-MTK: proxyLoop free  pRI=0x7fa528ce40 p=0x7fa529a590 
06-24 14:36:14.964565   979   993 D RILC-MTK: proxyLoop free  pRequest=0x7fa2f735a0
06-24 14:36:14.964587   979   993 D RILC-MTK: proxy id:7, proxyName: RIL_CMD2_PROXY_3
06-24 14:36:14.964612   979   993 D RILC-MTK: VOICE_REGISTRATION_STATE pRI=0x7fa528ce70 p=0x7fa52978f0 execute on RIL_CMD2_PROXY_3 using channel 7
06-24 14:36:14.964634   979   993 D RILC    : callOnRequest for new vendor ril
06-24 14:36:14.964654   979   993 D RIL     : onRequest: VOICE_REGISTRATION_STATE, datalen = 0
06-24 14:36:14.964648  1095  1105 D RfxMainThread: enqueueMessage(), mainHandler = 0x7fa2efd640, msg = [type=RESPONSE, source=GSM, dest=GSM, pId=DATA_REGISTRATION_STATE(21), pToken=9799, id=DATA_REGISTRATION_STATE(21), token=14607, slotId=1,             error = 0, pTimeStamp =  3645440800, isWrongC2KResponse = 0]
06-24 14:36:14.964678   979   993 D RIL     : radioState:10
06-24 14:36:14.964708   979   993 D AT      : AT send on RIL_CMD2_READER_1, tid:548220937280
06-24 14:36:14.964729   979   993 D AT      : AT> AT+CREG?
06-24 14:36:14.964756   979   993 I AT      : AT write start
06-24 14:36:14.964754  1095  1101 D RfxMainThread: handle msg begin, mainHandler = 0x7fa2efd640
06-24 14:36:14.964826  1095  1101 D RfxRootController: processMessage() msg = [type=RESPONSE, source=GSM, dest=GSM, pId=DATA_REGISTRATION_STATE(21), pToken=9799, id=DATA_REGISTRATION_STATE(21), token=14607, slotId=1,             error = 0, pTimeStamp =  3645440800, isWrongC2KResponse = 0]
06-24 14:36:14.964840   979   993 I AT      : AT write end, errno = 9, length = 9
06-24 14:36:14.964857  1095  1101 D RfxRootController: processMessage() handler = 0x7fa2ef1380, RpNwStateController
06-24 14:36:14.964941  1095  1101 D RfxRilAdapter: responseToRilj send Response done (slotId=1, pToken=9799, pId=21, dataSize=88)
06-24 14:36:14.964966  1996  1996 D TelephonyManager: getTelephonyProperty prop value= 
06-24 14:36:14.965027  1996  1996 D RILJ    : lookupOperatorNameFromNetwork numeric= 46000,subId= 1,nitzOperatorNumeric= ,nitzOperatorName= null [SUB1]
06-24 14:36:14.965058   842   967 D RILMUXD : [gsm0710muxd] 3630:poll_thread(): poll_thread select found
06-24 14:36:14.965074  1996  2181 D RILJ    : [3447]< DATA_REGISTRATION_STATE {1, 2694, a534d01, 14, 0, 9} [SUB1]
06-24 14:36:14.965104   842   967 D RILMUXD : [gsm0710muxd] 1050:pseudo_device_read(): Enter, LackofAtciChannel=0
06-24 14:36:14.965144   842   967 D RILMUXD : [gsm0710muxd] 657:write_frame(): Sending frame to channel 3
06-24 14:36:14.965215   842   967 D RILMUXD : [gsm0710muxd] 772:write_frame(): Write a frame on channel 3 with length 9
06-24 14:36:14.965830  1996  1996 D GSMPhone: [GSMPhone] getMvnoPattern:Type = spn
06-24 14:36:14.965898  1996  1996 D SIMRecords: [SIMRecords] getSpNameInEfSpn(): CMCC (slot 1)
06-24 14:36:14.965924  1996  1996 D GSMPhone: [GSMPhone] getMvnoPattern: pattern = CMCC
06-24 14:36:14.965955  1996  1996 W SpnOverride: the result of searching mvnoOperName by EF_SPN: null
06-24 14:36:14.965991  1996  1996 W SpnOverride: getSpnByImsi(): mccmnc = 46000, imsi = 460029191799966, pattern = 2080120801xxx67xxxxx
06-24 14:36:14.966036  1996  1996 W SpnOverride: mvno match imsi = 46000460029191799966pattern = 2080120801xxx67xxxxx
06-24 14:36:14.966059  1996  1996 W SpnOverride: the result of searching mvnoOperName by IMSI: null
06-24 14:36:14.966088  1996  1996 D GSMPhone: [GSMPhone] getMvnoPattern:Type = pnn
06-24 14:36:14.966132  1996  1996 D SIMRecords: [SIMRecords] getFirstFullNameInEfPnn(): empty (slot 1)
06-24 14:36:14.966173  1996  1996 D SIMRecords: [SIMRecords] isOperatorMvnoForEfPnn(): mccmnc = 46002, pnn = null (slot 1)
06-24 14:36:14.966197  1996  1996 D GSMPhone: [GSMPhone] getMvnoPattern: pattern = null
06-24 14:36:14.966219  1996  1996 W SpnOverride: the result of searching mvnoOperName by EF_PNN: null
06-24 14:36:14.966241  1996  1996 D GSMPhone: [GSMPhone] getMvnoPattern:Type = gid
06-24 14:36:14.966277  1996  1996 D GSMPhone: [GSMPhone] getMvnoPattern: pattern = ffffffff
06-24 14:36:14.966303  1996  1996 W SpnOverride: the result of searching mvnoOperName by EF_GID1: null
06-24 14:36:14.966477   842   963 D RILMUXD : [gsm0710muxd] 1649:gsm0710_base_buffer_get_frame(): Get a complete frame. ch:3, ctrl:239, len:38
06-24 14:36:14.966531   842   963 D RILMUXD : [gsm0710muxd] 2394:extract_frames(): Writing 38 byte frame received on channel 3 to /dev/pts/8
06-24 14:36:14.966612   842   963 D RILMUXD : [gsm0710muxd] 2414:extract_frames(): write() returned. Written 38/38 bytes of frame to /dev/pts/8
06-24 14:36:14.966636  1996  1996 D TelephonyManager: getTelephonyProperty prop value= ,CMCC
06-24 14:36:14.966647   979  1010 I AT      : AT read end: 38
06-24 14:36:14.966652   842   963 D RILMUXD : [gsm0710muxd] 2419:extract_frames(): fsync() failed (-1, 22 - Invalid argument)
06-24 14:36:14.966836   979  1010 D AT      : AT< +CREG: 3,1,"2694","0A534D01",7,0,0
06-24 14:36:14.966696  1996  1996 D SpnOverride: ctName:中国电信, simCarrierName:CMCC, subId:1
06-24 14:36:14.966865   979  1010 D AT      : RIL_CMD2_READER_1 Enter processLine:+CREG: 3,1,"2694","0A534D01",7,0,0
06-24 14:36:14.966898   979  1010 I AT      : AT read start
06-24 14:36:14.966943  1996  1996 D GsmSST  : [GsmSST1] EVENT_POLL_STATE_OPERATOR: OperatorShort use lookupOperatorName
06-24 14:36:14.966986  1996  1996 D GsmSST  : [GsmSST1] EVENT_POLL_STATE_OPERATOR: 中国移动, 中国移动
06-24 14:36:14.967019  1996  1996 D GsmSST  : [GsmSST1] updateLocatedPlmn(),previous plmn= 46000 ,update to: 46000
06-24 14:36:14.967045  1996  1996 D GsmSST  : [GsmSST1] handleMessage msg done
06-24 14:36:14.967114  1996  1996 D GsmSST  : [GsmSST1] handle EVENT_POLL_STATE_GPRS
06-24 14:36:14.967176  1996  1996 D GsmSST  : [GsmSST1] <mNewMaxDataCalls> 9
06-24 14:36:14.967263  1996  1996 D PHONE   : [ServiceState] setDataRegState=0
06-24 14:36:14.967366  1996  1996 D use-Rlog/RLOG-GSM: isRoamingForSpecialSIM, strServingPlmn: 46000, strHomePlmn: 46002, cdmaLteSupport = true
06-24 14:36:14.967423  1996  1996 D PHONE   : [ServiceState] setProprietaryDataRadioTechnology=0
06-24 14:36:14.967449  1996  1996 D PHONE   : [ServiceState] setDataRadioTechnology=14
06-24 14:36:14.967508  1996  1996 D GsmSST  : [GsmSST1] handlPollStateResultMessage: GsmSST setDataRegState=0 regState=1 dataRadioTechnology=14
06-24 14:36:14.967545  1996  1996 D GsmSST  : [GsmSST1] handleMessage msg done
06-24 14:36:14.967677   842   963 D RILMUXD : [gsm0710muxd] 1649:gsm0710_base_buffer_get_frame(): Get a complete frame. ch:3, ctrl:239, len:6
06-24 14:36:14.967731   842   963 D RILMUXD : [gsm0710muxd] 2394:extract_frames(): Writing 6 byte frame received on channel 3 to /dev/pts/8
06-24 14:36:14.967827   842   963 D RILMUXD : [gsm0710muxd] 2414:extract_frames(): write() returned. Written 6/6 bytes of frame to /dev/pts/8
06-24 14:36:14.967828   979  1010 I AT      : AT read end: 6
06-24 14:36:14.967863   979  1010 D AT      : AT< OK
06-24 14:36:14.967875   842   963 D RILMUXD : [gsm0710muxd] 2419:extract_frames(): fsync() failed (-1, 22 - Invalid argument)
06-24 14:36:14.967886   979  1010 D AT      : RIL_CMD2_READER_1 Enter processLine:OK
06-24 14:36:14.967929   979  1010 I AT      : AT read start
06-24 14:36:14.967947   979   993 D AT      : response received on RIL_CMD2_READER_1, tid:548220937280
06-24 14:36:14.967985   979   993 D RIL     : convertRegState() uiRegState=1 , uiRet=1 
06-24 14:36:14.968007   979   993 E RIL     : The value in the field <lac> :127
