06-24 14:36:21.102570   979  1009 I AT      : AT read start
06-24 14:36:21.102874  1095  1106 D RfxMainThread: enqueueMessage(), mainHandler = 0x7fa2efd400, msg = [type=URC, source=GSM, dest=GSM, pId=UNSOL_SIGNAL_STRENGTH(1009), pToken=0, id=UNSOL_SIGNAL_STRENGTH(1009), token=0, slotId=1,             error = 0, pTimeStamp =           0, isWrongC2KResponse = 0]
06-24 14:36:21.103021  1095  1101 D RfxMainThread: handle msg begin, mainHandler = 0x7fa2efd400
06-24 14:36:21.103108  1095  1101 D RfxRootController: processMessage() msg = [type=URC, source=GSM, dest=GSM, pId=UNSOL_SIGNAL_STRENGTH(1009), pToken=0, id=UNSOL_SIGNAL_STRENGTH(1009), token=0, slotId=1,             error = 0, pTimeStamp =           0, isWrongC2KResponse = 0]
06-24 14:36:21.103147  1095  1101 D RfxRootController: processMessage() handler = 0x7fa2ef1380, RpNwStateController
06-24 14:36:21.103182  1095  1101 D RfxRilAdapter: client: unsol response to client
06-24 14:36:21.103210  1095  1101 D RpRilClientController: client 1001 handle unsolictied
06-24 14:36:21.103241  1095  1101 D RilClient: capabilitySim = 1
06-24 14:36:21.103266  1095  1101 D RilClient: command Fd not ready here
06-24 14:36:21.103298  1095  1101 D RILC    : RIL_onUnsolicitedResponse: default
06-24 14:36:21.103372  1095  1101 D RfxRilAdapter: responseToRilj send Urc done (slotId=1, PId=1009, dataSize=68)
06-24 14:36:21.103780  1996  1996 D GsmSST  : [GsmSST1] handle EVENT_SIGNAL_STRENGTH_UPDATE
06-24 14:36:21.103879  1996  1996 D GsmSST  : [GsmSST1] onSignalStrengthResult():  LastSignalStrength=SignalStrength: 0 41 -120 -160 -7 0 -1 99 -99 -10 45 2147483647 gsm|lte 1 1 1
06-24 14:36:21.103943  1996  1996 D GsmSST  : [GsmSST1] onSignalStrengthResult():new mSignalStrength=SignalStrength: 0 38 -120 -160 -7 0 -1 99 -102 -10 55 2147483647 gsm|lte 1 1 1
06-24 14:36:21.104082  1996  1996 W SignalStrength: SignalStrength get plugin
06-24 14:36:21.104163  1996  1996 I use-Rlog/RLOG-GSM: getLTELevel - rsrp:-102 snr:55 rsrpIconLevel:4 snrIconLevel:3
06-24 14:36:21.104201  1996  1996 D GsmSST  : [GsmSST1] notifySignalStrength: mSignalStrength.getLevel=4
06-24 14:36:21.104430  1996  1996 D DefaultPhoneNotifier: notifySignalStrength: mRegistry=com.android.internal.telephony.ITelephonyRegistry$Stub$Proxy@6a42a0b ss=SignalStrength: 0 38 -120 -160 -7 0 -1 99 -102 -10 55 2147483647 gsm|lte 1 1 1 sender=Handler (com.android.internal.telephony.gsm.GSMPhone) {5ba87f0}
06-24 14:36:21.104902  1033  1621 D TelephonyRegistry: notifySignalStrengthForSubscriber: subId=1 signalStrength=SignalStrength: 0 38 -120 -160 -7 0 -1 99 -102 -10 55 2147483647 gsm|lte 1 1 1
06-24 14:36:21.104950  1033  1621 D TelephonyRegistry: notifySignalStrengthForSubscriber: logSSC.length=5 next=1
06-24 14:36:21.105320  1033  1621 D TelephonyRegistry: notifyServiceStateForSubscriber Time 20160624T142721Asia/Shanghai(5,175,28800,0,1466749641) mSubId 1 mPhoneId 1  mState 0 0 voice home data home 中国移动 中国移动 46000 中国移动 中国移动 46000  LTE LTE CSS not supported -1 -1 RoamInd=-1 DefRoamInd=-1 EmergOnly=false Ril Voice Regist state: 1 Ril Data Regist state: 1 mProprietaryDataRadioTechnology: 0 VoiceRejectCause: 0 DataRejectCause: -1 IsDataRoamingFromRegistration=false
06-24 14:36:21.105525  1033  1621 D TelephonyRegistry: notifyServiceStateForSubscriber Time 20160624T142728Asia/Shanghai(5,175,28800,0,1466749648) mSubId 1 mPhoneId 1  mState 0 0 voice home data home 中国移动 中国移动 46000 中国移动 中国移动 46000  LTE LTE CSS not supported -1 -1 RoamInd=-1 DefRoamInd=-1 EmergOnly=false Ril Voice Regist state: 1 Ril Data Regist state: 1 mProprietaryDataRadioTechnology: 0 VoiceRejectCause: 0 DataRejectCause: -1 IsDataRoamingFromRegistration=false
06-24 14:36:21.105734  1033  1621 D TelephonyRegistry: notifyServiceStateForSubscriber Time 20160624T143528Asia/Shanghai(5,175,28800,0,1466750128) mSubId 1 mPhoneId 1  mState 0 0 voice home data home 中国移动 中国移动 46000 中国移动 中国移动 46000  LTE LTE CSS not supported -1 -1 RoamInd=-1 DefRoamInd=-1 EmergOnly=false Ril Voice Regist state: 1 Ril Data Regist state: 1 mProprietaryDataRadioTechnology: 0 VoiceRejectCause: 0 DataRejectCause: -1 IsDataRoamingFromRegistration=false
06-24 14:36:21.106175  1033  1621 D TelephonyRegistry: notifyServiceStateForSubscriber Time 20160624T143528Asia/Shanghai(5,175,28800,0,1466750128) mSubId 1 mPhoneId 1  mState 0 0 voice home data home 中国移动 中国移动 46000 中国移动 中国移动 46000  LTE LTE CSS not supported -1 -1 RoamInd=-1 DefRoamInd=-1 EmergOnly=false Ril Voice Regist state: 1 Ril Data Regist state: 1 mProprietaryDataRadioTechnology: 0 VoiceRejectCause: 0 DataRejectCause: -1 IsDataRoamingFromRegistration=false
06-24 14:36:21.106362  1033  1621 D TelephonyRegistry: notifyServiceStateForSubscriber Time 20160624T143615Asia/Shanghai(5,175,28800,0,1466750175) mSubId 1 mPhoneId 1  mState 0 0 voice home data home 中国移动 中国移动 46000 中国移动 中国移动 46000  LTE LTE CSS not supported -1 -1 RoamInd=-1 DefRoamInd=-1 EmergOnly=false Ril Voice Regist state: 1 Ril Data Regist state: 1 mProprietaryDataRadioTechnology: 0 VoiceRejectCause: 0 DataRejectCause: -1 IsDataRoamingFromRegistration=false
06-24 14:36:21.106405  1033  1621 D TelephonyRegistry: notifySignalStrengthForSubscriber: ----------------
06-24 14:36:21.107919  1033  1621 D TelephonyRegistry: validatePhoneId: true
06-24 14:36:21.107983  1033  1621 D TelephonyRegistry: notifySignalStrengthForSubscriber: valid phoneId=1
06-24 14:36:21.108047  1033  1621 D TelephonyRegistry: idMatch: rlt=true
06-24 14:36:21.111967  1033  1621 D TelephonyRegistry: idMatch: rlt=true
06-24 14:36:21.112969  1033  1621 D TelephonyRegistry: idMatch: rlt=true
06-24 14:36:21.113500  1341  1341 W SignalStrength: SignalStrength get plugin
06-24 14:36:21.113582  1341  1341 I use-Rlog/RLOG-GSM: getLTELevel - rsrp:-102 snr:55 rsrpIconLevel:4 snrIconLevel:3
06-24 14:36:21.113871  1341  1341 W SignalStrength: SignalStrength get plugin
06-24 14:36:21.113939  1341  1341 I use-Rlog/RLOG-GSM: getLTELevel - rsrp:-102 snr:55 rsrpIconLevel:4 snrIconLevel:3
06-24 14:36:21.116678  1033  1621 D TelephonyRegistry: idMatch: rlt=true
06-24 14:36:21.117164  1033  1621 D TelephonyRegistry: idMatch: rlt=true
06-24 14:36:21.118709  1033  1621 D TelephonyRegistry: idMatch: rlt=true
06-24 14:36:21.119276  1033  1621 D TelephonyRegistry: idMatch: rlt=true
06-24 14:36:21.120319  1033  1621 D TelephonyRegistry: idMatch: rlt=true
06-24 14:36:21.121182  1033  1621 D TelephonyRegistry: idMatch: rlt=true
06-24 14:36:21.121657  1033  1621 D TelephonyRegistry: idMatch: rlt=true
06-24 14:36:21.122518  1033  1621 D TelephonyRegistry: idMatch: rlt=true
06-24 14:36:21.122964  1033  1621 D TelephonyRegistry: handleRemoveListLocked: mRemoveList.size()=0
06-24 14:36:21.123187  1033  1621 W SignalStrength: SignalStrength get plugin
06-24 14:36:21.123286  1033  1621 I use-Rlog/RLOG-GSM: getLTELevel - rsrp:-102 snr:55 rsrpIconLevel:4 snrIconLevel:3
06-24 14:36:21.126038  1996  1996 D GsmSST  : [GsmSST1] handleMessage msg done
06-24 14:36:21.537897   370   793 I RPC     : RPC-client RX thread after select! - (0)
06-24 14:36:21.538089   370   793 I RPC     : RPC-client RX thread Before select!
06-24 14:36:21.597093   842   842 D RILMUXD : [gsm0710muxd] 3913:main(): Frames received/dropped: 38605/0
06-24 14:36:22.038845   370   793 I RPC     : RPC-client RX thread after select! - (0)
06-24 14:36:22.039123   370   793 I RPC     : RPC-client RX thread Before select!
06-24 14:36:22.081589   979   998 D RILC    : s_last_wake_timeout_info: 0x7fa5293c60 reset to NULL
06-24 14:36:22.081795   979   998 D RILC    : userTimerCallback free  p_info: 0x7fa5293c60
06-24 14:36:22.081924   979   998 D RILC    : userTimerCallback free  p_info->event: 0x7fa5293c70
06-24 14:36:22.539883   370   793 I RPC     : RPC-client RX thread after select! - (0)
06-24 14:36:22.540072   370   793 I RPC     : RPC-client RX thread Before select!
06-24 14:36:23.041373   370   793 I RPC     : RPC-client RX thread after select! - (0)
06-24 14:36:23.041551   370   793 I RPC     : RPC-client RX thread Before select!
06-24 14:36:23.542320   370   793 I RPC     : RPC-client RX thread after select! - (0)
06-24 14:36:23.542514   370   793 I RPC     : RPC-client RX thread Before select!
06-24 14:36:24.043250   370   793 I RPC     : RPC-client RX thread after select! - (0)
06-24 14:36:24.043440   370   793 I RPC     : RPC-client RX thread Before select!
06-24 14:36:24.202008  1996  2699 D GSMPhone: [GSMPhone] getServiceState : getState() : 0 getDataRegState() : 0
06-24 14:36:24.544210   370   793 I RPC     : RPC-client RX thread after select! - (0)
06-24 14:36:24.544401   370   793 I RPC     : RPC-client RX thread Before select!
06-24 14:36:25.045035   370   793 I RPC     : RPC-client RX thread after select! - (0)
06-24 14:36:25.045099   370   793 I RPC     : RPC-client RX thread Before select!
06-24 14:36:25.545405   370   793 I RPC     : RPC-client RX thread after select! - (0)
06-24 14:36:25.545600   370   793 I RPC     : RPC-client RX thread Before select!
06-24 14:36:26.047081   370   793 I RPC     : RPC-client RX thread after select! - (0)
06-24 14:36:26.047129   370   793 I RPC     : RPC-client RX thread Before select!
06-24 14:36:26.197615   842   963 D RILMUXD : [gsm0710muxd] 1649:gsm0710_base_buffer_get_frame(): Get a complete frame. ch:2, ctrl:239, len:39
06-24 14:36:26.197901   842   963 D RILMUXD : [gsm0710muxd] 2394:extract_frames(): Writing 39 byte frame received on channel 2 to /dev/pts/7
06-24 14:36:26.198161   842   963 D RILMUXD : [gsm0710muxd] 2414:extract_frames(): write() returned. Written 39/39 bytes of frame to /dev/pts/7
06-24 14:36:26.198345   842   963 D RILMUXD : [gsm0710muxd] 2419:extract_frames(): fsync() failed (-1, 22 - Invalid argument)
06-24 14:36:26.200519   979  1009 I AT      : AT read end: 39
06-24 14:36:26.200694   979  1009 D AT      : AT< +ECSQ: 16,37,1,1,1,-47,-415,7,22,39
06-24 14:36:26.200957   979  1009 D AT      : RIL_URC2_READER Enter processLine:+ECSQ: 16,37,1,1,1,-47,-415,7,22,39
06-24 14:36:26.201201   979  1009 D RILC    : [MAL_AT] data sent to rild-mal-at is '+ECSQ: 16,37,1,1,1,-47,-415,7,22,39'
06-24 14:36:26.201447   979  1009 D RILC    : internalRequestTimedCallback malloc p_info: 0x7fa5293cc0
06-24 14:36:26.201688   979  1009 D RILC    : internalRequestTimedCallback malloc p_info->event: 0x7fa5293cd0
06-24 14:36:26.201906   979  1009 D RIL     : Nw URC:+ECSQ: 16,37,1,1,1,-47,-415,7,22,39
06-24 14:36:26.202074   979  1009 D RIL     : Act==7, force ECSQ <sig1>:16 -> 0
06-24 14:36:26.202236   979  1009 D RILC    : callForRilVersion new vendor RIL, version: 11
06-24 14:36:26.202384   979  1009 I RILC    : RIL_SOCKET_2 UNSOLICITED: UNSOL_SIGNAL_STRENGTH length:68
06-24 14:36:26.202501   979  1009 E RILC    : Send Response to rild-mal
06-24 14:36:26.219447   979  1009 E RILC    : Send Response to RIL_SOCKET_2
06-24 14:36:26.220352  1095  1106 D RfxMainThread: enqueueMessage(), mainHandler = 0x7fa2efd640, msg = [type=URC, source=GSM, dest=GSM, pId=UNSOL_SIGNAL_STRENGTH(1009), pToken=0, id=UNSOL_SIGNAL_STRENGTH(1009), token=0, slotId=1,             error = 0, pTimeStamp =           0, isWrongC2KResponse = 0]
06-24 14:36:26.220706  1095  1101 D RfxMainThread: handle msg begin, mainHandler = 0x7fa2efd640
06-24 14:36:26.221227  1095  1101 D RfxRootController: processMessage() msg = [type=URC, source=GSM, dest=GSM, pId=UNSOL_SIGNAL_STRENGTH(1009), pToken=0, id=UNSOL_SIGNAL_STRENGTH(1009), token=0, slotId=1,             error = 0, pTimeStamp =           0, isWrongC2KResponse = 0]
06-24 14:36:26.221380  1095  1101 D RfxRootController: processMessage() handler = 0x7fa2ef1380, RpNwStateController
06-24 14:36:26.221533  1095  1101 D RfxRilAdapter: client: unsol response to client
06-24 14:36:26.221654  1095  1101 D RpRilClientController: client 1001 handle unsolictied
06-24 14:36:26.221775  1095  1101 D RilClient: capabilitySim = 1
06-24 14:36:26.221888  1095  1101 D RilClient: command Fd not ready here
06-24 14:36:26.222009  1095  1101 D RILC    : RIL_onUnsolicitedResponse: default
06-24 14:36:26.222305  1095  1101 D RfxRilAdapter: responseToRilj send Urc done (slotId=1, PId=1009, dataSize=68)
06-24 14:36:26.223208  1996  1996 D GsmSST  : [GsmSST1] handle EVENT_SIGNAL_STRENGTH_UPDATE
06-24 14:36:26.223520  1996  1996 D GsmSST  : [GsmSST1] onSignalStrengthResult():  LastSignalStrength=SignalStrength: 0 38 -120 -160 -7 0 -1 99 -102 -10 55 2147483647 gsm|lte 1 1 1
06-24 14:36:26.223745  1996  1996 D GsmSST  : [GsmSST1] onSignalStrengthResult():new mSignalStrength=SignalStrength: 0 37 -120 -160 -7 0 -1 99 -103 -11 55 2147483647 gsm|lte 1 1 1
06-24 14:36:26.224036  1996  1996 W SignalStrength: SignalStrength get plugin
06-24 14:36:26.224235  1996  1996 I use-Rlog/RLOG-GSM: getLTELevel - rsrp:-103 snr:55 rsrpIconLevel:4 snrIconLevel:3
06-24 14:36:26.224416  1996  1996 D GsmSST  : [GsmSST1] notifySignalStrength: mSignalStrength.getLevel=4
06-24 14:36:26.224936  1996  1996 D DefaultPhoneNotifier: notifySignalStrength: mRegistry=com.android.internal.telephony.ITelephonyRegistry$Stub$Proxy@6a42a0b ss=SignalStrength: 0 37 -120 -160 -7 0 -1 99 -103 -11 55 2147483647 gsm|lte 1 1 1 sender=Handler (com.android.internal.telephony.gsm.GSMPhone) {5ba87f0}
06-24 14:36:26.226175  1033  2079 D TelephonyRegistry: notifySignalStrengthForSubscriber: subId=1 signalStrength=SignalStrength: 0 37 -120 -160 -7 0 -1 99 -103 -11 55 2147483647 gsm|lte 1 1 1
06-24 14:36:26.226366  1033  2079 D TelephonyRegistry: notifySignalStrengthForSubscriber: logSSC.length=5 next=1
06-24 14:36:26.227423  1033  2079 D TelephonyRegistry: notifyServiceStateForSubscriber Time 20160624T142721Asia/Shanghai(5,175,28800,0,1466749641) mSubId 1 mPhoneId 1  mState 0 0 voice home data home 中国移动 中国移动 46000 中国移动 中国移动 46000  LTE LTE CSS not supported -1 -1 RoamInd=-1 DefRoamInd=-1 EmergOnly=false Ril Voice Regist state: 1 Ril Data Regist state: 1 mProprietaryDataRadioTechnology: 0 VoiceRejectCause: 0 DataRejectCause: -1 IsDataRoamingFromRegistration=false
06-24 14:36:26.228193  1033  2079 D TelephonyRegistry: notifyServiceStateForSubscriber Time 20160624T142728Asia/Shanghai(5,175,28800,0,1466749648) mSubId 1 mPhoneId 1  mState 0 0 voice home data home 中国移动 中国移动 46000 中国移动 中国移动 46000  LTE LTE CSS not supported -1 -1 RoamInd=-1 DefRoamInd=-1 EmergOnly=false Ril Voice Regist state: 1 Ril Data Regist state: 1 mProprietaryDataRadioTechnology: 0 VoiceRejectCause: 0 DataRejectCause: -1 IsDataRoamingFromRegistration=false
06-24 14:36:26.229024  1033  2079 D TelephonyRegistry: notifyServiceStateForSubscriber Time 20160624T143528Asia/Shanghai(5,175,28800,0,1466750128) mSubId 1 mPhoneId 1  mState 0 0 voice home data home 中国移动 中国移动 46000 中国移动 中国移动 46000  LTE LTE CSS not supported -1 -1 RoamInd=-1 DefRoamInd=-1 EmergOnly=false Ril Voice Regist state: 1 Ril Data Regist state: 1 mProprietaryDataRadioTechnology: 0 VoiceRejectCause: 0 DataRejectCause: -1 IsDataRoamingFromRegistration=false
06-24 14:36:26.229781  1033  2079 D TelephonyRegistry: notifyServiceStateForSubscriber Time 20160624T143528Asia/Shanghai(5,175,28800,0,1466750128) mSubId 1 mPhoneId 1  mState 0 0 voice home data home 中国移动 中国移动 46000 中国移动 中国移动 46000  LTE LTE CSS not supported -1 -1 RoamInd=-1 DefRoamInd=-1 EmergOnly=false Ril Voice Regist state: 1 Ril Data Regist state: 1 mProprietaryDataRadioTechnology: 0 VoiceRejectCause: 0 DataRejectCause: -1 IsDataRoamingFromRegistration=false
06-24 14:36:26.230584  1033  2079 D TelephonyRegistry: notifyServiceStateForSubscriber Time 20160624T143615Asia/Shanghai(5,175,28800,0,1466750175) mSubId 1 mPhoneId 1  mState 0 0 voice home data home 中国移动 中国移动 46000 中国移动 中国移动 46000  LTE LTE CSS not supported -1 -1 RoamInd=-1 DefRoamInd=-1 EmergOnly=false Ril Voice Regist state: 1 Ril Data Regist state: 1 mProprietaryDataRadioTechnology: 0 VoiceRejectCause: 0 DataRejectCause: -1 IsDataRoamingFromRegistration=false
06-24 14:36:26.232862   979  1009 I AT      : AT read start
06-24 14:36:26.230756  1033  2079 D TelephonyRegistry: notifySignalStrengthForSubscriber: ----------------
06-24 14:36:26.239727  1033  2079 D TelephonyRegistry: validatePhoneId: true
06-24 14:36:26.239802  1033  2079 D TelephonyRegistry: notifySignalStrengthForSubscriber: valid phoneId=1
06-24 14:36:26.240343  1033  2079 D TelephonyRegistry: idMatch: rlt=true
06-24 14:36:26.240630  1033  2079 D TelephonyRegistry: idMatch: rlt=true
06-24 14:36:26.240770  1033  2079 D TelephonyRegistry: idMatch: rlt=true
06-24 14:36:26.241494  1341  1341 W SignalStrength: SignalStrength get plugin
06-24 14:36:26.241597  1341  1341 I use-Rlog/RLOG-GSM: getLTELevel - rsrp:-103 snr:55 rsrpIconLevel:4 snrIconLevel:3
06-24 14:36:26.241815  1341  1341 W SignalStrength: SignalStrength get plugin
06-24 14:36:26.241859  1341  1341 I use-Rlog/RLOG-GSM: getLTELevel - rsrp:-103 snr:55 rsrpIconLevel:4 snrIconLevel:3
06-24 14:36:26.242826  1033  2079 D TelephonyRegistry: idMatch: rlt=true
06-24 14:36:26.243186  1033  2079 D TelephonyRegistry: idMatch: rlt=true
06-24 14:36:26.243319  1033  2079 D TelephonyRegistry: idMatch: rlt=true
06-24 14:36:26.243432  1033  2079 D TelephonyRegistry: idMatch: rlt=true
06-24 14:36:26.243532  1033  2079 D TelephonyRegistry: idMatch: rlt=true
06-24 14:36:26.243647  1033  2079 D TelephonyRegistry: idMatch: rlt=true
06-24 14:36:26.243769  1033  2079 D TelephonyRegistry: idMatch: rlt=true
06-24 14:36:26.243861  1033  2079 D TelephonyRegistry: idMatch: rlt=true
06-24 14:36:26.243972  1033  2079 D TelephonyRegistry: handleRemoveListLocked: mRemoveList.size()=0
06-24 14:36:26.244113  1033  2079 W SignalStrength: SignalStrength get plugin
06-24 14:36:26.244190  1033  2079 I use-Rlog/RLOG-GSM: getLTELevel - rsrp:-103 snr:55 rsrpIconLevel:4 snrIconLevel:3
06-24 14:36:26.247182  1996  1996 D GsmSST  : [GsmSST1] handleMessage msg done
06-24 14:36:26.547857   370   793 I RPC     : RPC-client RX thread after select! - (0)
06-24 14:36:26.548057   370   793 I RPC     : RPC-client RX thread Before select!
06-24 14:36:26.597479   842   842 D RILMUXD : [gsm0710muxd] 3913:main(): Frames received/dropped: 38606/0
06-24 14:36:27.048921   370   793 I RPC     : RPC-client RX thread after select! - (0)
06-24 14:36:27.049000   370   793 I RPC     : RPC-client RX thread Before select!
06-24 14:36:27.203093   979   998 D RILC    : s_last_wake_timeout_info: 0x7fa5293cc0 reset to NULL
06-24 14:36:27.203311   979   998 D RILC    : userTimerCallback free  p_info: 0x7fa5293cc0
06-24 14:36:27.203447   979   998 D RILC    : userTimerCallback free  p_info->event: 0x7fa5293cd0
06-24 14:36:27.549736   370   793 I RPC     : RPC-client RX thread after select! - (0)
06-24 14:36:27.549982   370   793 I RPC     : RPC-client RX thread Before select!
06-24 14:36:28.050667   370   793 I RPC     : RPC-client RX thread after select! - (0)
06-24 14:36:28.050738   370   793 I RPC     : RPC-client RX thread Before select!
06-24 14:36:28.551091   370   793 I RPC     : RPC-client RX thread after select! - (0)
06-24 14:36:28.551281   370   793 I RPC     : RPC-client RX thread Before select!
06-24 14:36:29.051904   370   793 I RPC     : RPC-client RX thread after select! - (0)
06-24 14:36:29.051973   370   793 I RPC     : RPC-client RX thread Before select!
06-24 14:36:29.218229  1996  2007 D GSMPhone: [GSMPhone] getServiceState : getState() : 0 getDataRegState() : 0
06-24 14:36:29.434235   979   998 I RILC    : NUMBER:1
06-24 14:36:29.434505   979   998 I RILC    : arg len:14
06-24 14:36:29.434649   979   998 I RILC    : ARGS[0]:THERMAL,0,-1
06-24 14:36:29.434930   979   998 D RILC    : C[locl]> QUERY_MODEM_THERMAL
06-24 14:36:29.435128   979   998 D RILC-MTK: QUERY_MODEM_THERMAL pRI=0x7fa528c480 p=0x7fa5298610 dispatched to RIL_CMD2_PROXY_1
06-24 14:36:29.435942   979   990 I RILC-MTK: RIL_CMD_PROXY_4 wakeup
06-24 14:36:29.436063   979   990 I RILC-MTK: RIL_CMD_PROXY_4 sleep
06-24 14:36:29.436223   979   993 I RILC-MTK: RIL_CMD2_PROXY_3 wakeup
06-24 14:36:29.436334   979   993 I RILC-MTK: RIL_CMD2_PROXY_3 sleep
06-24 14:36:29.436488   979   988 I RILC-MTK: RIL_CMD_PROXY_2 wakeup
06-24 14:36:29.436596   979   988 I RILC-MTK: RIL_CMD_PROXY_2 sleep
06-24 14:36:29.436749   979   987 I RILC-MTK: RIL_CMD_PROXY_3 wakeup
06-24 14:36:29.436859   979   987 I RILC-MTK: RIL_CMD_PROXY_3 sleep
06-24 14:36:29.437015   979   989 I RILC-MTK: RIL_CMD_PROXY_1 wakeup
06-24 14:36:29.437125   979   989 I RILC-MTK: RIL_CMD_PROXY_1 sleep
06-24 14:36:29.437275   979   991 I RILC-MTK: RIL_ATCI_PROXY wakeup
06-24 14:36:29.437383   979   991 I RILC-MTK: RIL_ATCI_PROXY sleep
06-24 14:36:29.437531   979   996 I RILC-MTK: RIL_CMD2_PROXY_4 wakeup
06-24 14:36:29.437764   979   996 I RILC-MTK: RIL_CMD2_PROXY_4 sleep
06-24 14:36:29.437977   979   992 I RILC-MTK: RIL_URC2_PROXY wakeup
06-24 14:36:29.438082   979   992 I RILC-MTK: RIL_URC2_PROXY sleep
06-24 14:36:29.438232   979   986 I RILC-MTK: RIL_URC_PROXY wakeup
06-24 14:36:29.438341   979   986 I RILC-MTK: RIL_URC_PROXY sleep
06-24 14:36:29.438495   979   997 I RILC-MTK: RIL_ATCI2_PROXY wakeup
06-24 14:36:29.438614   979   997 I RILC-MTK: RIL_ATCI2_PROXY sleep
06-24 14:36:29.438767   979   994 I RILC-MTK: RIL_CMD2_PROXY_2 wakeup
06-24 14:36:29.438880   979   994 I RILC-MTK: RIL_CMD2_PROXY_2 sleep
06-24 14:36:29.439034   979   995 I RILC-MTK: RIL_CMD2_PROXY_1 wakeup
06-24 14:36:29.439155   979   995 D RILC-MTK: proxy id:9, proxyName: RIL_CMD2_PROXY_1
06-24 14:36:29.439291   979   995 D RILC-MTK: QUERY_MODEM_THERMAL pRI=0x7fa528c480 p=0x7fa5298610 execute on RIL_CMD2_PROXY_1 using channel 9
06-24 14:36:29.439424   979   995 D RILC    : callOnRequest for new vendor ril
06-24 14:36:29.439555   979   995 D RIL     : onRequest: QUERY_MODEM_THERMAL, datalen = 8
06-24 14:36:29.439668   979   995 D RIL     : radioState:10
06-24 14:36:29.439816   979   995 D RIL     : requestQueryThermal Enter,-1
06-24 14:36:29.439969   979   995 D AT      : getRILChannelCtx subsystem:1, rid:1 channelOffset:6
06-24 14:36:29.440092   979   995 D AT      : AT send on RIL_CMD2_READER_3, tid:548218848320
06-24 14:36:29.440201   979   995 D AT      : AT> AT+ETHERMAL
06-24 14:36:29.440311   979   995 I AT      : AT write start
06-24 14:36:29.440511   979   995 I AT      : AT write end, errno = 2, length = 12
06-24 14:36:29.441270   842   969 D RILMUXD : [gsm0710muxd] 3630:poll_thread(): poll_thread select found
06-24 14:36:29.441460   842   969 D RILMUXD : [gsm0710muxd] 1050:pseudo_device_read(): Enter, LackofAtciChannel=0
06-24 14:36:29.441647   842   969 D RILMUXD : [gsm0710muxd] 657:write_frame(): Sending frame to channel 5
06-24 14:36:29.441977   842   969 D RILMUXD : [gsm0710muxd] 772:write_frame(): Write a frame on channel 5 with length 12
06-24 14:36:29.448005   842   963 D RILMUXD : [gsm0710muxd] 1649:gsm0710_base_buffer_get_frame(): Get a complete frame. ch:5, ctrl:239, len:39
06-24 14:36:29.448247   842   963 D RILMUXD : [gsm0710muxd] 2394:extract_frames(): Writing 39 byte frame received on channel 5 to /dev/pts/10
06-24 14:36:29.448865   979  1012 I AT      : AT read end: 39
06-24 14:36:29.448991   979  1012 D AT      : AT< +ETHERMAL: 3, 40, -127, 0, 32767, 1
06-24 14:36:29.449115   979  1012 D AT      : RIL_CMD2_READER_3 Enter processLine:+ETHERMAL: 3, 40, -127, 0, 32767, 1
06-24 14:36:29.449251   979  1012 I AT      : AT read start
06-24 14:36:29.450344   842   963 D RILMUXD : [gsm0710muxd] 2414:extract_frames(): write() returned. Written 39/39 bytes of frame to /dev/pts/10
06-24 14:36:29.452516   842   963 D RILMUXD : [gsm0710muxd] 2419:extract_frames(): fsync() failed (-1, 22 - Invalid argument)
06-24 14:36:29.452589   842   963 D RILMUXD : [gsm0710muxd] 1649:gsm0710_base_buffer_get_frame(): Get a complete frame. ch:5, ctrl:239, len:6
06-24 14:36:29.452630   842   963 D RILMUXD : [gsm0710muxd] 2394:extract_frames(): Writing 6 byte frame received on channel 5 to /dev/pts/10
06-24 14:36:29.452683   842   963 D RILMUXD : [gsm0710muxd] 2414:extract_frames(): write() returned. Written 6/6 bytes of frame to /dev/pts/10
06-24 14:36:29.452718   842   963 D RILMUXD : [gsm0710muxd] 2419:extract_frames(): fsync() failed (-1, 22 - Invalid argument)
06-24 14:36:29.452828   979  1012 I AT      : AT read end: 6
06-24 14:36:29.452860   979  1012 D AT      : AT< OK
06-24 14:36:29.452889   979  1012 D AT      : RIL_CMD2_READER_3 Enter processLine:OK
06-24 14:36:29.452936   979  1012 I AT      : AT read start
06-24 14:36:29.452986   979   995 D AT      : response received on RIL_CMD2_READER_3, tid:548218848320
06-24 14:36:29.453016   979   995 D RIL     : requestQueryThermal success
06-24 14:36:29.453047   979   995 D RILC    : RequestComplete, RIL_SOCKET_2
06-24 14:36:29.453076   979   995 D RILC    : [THERMAL] local request for THERMAL returned 
06-24 14:36:29.453115   979   995 D RILC    : [THERMAL] s_THERMAL_fd is valid strResult is  3, 40, -127, 0, 32767, 1
06-24 14:36:29.453172   979   995 D RILC-MTK: proxyLoop free  pRI=0x7fa528c480 p=0x7fa5298610 
06-24 14:36:29.453211   979   995 D RILC-MTK: proxyLoop free  pRequest=0x7fa2f732a0
06-24 14:36:29.453237   979   995 I RILC-MTK: RIL_CMD2_PROXY_1 sleep
06-24 14:36:29.537844  1996 27869 D TelephonyManager: getLteOnCdmaMode=1 curVal=1 product_type='' lteOnCdmaProductType=''
06-24 14:36:29.537909  1996 27869 D CDMAPhone: getDeviceId() in CDMALTEPhone  : return Imei
06-24 14:36:29.552359   370   793 I RPC     : RPC-client RX thread after select! - (0)
06-24 14:36:29.552425   370   793 I RPC     : RPC-client RX thread Before select!
06-24 14:36:30.053149   370   793 I RPC     : RPC-client RX thread after select! - (0)
06-24 14:36:30.053348   370   793 I RPC     : RPC-client RX thread Before select!
06-24 14:36:30.554109   370   793 I RPC     : RPC-client RX thread after select! - (0)
06-24 14:36:30.554297   370   793 I RPC     : RPC-client RX thread Before select!
06-24 14:36:31.055051   370   793 I RPC     : RPC-client RX thread after select! - (0)
06-24 14:36:31.055244   370   793 I RPC     : RPC-client RX thread Before select!
06-24 14:36:31.317310   842   963 D RILMUXD : [gsm0710muxd] 1649:gsm0710_base_buffer_get_frame(): Get a complete frame. ch:2, ctrl:239, len:39
06-24 14:36:31.317385   842   963 D RILMUXD : [gsm0710muxd] 2394:extract_frames(): Writing 39 byte frame received on channel 2 to /dev/pts/7
06-24 14:36:31.317447   842   963 D RILMUXD : [gsm0710muxd] 2414:extract_frames(): write() returned. Written 39/39 bytes of frame to /dev/pts/7
06-24 14:36:31.317487   842   963 D RILMUXD : [gsm0710muxd] 2419:extract_frames(): fsync() failed (-1, 22 - Invalid argument)
06-24 14:36:31.317788   979  1009 I AT      : AT read end: 39
06-24 14:36:31.317834   979  1009 D AT      : AT< +ECSQ: 15,38,1,1,1,-50,-412,7,11,39
06-24 14:36:31.317864   979  1009 D AT      : RIL_URC2_READER Enter processLine:+ECSQ: 15,38,1,1,1,-50,-412,7,11,39
06-24 14:36:31.317968   979  1009 D RILC    : [MAL_AT] data sent to rild-mal-at is '+ECSQ: 15,38,1,1,1,-50,-412,7,11,39'
06-24 14:36:31.318035   979  1009 D RILC    : internalRequestTimedCallback malloc p_info: 0x7fa5293d20
06-24 14:36:31.318070   979  1009 D RILC    : internalRequestTimedCallback malloc p_info->event: 0x7fa5293d30
06-24 14:36:31.318134   979  1009 D RIL     : Nw URC:+ECSQ: 15,38,1,1,1,-50,-412,7,11,39
06-24 14:36:31.318174   979  1009 D RIL     : Act==7, force ECSQ <sig1>:15 -> 0
06-24 14:36:31.318212   979  1009 D RILC    : callForRilVersion new vendor RIL, version: 11
06-24 14:36:31.318246   979  1009 I RILC    : RIL_SOCKET_2 UNSOLICITED: UNSOL_SIGNAL_STRENGTH length:68
06-24 14:36:31.318272   979  1009 E RILC    : Send Response to rild-mal
06-24 14:36:31.318323   979  1009 E RILC    : Send Response to RIL_SOCKET_2
06-24 14:36:31.318375   979  1009 I AT      : AT read start
06-24 14:36:31.320476  1095  1106 D RfxMainThread: enqueueMessage(), mainHandler = 0x7fa2efd500, msg = [type=URC, source=GSM, dest=GSM, pId=UNSOL_SIGNAL_STRENGTH(1009), pToken=0, id=UNSOL_SIGNAL_STRENGTH(1009), token=0, slotId=1,             error = 0, pTimeStamp =           0, isWrongC2KResponse = 0]
06-24 14:36:31.320585  1095  1101 D RfxMainThread: handle msg begin, mainHandler = 0x7fa2efd500
06-24 14:36:31.320669  1095  1101 D RfxRootController: processMessage() msg = [type=URC, source=GSM, dest=GSM, pId=UNSOL_SIGNAL_STRENGTH(1009), pToken=0, id=UNSOL_SIGNAL_STRENGTH(1009), token=0, slotId=1,             error = 0, pTimeStamp =           0, isWrongC2KResponse = 0]
06-24 14:36:31.320707  1095  1101 D RfxRootController: processMessage() handler = 0x7fa2ef1380, RpNwStateController
06-24 14:36:31.320743  1095  1101 D RfxRilAdapter: client: unsol response to client
06-24 14:36:31.320773  1095  1101 D RpRilClientController: client 1001 handle unsolictied
06-24 14:36:31.327318  1095  1101 D RilClient: capabilitySim = 1
06-24 14:36:31.327482  1095  1101 D RilClient: command Fd not ready here
06-24 14:36:31.327616  1095  1101 D RILC    : RIL_onUnsolicitedResponse: default
06-24 14:36:31.327934  1095  1101 D RfxRilAdapter: responseToRilj send Urc done (slotId=1, PId=1009, dataSize=68)
06-24 14:36:31.328849  1996  1996 D GsmSST  : [GsmSST1] handle EVENT_SIGNAL_STRENGTH_UPDATE
06-24 14:36:31.329154  1996  1996 D GsmSST  : [GsmSST1] onSignalStrengthResult():  LastSignalStrength=SignalStrength: 0 37 -120 -160 -7 0 -1 99 -103 -11 55 2147483647 gsm|lte 1 1 1
06-24 14:36:31.329379  1996  1996 D GsmSST  : [GsmSST1] onSignalStrengthResult():new mSignalStrength=SignalStrength: 0 38 -120 -160 -7 0 -1 99 -103 -12 27 2147483647 gsm|lte 1 1 1
06-24 14:36:31.329667  1996  1996 W SignalStrength: SignalStrength get plugin
06-24 14:36:31.329871  1996  1996 I use-Rlog/RLOG-GSM: getLTELevel - rsrp:-103 snr:27 rsrpIconLevel:4 snrIconLevel:2
06-24 14:36:31.330031  1996  1996 D GsmSST  : [GsmSST1] notifySignalStrength: mSignalStrength.getLevel=4
06-24 14:36:31.330550  1996  1996 D DefaultPhoneNotifier: notifySignalStrength: mRegistry=com.android.internal.telephony.ITelephonyRegistry$Stub$Proxy@6a42a0b ss=SignalStrength: 0 38 -120 -160 -7 0 -1 99 -103 -12 27 2147483647 gsm|lte 1 1 1 sender=Handler (com.android.internal.telephony.gsm.GSMPhone) {5ba87f0}
06-24 14:36:31.332175  1033  2070 D TelephonyRegistry: notifySignalStrengthForSubscriber: subId=1 signalStrength=SignalStrength: 0 38 -120 -160 -7 0 -1 99 -103 -12 27 2147483647 gsm|lte 1 1 1
06-24 14:36:31.332365  1033  2070 D TelephonyRegistry: notifySignalStrengthForSubscriber: logSSC.length=5 next=1
06-24 14:36:31.333405  1033  2070 D TelephonyRegistry: notifyServiceStateForSubscriber Time 20160624T142721Asia/Shanghai(5,175,28800,0,1466749641) mSubId 1 mPhoneId 1  mState 0 0 voice home data home 中国移动 中国移动 46000 中国移动 中国移动 46000  LTE LTE CSS not supported -1 -1 RoamInd=-1 DefRoamInd=-1 EmergOnly=false Ril Voice Regist state: 1 Ril Data Regist state: 1 mProprietaryDataRadioTechnology: 0 VoiceRejectCause: 0 DataRejectCause: -1 IsDataRoamingFromRegistration=false
06-24 14:36:31.334180  1033  2070 D TelephonyRegistry: notifyServiceStateForSubscriber Time 20160624T142728Asia/Shanghai(5,175,28800,0,1466749648) mSubId 1 mPhoneId 1  mState 0 0 voice home data home 中国移动 中国移动 46000 中国移动 中国移动 46000  LTE LTE CSS not supported -1 -1 RoamInd=-1 DefRoamInd=-1 EmergOnly=false Ril Voice Regist state: 1 Ril Data Regist state: 1 mProprietaryDataRadioTechnology: 0 VoiceRejectCause: 0 DataRejectCause: -1 IsDataRoamingFromRegistration=false
06-24 14:36:31.334976  1033  2070 D TelephonyRegistry: notifyServiceStateForSubscriber Time 20160624T143528Asia/Shanghai(5,175,28800,0,1466750128) mSubId 1 mPhoneId 1  mState 0 0 voice home data home 中国移动 中国移动 46000 中国移动 中国移动 46000  LTE LTE CSS not supported -1 -1 RoamInd=-1 DefRoamInd=-1 EmergOnly=false Ril Voice Regist state: 1 Ril Data Regist state: 1 mProprietaryDataRadioTechnology: 0 VoiceRejectCause: 0 DataRejectCause: -1 IsDataRoamingFromRegistration=false
06-24 14:36:31.335717  1033  2070 D TelephonyRegistry: notifyServiceStateForSubscriber Time 20160624T143528Asia/Shanghai(5,175,28800,0,1466750128) mSubId 1 mPhoneId 1  mState 0 0 voice home data home 中国移动 中国移动 46000 中国移动 中国移动 46000  LTE LTE CSS not supported -1 -1 RoamInd=-1 DefRoamInd=-1 EmergOnly=false Ril Voice Regist state: 1 Ril Data Regist state: 1 mProprietaryDataRadioTechnology: 0 VoiceRejectCause: 0 DataRejectCause: -1 IsDataRoamingFromRegistration=false
06-24 14:36:31.336508  1033  2070 D TelephonyRegistry: notifyServiceStateForSubscriber Time 20160624T143615Asia/Shanghai(5,175,28800,0,1466750175) mSubId 1 mPhoneId 1  mState 0 0 voice home data home 中国移动 中国移动 46000 中国移动 中国移动 46000  LTE LTE CSS not supported -1 -1 RoamInd=-1 DefRoamInd=-1 EmergOnly=false Ril Voice Regist state: 1 Ril Data Regist state: 1 mProprietaryDataRadioTechnology: 0 VoiceRejectCause: 0 DataRejectCause: -1 IsDataRoamingFromRegistration=false
06-24 14:36:31.336672  1033  2070 D TelephonyRegistry: notifySignalStrengthForSubscriber: ----------------
06-24 14:36:31.345938  1033  2070 D TelephonyRegistry: validatePhoneId: true
06-24 14:36:31.346081  1033  2070 D TelephonyRegistry: notifySignalStrengthForSubscriber: valid phoneId=1
06-24 14:36:31.346129  1033  2070 D TelephonyRegistry: idMatch: rlt=true
06-24 14:36:31.347227  1033  2070 D TelephonyRegistry: idMatch: rlt=true
06-24 14:36:31.347921  1033  2070 D TelephonyRegistry: idMatch: rlt=true
06-24 14:36:31.348483  1341  1341 W SignalStrength: SignalStrength get plugin
06-24 14:36:31.348567  1341  1341 I use-Rlog/RLOG-GSM: getLTELevel - rsrp:-103 snr:27 rsrpIconLevel:4 snrIconLevel:2
06-24 14:36:31.348756  1341  1341 W SignalStrength: SignalStrength get plugin
06-24 14:36:31.348803  1341  1341 I use-Rlog/RLOG-GSM: getLTELevel - rsrp:-103 snr:27 rsrpIconLevel:4 snrIconLevel:2
06-24 14:36:31.352357  1033  2070 D TelephonyRegistry: idMatch: rlt=true
06-24 14:36:31.353304  1033  2070 D TelephonyRegistry: idMatch: rlt=true
06-24 14:36:31.353763  1033  2070 D TelephonyRegistry: idMatch: rlt=true
06-24 14:36:31.354235  1033  2070 D TelephonyRegistry: idMatch: rlt=true
06-24 14:36:31.355237  1033  2070 D TelephonyRegistry: idMatch: rlt=true
06-24 14:36:31.355759  1033  2070 D TelephonyRegistry: idMatch: rlt=true
06-24 14:36:31.356150  1033  2070 D TelephonyRegistry: idMatch: rlt=true
06-24 14:36:31.356528  1033  2070 D TelephonyRegistry: idMatch: rlt=true
06-24 14:36:31.356919  1033  2070 D TelephonyRegistry: handleRemoveListLocked: mRemoveList.size()=0
06-24 14:36:31.357533  1033  2070 W SignalStrength: SignalStrength get plugin
06-24 14:36:31.357650  1033  2070 I use-Rlog/RLOG-GSM: getLTELevel - rsrp:-103 snr:27 rsrpIconLevel:4 snrIconLevel:2
06-24 14:36:31.360575  1996  1996 D GsmSST  : [GsmSST1] handleMessage msg done
06-24 14:36:31.555863   370   793 I RPC     : RPC-client RX thread after select! - (0)
06-24 14:36:31.555929   370   793 I RPC     : RPC-client RX thread Before select!
06-24 14:36:31.597797   842   842 D RILMUXD : [gsm0710muxd] 3913:main(): Frames received/dropped: 38609/0
06-24 14:36:31.836752  1996  2009 D SubscriptionController: getSimStateForSlotIdx:  simState=READY ordinal=5
06-24 14:36:31.837132 20071 20239 D SubscriptionManager: getSimStateForSubscriber: simState=5 slotIdx=1
06-24 14:36:31.838962 20071 20239 D TelephonyManager: getNetworkOperatorName phoneId= 1
06-24 14:36:32.061622   370   793 I RPC     : RPC-client RX thread after select! - (0)
06-24 14:36:32.061688   370   793 I RPC     : RPC-client RX thread Before select!
06-24 14:36:32.319211   979   998 D RILC    : s_last_wake_timeout_info: 0x7fa5293d20 reset to NULL
06-24 14:36:32.319286   979   998 D RILC    : userTimerCallback free  p_info: 0x7fa5293d20
06-24 14:36:32.319312   979   998 D RILC    : userTimerCallback free  p_info->event: 0x7fa5293d30
06-24 14:36:32.562420   370   793 I RPC     : RPC-client RX thread after select! - (0)
06-24 14:36:32.562608   370   793 I RPC     : RPC-client RX thread Before select!
06-24 14:36:33.063755   370   793 I RPC     : RPC-client RX thread after select! - (0)
06-24 14:36:33.063945   370   793 I RPC     : RPC-client RX thread Before select!
06-24 14:36:33.564727   370   793 I RPC     : RPC-client RX thread after select! - (0)
06-24 14:36:33.564917   370   793 I RPC     : RPC-client RX thread Before select!
06-24 14:36:34.065514   370   793 I RPC     : RPC-client RX thread after select! - (0)
06-24 14:36:34.065706   370   793 I RPC     : RPC-client RX thread Before select!
06-24 14:36:34.234385  1996  2292 D GSMPhone: [GSMPhone] getServiceState : getState() : 0 getDataRegState() : 0
06-24 14:36:34.566774   370   793 I RPC     : RPC-client RX thread after select! - (0)
06-24 14:36:34.566963   370   793 I RPC     : RPC-client RX thread Before select!
06-24 14:36:35.067715   370   793 I RPC     : RPC-client RX thread after select! - (0)
06-24 14:36:35.067907   370   793 I RPC     : RPC-client RX thread Before select!
06-24 14:36:35.568517   370   793 I RPC     : RPC-client RX thread after select! - (0)
06-24 14:36:35.568568   370   793 I RPC     : RPC-client RX thread Before select!
06-24 14:36:36.069293   370   793 I RPC     : RPC-client RX thread after select! - (0)
06-24 14:36:36.069487   370   793 I RPC     : RPC-client RX thread Before select!
06-24 14:36:36.437800   842   963 D RILMUXD : [gsm0710muxd] 1649:gsm0710_base_buffer_get_frame(): Get a complete frame. ch:2, ctrl:239, len:38
06-24 14:36:36.438077   842   963 D RILMUXD : [gsm0710muxd] 2394:extract_frames(): Writing 38 byte frame received on channel 2 to /dev/pts/7
06-24 14:36:36.438337   842   963 D RILMUXD : [gsm0710muxd] 2414:extract_frames(): write() returned. Written 38/38 bytes of frame to /dev/pts/7
06-24 14:36:36.438520   842   963 D RILMUXD : [gsm0710muxd] 2419:extract_frames(): fsync() failed (-1, 22 - Invalid argument)
06-24 14:36:36.439927   979  1009 I AT      : AT read end: 38
06-24 14:36:36.440098   979  1009 D AT      : AT< +ECSQ: 14,35,1,1,1,-52,-423,7,9,39
06-24 14:36:36.440228   979  1009 D AT      : RIL_URC2_READER Enter processLine:+ECSQ: 14,35,1,1,1,-52,-423,7,9,39
06-24 14:36:36.440541   979  1009 D RILC    : [MAL_AT] data sent to rild-mal-at is '+ECSQ: 14,35,1,1,1,-52,-423,7,9,39'
06-24 14:36:36.440931   979  1009 D RILC    : internalRequestTimedCallback malloc p_info: 0x7fa5293180
06-24 14:36:36.441088   979  1009 D RILC    : internalRequestTimedCallback malloc p_info->event: 0x7fa5293190
06-24 14:36:36.441414   979  1009 D RIL     : Nw URC:+ECSQ: 14,35,1,1,1,-52,-423,7,9,39
06-24 14:36:36.441573   979  1009 D RIL     : Act==7, force ECSQ <sig1>:14 -> 0
06-24 14:36:36.441735   979  1009 D RILC    : callForRilVersion new vendor RIL, version: 11
06-24 14:36:36.441880   979  1009 I RILC    : RIL_SOCKET_2 UNSOLICITED: UNSOL_SIGNAL_STRENGTH length:68
06-24 14:36:36.442009   979  1009 E RILC    : Send Response to rild-mal
06-24 14:36:36.456057   979  1009 E RILC    : Send Response to RIL_SOCKET_2
06-24 14:36:36.466229  1095  1106 D RfxMainThread: enqueueMessage(), mainHandler = 0x7fa2efd6c0, msg = [type=URC, source=GSM, dest=GSM, pId=UNSOL_SIGNAL_STRENGTH(1009), pToken=0, id=UNSOL_SIGNAL_STRENGTH(1009), token=0, slotId=1,             error = 0, pTimeStamp =           0, isWrongC2KResponse = 0]
06-24 14:36:36.466578  1095  1101 D RfxMainThread: handle msg begin, mainHandler = 0x7fa2efd6c0
06-24 14:36:36.466966  1095  1101 D RfxRootController: processMessage() msg = [type=URC, source=GSM, dest=GSM, pId=UNSOL_SIGNAL_STRENGTH(1009), pToken=0, id=UNSOL_SIGNAL_STRENGTH(1009), token=0, slotId=1,             error = 0, pTimeStamp =           0, isWrongC2KResponse = 0]
06-24 14:36:36.467123  1095  1101 D RfxRootController: processMessage() handler = 0x7fa2ef1380, RpNwStateController
06-24 14:36:36.467268  1095  1101 D RfxRilAdapter: client: unsol response to client
06-24 14:36:36.467392  1095  1101 D RpRilClientController: client 1001 handle unsolictied
06-24 14:36:36.467513  1095  1101 D RilClient: capabilitySim = 1
06-24 14:36:36.467623  1095  1101 D RilClient: command Fd not ready here
06-24 14:36:36.467744  1095  1101 D RILC    : RIL_onUnsolicitedResponse: default
06-24 14:36:36.468041  1095  1101 D RfxRilAdapter: responseToRilj send Urc done (slotId=1, PId=1009, dataSize=68)
06-24 14:36:36.469184  1996  1996 D GsmSST  : [GsmSST1] handle EVENT_SIGNAL_STRENGTH_UPDATE
06-24 14:36:36.469524  1996  1996 D GsmSST  : [GsmSST1] onSignalStrengthResult():  LastSignalStrength=SignalStrength: 0 38 -120 -160 -7 0 -1 99 -103 -12 27 2147483647 gsm|lte 1 1 1
06-24 14:36:36.469755  1996  1996 D GsmSST  : [GsmSST1] onSignalStrengthResult():new mSignalStrength=SignalStrength: 0 35 -120 -160 -7 0 -1 99 -105 -13 22 2147483647 gsm|lte 1 1 1
06-24 14:36:36.470047  1996  1996 W SignalStrength: SignalStrength get plugin
06-24 14:36:36.470260  1996  1996 I use-Rlog/RLOG-GSM: getLTELevel - rsrp:-105 snr:22 rsrpIconLevel:4 snrIconLevel:2
06-24 14:36:36.470445  1996  1996 D GsmSST  : [GsmSST1] notifySignalStrength: mSignalStrength.getLevel=4
06-24 14:36:36.472150   979  1009 I AT      : AT read start
06-24 14:36:36.472258  1996  1996 D DefaultPhoneNotifier: notifySignalStrength: mRegistry=com.android.internal.telephony.ITelephonyRegistry$Stub$Proxy@6a42a0b ss=SignalStrength: 0 35 -120 -160 -7 0 -1 99 -105 -13 22 2147483647 gsm|lte 1 1 1 sender=Handler (com.android.internal.telephony.gsm.GSMPhone) {5ba87f0}
06-24 14:36:36.472720  1033  2073 D TelephonyRegistry: notifySignalStrengthForSubscriber: subId=1 signalStrength=SignalStrength: 0 35 -120 -160 -7 0 -1 99 -105 -13 22 2147483647 gsm|lte 1 1 1
06-24 14:36:36.472768  1033  2073 D TelephonyRegistry: notifySignalStrengthForSubscriber: logSSC.length=5 next=1
06-24 14:36:36.473144  1033  2073 D TelephonyRegistry: notifyServiceStateForSubscriber Time 20160624T142721Asia/Shanghai(5,175,28800,0,1466749641) mSubId 1 mPhoneId 1  mState 0 0 voice home data home 中国移动 中国移动 46000 中国移动 中国移动 46000  LTE LTE CSS not supported -1 -1 RoamInd=-1 DefRoamInd=-1 EmergOnly=false Ril Voice Regist state: 1 Ril Data Regist state: 1 mProprietaryDataRadioTechnology: 0 VoiceRejectCause: 0 DataRejectCause: -1 IsDataRoamingFromRegistration=false
06-24 14:36:36.473343  1033  2073 D TelephonyRegistry: notifyServiceStateForSubscriber Time 20160624T142728Asia/Shanghai(5,175,28800,0,1466749648) mSubId 1 mPhoneId 1  mState 0 0 voice home data home 中国移动 中国移动 46000 中国移动 中国移动 46000  LTE LTE CSS not supported -1 -1 RoamInd=-1 DefRoamInd=-1 EmergOnly=false Ril Voice Regist state: 1 Ril Data Regist state: 1 mProprietaryDataRadioTechnology: 0 VoiceRejectCause: 0 DataRejectCause: -1 IsDataRoamingFromRegistration=false
06-24 14:36:36.473527  1033  2073 D TelephonyRegistry: notifyServiceStateForSubscriber Time 20160624T143528Asia/Shanghai(5,175,28800,0,1466750128) mSubId 1 mPhoneId 1  mState 0 0 voice home data home 中国移动 中国移动 46000 中国移动 中国移动 46000  LTE LTE CSS not supported -1 -1 RoamInd=-1 DefRoamInd=-1 EmergOnly=false Ril Voice Regist state: 1 Ril Data Regist state: 1 mProprietaryDataRadioTechnology: 0 VoiceRejectCause: 0 DataRejectCause: -1 IsDataRoamingFromRegistration=false
06-24 14:36:36.473710  1033  2073 D TelephonyRegistry: notifyServiceStateForSubscriber Time 20160624T143528Asia/Shanghai(5,175,28800,0,1466750128) mSubId 1 mPhoneId 1  mState 0 0 voice home data home 中国移动 中国移动 46000 中国移动 中国移动 46000  LTE LTE CSS not supported -1 -1 RoamInd=-1 DefRoamInd=-1 EmergOnly=false Ril Voice Regist state: 1 Ril Data Regist state: 1 mProprietaryDataRadioTechnology: 0 VoiceRejectCause: 0 DataRejectCause: -1 IsDataRoamingFromRegistration=false
06-24 14:36:36.473919  1033  2073 D TelephonyRegistry: notifyServiceStateForSubscriber Time 20160624T143615Asia/Shanghai(5,175,28800,0,1466750175) mSubId 1 mPhoneId 1  mState 0 0 voice home data home 中国移动 中国移动 46000 中国移动 中国移动 46000  LTE LTE CSS not supported -1 -1 RoamInd=-1 DefRoamInd=-1 EmergOnly=false Ril Voice Regist state: 1 Ril Data Regist state: 1 mProprietaryDataRadioTechnology: 0 VoiceRejectCause: 0 DataRejectCause: -1 IsDataRoamingFromRegistration=false
06-24 14:36:36.473964  1033  2073 D TelephonyRegistry: notifySignalStrengthForSubscriber: ----------------
06-24 14:36:36.474713  1033  2073 D TelephonyRegistry: validatePhoneId: true
06-24 14:36:36.474763  1033  2073 D TelephonyRegistry: notifySignalStrengthForSubscriber: valid phoneId=1
06-24 14:36:36.474811  1033  2073 D TelephonyRegistry: idMatch: rlt=true
06-24 14:36:36.475047  1033  2073 D TelephonyRegistry: idMatch: rlt=true
06-24 14:36:36.475420  1033  2073 D TelephonyRegistry: idMatch: rlt=true
06-24 14:36:36.475883  1341  1341 W SignalStrength: SignalStrength get plugin
06-24 14:36:36.475960  1341  1341 I use-Rlog/RLOG-GSM: getLTELevel - rsrp:-105 snr:22 rsrpIconLevel:4 snrIconLevel:2
06-24 14:36:36.476147  1341  1341 W SignalStrength: SignalStrength get plugin
06-24 14:36:36.476193  1341  1341 I use-Rlog/RLOG-GSM: getLTELevel - rsrp:-105 snr:22 rsrpIconLevel:4 snrIconLevel:2
06-24 14:36:36.476592  1033  2073 D TelephonyRegistry: idMatch: rlt=true
06-24 14:36:36.477055  1033  2073 D TelephonyRegistry: idMatch: rlt=true
06-24 14:36:36.477362  1033  2073 D TelephonyRegistry: idMatch: rlt=true
06-24 14:36:36.478173  1033  2073 D TelephonyRegistry: idMatch: rlt=true
06-24 14:36:36.479559  1033  2073 D TelephonyRegistry: idMatch: rlt=true
06-24 14:36:36.481214  1033  2073 D TelephonyRegistry: idMatch: rlt=true
06-24 14:36:36.482316  1033  2073 D TelephonyRegistry: idMatch: rlt=true
06-24 14:36:36.482989  1033  2073 D TelephonyRegistry: idMatch: rlt=true
06-24 14:36:36.483346  1033  2073 D TelephonyRegistry: handleRemoveListLocked: mRemoveList.size()=0
06-24 14:36:36.483492  1033  2073 W SignalStrength: SignalStrength get plugin
06-24 14:36:36.483569  1033  2073 I use-Rlog/RLOG-GSM: getLTELevel - rsrp:-105 snr:22 rsrpIconLevel:4 snrIconLevel:2
06-24 14:36:36.491028  1996  1996 D GsmSST  : [GsmSST1] handleMessage msg done
06-24 14:36:36.570101   370   793 I RPC     : RPC-client RX thread after select! - (0)
06-24 14:36:36.570178   370   793 I RPC     : RPC-client RX thread Before select!
06-24 14:36:36.597976   842   842 D RILMUXD : [gsm0710muxd] 3913:main(): Frames received/dropped: 38610/0
06-24 14:36:37.070615   370   793 I RPC     : RPC-client RX thread after select! - (0)
06-24 14:36:37.070884   370   793 I RPC     : RPC-client RX thread Before select!
06-24 14:36:37.442514   979   998 D RILC    : s_last_wake_timeout_info: 0x7fa5293180 reset to NULL
06-24 14:36:37.442725   979   998 D RILC    : userTimerCallback free  p_info: 0x7fa5293180
06-24 14:36:37.443678   979   998 D RILC    : userTimerCallback free  p_info->event: 0x7fa5293190
06-24 14:36:37.572190   370   793 I RPC     : RPC-client RX thread after select! - (0)
06-24 14:36:37.572261   370   793 I RPC     : RPC-client RX thread Before select!
06-24 14:36:38.073009   370   793 I RPC     : RPC-client RX thread after select! - (0)
06-24 14:36:38.073204   370   793 I RPC     : RPC-client RX thread Before select!
06-24 14:36:38.113286  1996  1996 D DctController: [TNF 1]new score 60 for exisiting request NetworkRequest [ id=1, legacyType=-1, [ Capabilities: INTERNET&NOT_RESTRICTED&TRUSTED&NOT_VPN] ]
06-24 14:36:38.114044  1996  1996 D DctController: [TNF 1]  my score=50, my filter=[ Transports: CELLULAR Capabilities: MMS&SUPL&DUN&FOTA&IMS&CBS&IA&RCS&XCAP&EIMS&INTERNET&NOT_RESTRICTED&TRUSTED&NOT_VPN&DM&WAP&NET&CMMAIL&TETHERING&RCSE&VSIM Specifier: <1>]
06-24 14:36:38.114326  1996  1996 D DctController: [TNF 1]evalRequest request = NetworkRequest [ id=1, legacyType=-1, [ Capabilities: INTERNET&NOT_RESTRICTED&TRUSTED&NOT_VPN] ] with requested = false
06-24 14:36:38.114471  1996  1996 D DctController: [TNF 1]  done
06-24 14:36:38.116515  1996  1996 D SubscriptionController: [getSubId]- numSubIds == 0, return DummySubIds slotIdx=0
06-24 14:36:38.116696  1996  1996 D SubscriptionController: getDummySubIds: slotIdx=0 return 2 DummySubIds with each subId=-2
06-24 14:36:38.116800  1996  1996 D DctController: [TNF -2]new score 60 for exisiting request NetworkRequest [ id=1, legacyType=-1, [ Capabilities: INTERNET&NOT_RESTRICTED&TRUSTED&NOT_VPN] ]
06-24 14:36:38.117479  1996  1996 D SubscriptionController: [getSubId]- numSubIds == 0, return DummySubIds slotIdx=0
06-24 14:36:38.117608  1996  1996 D SubscriptionController: getDummySubIds: slotIdx=0 return 2 DummySubIds with each subId=-2
06-24 14:36:38.117711  1996  1996 D DctController: [TNF -2]  my score=50, my filter=[ Transports: CELLULAR Capabilities: MMS&SUPL&DUN&FOTA&IMS&CBS&IA&RCS&XCAP&EIMS&INTERNET&NOT_RESTRICTED&TRUSTED&NOT_VPN&DM&WAP&NET&CMMAIL&TETHERING&RCSE&VSIM Specifier: <-2>]
06-24 14:36:38.117980  1996  1996 D SubscriptionController: [getSubId]- numSubIds == 0, return DummySubIds slotIdx=0
06-24 14:36:38.118108  1996  1996 D SubscriptionController: getDummySubIds: slotIdx=0 return 2 DummySubIds with each subId=-2
06-24 14:36:38.118205  1996  1996 D DctController: [TNF -2]evalRequest request = NetworkRequest [ id=1, legacyType=-1, [ Capabilities: INTERNET&NOT_RESTRICTED&TRUSTED&NOT_VPN] ] with requested = false
06-24 14:36:38.118348  1996  1996 D SubscriptionController: [getSubId]- numSubIds == 0, return DummySubIds slotIdx=0
06-24 14:36:38.118468  1996  1996 D SubscriptionController: getDummySubIds: slotIdx=0 return 2 DummySubIds with each subId=-2
06-24 14:36:38.118556  1996  1996 D DctController: [TNF -2]  done
06-24 14:36:38.573962   370   793 I RPC     : RPC-client RX thread after select! - (0)
06-24 14:36:38.574530   370   793 I RPC     : RPC-client RX thread Before select!
06-24 14:36:39.075301   370   793 I RPC     : RPC-client RX thread after select! - (0)
06-24 14:36:39.075493   370   793 I RPC     : RPC-client RX thread Before select!
06-24 14:36:39.243962  1996 29304 D GSMPhone: [GSMPhone] getServiceState : getState() : 0 getDataRegState() : 0
06-24 14:36:39.456804   979   998 I RILC    : NUMBER:1
06-24 14:36:39.456970   979   998 I RILC    : arg len:14
06-24 14:36:39.457111   979   998 I RILC    : ARGS[0]:THERMAL,0,-1
06-24 14:36:39.457431   979   998 D RILC    : C[locl]> QUERY_MODEM_THERMAL
06-24 14:36:39.457638   979   998 D RILC-MTK: QUERY_MODEM_THERMAL pRI=0x7fa528c8d0 p=0x7fa52986f0 dispatched to RIL_CMD2_PROXY_1
06-24 14:36:39.459156   979   990 I RILC-MTK: RIL_CMD_PROXY_4 wakeup
06-24 14:36:39.459312   979   990 I RILC-MTK: RIL_CMD_PROXY_4 sleep
