06-24 14:36:39.459478   979   993 I RILC-MTK: RIL_CMD2_PROXY_3 wakeup
06-24 14:36:39.459588   979   993 I RILC-MTK: RIL_CMD2_PROXY_3 sleep
06-24 14:36:39.459746   979   988 I RILC-MTK: RIL_CMD_PROXY_2 wakeup
06-24 14:36:39.459858   979   988 I RILC-MTK: RIL_CMD_PROXY_2 sleep
06-24 14:36:39.460008   979   987 I RILC-MTK: RIL_CMD_PROXY_3 wakeup
06-24 14:36:39.460117   979   987 I RILC-MTK: RIL_CMD_PROXY_3 sleep
06-24 14:36:39.460267   979   989 I RILC-MTK: RIL_CMD_PROXY_1 wakeup
06-24 14:36:39.460388   979   989 I RILC-MTK: RIL_CMD_PROXY_1 sleep
06-24 14:36:39.460538   979   991 I RILC-MTK: RIL_ATCI_PROXY wakeup
06-24 14:36:39.460646   979   991 I RILC-MTK: RIL_ATCI_PROXY sleep
06-24 14:36:39.460942   979   996 I RILC-MTK: RIL_CMD2_PROXY_4 wakeup
06-24 14:36:39.461056   979   996 I RILC-MTK: RIL_CMD2_PROXY_4 sleep
06-24 14:36:39.461213   979   992 I RILC-MTK: RIL_URC2_PROXY wakeup
06-24 14:36:39.461318   979   992 I RILC-MTK: RIL_URC2_PROXY sleep
06-24 14:36:39.461469   979   986 I RILC-MTK: RIL_URC_PROXY wakeup
06-24 14:36:39.461572   979   986 I RILC-MTK: RIL_URC_PROXY sleep
06-24 14:36:39.461725   979   997 I RILC-MTK: RIL_ATCI2_PROXY wakeup
06-24 14:36:39.461830   979   997 I RILC-MTK: RIL_ATCI2_PROXY sleep
06-24 14:36:39.461977   979   994 I RILC-MTK: RIL_CMD2_PROXY_2 wakeup
06-24 14:36:39.462085   979   994 I RILC-MTK: RIL_CMD2_PROXY_2 sleep
06-24 14:36:39.462244   979   995 I RILC-MTK: RIL_CMD2_PROXY_1 wakeup
06-24 14:36:39.462368   979   995 D RILC-MTK: proxy id:9, proxyName: RIL_CMD2_PROXY_1
06-24 14:36:39.462508   979   995 D RILC-MTK: QUERY_MODEM_THERMAL pRI=0x7fa528c8d0 p=0x7fa52986f0 execute on RIL_CMD2_PROXY_1 using channel 9
06-24 14:36:39.462649   979   995 D RILC    : callOnRequest for new vendor ril
06-24 14:36:39.462779   979   995 D RIL     : onRequest: QUERY_MODEM_THERMAL, datalen = 8
06-24 14:36:39.462887   979   995 D RIL     : radioState:10
06-24 14:36:39.463029   979   995 D RIL     : requestQueryThermal Enter,-1
06-24 14:36:39.463184   979   995 D AT      : getRILChannelCtx subsystem:1, rid:1 channelOffset:6
06-24 14:36:39.463307   979   995 D AT      : AT send on RIL_CMD2_READER_3, tid:548218848320
06-24 14:36:39.463491   979   995 D AT      : AT> AT+ETHERMAL
06-24 14:36:39.463611   979   995 I AT      : AT write start
06-24 14:36:39.463876   979   995 I AT      : AT write end, errno = 2, length = 12
06-24 14:36:39.464834   842   969 D RILMUXD : [gsm0710muxd] 3630:poll_thread(): poll_thread select found
06-24 14:36:39.465023   842   969 D RILMUXD : [gsm0710muxd] 1050:pseudo_device_read(): Enter, LackofAtciChannel=0
06-24 14:36:39.465226   842   969 D RILMUXD : [gsm0710muxd] 657:write_frame(): Sending frame to channel 5
06-24 14:36:39.465572   842   969 D RILMUXD : [gsm0710muxd] 772:write_frame(): Write a frame on channel 5 with length 12
06-24 14:36:39.472953   842   963 D RILMUXD : [gsm0710muxd] 1649:gsm0710_base_buffer_get_frame(): Get a complete frame. ch:5, ctrl:239, len:39
06-24 14:36:39.473212   842   963 D RILMUXD : [gsm0710muxd] 2394:extract_frames(): Writing 39 byte frame received on channel 5 to /dev/pts/10
06-24 14:36:39.473467   842   963 D RILMUXD : [gsm0710muxd] 2414:extract_frames(): write() returned. Written 39/39 bytes of frame to /dev/pts/10
06-24 14:36:39.473810   842   963 D RILMUXD : [gsm0710muxd] 2419:extract_frames(): fsync() failed (-1, 22 - Invalid argument)
06-24 14:36:39.474012   842   963 D RILMUXD : [gsm0710muxd] 1649:gsm0710_base_buffer_get_frame(): Get a complete frame. ch:5, ctrl:239, len:6
06-24 14:36:39.474196   842   963 D RILMUXD : [gsm0710muxd] 2394:extract_frames(): Writing 6 byte frame received on channel 5 to /dev/pts/10
06-24 14:36:39.474406   842   963 D RILMUXD : [gsm0710muxd] 2414:extract_frames(): write() returned. Written 6/6 bytes of frame to /dev/pts/10
06-24 14:36:39.474573   842   963 D RILMUXD : [gsm0710muxd] 2419:extract_frames(): fsync() failed (-1, 22 - Invalid argument)
06-24 14:36:39.475668   979  1012 I AT      : AT read end: 45
06-24 14:36:39.475803   979  1012 D AT      : AT< +ETHERMAL: 3, 40, -127, 0, 32767, 1
06-24 14:36:39.475929   979  1012 D AT      : RIL_CMD2_READER_3 Enter processLine:+ETHERMAL: 3, 40, -127, 0, 32767, 1
06-24 14:36:39.476050   979  1012 D AT      : AT< OK
06-24 14:36:39.476167   979  1012 D AT      : RIL_CMD2_READER_3 Enter processLine:OK
06-24 14:36:39.476326   979  1012 I AT      : AT read start
06-24 14:36:39.476904   979   995 D AT      : response received on RIL_CMD2_READER_3, tid:548218848320
06-24 14:36:39.477039   979   995 D RIL     : requestQueryThermal success
06-24 14:36:39.477167   979   995 D RILC    : RequestComplete, RIL_SOCKET_2
06-24 14:36:39.477302   979   995 D RILC    : [THERMAL] local request for THERMAL returned 
06-24 14:36:39.478174   979   995 D RILC    : [THERMAL] s_THERMAL_fd is valid strResult is  3, 40, -127, 0, 32767, 1
06-24 14:36:39.478417   979   995 D RILC-MTK: proxyLoop free  pRI=0x7fa528c8d0 p=0x7fa52986f0 
06-24 14:36:39.478568   979   995 D RILC-MTK: proxyLoop free  pRequest=0x7fa2f73500
06-24 14:36:39.478682   979   995 I RILC-MTK: RIL_CMD2_PROXY_1 sleep
06-24 14:36:39.576156   370   793 I RPC     : RPC-client RX thread after select! - (0)
06-24 14:36:39.576345   370   793 I RPC     : RPC-client RX thread Before select!
06-24 14:36:39.609931  1996  2009 D TelephonyManager: getLteOnCdmaMode=1 curVal=1 product_type='' lteOnCdmaProductType=''
06-24 14:36:39.609993  1996  2009 D CDMAPhone: getDeviceId() in CDMALTEPhone  : return Imei
06-24 14:36:40.077112   370   793 I RPC     : RPC-client RX thread after select! - (0)
06-24 14:36:40.077306   370   793 I RPC     : RPC-client RX thread Before select!
06-24 14:36:40.578068   370   793 I RPC     : RPC-client RX thread after select! - (0)
06-24 14:36:40.578267   370   793 I RPC     : RPC-client RX thread Before select!
06-24 14:36:41.079286   370   793 I RPC     : RPC-client RX thread after select! - (0)
06-24 14:36:41.079481   370   793 I RPC     : RPC-client RX thread Before select!
06-24 14:36:41.134216  1996  1996 D DctController: [TNF 1]new score 56 for exisiting request NetworkRequest [ id=1, legacyType=-1, [ Capabilities: INTERNET&NOT_RESTRICTED&TRUSTED&NOT_VPN] ]
06-24 14:36:41.134525  1996  1996 D DctController: [TNF 1]  my score=50, my filter=[ Transports: CELLULAR Capabilities: MMS&SUPL&DUN&FOTA&IMS&CBS&IA&RCS&XCAP&EIMS&INTERNET&NOT_RESTRICTED&TRUSTED&NOT_VPN&DM&WAP&NET&CMMAIL&TETHERING&RCSE&VSIM Specifier: <1>]
06-24 14:36:41.134641  1996  1996 D DctController: [TNF 1]evalRequest request = NetworkRequest [ id=1, legacyType=-1, [ Capabilities: INTERNET&NOT_RESTRICTED&TRUSTED&NOT_VPN] ] with requested = false
06-24 14:36:41.134694  1996  1996 D DctController: [TNF 1]  done
06-24 14:36:41.135595  1996  1996 D SubscriptionController: [getSubId]- numSubIds == 0, return DummySubIds slotIdx=0
06-24 14:36:41.135665  1996  1996 D SubscriptionController: getDummySubIds: slotIdx=0 return 2 DummySubIds with each subId=-2
06-24 14:36:41.135700  1996  1996 D DctController: [TNF -2]new score 56 for exisiting request NetworkRequest [ id=1, legacyType=-1, [ Capabilities: INTERNET&NOT_RESTRICTED&TRUSTED&NOT_VPN] ]
06-24 14:36:41.135955  1996  1996 D SubscriptionController: [getSubId]- numSubIds == 0, return DummySubIds slotIdx=0
06-24 14:36:41.136005  1996  1996 D SubscriptionController: getDummySubIds: slotIdx=0 return 2 DummySubIds with each subId=-2
06-24 14:36:41.136040  1996  1996 D DctController: [TNF -2]  my score=50, my filter=[ Transports: CELLULAR Capabilities: MMS&SUPL&DUN&FOTA&IMS&CBS&IA&RCS&XCAP&EIMS&INTERNET&NOT_RESTRICTED&TRUSTED&NOT_VPN&DM&WAP&NET&CMMAIL&TETHERING&RCSE&VSIM Specifier: <-2>]
06-24 14:36:41.136141  1996  1996 D SubscriptionController: [getSubId]- numSubIds == 0, return DummySubIds slotIdx=0
06-24 14:36:41.136224  1996  1996 D SubscriptionController: getDummySubIds: slotIdx=0 return 2 DummySubIds with each subId=-2
06-24 14:36:41.136259  1996  1996 D DctController: [TNF -2]evalRequest request = NetworkRequest [ id=1, legacyType=-1, [ Capabilities: INTERNET&NOT_RESTRICTED&TRUSTED&NOT_VPN] ] with requested = false
06-24 14:36:41.136317  1996  1996 D SubscriptionController: [getSubId]- numSubIds == 0, return DummySubIds slotIdx=0
06-24 14:36:41.136360  1996  1996 D SubscriptionController: getDummySubIds: slotIdx=0 return 2 DummySubIds with each subId=-2
06-24 14:36:41.136389  1996  1996 D DctController: [TNF -2]  done
06-24 14:36:41.557641   842   963 D RILMUXD : [gsm0710muxd] 1649:gsm0710_base_buffer_get_frame(): Get a complete frame. ch:2, ctrl:239, len:38
06-24 14:36:41.557920   842   963 D RILMUXD : [gsm0710muxd] 2394:extract_frames(): Writing 38 byte frame received on channel 2 to /dev/pts/7
06-24 14:36:41.558184   842   963 D RILMUXD : [gsm0710muxd] 2414:extract_frames(): write() returned. Written 38/38 bytes of frame to /dev/pts/7
06-24 14:36:41.558360   842   963 D RILMUXD : [gsm0710muxd] 2419:extract_frames(): fsync() failed (-1, 22 - Invalid argument)
06-24 14:36:41.559314   979  1009 I AT      : AT read end: 38
06-24 14:36:41.559482   979  1009 D AT      : AT< +ECSQ: 14,35,1,1,1,-51,-421,7,9,39
06-24 14:36:41.559609   979  1009 D AT      : RIL_URC2_READER Enter processLine:+ECSQ: 14,35,1,1,1,-51,-421,7,9,39
06-24 14:36:41.559847   979  1009 D RILC    : [MAL_AT] data sent to rild-mal-at is '+ECSQ: 14,35,1,1,1,-51,-421,7,9,39'
06-24 14:36:41.560081   979  1009 D RILC    : internalRequestTimedCallback malloc p_info: 0x7fa5293360
06-24 14:36:41.560232   979  1009 D RILC    : internalRequestTimedCallback malloc p_info->event: 0x7fa5293370
06-24 14:36:41.560458   979  1009 D RIL     : Nw URC:+ECSQ: 14,35,1,1,1,-51,-421,7,9,39
06-24 14:36:41.560615   979  1009 D RIL     : Act==7, force ECSQ <sig1>:14 -> 0
06-24 14:36:41.560782   979  1009 D RILC    : callForRilVersion new vendor RIL, version: 11
06-24 14:36:41.561064   979  1009 I RILC    : RIL_SOCKET_2 UNSOLICITED: UNSOL_SIGNAL_STRENGTH length:68
06-24 14:36:41.561185   979  1009 E RILC    : Send Response to rild-mal
06-24 14:36:41.577301   979  1009 E RILC    : Send Response to RIL_SOCKET_2
06-24 14:36:41.579714  1095  1106 D RfxMainThread: enqueueMessage(), mainHandler = 0x7fa2efd5a0, msg = [type=URC, source=GSM, dest=GSM, pId=UNSOL_SIGNAL_STRENGTH(1009), pToken=0, id=UNSOL_SIGNAL_STRENGTH(1009), token=0, slotId=1,             error = 0, pTimeStamp =           0, isWrongC2KResponse = 0]
06-24 14:36:41.580169  1095  1101 D RfxMainThread: handle msg begin, mainHandler = 0x7fa2efd5a0
06-24 14:36:41.580564  1095  1101 D RfxRootController: processMessage() msg = [type=URC, source=GSM, dest=GSM, pId=UNSOL_SIGNAL_STRENGTH(1009), pToken=0, id=UNSOL_SIGNAL_STRENGTH(1009), token=0, slotId=1,             error = 0, pTimeStamp =           0, isWrongC2KResponse = 0]
06-24 14:36:41.580713  1095  1101 D RfxRootController: processMessage() handler = 0x7fa2ef1380, RpNwStateController
06-24 14:36:41.581584   370   793 I RPC     : RPC-client RX thread after select! - (0)
06-24 14:36:41.581629   370   793 I RPC     : RPC-client RX thread Before select!
06-24 14:36:41.581702  1095  1101 D RfxRilAdapter: client: unsol response to client
06-24 14:36:41.581754  1095  1101 D RpRilClientController: client 1001 handle unsolictied
06-24 14:36:41.581786  1095  1101 D RilClient: capabilitySim = 1
06-24 14:36:41.581810  1095  1101 D RilClient: command Fd not ready here
06-24 14:36:41.581840  1095  1101 D RILC    : RIL_onUnsolicitedResponse: default
06-24 14:36:41.581943  1095  1101 D RfxRilAdapter: responseToRilj send Urc done (slotId=1, PId=1009, dataSize=68)
06-24 14:36:41.582276  1996  1996 D GsmSST  : [GsmSST1] handle EVENT_SIGNAL_STRENGTH_UPDATE
06-24 14:36:41.582378  1996  1996 D GsmSST  : [GsmSST1] onSignalStrengthResult():  LastSignalStrength=SignalStrength: 0 35 -120 -160 -7 0 -1 99 -105 -13 22 2147483647 gsm|lte 1 1 1
06-24 14:36:41.582432  1996  1996 D GsmSST  : [GsmSST1] onSignalStrengthResult():new mSignalStrength=SignalStrength: 0 35 -120 -160 -7 0 -1 99 -105 -12 22 2147483647 gsm|lte 1 1 1
06-24 14:36:41.582541  1996  1996 W SignalStrength: SignalStrength get plugin
06-24 14:36:41.582601  1996  1996 I use-Rlog/RLOG-GSM: getLTELevel - rsrp:-105 snr:22 rsrpIconLevel:4 snrIconLevel:2
06-24 14:36:41.582638  1996  1996 D GsmSST  : [GsmSST1] notifySignalStrength: mSignalStrength.getLevel=4
06-24 14:36:41.582825  1996  1996 D DefaultPhoneNotifier: notifySignalStrength: mRegistry=com.android.internal.telephony.ITelephonyRegistry$Stub$Proxy@6a42a0b ss=SignalStrength: 0 35 -120 -160 -7 0 -1 99 -105 -12 22 2147483647 gsm|lte 1 1 1 sender=Handler (com.android.internal.telephony.gsm.GSMPhone) {5ba87f0}
06-24 14:36:41.583340  1033  2023 D TelephonyRegistry: notifySignalStrengthForSubscriber: subId=1 signalStrength=SignalStrength: 0 35 -120 -160 -7 0 -1 99 -105 -12 22 2147483647 gsm|lte 1 1 1
06-24 14:36:41.583390  1033  2023 D TelephonyRegistry: notifySignalStrengthForSubscriber: logSSC.length=5 next=1
06-24 14:36:41.583802  1033  2023 D TelephonyRegistry: notifyServiceStateForSubscriber Time 20160624T142721Asia/Shanghai(5,175,28800,0,1466749641) mSubId 1 mPhoneId 1  mState 0 0 voice home data home 中国移动 中国移动 46000 中国移动 中国移动 46000  LTE LTE CSS not supported -1 -1 RoamInd=-1 DefRoamInd=-1 EmergOnly=false Ril Voice Regist state: 1 Ril Data Regist state: 1 mProprietaryDataRadioTechnology: 0 VoiceRejectCause: 0 DataRejectCause: -1 IsDataRoamingFromRegistration=false
06-24 14:36:41.584030  1033  2023 D TelephonyRegistry: notifyServiceStateForSubscriber Time 20160624T142728Asia/Shanghai(5,175,28800,0,1466749648) mSubId 1 mPhoneId 1  mState 0 0 voice home data home 中国移动 中国移动 46000 中国移动 中国移动 46000  LTE LTE CSS not supported -1 -1 RoamInd=-1 DefRoamInd=-1 EmergOnly=false Ril Voice Regist state: 1 Ril Data Regist state: 1 mProprietaryDataRadioTechnology: 0 VoiceRejectCause: 0 DataRejectCause: -1 IsDataRoamingFromRegistration=false
06-24 14:36:41.584234  1033  2023 D TelephonyRegistry: notifyServiceStateForSubscriber Time 20160624T143528Asia/Shanghai(5,175,28800,0,1466750128) mSubId 1 mPhoneId 1  mState 0 0 voice home data home 中国移动 中国移动 46000 中国移动 中国移动 46000  LTE LTE CSS not supported -1 -1 RoamInd=-1 DefRoamInd=-1 EmergOnly=false Ril Voice Regist state: 1 Ril Data Regist state: 1 mProprietaryDataRadioTechnology: 0 VoiceRejectCause: 0 DataRejectCause: -1 IsDataRoamingFromRegistration=false
06-24 14:36:41.584417  1033  2023 D TelephonyRegistry: notifyServiceStateForSubscriber Time 20160624T143528Asia/Shanghai(5,175,28800,0,1466750128) mSubId 1 mPhoneId 1  mState 0 0 voice home data home 中国移动 中国移动 46000 中国移动 中国移动 46000  LTE LTE CSS not supported -1 -1 RoamInd=-1 DefRoamInd=-1 EmergOnly=false Ril Voice Regist state: 1 Ril Data Regist state: 1 mProprietaryDataRadioTechnology: 0 VoiceRejectCause: 0 DataRejectCause: -1 IsDataRoamingFromRegistration=false
06-24 14:36:41.584613  1033  2023 D TelephonyRegistry: notifyServiceStateForSubscriber Time 20160624T143615Asia/Shanghai(5,175,28800,0,1466750175) mSubId 1 mPhoneId 1  mState 0 0 voice home data home 中国移动 中国移动 46000 中国移动 中国移动 46000  LTE LTE CSS not supported -1 -1 RoamInd=-1 DefRoamInd=-1 EmergOnly=false Ril Voice Regist state: 1 Ril Data Regist state: 1 mProprietaryDataRadioTechnology: 0 VoiceRejectCause: 0 DataRejectCause: -1 IsDataRoamingFromRegistration=false
06-24 14:36:41.584659  1033  2023 D TelephonyRegistry: notifySignalStrengthForSubscriber: ----------------
06-24 14:36:41.590665  1033  2023 D TelephonyRegistry: validatePhoneId: true
06-24 14:36:41.590761  1033  2023 D TelephonyRegistry: notifySignalStrengthForSubscriber: valid phoneId=1
06-24 14:36:41.590913  1033  2023 D TelephonyRegistry: idMatch: rlt=true
06-24 14:36:41.591144  1033  2023 D TelephonyRegistry: idMatch: rlt=true
06-24 14:36:41.595061  1033  2023 D TelephonyRegistry: idMatch: rlt=true
06-24 14:36:41.595318   979  1009 I AT      : AT read start
06-24 14:36:41.595736  1341  1341 W SignalStrength: SignalStrength get plugin
06-24 14:36:41.595808  1341  1341 I use-Rlog/RLOG-GSM: getLTELevel - rsrp:-105 snr:22 rsrpIconLevel:4 snrIconLevel:2
06-24 14:36:41.595997  1341  1341 W SignalStrength: SignalStrength get plugin
06-24 14:36:41.596042  1341  1341 I use-Rlog/RLOG-GSM: getLTELevel - rsrp:-105 snr:22 rsrpIconLevel:4 snrIconLevel:2
06-24 14:36:41.598369   842   842 D RILMUXD : [gsm0710muxd] 3913:main(): Frames received/dropped: 38613/0
06-24 14:36:41.601054  1033  2023 D TelephonyRegistry: idMatch: rlt=true
06-24 14:36:41.601576  1033  2023 D TelephonyRegistry: idMatch: rlt=true
06-24 14:36:41.601867  1033  2023 D TelephonyRegistry: idMatch: rlt=true
06-24 14:36:41.602260  1033  2023 D TelephonyRegistry: idMatch: rlt=true
06-24 14:36:41.603174  1033  2023 D TelephonyRegistry: idMatch: rlt=true
06-24 14:36:41.603551  1033  2023 D TelephonyRegistry: idMatch: rlt=true
06-24 14:36:41.603870  1033  2023 D TelephonyRegistry: idMatch: rlt=true
06-24 14:36:41.604163  1033  2023 D TelephonyRegistry: idMatch: rlt=true
06-24 14:36:41.604473  1033  2023 D TelephonyRegistry: handleRemoveListLocked: mRemoveList.size()=0
06-24 14:36:41.604689  1033  2023 W SignalStrength: SignalStrength get plugin
06-24 14:36:41.604794  1033  2023 I use-Rlog/RLOG-GSM: getLTELevel - rsrp:-105 snr:22 rsrpIconLevel:4 snrIconLevel:2
06-24 14:36:41.614399  1996  1996 D GsmSST  : [GsmSST1] handleMessage msg done
06-24 14:36:42.082365   370   793 I RPC     : RPC-client RX thread after select! - (0)
06-24 14:36:42.082553   370   793 I RPC     : RPC-client RX thread Before select!
06-24 14:36:42.560972   979   998 D RILC    : s_last_wake_timeout_info: 0x7fa5293360 reset to NULL
06-24 14:36:42.561036   979   998 D RILC    : userTimerCallback free  p_info: 0x7fa5293360
06-24 14:36:42.561064   979   998 D RILC    : userTimerCallback free  p_info->event: 0x7fa5293370
06-24 14:36:42.583169   370   793 I RPC     : RPC-client RX thread after select! - (0)
06-24 14:36:42.583221   370   793 I RPC     : RPC-client RX thread Before select!
06-24 14:36:43.083814   370   793 I RPC     : RPC-client RX thread after select! - (0)
06-24 14:36:43.083891   370   793 I RPC     : RPC-client RX thread Before select!
06-24 14:36:43.584635   370   793 I RPC     : RPC-client RX thread after select! - (0)
06-24 14:36:43.584835   370   793 I RPC     : RPC-client RX thread Before select!
06-24 14:36:44.085453   370   793 I RPC     : RPC-client RX thread after select! - (0)
06-24 14:36:44.085508   370   793 I RPC     : RPC-client RX thread Before select!
06-24 14:36:44.262563  1996  2292 D GSMPhone: [GSMPhone] getServiceState : getState() : 0 getDataRegState() : 0
06-24 14:36:44.586234   370   793 I RPC     : RPC-client RX thread after select! - (0)
06-24 14:36:44.586426   370   793 I RPC     : RPC-client RX thread Before select!
06-24 14:36:45.086938   370   793 I RPC     : RPC-client RX thread after select! - (0)
06-24 14:36:45.087017   370   793 I RPC     : RPC-client RX thread Before select!
06-24 14:36:45.587763   370   793 I RPC     : RPC-client RX thread after select! - (0)
06-24 14:36:45.587954   370   793 I RPC     : RPC-client RX thread Before select!
06-24 14:36:46.088716   370   793 I RPC     : RPC-client RX thread after select! - (0)
06-24 14:36:46.088908   370   793 I RPC     : RPC-client RX thread Before select!
06-24 14:36:46.589709   370   793 I RPC     : RPC-client RX thread after select! - (0)
06-24 14:36:46.589947   370   793 I RPC     : RPC-client RX thread Before select!
06-24 14:36:46.598716   842   842 D RILMUXD : [gsm0710muxd] 3913:main(): Frames received/dropped: 38613/0
06-24 14:36:46.677723   842   963 D RILMUXD : [gsm0710muxd] 1649:gsm0710_base_buffer_get_frame(): Get a complete frame. ch:2, ctrl:239, len:38
06-24 14:36:46.677997   842   963 D RILMUXD : [gsm0710muxd] 2394:extract_frames(): Writing 38 byte frame received on channel 2 to /dev/pts/7
06-24 14:36:46.678260   842   963 D RILMUXD : [gsm0710muxd] 2414:extract_frames(): write() returned. Written 38/38 bytes of frame to /dev/pts/7
06-24 14:36:46.678436   842   963 D RILMUXD : [gsm0710muxd] 2419:extract_frames(): fsync() failed (-1, 22 - Invalid argument)
06-24 14:36:46.679655   979  1009 I AT      : AT read end: 38
06-24 14:36:46.679828   979  1009 D AT      : AT< +ECSQ: 14,36,1,1,1,-51,-420,7,8,39
06-24 14:36:46.679953   979  1009 D AT      : RIL_URC2_READER Enter processLine:+ECSQ: 14,36,1,1,1,-51,-420,7,8,39
06-24 14:36:46.680291   979  1009 D RILC    : [MAL_AT] data sent to rild-mal-at is '+ECSQ: 14,36,1,1,1,-51,-420,7,8,39'
06-24 14:36:46.680531   979  1009 D RILC    : internalRequestTimedCallback malloc p_info: 0x7fa52933c0
06-24 14:36:46.680680   979  1009 D RILC    : internalRequestTimedCallback malloc p_info->event: 0x7fa52933d0
06-24 14:36:46.681023   979  1009 D RIL     : Nw URC:+ECSQ: 14,36,1,1,1,-51,-420,7,8,39
06-24 14:36:46.681189   979  1009 D RIL     : Act==7, force ECSQ <sig1>:14 -> 0
06-24 14:36:46.681358   979  1009 D RILC    : callForRilVersion new vendor RIL, version: 11
06-24 14:36:46.681510   979  1009 I RILC    : RIL_SOCKET_2 UNSOLICITED: UNSOL_SIGNAL_STRENGTH length:68
06-24 14:36:46.696349   979  1009 E RILC    : Send Response to rild-mal
06-24 14:36:46.700791   979  1009 E RILC    : Send Response to RIL_SOCKET_2
06-24 14:36:46.702740  1095  1106 D RfxMainThread: enqueueMessage(), mainHandler = 0x7fa2efd640, msg = [type=URC, source=GSM, dest=GSM, pId=UNSOL_SIGNAL_STRENGTH(1009), pToken=0, id=UNSOL_SIGNAL_STRENGTH(1009), token=0, slotId=1,             error = 0, pTimeStamp =           0, isWrongC2KResponse = 0]
06-24 14:36:46.702853  1095  1101 D RfxMainThread: handle msg begin, mainHandler = 0x7fa2efd640
06-24 14:36:46.702937  1095  1101 D RfxRootController: processMessage() msg = [type=URC, source=GSM, dest=GSM, pId=UNSOL_SIGNAL_STRENGTH(1009), pToken=0, id=UNSOL_SIGNAL_STRENGTH(1009), token=0, slotId=1,             error = 0, pTimeStamp =           0, isWrongC2KResponse = 0]
06-24 14:36:46.702975  1095  1101 D RfxRootController: processMessage() handler = 0x7fa2ef1380, RpNwStateController
06-24 14:36:46.703011  1095  1101 D RfxRilAdapter: client: unsol response to client
06-24 14:36:46.703042  1095  1101 D RpRilClientController: client 1001 handle unsolictied
06-24 14:36:46.703075  1095  1101 D RilClient: capabilitySim = 1
06-24 14:36:46.703100  1095  1101 D RilClient: command Fd not ready here
06-24 14:36:46.703129  1095  1101 D RILC    : RIL_onUnsolicitedResponse: default
06-24 14:36:46.703209  1095  1101 D RfxRilAdapter: responseToRilj send Urc done (slotId=1, PId=1009, dataSize=68)
06-24 14:36:46.703542  1996  1996 D GsmSST  : [GsmSST1] handle EVENT_SIGNAL_STRENGTH_UPDATE
06-24 14:36:46.703641  1996  1996 D GsmSST  : [GsmSST1] onSignalStrengthResult():  LastSignalStrength=SignalStrength: 0 35 -120 -160 -7 0 -1 99 -105 -12 22 2147483647 gsm|lte 1 1 1
06-24 14:36:46.703696  1996  1996 D GsmSST  : [GsmSST1] onSignalStrengthResult():new mSignalStrength=SignalStrength: 0 36 -120 -160 -7 0 -1 99 -105 -12 20 2147483647 gsm|lte 1 1 1
06-24 14:36:46.703809  1996  1996 W SignalStrength: SignalStrength get plugin
06-24 14:36:46.703866  1996  1996 I use-Rlog/RLOG-GSM: getLTELevel - rsrp:-105 snr:20 rsrpIconLevel:4 snrIconLevel:2
06-24 14:36:46.703904  1996  1996 D GsmSST  : [GsmSST1] notifySignalStrength: mSignalStrength.getLevel=4
06-24 14:36:46.704080  1996  1996 D DefaultPhoneNotifier: notifySignalStrength: mRegistry=com.android.internal.telephony.ITelephonyRegistry$Stub$Proxy@6a42a0b ss=SignalStrength: 0 36 -120 -160 -7 0 -1 99 -105 -12 20 2147483647 gsm|lte 1 1 1 sender=Handler (com.android.internal.telephony.gsm.GSMPhone) {5ba87f0}
06-24 14:36:46.704553  1033  2055 D TelephonyRegistry: notifySignalStrengthForSubscriber: subId=1 signalStrength=SignalStrength: 0 36 -120 -160 -7 0 -1 99 -105 -12 20 2147483647 gsm|lte 1 1 1
06-24 14:36:46.704602  1033  2055 D TelephonyRegistry: notifySignalStrengthForSubscriber: logSSC.length=5 next=1
06-24 14:36:46.704990  1033  2055 D TelephonyRegistry: notifyServiceStateForSubscriber Time 20160624T142721Asia/Shanghai(5,175,28800,0,1466749641) mSubId 1 mPhoneId 1  mState 0 0 voice home data home 中国移动 中国移动 46000 中国移动 中国移动 46000  LTE LTE CSS not supported -1 -1 RoamInd=-1 DefRoamInd=-1 EmergOnly=false Ril Voice Regist state: 1 Ril Data Regist state: 1 mProprietaryDataRadioTechnology: 0 VoiceRejectCause: 0 DataRejectCause: -1 IsDataRoamingFromRegistration=false
06-24 14:36:46.705236  1033  2055 D TelephonyRegistry: notifyServiceStateForSubscriber Time 20160624T142728Asia/Shanghai(5,175,28800,0,1466749648) mSubId 1 mPhoneId 1  mState 0 0 voice home data home 中国移动 中国移动 46000 中国移动 中国移动 46000  LTE LTE CSS not supported -1 -1 RoamInd=-1 DefRoamInd=-1 EmergOnly=false Ril Voice Regist state: 1 Ril Data Regist state: 1 mProprietaryDataRadioTechnology: 0 VoiceRejectCause: 0 DataRejectCause: -1 IsDataRoamingFromRegistration=false
06-24 14:36:46.705466  1033  2055 D TelephonyRegistry: notifyServiceStateForSubscriber Time 20160624T143528Asia/Shanghai(5,175,28800,0,1466750128) mSubId 1 mPhoneId 1  mState 0 0 voice home data home 中国移动 中国移动 46000 中国移动 中国移动 46000  LTE LTE CSS not supported -1 -1 RoamInd=-1 DefRoamInd=-1 EmergOnly=false Ril Voice Regist state: 1 Ril Data Regist state: 1 mProprietaryDataRadioTechnology: 0 VoiceRejectCause: 0 DataRejectCause: -1 IsDataRoamingFromRegistration=false
06-24 14:36:46.705663  1033  2055 D TelephonyRegistry: notifyServiceStateForSubscriber Time 20160624T143528Asia/Shanghai(5,175,28800,0,1466750128) mSubId 1 mPhoneId 1  mState 0 0 voice home data home 中国移动 中国移动 46000 中国移动 中国移动 46000  LTE LTE CSS not supported -1 -1 RoamInd=-1 DefRoamInd=-1 EmergOnly=false Ril Voice Regist state: 1 Ril Data Regist state: 1 mProprietaryDataRadioTechnology: 0 VoiceRejectCause: 0 DataRejectCause: -1 IsDataRoamingFromRegistration=false
06-24 14:36:46.705868  1033  2055 D TelephonyRegistry: notifyServiceStateForSubscriber Time 20160624T143615Asia/Shanghai(5,175,28800,0,1466750175) mSubId 1 mPhoneId 1  mState 0 0 voice home data home 中国移动 中国移动 46000 中国移动 中国移动 46000  LTE LTE CSS not supported -1 -1 RoamInd=-1 DefRoamInd=-1 EmergOnly=false Ril Voice Regist state: 1 Ril Data Regist state: 1 mProprietaryDataRadioTechnology: 0 VoiceRejectCause: 0 DataRejectCause: -1 IsDataRoamingFromRegistration=false
06-24 14:36:46.705914  1033  2055 D TelephonyRegistry: notifySignalStrengthForSubscriber: ----------------
06-24 14:36:46.707129  1033  2055 D TelephonyRegistry: validatePhoneId: true
06-24 14:36:46.707187  1033  2055 D TelephonyRegistry: notifySignalStrengthForSubscriber: valid phoneId=1
06-24 14:36:46.707241  1033  2055 D TelephonyRegistry: idMatch: rlt=true
06-24 14:36:46.707474  1033  2055 D TelephonyRegistry: idMatch: rlt=true
06-24 14:36:46.707815  1033  2055 D TelephonyRegistry: idMatch: rlt=true
06-24 14:36:46.708268  1341  1341 W SignalStrength: SignalStrength get plugin
06-24 14:36:46.708347  1341  1341 I use-Rlog/RLOG-GSM: getLTELevel - rsrp:-105 snr:20 rsrpIconLevel:4 snrIconLevel:2
06-24 14:36:46.708538  1341  1341 W SignalStrength: SignalStrength get plugin
06-24 14:36:46.708586  1341  1341 I use-Rlog/RLOG-GSM: getLTELevel - rsrp:-105 snr:20 rsrpIconLevel:4 snrIconLevel:2
06-24 14:36:46.711219  1033  2055 D TelephonyRegistry: idMatch: rlt=true
06-24 14:36:46.711711  1033  2055 D TelephonyRegistry: idMatch: rlt=true
06-24 14:36:46.712014  1033  2055 D TelephonyRegistry: idMatch: rlt=true
06-24 14:36:46.713218   979  1009 I AT      : AT read start
06-24 14:36:46.713604  1033  2055 D TelephonyRegistry: idMatch: rlt=true
06-24 14:36:46.714552  1033  2055 D TelephonyRegistry: idMatch: rlt=true
06-24 14:36:46.714933  1033  2055 D TelephonyRegistry: idMatch: rlt=true
06-24 14:36:46.715494  1033  2055 D TelephonyRegistry: idMatch: rlt=true
06-24 14:36:46.716353  1033  2055 D TelephonyRegistry: idMatch: rlt=true
06-24 14:36:46.717624  1033  2055 D TelephonyRegistry: handleRemoveListLocked: mRemoveList.size()=0
06-24 14:36:46.717793  1033  2055 W SignalStrength: SignalStrength get plugin
06-24 14:36:46.725189  1033  2055 I use-Rlog/RLOG-GSM: getLTELevel - rsrp:-105 snr:20 rsrpIconLevel:4 snrIconLevel:2
06-24 14:36:46.728613  1996  1996 D GsmSST  : [GsmSST1] handleMessage msg done
06-24 14:36:47.090703   370   793 I RPC     : RPC-client RX thread after select! - (0)
06-24 14:36:47.090990   370   793 I RPC     : RPC-client RX thread Before select!
06-24 14:36:47.185365  1996  1996 D DctController: [TNF 1]new score 60 for exisiting request NetworkRequest [ id=1, legacyType=-1, [ Capabilities: INTERNET&NOT_RESTRICTED&TRUSTED&NOT_VPN] ]
06-24 14:36:47.185646  1996  1996 D DctController: [TNF 1]  my score=50, my filter=[ Transports: CELLULAR Capabilities: MMS&SUPL&DUN&FOTA&IMS&CBS&IA&RCS&XCAP&EIMS&INTERNET&NOT_RESTRICTED&TRUSTED&NOT_VPN&DM&WAP&NET&CMMAIL&TETHERING&RCSE&VSIM Specifier: <1>]
06-24 14:36:47.185756  1996  1996 D DctController: [TNF 1]evalRequest request = NetworkRequest [ id=1, legacyType=-1, [ Capabilities: INTERNET&NOT_RESTRICTED&TRUSTED&NOT_VPN] ] with requested = false
06-24 14:36:47.185806  1996  1996 D DctController: [TNF 1]  done
06-24 14:36:47.185944  1996  1996 D SubscriptionController: [getSubId]- numSubIds == 0, return DummySubIds slotIdx=0
06-24 14:36:47.185993  1996  1996 D SubscriptionController: getDummySubIds: slotIdx=0 return 2 DummySubIds with each subId=-2
06-24 14:36:47.186025  1996  1996 D DctController: [TNF -2]new score 60 for exisiting request NetworkRequest [ id=1, legacyType=-1, [ Capabilities: INTERNET&NOT_RESTRICTED&TRUSTED&NOT_VPN] ]
06-24 14:36:47.186248  1996  1996 D SubscriptionController: [getSubId]- numSubIds == 0, return DummySubIds slotIdx=0
06-24 14:36:47.186292  1996  1996 D SubscriptionController: getDummySubIds: slotIdx=0 return 2 DummySubIds with each subId=-2
06-24 14:36:47.186328  1996  1996 D DctController: [TNF -2]  my score=50, my filter=[ Transports: CELLULAR Capabilities: MMS&SUPL&DUN&FOTA&IMS&CBS&IA&RCS&XCAP&EIMS&INTERNET&NOT_RESTRICTED&TRUSTED&NOT_VPN&DM&WAP&NET&CMMAIL&TETHERING&RCSE&VSIM Specifier: <-2>]
06-24 14:36:47.186423  1996  1996 D SubscriptionController: [getSubId]- numSubIds == 0, return DummySubIds slotIdx=0
06-24 14:36:47.186466  1996  1996 D SubscriptionController: getDummySubIds: slotIdx=0 return 2 DummySubIds with each subId=-2
06-24 14:36:47.186497  1996  1996 D DctController: [TNF -2]evalRequest request = NetworkRequest [ id=1, legacyType=-1, [ Capabilities: INTERNET&NOT_RESTRICTED&TRUSTED&NOT_VPN] ] with requested = false
06-24 14:36:47.186553  1996  1996 D SubscriptionController: [getSubId]- numSubIds == 0, return DummySubIds slotIdx=0
06-24 14:36:47.186593  1996  1996 D SubscriptionController: getDummySubIds: slotIdx=0 return 2 DummySubIds with each subId=-2
06-24 14:36:47.186621  1996  1996 D DctController: [TNF -2]  done
06-24 14:36:47.591922   370   793 I RPC     : RPC-client RX thread after select! - (0)
06-24 14:36:47.592118   370   793 I RPC     : RPC-client RX thread Before select!
06-24 14:36:47.681162   979   998 D RILC    : s_last_wake_timeout_info: 0x7fa52933c0 reset to NULL
06-24 14:36:47.681373   979   998 D RILC    : userTimerCallback free  p_info: 0x7fa52933c0
06-24 14:36:47.681504   979   998 D RILC    : userTimerCallback free  p_info->event: 0x7fa52933d0
06-24 14:36:48.092547   370   793 I RPC     : RPC-client RX thread after select! - (0)
06-24 14:36:48.092739   370   793 I RPC     : RPC-client RX thread Before select!
06-24 14:36:48.593499   370   793 I RPC     : RPC-client RX thread after select! - (0)
06-24 14:36:48.593699   370   793 I RPC     : RPC-client RX thread Before select!
06-24 14:36:49.093981   370   793 I RPC     : RPC-client RX thread after select! - (0)
06-24 14:36:49.094050   370   793 I RPC     : RPC-client RX thread Before select!
06-24 14:36:49.312278  1996 27870 D GSMPhone: [GSMPhone] getServiceState : getState() : 0 getDataRegState() : 0
06-24 14:36:49.485625   979   998 I RILC    : NUMBER:1
06-24 14:36:49.485670   979   998 I RILC    : arg len:14
06-24 14:36:49.485698   979   998 I RILC    : ARGS[0]:THERMAL,0,-1
06-24 14:36:49.485769   979   998 D RILC    : C[locl]> QUERY_MODEM_THERMAL
06-24 14:36:49.485828   979   998 D RILC-MTK: QUERY_MODEM_THERMAL pRI=0x7fa528c990 p=0x7fa52987d0 dispatched to RIL_CMD2_PROXY_1
06-24 14:36:49.486349   979   990 I RILC-MTK: RIL_CMD_PROXY_4 wakeup
06-24 14:36:49.486384   979   990 I RILC-MTK: RIL_CMD_PROXY_4 sleep
06-24 14:36:49.486420   979   993 I RILC-MTK: RIL_CMD2_PROXY_3 wakeup
06-24 14:36:49.486443   979   993 I RILC-MTK: RIL_CMD2_PROXY_3 sleep
06-24 14:36:49.486479   979   988 I RILC-MTK: RIL_CMD_PROXY_2 wakeup
06-24 14:36:49.486501   979   988 I RILC-MTK: RIL_CMD_PROXY_2 sleep
06-24 14:36:49.486536   979   987 I RILC-MTK: RIL_CMD_PROXY_3 wakeup
06-24 14:36:49.486557   979   987 I RILC-MTK: RIL_CMD_PROXY_3 sleep
06-24 14:36:49.486594   979   989 I RILC-MTK: RIL_CMD_PROXY_1 wakeup
06-24 14:36:49.486617   979   989 I RILC-MTK: RIL_CMD_PROXY_1 sleep
06-24 14:36:49.486651   979   991 I RILC-MTK: RIL_ATCI_PROXY wakeup
06-24 14:36:49.486673   979   991 I RILC-MTK: RIL_ATCI_PROXY sleep
06-24 14:36:49.486710   979   996 I RILC-MTK: RIL_CMD2_PROXY_4 wakeup
06-24 14:36:49.486732   979   996 I RILC-MTK: RIL_CMD2_PROXY_4 sleep
06-24 14:36:49.486768   979   992 I RILC-MTK: RIL_URC2_PROXY wakeup
06-24 14:36:49.486790   979   992 I RILC-MTK: RIL_URC2_PROXY sleep
06-24 14:36:49.486891   979   986 I RILC-MTK: RIL_URC_PROXY wakeup
06-24 14:36:49.486913   979   986 I RILC-MTK: RIL_URC_PROXY sleep
06-24 14:36:49.486953   979   997 I RILC-MTK: RIL_ATCI2_PROXY wakeup
06-24 14:36:49.486976   979   997 I RILC-MTK: RIL_ATCI2_PROXY sleep
06-24 14:36:49.487011   979   994 I RILC-MTK: RIL_CMD2_PROXY_2 wakeup
06-24 14:36:49.487034   979   994 I RILC-MTK: RIL_CMD2_PROXY_2 sleep
06-24 14:36:49.487069   979   995 I RILC-MTK: RIL_CMD2_PROXY_1 wakeup
06-24 14:36:49.487095   979   995 D RILC-MTK: proxy id:9, proxyName: RIL_CMD2_PROXY_1
06-24 14:36:49.487122   979   995 D RILC-MTK: QUERY_MODEM_THERMAL pRI=0x7fa528c990 p=0x7fa52987d0 execute on RIL_CMD2_PROXY_1 using channel 9
06-24 14:36:49.487159   979   995 D RILC    : callOnRequest for new vendor ril
06-24 14:36:49.487188   979   995 D RIL     : onRequest: QUERY_MODEM_THERMAL, datalen = 8
06-24 14:36:49.487212   979   995 D RIL     : radioState:10
06-24 14:36:49.487252   979   995 D RIL     : requestQueryThermal Enter,-1
06-24 14:36:49.487285   979   995 D AT      : getRILChannelCtx subsystem:1, rid:1 channelOffset:6
06-24 14:36:49.487313   979   995 D AT      : AT send on RIL_CMD2_READER_3, tid:548218848320
06-24 14:36:49.487339   979   995 D AT      : AT> AT+ETHERMAL
06-24 14:36:49.487363   979   995 I AT      : AT write start
06-24 14:36:49.487421   979   995 I AT      : AT write end, errno = 2, length = 12
06-24 14:36:49.488344   842   969 D RILMUXD : [gsm0710muxd] 3630:poll_thread(): poll_thread select found
06-24 14:36:49.488399   842   969 D RILMUXD : [gsm0710muxd] 1050:pseudo_device_read(): Enter, LackofAtciChannel=0
06-24 14:36:49.488446   842   969 D RILMUXD : [gsm0710muxd] 657:write_frame(): Sending frame to channel 5
06-24 14:36:49.488540   842   969 D RILMUXD : [gsm0710muxd] 772:write_frame(): Write a frame on channel 5 with length 12
06-24 14:36:49.494714   842   963 D RILMUXD : [gsm0710muxd] 1649:gsm0710_base_buffer_get_frame(): Get a complete frame. ch:5, ctrl:239, len:39
06-24 14:36:49.494969   842   963 D RILMUXD : [gsm0710muxd] 2394:extract_frames(): Writing 39 byte frame received on channel 5 to /dev/pts/10
06-24 14:36:49.495998   979  1012 I AT      : AT read end: 39
06-24 14:36:49.496164   979  1012 D AT      : AT< +ETHERMAL: 3, 40, -127, 0, 32767, 1
06-24 14:36:49.496291   979  1012 D AT      : RIL_CMD2_READER_3 Enter processLine:+ETHERMAL: 3, 40, -127, 0, 32767, 1
06-24 14:36:49.496426   979  1012 I AT      : AT read start
06-24 14:36:49.497192   842   963 D RILMUXD : [gsm0710muxd] 2414:extract_frames(): write() returned. Written 39/39 bytes of frame to /dev/pts/10
06-24 14:36:49.497417   842   963 D RILMUXD : [gsm0710muxd] 2419:extract_frames(): fsync() failed (-1, 22 - Invalid argument)
06-24 14:36:49.497623   842   963 D RILMUXD : [gsm0710muxd] 1649:gsm0710_base_buffer_get_frame(): Get a complete frame. ch:5, ctrl:239, len:6
06-24 14:36:49.497805   842   963 D RILMUXD : [gsm0710muxd] 2394:extract_frames(): Writing 6 byte frame received on channel 5 to /dev/pts/10
06-24 14:36:49.498047   842   963 D RILMUXD : [gsm0710muxd] 2414:extract_frames(): write() returned. Written 6/6 bytes of frame to /dev/pts/10
06-24 14:36:49.498218   842   963 D RILMUXD : [gsm0710muxd] 2419:extract_frames(): fsync() failed (-1, 22 - Invalid argument)
06-24 14:36:49.499217   979  1012 I AT      : AT read end: 6
06-24 14:36:49.499371   979  1012 D AT      : AT< OK
06-24 14:36:49.499490   979  1012 D AT      : RIL_CMD2_READER_3 Enter processLine:OK
06-24 14:36:49.499651   979  1012 I AT      : AT read start
06-24 14:36:49.499843   979   995 D AT      : response received on RIL_CMD2_READER_3, tid:548218848320
06-24 14:36:49.499966   979   995 D RIL     : requestQueryThermal success
06-24 14:36:49.500084   979   995 D RILC    : RequestComplete, RIL_SOCKET_2
06-24 14:36:49.500217   979   995 D RILC    : [THERMAL] local request for THERMAL returned 
06-24 14:36:49.500372   979   995 D RILC    : [THERMAL] s_THERMAL_fd is valid strResult is  3, 40, -127, 0, 32767, 1
06-24 14:36:49.500594   979   995 D RILC-MTK: proxyLoop free  pRI=0x7fa528c990 p=0x7fa52987d0 
06-24 14:36:49.500742   979   995 D RILC-MTK: proxyLoop free  pRequest=0x7fa2f735e0
06-24 14:36:49.505127   979   995 I RILC-MTK: RIL_CMD2_PROXY_1 sleep
06-24 14:36:49.594639   370   793 I RPC     : RPC-client RX thread after select! - (0)
06-24 14:36:49.594699   370   793 I RPC     : RPC-client RX thread Before select!
06-24 14:36:49.679007  1996  2009 D TelephonyManager: getLteOnCdmaMode=1 curVal=1 product_type='' lteOnCdmaProductType=''
06-24 14:36:49.679128  1996  2009 D CDMAPhone: getDeviceId() in CDMALTEPhone  : return Imei
06-24 14:36:50.095426   370   793 I RPC     : RPC-client RX thread after select! - (0)
06-24 14:36:50.095623   370   793 I RPC     : RPC-client RX thread Before select!
06-24 14:36:50.596389   370   793 I RPC     : RPC-client RX thread after select! - (0)
06-24 14:36:50.596580   370   793 I RPC     : RPC-client RX thread Before select!
06-24 14:36:51.097338   370   793 I RPC     : RPC-client RX thread after select! - (0)
06-24 14:36:51.097528   370   793 I RPC     : RPC-client RX thread Before select!
06-24 14:36:51.598148   370   793 I RPC     : RPC-client RX thread after select! - (0)
06-24 14:36:51.598208   370   793 I RPC     : RPC-client RX thread Before select!
06-24 14:36:51.598996   842   842 D RILMUXD : [gsm0710muxd] 3913:main(): Frames received/dropped: 38616/0
06-24 14:36:52.098791   370   793 I RPC     : RPC-client RX thread after select! - (0)
06-24 14:36:52.098847   370   793 I RPC     : RPC-client RX thread Before select!
06-24 14:36:52.599433   370   793 I RPC     : RPC-client RX thread after select! - (0)
06-24 14:36:52.599488   370   793 I RPC     : RPC-client RX thread Before select!
06-24 14:36:53.077627   842   963 D RILMUXD : [gsm0710muxd] 1649:gsm0710_base_buffer_get_frame(): Get a complete frame. ch:2, ctrl:239, len:39
06-24 14:36:53.077914   842   963 D RILMUXD : [gsm0710muxd] 2394:extract_frames(): Writing 39 byte frame received on channel 2 to /dev/pts/7
06-24 14:36:53.078178   842   963 D RILMUXD : [gsm0710muxd] 2414:extract_frames(): write() returned. Written 39/39 bytes of frame to /dev/pts/7
06-24 14:36:53.078354   842   963 D RILMUXD : [gsm0710muxd] 2419:extract_frames(): fsync() failed (-1, 22 - Invalid argument)
06-24 14:36:53.079606   979  1009 I AT      : AT read end: 39
06-24 14:36:53.079778   979  1009 D AT      : AT< +ECSQ: 15,33,1,1,1,-50,-431,7,15,39
06-24 14:36:53.079908   979  1009 D AT      : RIL_URC2_READER Enter processLine:+ECSQ: 15,33,1,1,1,-50,-431,7,15,39
06-24 14:36:53.080144   979  1009 D RILC    : [MAL_AT] data sent to rild-mal-at is '+ECSQ: 15,33,1,1,1,-50,-431,7,15,39'
06-24 14:36:53.080389   979  1009 D RILC    : internalRequestTimedCallback malloc p_info: 0x7fa5293420
06-24 14:36:53.080534   979  1009 D RILC    : internalRequestTimedCallback malloc p_info->event: 0x7fa5293430
06-24 14:36:53.080745   979  1009 D RIL     : Nw URC:+ECSQ: 15,33,1,1,1,-50,-431,7,15,39
06-24 14:36:53.081145   979  1009 D RIL     : Act==7, force ECSQ <sig1>:15 -> 0
06-24 14:36:53.081312   979  1009 D RILC    : callForRilVersion new vendor RIL, version: 11
06-24 14:36:53.081453   979  1009 I RILC    : RIL_SOCKET_2 UNSOLICITED: UNSOL_SIGNAL_STRENGTH length:68
06-24 14:36:53.096895   979  1009 E RILC    : Send Response to rild-mal
06-24 14:36:53.100559   370   793 I RPC     : RPC-client RX thread after select! - (0)
06-24 14:36:53.100738   370   793 I RPC     : RPC-client RX thread Before select!
06-24 14:36:53.101904   979  1009 E RILC    : Send Response to RIL_SOCKET_2
06-24 14:36:53.102174  1095  1106 D RfxMainThread: enqueueMessage(), mainHandler = 0x7fa2efd400, msg = [type=URC, source=GSM, dest=GSM, pId=UNSOL_SIGNAL_STRENGTH(1009), pToken=0, id=UNSOL_SIGNAL_STRENGTH(1009), token=0, slotId=1,             error = 0, pTimeStamp =           0, isWrongC2KResponse = 0]
06-24 14:36:53.102276  1095  1101 D RfxMainThread: handle msg begin, mainHandler = 0x7fa2efd400
06-24 14:36:53.102359  1095  1101 D RfxRootController: processMessage() msg = [type=URC, source=GSM, dest=GSM, pId=UNSOL_SIGNAL_STRENGTH(1009), pToken=0, id=UNSOL_SIGNAL_STRENGTH(1009), token=0, slotId=1,             error = 0, pTimeStamp =           0, isWrongC2KResponse = 0]
06-24 14:36:53.102399  1095  1101 D RfxRootController: processMessage() handler = 0x7fa2ef1380, RpNwStateController
06-24 14:36:53.102437  1095  1101 D RfxRilAdapter: client: unsol response to client
06-24 14:36:53.102468  1095  1101 D RpRilClientController: client 1001 handle unsolictied
06-24 14:36:53.102500  1095  1101 D RilClient: capabilitySim = 1
06-24 14:36:53.102527  1095  1101 D RilClient: command Fd not ready here
06-24 14:36:53.102557  1095  1101 D RILC    : RIL_onUnsolicitedResponse: default
06-24 14:36:53.102637  1095  1101 D RfxRilAdapter: responseToRilj send Urc done (slotId=1, PId=1009, dataSize=68)
06-24 14:36:53.102955  1996  1996 D GsmSST  : [GsmSST1] handle EVENT_SIGNAL_STRENGTH_UPDATE
06-24 14:36:53.103062  1996  1996 D GsmSST  : [GsmSST1] onSignalStrengthResult():  LastSignalStrength=SignalStrength: 0 36 -120 -160 -7 0 -1 99 -105 -12 20 2147483647 gsm|lte 1 1 1
06-24 14:36:53.103114  1996  1996 D GsmSST  : [GsmSST1] onSignalStrengthResult():new mSignalStrength=SignalStrength: 0 33 -120 -160 -7 0 -1 99 -107 -12 37 2147483647 gsm|lte 1 1 1
06-24 14:36:53.103226  1996  1996 W SignalStrength: SignalStrength get plugin
06-24 14:36:53.103287  1996  1996 I use-Rlog/RLOG-GSM: getLTELevel - rsrp:-107 snr:37 rsrpIconLevel:3 snrIconLevel:2
06-24 14:36:53.103326  1996  1996 D GsmSST  : [GsmSST1] notifySignalStrength: mSignalStrength.getLevel=3
06-24 14:36:53.103515  1996  1996 D DefaultPhoneNotifier: notifySignalStrength: mRegistry=com.android.internal.telephony.ITelephonyRegistry$Stub$Proxy@6a42a0b ss=SignalStrength: 0 33 -120 -160 -7 0 -1 99 -107 -12 37 2147483647 gsm|lte 1 1 1 sender=Handler (com.android.internal.telephony.gsm.GSMPhone) {5ba87f0}
06-24 14:36:53.104031  1033  1059 D TelephonyRegistry: notifySignalStrengthForSubscriber: subId=1 signalStrength=SignalStrength: 0 33 -120 -160 -7 0 -1 99 -107 -12 37 2147483647 gsm|lte 1 1 1
06-24 14:36:53.104090  1033  1059 D TelephonyRegistry: notifySignalStrengthForSubscriber: logSSC.length=5 next=1
06-24 14:36:53.104492  1033  1059 D TelephonyRegistry: notifyServiceStateForSubscriber Time 20160624T142721Asia/Shanghai(5,175,28800,0,1466749641) mSubId 1 mPhoneId 1  mState 0 0 voice home data home 中国移动 中国移动 46000 中国移动 中国移动 46000  LTE LTE CSS not supported -1 -1 RoamInd=-1 DefRoamInd=-1 EmergOnly=false Ril Voice Regist state: 1 Ril Data Regist state: 1 mProprietaryDataRadioTechnology: 0 VoiceRejectCause: 0 DataRejectCause: -1 IsDataRoamingFromRegistration=false
06-24 14:36:53.104713  1033  1059 D TelephonyRegistry: notifyServiceStateForSubscriber Time 20160624T142728Asia/Shanghai(5,175,28800,0,1466749648) mSubId 1 mPhoneId 1  mState 0 0 voice home data home 中国移动 中国移动 46000 中国移动 中国移动 46000  LTE LTE CSS not supported -1 -1 RoamInd=-1 DefRoamInd=-1 EmergOnly=false Ril Voice Regist state: 1 Ril Data Regist state: 1 mProprietaryDataRadioTechnology: 0 VoiceRejectCause: 0 DataRejectCause: -1 IsDataRoamingFromRegistration=false
06-24 14:36:53.104911  1033  1059 D TelephonyRegistry: notifyServiceStateForSubscriber Time 20160624T143528Asia/Shanghai(5,175,28800,0,1466750128) mSubId 1 mPhoneId 1  mState 0 0 voice home data home 中国移动 中国移动 46000 中国移动 中国移动 46000  LTE LTE CSS not supported -1 -1 RoamInd=-1 DefRoamInd=-1 EmergOnly=false Ril Voice Regist state: 1 Ril Data Regist state: 1 mProprietaryDataRadioTechnology: 0 VoiceRejectCause: 0 DataRejectCause: -1 IsDataRoamingFromRegistration=false
06-24 14:36:53.105115  1033  1059 D TelephonyRegistry: notifyServiceStateForSubscriber Time 20160624T143528Asia/Shanghai(5,175,28800,0,1466750128) mSubId 1 mPhoneId 1  mState 0 0 voice home data home 中国移动 中国移动 46000 中国移动 中国移动 46000  LTE LTE CSS not supported -1 -1 RoamInd=-1 DefRoamInd=-1 EmergOnly=false Ril Voice Regist state: 1 Ril Data Regist state: 1 mProprietaryDataRadioTechnology: 0 VoiceRejectCause: 0 DataRejectCause: -1 IsDataRoamingFromRegistration=false
06-24 14:36:53.105300  1033  1059 D TelephonyRegistry: notifyServiceStateForSubscriber Time 20160624T143615Asia/Shanghai(5,175,28800,0,1466750175) mSubId 1 mPhoneId 1  mState 0 0 voice home data home 中国移动 中国移动 46000 中国移动 中国移动 46000  LTE LTE CSS not supported -1 -1 RoamInd=-1 DefRoamInd=-1 EmergOnly=false Ril Voice Regist state: 1 Ril Data Regist state: 1 mProprietaryDataRadioTechnology: 0 VoiceRejectCause: 0 DataRejectCause: -1 IsDataRoamingFromRegistration=false
06-24 14:36:53.105339  1033  1059 D TelephonyRegistry: notifySignalStrengthForSubscriber: ----------------
06-24 14:36:53.106076  1033  1059 D TelephonyRegistry: validatePhoneId: true
06-24 14:36:53.106130  1033  1059 D TelephonyRegistry: notifySignalStrengthForSubscriber: valid phoneId=1
06-24 14:36:53.106178  1033  1059 D TelephonyRegistry: idMatch: rlt=true
06-24 14:36:53.106413  1033  1059 D TelephonyRegistry: idMatch: rlt=true
06-24 14:36:53.106753  1033  1059 D TelephonyRegistry: idMatch: rlt=true
06-24 14:36:53.107188  1341  1341 W SignalStrength: SignalStrength get plugin
06-24 14:36:53.107259  1341  1341 I use-Rlog/RLOG-GSM: getLTELevel - rsrp:-107 snr:37 rsrpIconLevel:3 snrIconLevel:2
06-24 14:36:53.107447  1341  1341 W SignalStrength: SignalStrength get plugin
06-24 14:36:53.107492  1341  1341 I use-Rlog/RLOG-GSM: getLTELevel - rsrp:-107 snr:37 rsrpIconLevel:3 snrIconLevel:2
06-24 14:36:53.107886  1033  1059 D TelephonyRegistry: idMatch: rlt=true
06-24 14:36:53.108737  1033  1059 D TelephonyRegistry: idMatch: rlt=true
06-24 14:36:53.109426  1033  1059 D TelephonyRegistry: idMatch: rlt=true
06-24 14:36:53.110315  1033  1059 D TelephonyRegistry: idMatch: rlt=true
06-24 14:36:53.111756  1033  1059 D TelephonyRegistry: idMatch: rlt=true
06-24 14:36:53.112854  1033  1059 D TelephonyRegistry: idMatch: rlt=true
06-24 14:36:53.114910  1033  1059 D TelephonyRegistry: idMatch: rlt=true
06-24 14:36:53.115348  1033  1059 D TelephonyRegistry: idMatch: rlt=true
06-24 14:36:53.115662  1033  1059 D TelephonyRegistry: handleRemoveListLocked: mRemoveList.size()=0
06-24 14:36:53.115856  1033  1059 W SignalStrength: SignalStrength get plugin
06-24 14:36:53.115953  1033  1059 I use-Rlog/RLOG-GSM: getLTELevel - rsrp:-107 snr:37 rsrpIconLevel:3 snrIconLevel:2
06-24 14:36:53.117324   979  1009 I AT      : AT read start
06-24 14:36:53.135925  1996  1996 D GsmSST  : [GsmSST1] handleMessage msg done
06-24 14:36:53.601857   370   793 I RPC     : RPC-client RX thread after select! - (0)
06-24 14:36:53.601926   370   793 I RPC     : RPC-client RX thread Before select!
06-24 14:36:54.081943   979   998 D RILC    : s_last_wake_timeout_info: 0x7fa5293420 reset to NULL
06-24 14:36:54.082155   979   998 D RILC    : userTimerCallback free  p_info: 0x7fa5293420
06-24 14:36:54.082285   979   998 D RILC    : userTimerCallback free  p_info->event: 0x7fa5293430
06-24 14:36:54.102664   370   793 I RPC     : RPC-client RX thread after select! - (0)
06-24 14:36:54.102845   370   793 I RPC     : RPC-client RX thread Before select!
06-24 14:36:54.334797  1996 27870 D GSMPhone: [GSMPhone] getServiceState : getState() : 0 getDataRegState() : 0
06-24 14:36:54.603327   370   793 I RPC     : RPC-client RX thread after select! - (0)
06-24 14:36:54.603516   370   793 I RPC     : RPC-client RX thread Before select!
06-24 14:36:55.104282   370   793 I RPC     : RPC-client RX thread after select! - (0)
06-24 14:36:55.104475   370   793 I RPC     : RPC-client RX thread Before select!
06-24 14:36:55.605234   370   793 I RPC     : RPC-client RX thread after select! - (0)
06-24 14:36:55.605425   370   793 I RPC     : RPC-client RX thread Before select!
06-24 14:36:56.106184   370   793 I RPC     : RPC-client RX thread after select! - (0)
06-24 14:36:56.106378   370   793 I RPC     : RPC-client RX thread Before select!
06-24 14:36:56.599428   842   842 D RILMUXD : [gsm0710muxd] 3913:main(): Frames received/dropped: 38617/0
06-24 14:36:56.607127   370   793 I RPC     : RPC-client RX thread after select! - (0)
06-24 14:36:56.607306   370   793 I RPC     : RPC-client RX thread Before select!
06-24 14:36:57.108062   370   793 I RPC     : RPC-client RX thread after select! - (0)
06-24 14:36:57.108252   370   793 I RPC     : RPC-client RX thread Before select!
06-24 14:36:57.608929   370   793 I RPC     : RPC-client RX thread after select! - (0)
06-24 14:36:57.608999   370   793 I RPC     : RPC-client RX thread Before select!
06-24 14:36:58.109619   370   793 I RPC     : RPC-client RX thread after select! - (0)
06-24 14:36:58.109710   370   793 I RPC     : RPC-client RX thread Before select!
