06-24 14:35:51.495928  1033  1233 V SettingsProvider: packageValueForCallResult, name = headset_middle_key_wakeup, value : 1
06-24 14:35:51.511688  1033  1233 V SettingsProvider: packageValueForCallResult, name = headset_middle_key_wakeup, value : 1
06-24 14:35:51.530589  1033  1233 V SettingsProvider: packageValueForCallResult, name = headset_middle_key_wakeup, value : 1
06-24 14:35:51.541947  1033  1233 V SettingsProvider: packageValueForCallResult, name = headset_middle_key_wakeup, value : 1
06-24 14:35:51.562951  1033  1233 V SettingsProvider: packageValueForCallResult, name = headset_middle_key_wakeup, value : 1
06-24 14:35:51.579285  1033  1233 V SettingsProvider: packageValueForCallResult, name = headset_middle_key_wakeup, value : 1
06-24 14:35:51.596008  1033  1233 V SettingsProvider: packageValueForCallResult, name = headset_middle_key_wakeup, value : 1
06-24 14:35:51.610673  1033  1233 V SettingsProvider: packageValueForCallResult, name = headset_middle_key_wakeup, value : 1
06-24 14:35:51.631091  1033  1233 V SettingsProvider: packageValueForCallResult, name = headset_middle_key_wakeup, value : 1
06-24 14:35:51.655298  1033  1233 V SettingsProvider: packageValueForCallResult, name = headset_middle_key_wakeup, value : 1
06-24 14:35:51.668605  1033  1233 V SettingsProvider: packageValueForCallResult, name = headset_middle_key_wakeup, value : 1
06-24 14:35:51.697021  1033  1233 V SettingsProvider: packageValueForCallResult, name = headset_middle_key_wakeup, value : 1
06-24 14:35:51.713456  1033  1233 V SettingsProvider: packageValueForCallResult, name = headset_middle_key_wakeup, value : 1
06-24 14:35:51.726474  1033  1233 V SettingsProvider: packageValueForCallResult, name = headset_middle_key_wakeup, value : 1
06-24 14:35:51.736821  1033  1233 V SettingsProvider: packageValueForCallResult, name = headset_middle_key_wakeup, value : 1
06-24 14:35:51.876615  1033  1058 D BatteryService: Processing new values: chargerAcOnline=false, chargerUsbOnline=true, chargerWirelessOnline=false, batteryStatus=2, batteryHealth=2, batteryPresent=true, batteryLevel=39, batteryTechnology=Li-ion, batteryVoltage=3847, batteryTemperature=310, mBatteryLevelCritical=false, mPlugType=2
06-24 14:35:52.554914  1033  2071 V NotificationService: enqueueNotificationInternal: pkg=android id=17040354 notification=Notification(pri=0 contentView=android/0xa030049 vibrate=null sound=null defaults=0x0 flags=0x2 color=0xff060059 category=sys vis=PRIVATE)
06-24 14:35:52.555662  1033  1033 I ValidateNoPeople: skipping global notification
06-24 14:35:52.555768  1033  1033 V MoMS.NotificationController: notifications are enabled for android
06-24 14:35:52.557022  1033  1033 V NotificationService: pkg=android canInterrupt=true intercept=false
06-24 14:35:52.557103  1033  1033 V NotificationService: Interrupting!
06-24 14:35:52.565198  1033  1058 D ConnectivityService: getActiveNetworkInfo networkInfo = [type: WIFI[], state: CONNECTED/CONNECTED, reason: (unspecified), extra: "MZ-MEIZU-2.4G", roaming: false, failover: false, isAvailable: true]
06-24 14:35:52.568075  1033  2070 W PackageManager: checkUidPermission(): android.permission.STATUS_BAR of 10025 is denied.
06-24 14:35:52.575083  1033  2064 V NotificationService: enqueueNotificationInternal: pkg=android id=17040354 notification=Notification(pri=0 contentView=android/0xa030049 vibrate=null sound=null defaults=0x0 flags=0x2 color=0xff060059 category=sys vis=PRIVATE)
06-24 14:35:52.576595  1033  1033 I ValidateNoPeople: skipping global notification
06-24 14:35:52.576747  1033  1033 V MoMS.NotificationController: notifications are enabled for android
06-24 14:35:52.577902  1033  1033 V NotificationService: pkg=android canInterrupt=true intercept=false
06-24 14:35:52.578036  1033  1033 V NotificationService: Interrupting!
06-24 14:35:53.080155  1033  1233 V SettingsProvider: packageValueForCallResult, name = headset_middle_key_wakeup, value : 1
06-24 14:35:53.085482  1033  1233 V SettingsProvider: packageValueForCallResult, name = headset_middle_key_wakeup, value : 1
06-24 14:35:53.093752  1033  1233 V SettingsProvider: packageValueForCallResult, name = headset_middle_key_wakeup, value : 1
06-24 14:35:53.099830  1033  1233 V SettingsProvider: packageValueForCallResult, name = headset_middle_key_wakeup, value : 1
06-24 14:35:53.680585  1033  2079 V SettingsProvider: packageValueForCallResult, name = haptic_feedback_enabled, value : 1
06-24 14:35:53.722497  1033  2064 W PackageManager: checkUidPermission(): android.permission.INTERACT_ACROSS_USERS_FULL of 10096 is denied.
06-24 14:35:53.722609  1033  2064 W PackageManager: checkUidPermission(): android.permission.REAL_GET_TASKS of 10096 is denied.
06-24 14:35:53.773512  1033  1944 W PackageManager: checkUidPermission(): android.permission.REAL_GET_TASKS of 10098 is denied.
06-24 14:35:54.028694   348  1177 D SocketClient: SocketClient sendData done: 
06-24 14:35:54.042306  1033  1926 D ConnectivityService: getActiveNetworkInfo networkInfo = [type: WIFI[], state: CONNECTED/CONNECTED, reason: (unspecified), extra: "MZ-MEIZU-2.4G", roaming: false, failover: false, isAvailable: true]
06-24 14:35:54.046263   348  1177 D SocketClient: SocketClient sendData done: 
06-24 14:35:54.094420   348  1177 D SocketClient: SocketClient sendData done: 
06-24 14:35:54.111830  1033  2079 D ConnectivityService: getActiveNetworkInfo networkInfo = [type: WIFI[], state: CONNECTED/CONNECTED, reason: (unspecified), extra: "MZ-MEIZU-2.4G", roaming: false, failover: false, isAvailable: true]
06-24 14:35:54.989049  1033  1898 W Watchdog: SWT Watchdog after wait current time:47400128
06-24 14:35:54.989302  1033  1898 W Watchdog: **Get SF Time **1
06-24 14:35:54.989444  1033  1898 W Watchdog: SWT Watchdog before synchronized:47400128
06-24 14:35:54.989484  1033  1898 W Watchdog: SWT Watchdog after synchronized:47400128
06-24 14:35:54.989596  1033  1898 W Watchdog: SWT Watchdog before wait timeout:30000
06-24 14:35:54.989632  1033  1898 W Watchdog: SWT Watchdog before wait current time:47400128
06-24 14:35:54.989672  1033  1898 W Watchdog: SWT Watchdog before wait start:47400128
06-24 14:35:54.989699  1033  1898 W Watchdog: SWT Watchdog before wait CHECK_INTERVAL:30000
06-24 14:35:55.427879  1033  1058 D CSLegacyTypeTracker: getNetworkForType type 1
06-24 14:35:55.540188  1033  2070 W PackageManager: checkUidPermission(): android.permission.LOCAL_MAC_ADDRESS of 10096 is denied.
06-24 14:35:55.581928   348  1177 D SocketClient: SocketClient sendData done: 
06-24 14:35:55.618322  1033  1233 V SettingsProvider: packageValueForCallResult, name = headset_middle_key_wakeup, value : 1
06-24 14:35:55.622673  1033  1233 V SettingsProvider: packageValueForCallResult, name = headset_middle_key_wakeup, value : 1
06-24 14:35:55.627545  1033  1233 V SettingsProvider: packageValueForCallResult, name = headset_middle_key_wakeup, value : 1
06-24 14:35:55.632940  1033  1233 V SettingsProvider: packageValueForCallResult, name = headset_middle_key_wakeup, value : 1
06-24 14:35:55.640584  1033  1233 V SettingsProvider: packageValueForCallResult, name = headset_middle_key_wakeup, value : 1
06-24 14:35:55.646555  1033  1233 V SettingsProvider: packageValueForCallResult, name = headset_middle_key_wakeup, value : 1
06-24 14:35:55.685054  1033  1233 V SettingsProvider: packageValueForCallResult, name = headset_middle_key_wakeup, value : 1
06-24 14:35:55.696204  1033  1233 V SettingsProvider: packageValueForCallResult, name = headset_middle_key_wakeup, value : 1
06-24 14:35:55.705612  1033  1233 V SettingsProvider: packageValueForCallResult, name = headset_middle_key_wakeup, value : 1
06-24 14:35:55.709594  1033  1233 V SettingsProvider: packageValueForCallResult, name = headset_middle_key_wakeup, value : 1
06-24 14:35:56.444825  1033  1246 E WiFiServiceImpl : SAVE nid=0 uid=1000 name=android.uid.system:1000
06-24 14:35:56.445160  1033  1246 D WifiService: Connect with config* ID: 2 SSID: "MZ-MEIZU-2.4G" PROVIDER-NAME: null BSSID: null FQDN: null PRIO: 101
06-24 14:35:56.445160  1033  1246 D WifiService:  numAssociation 101
06-24 14:35:56.445160  1033  1246 D WifiService:  validatedInternetAccess
06-24 14:35:56.445160  1033  1246 D WifiService:  KeyMgmt: WPA_EAP IEEE8021X Protocols: WPA RSN
06-24 14:35:56.445160  1033  1246 D WifiService:  AuthAlgorithms:
06-24 14:35:56.445160  1033  1246 D WifiService:  PairwiseCiphers: TKIP CCMP
06-24 14:35:56.445160  1033  1246 D WifiService:  GroupCiphers: TKIP CCMP
06-24 14:35:56.445160  1033  1246 D WifiService:  PSK: 
06-24 14:35:56.445160  1033  1246 D WifiService: hex ssid:null
06-24 14:35:56.445160  1033  1246 D WifiService:  PSK1: *
06-24 14:35:56.445160  1033  1246 D WifiService:  wep: *
06-24 14:35:56.445160  1033  1246 D WifiService: 
06-24 14:35:56.445160  1033  1246 D WifiService: 
06-24 14:35:56.445160  1033  1246 D WifiService: 
06-24 14:35:56.445160  1033  1246 D WifiService: 
06-24 14:35:56.445160  1033  1246 D WifiService: Enterprise config:
06-24 14:35:56.445160  1033  1246 D WifiService: password *
06-24 14:35:56.445160  1033  1246 D WifiService: client_cert NULL
06-24 14:35:56.445160  1033  1246 D WifiService: engine 0
06-24 14:35:56.445160  1033  1246 D WifiService: anonymous_identity NULL
06-24 14:35:56.445160  1033  1246 D WifiService: ca_cert2 NULL
06-24 14:35:56.445160  1033  1246 D WifiService: identity "zhaotang"
06-24 14:35:56.445160  1033  1246 D WifiService: domain_suffix_match NULL
06-24 14:35:56.445160  1033  1246 D WifiService: phase2 NULL
06-24 14:35:56.445160  1033  1246 D WifiService: altsubject_match NULL
06-24 14:35:56.445160  1033  1246 D WifiService: subject_match NULL
06-24 14:35:56.445160  1033  1246 D WifiService: ca_cert NULL
06-24 14:35:56.445160  1033  1246 D WifiService: key_id NULL
06-24 14:35:56.445160  1033  1246 D WifiService: engine_id NULL
06-24 14:35:56.445160  1033  1246 D WifiService: eap PEAP
06-24 14:35:56.445160  1033  1246 D WifiService: IP config:
06-24 14:35:56.445160  1033  1246 D WifiService: IP assignment: DHCP
06-24 14:35:56.445160  1033  1246 D WifiService: Proxy settings: STATIC
06-24 14:35:56.445160  1033  1246 D WifiService: HTTP proxy: [172.17.137.120] 8888 xl=
06-24 14:35:56.445160  1033  1246 D WifiService:  autoJoinBSSID=any cuid=1000 cname=android.uid.system:1000 luid=1000 lname=android.uid.system:1000 lcuid=-1 userApproved=USER_APPROVED noInternetAccessExpected=false roamingFailureBlackListTimeMilli: 1000
06-24 14:35:56.445160  1033  1246 D WifiService:  simSlot: nulltriggeredLow: 0 triggeredBad: 0 triggeredNotHigh: 0
06-24 14:35:56.445160  1033  1246 D WifiService: ticksLow: 0 ticksBad: 0 ticksNotHigh: 8
06-24 14:35:56.445160  1033  1246 D WifiService: triggeredJoin: 7
06-24 14:35:56.445160  1033  1246 D WifiService: autoJoinBailedDueToLowRssi: false
06-24 14:35:56.445160  1033  1246 D WifiService: autoJoinUseAggressiveJoinAttemptThreshold: 0
06-24 14:35:56.445160  1033  1246 D WifiService: pacFile: null phase1: null
06-24 14:35:56.445160  1033  1246 D WifiService: Channel: 0 ChannelWidth: 0
06-24 14:35:56.529090  1033  1250 D ConnectivityService: Update of LinkProperties for NetworkAgentInfo [WIFI () - 1017]; created=true
06-24 14:35:56.529178  1033  1250 D ConnectivityService: updateLinkProperties for NetworkAgentInfo [WIFI () - 1017]
06-24 14:35:56.529444  1033  1250 D ConnectivityService: LinkProperties:{InterfaceName: wlan0 LinkAddresses: [172.17.120.159/22,]  Routes: [172.17.120.0/22 -> 0.0.0.0 wlan0,0.0.0.0/0 -> 172.17.120.1 wlan0,] DnsAddresses: [172.17.16.99,172.17.16.98,] Domains: meizu.com MTU: 0 TcpBufferSizes: 524288,1048576,2097152,262144,524288,1048576 HttpProxy: [172.17.137.120] 8888 xl=  PcscfAddresses: [] }
06-24 14:35:56.529537  1033  1250 D ConnectivityService: identical MTU - not setting
06-24 14:35:56.529861  1033  1250 D AlarmManager: manual remove option = PendingIntent{29018bf: PendingIntentRecord{19eeb8c android broadcastIntent}}
06-24 14:35:56.530032  1033  1250 D ConnectivityService: sending Proxy Broadcast for [172.17.137.120] 8888 xl=
06-24 14:35:56.532875  1033  1250 D NetworkStats: triggering delayed 1 second to updateIfaces
06-24 14:35:56.533003  1033  1250 D ConnectivityService: notifyType IP_CHANGED for NetworkAgentInfo [WIFI () - 1017]
06-24 14:35:56.533090  1033  1250 D ConnectivityService:  sending notification for NetworkRequest [ id=1, legacyType=-1, [ Capabilities: INTERNET&NOT_RESTRICTED&TRUSTED&NOT_VPN] ]
06-24 14:35:56.533126  1033  1250 D ConnectivityService:  sending notification for NetworkRequest [ id=3, legacyType=-1, [] ]
06-24 14:35:56.533686  1033  1250 D ConnectivityService: sending notification IP_CHANGED for NetworkRequest [ id=3, legacyType=-1, [] ]
06-24 14:35:56.536079  1033  1070 W BroadcastQueue: Unable to launch app com.dianping.v1/10085 for broadcast Intent { act=android.intent.action.PROXY_CHANGE flg=0x24000010 (has extras) }: process is bad
06-24 14:35:56.536760  1033  1070 W BroadcastQueue: Unable to launch app com.sankuai.meituan/10106 for broadcast Intent { act=android.intent.action.PROXY_CHANGE flg=0x24000010 (has extras) }: process is bad
06-24 14:35:56.541992  1033  2094 D CSLegacyTypeTracker: getNetworkForType type 1
06-24 14:35:56.567195  1033  1926 D CSLegacyTypeTracker: getNetworkForType type 1
06-24 14:35:56.589583  1341  1341 W StatusBar: updateNotification for unknown pkg: android
06-24 14:35:56.628247  1033  1075 D WindowManager: notifyActivityDrawnForKeyguard: waiting=false Callers=com.android.server.wm.WindowManagerService.handleAppTransitionReadyLocked:10121 com.android.server.wm.WindowManagerService.performLayoutAndPlaceSurfacesLockedInner:10723 com.android.server.wm.WindowManagerService.performLayoutAndPlaceSurfacesLockedLoop:9495 com.android.server.wm.WindowManagerService.performLayoutAndPlaceSurfacesLocked:9442 com.android.server.wm.WindowManagerService.-wrap7:-1 
06-24 14:35:56.628784  1033  1621 W PackageManager: checkUidPermission(): android.permission.STATUS_BAR of 10025 is denied.
06-24 14:35:56.633573  1033  2064 D CSLegacyTypeTracker: getNetworkForType type 1
06-24 14:35:57.534198  1033  1241 V NetworkStats: updateIfacesLocked()
06-24 14:35:57.534287  1033  1241 V NetworkStats: performPollLocked(flags=0x1)
06-24 14:35:57.537166  1033  1241 D NetdConnector: SND -> {2151 bandwidth gettetherstats}
06-24 14:35:57.537506   348  1178 D FrameworkListener: dispatchCommand data = (2151 bandwidth gettetherstats)
06-24 14:35:57.537586   348  1178 D SocketClient: SocketClient sendData done: 200 2151 Tethering stats list completed
06-24 14:35:57.537671  1033  1239 D NetdConnector: RCV <- {200 2151 Tethering stats list completed}
06-24 14:35:57.537950  1033  1241 D NetdConnector: RMV <- {200 2151 Tethering stats list completed}
06-24 14:35:57.539032  1033  1241 I NetworkStatsRecorder: recordSnapshotLocked: ident[[{type=WIFI, subType=COMBINED, networkId=MZ-MEIZU-2.4G}]]
06-24 14:35:57.539130  1033  1241 W NetworkStatsRecorder: unknown interfaces [ccmni0, lo, p2p0], ignoring those stats
06-24 14:35:57.539214  1033  1241 I NetworkStatsRecorder: recordSnapshotLocked: ident[[{type=WIFI, subType=COMBINED, networkId=MZ-MEIZU-2.4G}]]
06-24 14:35:57.539289  1033  1241 W NetworkStatsRecorder: unknown interfaces [ccmni0, lo, p2p0], ignoring those stats
06-24 14:35:57.539835  1033  1241 I NetworkStatsRecorder: recordSnapshotLocked: ident[[{type=WIFI, subType=COMBINED, networkId=MZ-MEIZU-2.4G}]]
06-24 14:35:57.539998  1033  1241 I NetworkStatsRecorder: recordSnapshotLocked: ident[[{type=WIFI, subType=COMBINED, networkId=MZ-MEIZU-2.4G}]]
06-24 14:35:57.540095  1033  1241 I NetworkStatsRecorder: recordSnapshotLocked: ident[[{type=WIFI, subType=COMBINED, networkId=MZ-MEIZU-2.4G}]]
06-24 14:35:57.540166  1033  1241 I NetworkStatsRecorder: recordSnapshotLocked: ident[[{type=WIFI, subType=COMBINED, networkId=MZ-MEIZU-2.4G}]]
06-24 14:35:57.540228  1033  1241 I NetworkStatsRecorder: recordSnapshotLocked: ident[[{type=WIFI, subType=COMBINED, networkId=MZ-MEIZU-2.4G}]]
06-24 14:35:57.540289  1033  1241 I NetworkStatsRecorder: recordSnapshotLocked: ident[[{type=WIFI, subType=COMBINED, networkId=MZ-MEIZU-2.4G}]]
06-24 14:35:57.540407  1033  1241 W NetworkStatsRecorder: unknown interfaces [ccmni0, lo, p2p0], ignoring those stats
06-24 14:35:57.541099  1033  1241 I NetworkStatsRecorder: recordSnapshotLocked: ident[[{type=WIFI, subType=COMBINED, networkId=MZ-MEIZU-2.4G}]]
06-24 14:35:57.541215  1033  1241 W NetworkStatsRecorder: unknown interfaces [ccmni0, lo, p2p0], ignoring those stats
06-24 14:35:57.541561  1033  1241 V NetworkStats: performPollLocked() took 8ms
06-24 14:35:57.543457  1033  1241 I NetworkIdentity: buildNetworkIdentity:
06-24 14:35:57.543457  1033  1242 V NetworkPolicy: updateNetworkEnabledLocked()
06-24 14:35:57.543653  1033  1241 I NetworkIdentity: networkId = MZ-MEIZU-2.4G
06-24 14:35:57.543706  1033  1241 I NetworkStats: NetworkIdentity: {type=WIFI, subType=COMBINED, networkId=MZ-MEIZU-2.4G}
06-24 14:35:57.543777  1033  1241 I NetworkStats: iface:wlan0
06-24 14:35:57.543835  1033  1241 I NetworkStats: ident:{type=WIFI, subType=COMBINED, networkId=MZ-MEIZU-2.4G}
06-24 14:35:57.544250  1033  1242 V NetworkPolicy:  checking policy:NetworkPolicy[NetworkTemplate: matchRule=MOBILE_ALL, matchSubscriberIds=[null]]: cycleDay=28, cycleTimezone=Asia/Shanghai, warningBytes=104857600, limitBytes=-1, lastWarningSnooze=-1, lastLimitSnooze=-1, metered=true, inferred=true
06-24 14:35:57.547204  1033  1242 V NetworkPolicy:  checking policy:NetworkPolicy[NetworkTemplate: matchRule=MOBILE_ALL, subscriberId=460029..., matchSubscriberIds=[460029...]]: cycleDay=28, cycleTimezone=Asia/Shanghai, warningBytes=-1, limitBytes=-1, lastWarningSnooze=-1, lastLimitSnooze=-1, metered=true, inferred=true
06-24 14:35:57.549187  1033  1242 V NetworkPolicy: setPolicyDataEnableForSubscriber:subId(1),true
06-24 14:35:57.550393  1033  1242 V NetworkPolicy: updateNotificationsLocked()
06-24 14:35:57.631755  1033  2023 I ActivityManager: START u0 {cmp=com.meizu.connectivitysettings/.Settings$WifiProxySettingsActivity (has extras)} from uid 1000 from pid 9796 on display 0 from pid 9796
06-24 14:35:57.648576  1033  1621 W WindowManager: Attempted to remove non-existing token: android.os.Binder@e2435a8
06-24 14:35:57.673769  1033  1358 D WifiService: getWifiServiceMessenger, pid:9796, uid:1000
06-24 14:35:57.685985  1033  1356 V SettingsProvider: name : accelerometer_rotation callingUid : 1000
06-24 14:35:57.689391  1033  2071 I ActivityManager: Controller Pid : 0
06-24 14:35:57.711737  1033  2070 D DisplayManagerService: Display listener for pid 17764 died.
06-24 14:35:57.778570  1033  1075 D WindowManager: notifyActivityDrawnForKeyguard: waiting=false Callers=com.android.server.wm.WindowManagerService.handleAppTransitionReadyLocked:10121 com.android.server.wm.WindowManagerService.performLayoutAndPlaceSurfacesLockedInner:10723 com.android.server.wm.WindowManagerService.performLayoutAndPlaceSurfacesLockedLoop:9495 com.android.server.wm.WindowManagerService.performLayoutAndPlaceSurfacesLocked:9442 com.android.server.wm.WindowManagerService.-wrap7:-1 
06-24 14:35:58.774659  1033  1926 W PackageManager: checkUidPermission(): android.permission.REAL_GET_TASKS of 10098 is denied.
06-24 14:35:59.051862   348  1177 D SocketClient: SocketClient sendData done: 
06-24 14:35:59.057689   348  1177 D SocketClient: SocketClient sendData done: 
06-24 14:35:59.061181  1033  1358 D ConnectivityService: getActiveNetworkInfo networkInfo = [type: WIFI[], state: CONNECTED/CONNECTED, reason: (unspecified), extra: "MZ-MEIZU-2.4G", roaming: false, failover: false, isAvailable: true]
06-24 14:35:59.119086   348  1177 D SocketClient: SocketClient sendData done: 
06-24 14:35:59.122422  1033  2071 D ConnectivityService: getActiveNetworkInfo networkInfo = [type: WIFI[], state: CONNECTED/CONNECTED, reason: (unspecified), extra: "MZ-MEIZU-2.4G", roaming: false, failover: false, isAvailable: true]
06-24 14:35:59.306177   348  1177 D SocketClient: SocketClient sendData done: 
06-24 14:35:59.311054  1033  1059 W PackageManager: checkUidPermission(): android.permission.READ_PRIVILEGED_PHONE_STATE of 10123 is denied.
06-24 14:35:59.312750  1033  2070 W PackageManager: checkUidPermission(): android.permission.LOCAL_MAC_ADDRESS of 10123 is denied.
06-24 14:35:59.324736  1033  1358 D ConnectivityService: getActiveNetworkInfo networkInfo = [type: WIFI[], state: CONNECTED/CONNECTED, reason: (unspecified), extra: "MZ-MEIZU-2.4G", roaming: false, failover: false, isAvailable: true]
06-24 14:35:59.325445  1033  2071 W PackageManager: checkUidPermission(): android.permission.LOCAL_MAC_ADDRESS of 10123 is denied.
06-24 14:35:59.999746  1033  1230 V AlarmManager: Checking for alarms... rtc=1466750159999, elapsed=91377741
06-24 14:36:00.000915  1033  1230 V AlarmManager: sending alarm Alarm{d62e6ba type 3 when 14:36:00 start 14:35:59 end 14:35:59 android}openLteGateSuccess = false
06-24 14:36:00.001887  1033  1033 V AlarmManager: Received TIME_TICK alarm; rescheduling
06-24 14:36:00.001973  1033  1033 V AlarmManager: mSupportAlarmGrouping = false  mAmPlus = null
06-24 14:36:00.002246  1033  1230 V AlarmManager: sending alarm Alarm{d62e6ba type 3 when 14:35:59 start 14:35:59 end 14:36:00 android} success
06-24 14:36:00.002840  1033  1033 V AlarmManager: APP set(PendingIntent{b667ff9: PendingIntentRecord{9388b3e android broadcastIntent}}) : type=3 triggerAtTime=91437742 win=0 tElapsed=91437742 maxElapsed=91437742 interval=0 flags=0x1
06-24 14:36:00.611094   348  1177 D SocketClient: SocketClient sendData done: 
06-24 14:36:01.014017   348  1177 D SocketClient: SocketClient sendData done: 
06-24 14:36:01.895957  1033  2064 W PackageManager: checkUidPermission(): android.permission.LOCAL_MAC_ADDRESS of 10097 is denied.
06-24 14:36:01.896299  1033  2094 D ConnectivityService: getActiveNetworkInfo networkInfo = [type: WIFI[], state: CONNECTED/CONNECTED, reason: (unspecified), extra: "MZ-MEIZU-2.4G", roaming: false, failover: false, isAvailable: true]
06-24 14:36:01.899275  1033  1358 W PackageManager: checkUidPermission(): android.permission.LOCAL_MAC_ADDRESS of 10096 is denied.
06-24 14:36:01.900858  1033  1944 D BatteryService: Processing new values: chargerAcOnline=false, chargerUsbOnline=true, chargerWirelessOnline=false, batteryStatus=2, batteryHealth=2, batteryPresent=true, batteryLevel=39, batteryTechnology=Li-ion, batteryVoltage=3849, batteryTemperature=310, mBatteryLevelCritical=false, mPlugType=2
06-24 14:36:01.911813  1033  2073 W PackageManager: checkUidPermission(): android.permission.LOCAL_MAC_ADDRESS of 10096 is denied.
06-24 14:36:03.778372  1033  2073 W PackageManager: checkUidPermission(): android.permission.REAL_GET_TASKS of 10098 is denied.
06-24 14:36:04.071761   348  1177 D SocketClient: SocketClient sendData done: 
06-24 14:36:04.088355   348  1177 D SocketClient: SocketClient sendData done: 
06-24 14:36:04.096651  1033  1058 D ConnectivityService: getActiveNetworkInfo networkInfo = [type: WIFI[], state: CONNECTED/CONNECTED, reason: (unspecified), extra: "MZ-MEIZU-2.4G", roaming: false, failover: false, isAvailable: true]
06-24 14:36:04.127492   348  1177 D SocketClient: SocketClient sendData done: 
06-24 14:36:04.132984  1033  2106 D ConnectivityService: getActiveNetworkInfo networkInfo = [type: WIFI[], state: CONNECTED/CONNECTED, reason: (unspecified), extra: "MZ-MEIZU-2.4G", roaming: false, failover: false, isAvailable: true]
06-24 14:36:04.943925  1033  2064 D ConnectivityService: getActiveNetworkInfo networkInfo = [type: WIFI[], state: CONNECTED/CONNECTED, reason: (unspecified), extra: "MZ-MEIZU-2.4G", roaming: false, failover: false, isAvailable: true]
06-24 14:36:04.947017  1033  2070 W PackageManager: checkUidPermission(): android.permission.LOCAL_MAC_ADDRESS of 10097 is denied.
06-24 14:36:04.949214  1033  1358 W PackageManager: checkUidPermission(): android.permission.LOCAL_MAC_ADDRESS of 10096 is denied.
06-24 14:36:05.632048   348  1177 D SocketClient: SocketClient sendData done: 
06-24 14:36:07.046647  1033  2070 W PackageManager: checkUidPermission(): android.permission.LOCAL_MAC_ADDRESS of 10096 is denied.
06-24 14:36:08.783859  1033  1358 W PackageManager: checkUidPermission(): android.permission.REAL_GET_TASKS of 10098 is denied.
06-24 14:36:09.074831   348  1177 D SocketClient: SocketClient sendData done: 
06-24 14:36:09.109787   348  1177 D SocketClient: SocketClient sendData done: 
06-24 14:36:09.118871  1033  2106 D ConnectivityService: getActiveNetworkInfo networkInfo = [type: WIFI[], state: CONNECTED/CONNECTED, reason: (unspecified), extra: "MZ-MEIZU-2.4G", roaming: false, failover: false, isAvailable: true]
06-24 14:36:09.138141   348  1177 D SocketClient: SocketClient sendData done: 
06-24 14:36:09.148812  1033  1926 D ConnectivityService: getActiveNetworkInfo networkInfo = [type: WIFI[], state: CONNECTED/CONNECTED, reason: (unspecified), extra: "MZ-MEIZU-2.4G", roaming: false, failover: false, isAvailable: true]
06-24 14:36:09.337015   348  1177 D SocketClient: SocketClient sendData done: 
06-24 14:36:09.372044  1033  2023 W PackageManager: checkUidPermission(): android.permission.READ_PRIVILEGED_PHONE_STATE of 10123 is denied.
06-24 14:36:09.375147  1033  2094 W PackageManager: checkUidPermission(): android.permission.LOCAL_MAC_ADDRESS of 10123 is denied.
06-24 14:36:09.407600  1033  1944 D ConnectivityService: getActiveNetworkInfo networkInfo = [type: WIFI[], state: CONNECTED/CONNECTED, reason: (unspecified), extra: "MZ-MEIZU-2.4G", roaming: false, failover: false, isAvailable: true]
06-24 14:36:09.408624  1033  2071 W PackageManager: checkUidPermission(): android.permission.LOCAL_MAC_ADDRESS of 10123 is denied.
06-24 14:36:10.659670   348  1177 D SocketClient: SocketClient sendData done: 
06-24 14:36:11.059770   348  1177 D SocketClient: SocketClient sendData done: 
06-24 14:36:11.926757  1033  1944 D BatteryService: Processing new values: chargerAcOnline=false, chargerUsbOnline=true, chargerWirelessOnline=false, batteryStatus=2, batteryHealth=2, batteryPresent=true, batteryLevel=39, batteryTechnology=Li-ion, batteryVoltage=3844, batteryTemperature=310, mBatteryLevelCritical=false, mPlugType=2
06-24 14:36:12.164481  1033  1621 W PackageManager: checkUidPermission(): android.permission.LOCAL_MAC_ADDRESS of 10096 is denied.
06-24 14:36:13.007259  1033  1059 D ConnectivityService: getActiveNetworkInfo networkInfo = [type: WIFI[], state: CONNECTED/CONNECTED, reason: (unspecified), extra: "MZ-MEIZU-2.4G", roaming: false, failover: false, isAvailable: true]
06-24 14:36:13.026431  1033  1058 W PackageManager: checkUidPermission(): android.permission.INTERACT_ACROSS_USERS_FULL of 10097 is denied.
06-24 14:36:13.026543  1033  1058 W PackageManager: checkUidPermission(): android.permission.REAL_GET_TASKS of 10097 is denied.
06-24 14:36:13.785966  1033  2079 W PackageManager: checkUidPermission(): android.permission.REAL_GET_TASKS of 10098 is denied.
06-24 14:36:14.101158   348  1177 D SocketClient: SocketClient sendData done: 
06-24 14:36:14.128117   348  1177 D SocketClient: SocketClient sendData done: 
06-24 14:36:14.135191  1033  2094 D ConnectivityService: getActiveNetworkInfo networkInfo = [type: WIFI[], state: CONNECTED/CONNECTED, reason: (unspecified), extra: "MZ-MEIZU-2.4G", roaming: false, failover: false, isAvailable: true]
06-24 14:36:14.156420   348  1177 D SocketClient: SocketClient sendData done: 
06-24 14:36:14.161925  1033  2070 D ConnectivityService: getActiveNetworkInfo networkInfo = [type: WIFI[], state: CONNECTED/CONNECTED, reason: (unspecified), extra: "MZ-MEIZU-2.4G", roaming: false, failover: false, isAvailable: true]
06-24 14:36:14.813558  1033  1926 W PackageManager: checkUidPermission(): android.permission.LOCAL_MAC_ADDRESS of 10096 is denied.
06-24 14:36:14.856477  1033  2023 W PackageManager: checkUidPermission(): android.permission.LOCAL_MAC_ADDRESS of 10096 is denied.
06-24 14:36:14.992858  1033  1944 W PackageManager: checkUidPermission(): android.permission.READ_PRIVILEGED_PHONE_STATE of 10017 is denied.
06-24 14:36:15.004279  1033  1059 W PackageManager: checkUidPermission(): android.permission.READ_PRIVILEGED_PHONE_STATE of 10017 is denied.
06-24 14:36:15.008123  1033  2070 W PackageManager: checkUidPermission(): android.permission.READ_PRIVILEGED_PHONE_STATE of 10017 is denied.
06-24 14:36:15.014376  1033  2023 W PackageManager: checkUidPermission(): android.permission.READ_PRIVILEGED_PHONE_STATE of 10017 is denied.
06-24 14:36:15.057943  1033  1033 D ConnectivityService: getActiveNetworkInfo networkInfo = [type: WIFI[], state: CONNECTED/CONNECTED, reason: (unspecified), extra: "MZ-MEIZU-2.4G", roaming: false, failover: false, isAvailable: true]
06-24 14:36:15.058051  1033  1033 D LocationManagerService: NetworkStateReceiver intent=Intent { act=android.intent.action.SERVICE_STATE flg=0x10 (has extras) }
06-24 14:36:15.058135  1033  1033 D LocationManagerService: ACTION_SERVICE_STATE_CHANGED state = 0
06-24 14:36:15.058479  1033  1033 D LocationManagerService: doTelephonyServiceStateChanged intent=Intent { act=android.intent.action.SERVICE_STATE flg=0x10 (has extras) } operatornumber=,46000 mcc=460
06-24 14:36:15.058676  1033  1033 D ConnectivityService: getActiveNetworkInfo networkInfo = [type: WIFI[], state: CONNECTED/CONNECTED, reason: (unspecified), extra: "MZ-MEIZU-2.4G", roaming: false, failover: false, isAvailable: true]
06-24 14:36:15.060234  1033  2073 D ConnectivityService: getActiveNetworkInfo networkInfo = [type: WIFI[], state: CONNECTED/CONNECTED, reason: (unspecified), extra: "MZ-MEIZU-2.4G", roaming: false, failover: false, isAvailable: true]
06-24 14:36:15.062591  1033  2079 D ConnectivityService: getActiveNetworkInfo networkInfo = [type: WIFI[], state: CONNECTED/CONNECTED, reason: (unspecified), extra: "MZ-MEIZU-2.4G", roaming: false, failover: false, isAvailable: true]
06-24 14:36:15.064285  1033  1059 D ConnectivityService: getActiveNetworkInfo networkInfo = [type: WIFI[], state: CONNECTED/CONNECTED, reason: (unspecified), extra: "MZ-MEIZU-2.4G", roaming: false, failover: false, isAvailable: true]
06-24 14:36:15.064678  1033  1059 D ConnectivityService: getActiveNetworkInfo networkInfo = [type: WIFI[], state: CONNECTED/CONNECTED, reason: (unspecified), extra: "MZ-MEIZU-2.4G", roaming: false, failover: false, isAvailable: true]
06-24 14:36:15.064924  1033  1059 D ConnectivityService: getActiveNetworkInfo networkInfo = [type: WIFI[], state: CONNECTED/CONNECTED, reason: (unspecified), extra: "MZ-MEIZU-2.4G", roaming: false, failover: false, isAvailable: true]
06-24 14:36:15.065145  1033  1058 D ConnectivityService: getActiveNetworkInfo networkInfo = [type: WIFI[], state: CONNECTED/CONNECTED, reason: (unspecified), extra: "MZ-MEIZU-2.4G", roaming: false, failover: false, isAvailable: true]
06-24 14:36:15.066891  1033  1621 D ConnectivityService: getActiveNetworkInfo networkInfo = [type: WIFI[], state: CONNECTED/CONNECTED, reason: (unspecified), extra: "MZ-MEIZU-2.4G", roaming: false, failover: false, isAvailable: true]
06-24 14:36:15.096098  1033  2070 W PackageManager: checkUidPermission(): android.permission.READ_PRIVILEGED_PHONE_STATE of 10008 is denied.
06-24 14:36:15.105836  1033  1926 D ConnectivityService: getActiveNetworkInfo networkInfo = [type: WIFI[], state: CONNECTED/CONNECTED, reason: (unspecified), extra: "MZ-MEIZU-2.4G", roaming: false, failover: false, isAvailable: true]
06-24 14:36:15.110340  1033  1069 V CountryDetector:     phonetype=1
06-24 14:36:15.110423  1033  1069 D CountryDetector: onServiceStateChanged: 0
06-24 14:36:15.115102  1033  2023 W PackageManager: checkUidPermission(): android.permission.READ_PRIVILEGED_PHONE_STATE of 10008 is denied.
06-24 14:36:15.119960  1033  1069 V CountryDetector:     phonetype=1
06-24 14:36:15.121524  1033  1358 W PackageManager: checkUidPermission(): android.permission.READ_PRIVILEGED_PHONE_STATE of 10008 is denied.
06-24 14:36:15.122695  1033  1069 D CountryDetector: startLocationBasedDetection=true detectCountry=(source: 0, countryISO: CN) isAirplaneModeOff()=true mListener=com.android.server.CountryDetectorService$1@3e319e3 isGeoCoderImplemnted()=true
06-24 14:36:15.122778  1033  1069 D CountryDetector: tries to stop LocationBasedDetector (current detector: null)
06-24 14:36:15.123466  1033  1944 W PackageManager: checkUidPermission(): android.permission.READ_PRIVILEGED_PHONE_STATE of 10008 is denied.
06-24 14:36:15.126376  1033  2055 W PackageManager: checkUidPermission(): android.permission.READ_PRIVILEGED_PHONE_STATE of 10008 is denied.
06-24 14:36:15.141534  1033  2073 W PackageManager: checkUidPermission(): android.permission.READ_PRIVILEGED_PHONE_STATE of 10008 is denied.
06-24 14:36:15.156406  1033  1944 W PackageManager: checkUidPermission(): android.permission.READ_PRIVILEGED_PHONE_STATE of 10008 is denied.
06-24 14:36:15.160670  1033  2071 W PackageManager: checkUidPermission(): android.permission.INTERACT_ACROSS_USERS_FULL of 10008 is denied.
06-24 14:36:15.160758  1033  2071 W PackageManager: checkUidPermission(): android.permission.REAL_GET_TASKS of 10008 is denied.
06-24 14:36:15.161171  1033  2071 W PackageManager: checkUidPermission(): android.permission.GET_TASKS of 10008 is denied.
06-24 14:36:15.191022  1033  1621 W PackageManager: checkUidPermission(): android.permission.INTERACT_ACROSS_USERS_FULL of 10008 is denied.
06-24 14:36:15.191124  1033  1621 W PackageManager: checkUidPermission(): android.permission.REAL_GET_TASKS of 10008 is denied.
06-24 14:36:15.191163  1033  1621 W PackageManager: checkUidPermission(): android.permission.GET_TASKS of 10008 is denied.
06-24 14:36:15.652643  1033  2079 D ConnectivityService: getActiveNetworkInfo networkInfo = [type: WIFI[], state: CONNECTED/CONNECTED, reason: (unspecified), extra: "MZ-MEIZU-2.4G", roaming: false, failover: false, isAvailable: true]
06-24 14:36:15.655509  1033  1926 D ConnectivityService: getActiveNetworkInfo networkInfo = [type: WIFI[], state: CONNECTED/CONNECTED, reason: (unspecified), extra: "MZ-MEIZU-2.4G", roaming: false, failover: false, isAvailable: true]
06-24 14:36:15.672804  1033  1358 D ConnectivityService: getActiveNetworkInfo networkInfo = [type: WIFI[], state: CONNECTED/CONNECTED, reason: (unspecified), extra: "MZ-MEIZU-2.4G", roaming: false, failover: false, isAvailable: true]
06-24 14:36:15.676854  1033  1356 D ConnectivityService: getActiveNetworkInfo networkInfo = [type: WIFI[], state: CONNECTED/CONNECTED, reason: (unspecified), extra: "MZ-MEIZU-2.4G", roaming: false, failover: false, isAvailable: true]
06-24 14:36:15.688687   348  1177 D SocketClient: SocketClient sendData done: 
06-24 14:36:16.228110  1033  2106 D ConnectivityService: getActiveNetworkInfo networkInfo = [type: WIFI[], state: CONNECTED/CONNECTED, reason: (unspecified), extra: "MZ-MEIZU-2.4G", roaming: false, failover: false, isAvailable: true]
06-24 14:36:16.246758  1033  1944 D ConnectivityService: getActiveNetworkInfo networkInfo = [type: WIFI[], state: CONNECTED/CONNECTED, reason: (unspecified), extra: "MZ-MEIZU-2.4G", roaming: false, failover: false, isAvailable: true]
06-24 14:36:16.678858  1033  2094 D ConnectivityService: getActiveNetworkInfo networkInfo = [type: WIFI[], state: CONNECTED/CONNECTED, reason: (unspecified), extra: "MZ-MEIZU-2.4G", roaming: false, failover: false, isAvailable: true]
06-24 14:36:17.003795  1033  2071 D ConnectivityService: getActiveNetworkInfo networkInfo = [type: WIFI[], state: CONNECTED/CONNECTED, reason: (unspecified), extra: "MZ-MEIZU-2.4G", roaming: false, failover: false, isAvailable: true]
06-24 14:36:17.014105  1033  2070 W PackageManager: checkUidPermission(): android.permission.LOCAL_MAC_ADDRESS of 10096 is denied.
06-24 14:36:17.015222  1033  1621 W PackageManager: checkUidPermission(): android.permission.LOCAL_MAC_ADDRESS of 10097 is denied.
06-24 14:36:17.712702  1033  1358 D ConnectivityService: getActiveNetworkInfo networkInfo = [type: WIFI[], state: CONNECTED/CONNECTED, reason: (unspecified), extra: "MZ-MEIZU-2.4G", roaming: false, failover: false, isAvailable: true]
06-24 14:36:18.130220  1033  2055 W PackageManager: checkUidPermission(): android.permission.READ_PRIVILEGED_PHONE_STATE of 10062 is denied.
06-24 14:36:18.141292  1033  1356 W PackageManager: checkUidPermission(): android.permission.READ_PRIVILEGED_PHONE_STATE of 10062 is denied.
06-24 14:36:18.148163  1033  2079 W PackageManager: checkUidPermission(): android.permission.READ_PRIVILEGED_PHONE_STATE of 10062 is denied.
06-24 14:36:18.791148  1033  1944 W PackageManager: checkUidPermission(): android.permission.REAL_GET_TASKS of 10098 is denied.
06-24 14:36:19.090273   348  1177 D SocketClient: SocketClient sendData done: 
06-24 14:36:19.139970   348  1177 D SocketClient: SocketClient sendData done: 
06-24 14:36:19.149202  1033  2064 D ConnectivityService: getActiveNetworkInfo networkInfo = [type: WIFI[], state: CONNECTED/CONNECTED, reason: (unspecified), extra: "MZ-MEIZU-2.4G", roaming: false, failover: false, isAvailable: true]
06-24 14:36:19.169100   348  1177 D SocketClient: SocketClient sendData done: 
06-24 14:36:19.178155  1033  2106 D ConnectivityService: getActiveNetworkInfo networkInfo = [type: WIFI[], state: CONNECTED/CONNECTED, reason: (unspecified), extra: "MZ-MEIZU-2.4G", roaming: false, failover: false, isAvailable: true]
06-24 14:36:19.446953   348  1177 D SocketClient: SocketClient sendData done: 
06-24 14:36:19.477213  1033  2079 W PackageManager: checkUidPermission(): android.permission.READ_PRIVILEGED_PHONE_STATE of 10123 is denied.
06-24 14:36:19.479201  1033  2073 W PackageManager: checkUidPermission(): android.permission.LOCAL_MAC_ADDRESS of 10123 is denied.
06-24 14:36:19.511902  1033  1944 D ConnectivityService: getActiveNetworkInfo networkInfo = [type: WIFI[], state: CONNECTED/CONNECTED, reason: (unspecified), extra: "MZ-MEIZU-2.4G", roaming: false, failover: false, isAvailable: true]
06-24 14:36:19.512810  1033  1058 W PackageManager: checkUidPermission(): android.permission.LOCAL_MAC_ADDRESS of 10123 is denied.
06-24 14:36:20.712935   348  1177 D SocketClient: SocketClient sendData done: 
06-24 14:36:21.127547  1033  1944 W PackageManager: checkUidPermission(): android.permission.LOCAL_MAC_ADDRESS of 10096 is denied.
06-24 14:36:21.128795   348  1177 D SocketClient: SocketClient sendData done: 
06-24 14:36:21.905510  1033  2094 D BatteryService: Processing new values: chargerAcOnline=false, chargerUsbOnline=true, chargerWirelessOnline=false, batteryStatus=2, batteryHealth=2, batteryPresent=true, batteryLevel=39, batteryTechnology=Li-ion, batteryVoltage=3848, batteryTemperature=310, mBatteryLevelCritical=false, mPlugType=2
06-24 14:36:23.727567  1033  2070 W PackageManager: checkUidPermission(): android.permission.INTERACT_ACROSS_USERS_FULL of 10096 is denied.
06-24 14:36:23.727681  1033  2070 W PackageManager: checkUidPermission(): android.permission.REAL_GET_TASKS of 10096 is denied.
06-24 14:36:23.793083  1033  1621 W PackageManager: checkUidPermission(): android.permission.REAL_GET_TASKS of 10098 is denied.
06-24 14:36:24.096679   348  1177 D SocketClient: SocketClient sendData done: 
06-24 14:36:24.156003   348  1177 D SocketClient: SocketClient sendData done: 
06-24 14:36:24.161202  1033  2073 D ConnectivityService: getActiveNetworkInfo networkInfo = [type: WIFI[], state: CONNECTED/CONNECTED, reason: (unspecified), extra: "MZ-MEIZU-2.4G", roaming: false, failover: false, isAvailable: true]
06-24 14:36:24.169660  1033  2070 D ConnectivityService: getActiveNetworkInfo networkInfo = [type: WIFI[], state: CONNECTED/CONNECTED, reason: (unspecified), extra: "MZ-MEIZU-2.4G", roaming: false, failover: false, isAvailable: true]
06-24 14:36:24.170506  1033  1621 D ConnectivityService: getActiveNetworkInfo networkInfo = [type: WIFI[], state: CONNECTED/CONNECTED, reason: (unspecified), extra: "MZ-MEIZU-2.4G", roaming: false, failover: false, isAvailable: true]
06-24 14:36:24.184889  1033  2106 D ConnectivityService: getActiveNetworkInfo networkInfo = [type: WIFI[], state: CONNECTED/CONNECTED, reason: (unspecified), extra: "MZ-MEIZU-2.4G", roaming: false, failover: false, isAvailable: true]
06-24 14:36:24.186242   348  1177 D SocketClient: SocketClient sendData done: 
06-24 14:36:24.186243  1033  2023 W PackageManager: checkUidPermission(): android.permission.LOCAL_MAC_ADDRESS of 10100 is denied.
06-24 14:36:24.193730  1033  2079 D ConnectivityService: getActiveNetworkInfo networkInfo = [type: WIFI[], state: CONNECTED/CONNECTED, reason: (unspecified), extra: "MZ-MEIZU-2.4G", roaming: false, failover: false, isAvailable: true]
06-24 14:36:24.990188  1033  1898 W Watchdog: SWT Watchdog after wait current time:47430129
06-24 14:36:24.990389  1033  1898 W Watchdog: **Get SF Time **1
06-24 14:36:24.990541  1033  1898 W Watchdog: SWT Watchdog before synchronized:47430129
06-24 14:36:24.990578  1033  1898 W Watchdog: SWT Watchdog after synchronized:47430129
06-24 14:36:24.990684  1033  1898 W Watchdog: SWT Watchdog before wait timeout:30000
06-24 14:36:24.990721  1033  1898 W Watchdog: SWT Watchdog before wait current time:47430129
06-24 14:36:24.990760  1033  1898 W Watchdog: SWT Watchdog before wait start:47430129
06-24 14:36:24.990787  1033  1898 W Watchdog: SWT Watchdog before wait CHECK_INTERVAL:30000
06-24 14:36:25.735834   348  1177 D SocketClient: SocketClient sendData done: 
06-24 14:36:26.246061  1033  1926 W PackageManager: checkUidPermission(): android.permission.LOCAL_MAC_ADDRESS of 10096 is denied.
06-24 14:36:28.795246  1033  1944 W PackageManager: checkUidPermission(): android.permission.REAL_GET_TASKS of 10098 is denied.
06-24 14:36:29.100415   348  1177 D SocketClient: SocketClient sendData done: 
06-24 14:36:29.165982   348  1177 D SocketClient: SocketClient sendData done: 
06-24 14:36:29.175393  1033  2023 D ConnectivityService: getActiveNetworkInfo networkInfo = [type: WIFI[], state: CONNECTED/CONNECTED, reason: (unspecified), extra: "MZ-MEIZU-2.4G", roaming: false, failover: false, isAvailable: true]
06-24 14:36:29.208041   348  1177 D SocketClient: SocketClient sendData done: 
06-24 14:36:29.216206  1033  1926 D ConnectivityService: getActiveNetworkInfo networkInfo = [type: WIFI[], state: CONNECTED/CONNECTED, reason: (unspecified), extra: "MZ-MEIZU-2.4G", roaming: false, failover: false, isAvailable: true]
06-24 14:36:29.525542   348  1177 D SocketClient: SocketClient sendData done: 
06-24 14:36:29.536012  1033  2094 W PackageManager: checkUidPermission(): android.permission.READ_PRIVILEGED_PHONE_STATE of 10123 is denied.
06-24 14:36:29.538997  1033  1059 W PackageManager: checkUidPermission(): android.permission.LOCAL_MAC_ADDRESS of 10123 is denied.
06-24 14:36:29.557952  1033  2106 D ConnectivityService: getActiveNetworkInfo networkInfo = [type: WIFI[], state: CONNECTED/CONNECTED, reason: (unspecified), extra: "MZ-MEIZU-2.4G", roaming: false, failover: false, isAvailable: true]
06-24 14:36:29.559793  1033  2023 W PackageManager: checkUidPermission(): android.permission.LOCAL_MAC_ADDRESS of 10123 is denied.
06-24 14:36:30.761518   348  1177 D SocketClient: SocketClient sendData done: 
06-24 14:36:31.181372   348  1177 D SocketClient: SocketClient sendData done: 
06-24 14:36:31.360202  1033  1621 W PackageManager: checkUidPermission(): android.permission.LOCAL_MAC_ADDRESS of 10096 is denied.
06-24 14:36:31.824933  1033  1356 D ConnectivityService: getActiveNetworkInfo networkInfo = [type: WIFI[], state: CONNECTED/CONNECTED, reason: (unspecified), extra: "MZ-MEIZU-2.4G", roaming: false, failover: false, isAvailable: true]
06-24 14:36:31.826499  1033  2064 D ConnectivityService: getActiveNetworkInfo networkInfo = [type: WIFI[], state: CONNECTED/CONNECTED, reason: (unspecified), extra: "MZ-MEIZU-2.4G", roaming: false, failover: false, isAvailable: true]
06-24 14:36:31.829608  1033  2106 D ConnectivityService: getActiveNetworkInfo networkInfo = [type: WIFI[], state: CONNECTED/CONNECTED, reason: (unspecified), extra: "MZ-MEIZU-2.4G", roaming: false, failover: false, isAvailable: true]
06-24 14:36:31.830954  1033  2023 W PackageManager: checkUidPermission(): android.permission.LOCAL_MAC_ADDRESS of 10100 is denied.
06-24 14:36:31.840559  1033  2079 D ConnectivityService: getActiveNetworkInfo networkInfo = [type: WIFI[], state: CONNECTED/CONNECTED, reason: (unspecified), extra: "MZ-MEIZU-2.4G", roaming: false, failover: false, isAvailable: true]
06-24 14:36:31.874271  1033  1358 D BatteryService: Processing new values: chargerAcOnline=false, chargerUsbOnline=true, chargerWirelessOnline=false, batteryStatus=2, batteryHealth=2, batteryPresent=true, batteryLevel=39, batteryTechnology=Li-ion, batteryVoltage=3851, batteryTemperature=310, mBatteryLevelCritical=false, mPlugType=2
06-24 14:36:32.684198  1033  2079 D ConnectivityService: getActiveNetworkInfo networkInfo = [type: WIFI[], state: CONNECTED/CONNECTED, reason: (unspecified), extra: "MZ-MEIZU-2.4G", roaming: false, failover: false, isAvailable: true]
06-24 14:36:32.685062  1033  1358 D ConnectivityService: getActiveNetworkInfo networkInfo = [type: WIFI[], state: CONNECTED/CONNECTED, reason: (unspecified), extra: "MZ-MEIZU-2.4G", roaming: false, failover: false, isAvailable: true]
06-24 14:36:32.688117  1033  2073 D ConnectivityService: getActiveNetworkInfo networkInfo = [type: WIFI[], state: CONNECTED/CONNECTED, reason: (unspecified), extra: "MZ-MEIZU-2.4G", roaming: false, failover: false, isAvailable: true]
06-24 14:36:32.689334  1033  2070 W PackageManager: checkUidPermission(): android.permission.LOCAL_MAC_ADDRESS of 10100 is denied.
06-24 14:36:33.152489  1033  2071 W PackageManager: checkUidPermission(): android.permission.INTERACT_ACROSS_USERS_FULL of 10097 is denied.
06-24 14:36:33.152615  1033  2071 W PackageManager: checkUidPermission(): android.permission.REAL_GET_TASKS of 10097 is denied.
06-24 14:36:33.797938  1033  2064 W PackageManager: checkUidPermission(): android.permission.REAL_GET_TASKS of 10098 is denied.
06-24 14:36:34.139797   348  1177 D SocketClient: SocketClient sendData done: 
06-24 14:36:34.180452   348  1177 D SocketClient: SocketClient sendData done: 
06-24 14:36:34.184949  1033  1621 D ConnectivityService: getActiveNetworkInfo networkInfo = [type: WIFI[], state: CONNECTED/CONNECTED, reason: (unspecified), extra: "MZ-MEIZU-2.4G", roaming: false, failover: false, isAvailable: true]
06-24 14:36:34.225218   348  1177 D SocketClient: SocketClient sendData done: 
06-24 14:36:34.232475  1033  1944 D ConnectivityService: getActiveNetworkInfo networkInfo = [type: WIFI[], state: CONNECTED/CONNECTED, reason: (unspecified), extra: "MZ-MEIZU-2.4G", roaming: false, failover: false, isAvailable: true]
06-24 14:36:35.782528   348  1177 D SocketClient: SocketClient sendData done: 
06-24 14:36:36.495335  1033  2070 W PackageManager: checkUidPermission(): android.permission.LOCAL_MAC_ADDRESS of 10096 is denied.
06-24 14:36:37.134017  1033  1058 V AlarmManager: APP set(PendingIntent{894ae3: PendingIntentRecord{a457d2b com.eg.android.AlipayGphone broadcastIntent}}) : type=0 triggerAtTime=1466750707231 win=0 tElapsed=91924973 maxElapsed=91924973 interval=0 flags=0x1
06-24 14:36:37.142948  1033  1058 D AlarmManager: remove:PendingIntent{894ae3: PendingIntentRecord{a457d2b com.eg.android.AlipayGphone broadcastIntent}}
06-24 14:36:37.154910  1033  1058 D AlarmManager: set alarm to RTC 2-91437041-14:36:59
06-24 14:36:37.174963  1033  1356 V AlarmManager: APP set(PendingIntent{dd83ce0: PendingIntentRecord{3325c08 com.eg.android.AlipayGphone broadcastIntent}}) : type=0 triggerAtTime=1466750207274 win=0 tElapsed=91425016 maxElapsed=91425016 interval=0 flags=0x1
06-24 14:36:37.175895  1033  1356 D AlarmManager: set alarm to RTC 2-91425016-14:36:47
06-24 14:36:37.204990  1033  2023 V AlarmManager: APP set(PendingIntent{cde5b99: PendingIntentRecord{3325c08 com.eg.android.AlipayGphone broadcastIntent}}) : type=0 triggerAtTime=1466750207304 win=0 tElapsed=91425046 maxElapsed=91425046 interval=0 flags=0x1
06-24 14:36:37.205307  1033  2023 D AlarmManager: remove:PendingIntent{cde5b99: PendingIntentRecord{3325c08 com.eg.android.AlipayGphone broadcastIntent}}
06-24 14:36:37.206006  1033  2023 D AlarmManager: set alarm to RTC 2-91425046-14:36:47
06-24 14:36:37.208236  1033  2079 V AlarmManager: APP set(PendingIntent{bebce5e: PendingIntentRecord{a457d2b com.eg.android.AlipayGphone broadcastIntent}}) : type=0 triggerAtTime=1466750707307 win=0 tElapsed=91925048 maxElapsed=91925048 interval=0 flags=0x1
06-24 14:36:37.208508  1033  2079 D AlarmManager: remove:PendingIntent{bebce5e: PendingIntentRecord{a457d2b com.eg.android.AlipayGphone broadcastIntent}}
06-24 14:36:37.239210  1033  2070 D AlarmManager: manual remove option = PendingIntent{6fbb23f: PendingIntentRecord{3325c08 com.eg.android.AlipayGphone broadcastIntent}}
06-24 14:36:37.239442  1033  2070 D AlarmManager: remove:PendingIntent{6fbb23f: PendingIntentRecord{3325c08 com.eg.android.AlipayGphone broadcastIntent}}
06-24 14:36:37.239491  1033  2070 D AlarmManager: remove(operation) changed bounds; rebatching operation = PendingIntent{6fbb23f: PendingIntentRecord{3325c08 com.eg.android.AlipayGphone broadcastIntent}}
06-24 14:36:37.239557  1033  2070 D AlarmManager: rebatchAllAlarmsLocked begin oldBatches count = 29
06-24 14:36:37.240752  1033  2070 D AlarmManager:  alarm = Alarm{c9c5f7c type 2 when 14:37:09 start 14:37:09 end 14:37:09 com.meizu.cloud} add to Batch{534470c num=1 mzstart=91426613 start=91426613 end=91629112}
06-24 14:36:37.241842  1033  2070 D AlarmManager:  alarm = Alarm{fdd8957 type 2 when 14:37:25 start 14:37:25 end 14:44:55 com.tencent.mm} add to Batch{4301855 num=1 mzstart=91462786 start=91462786 end=91912777}
06-24 14:36:37.242690  1033  2070 D AlarmManager:  alarm = Alarm{46a09cb type 2 when 14:39:36 start 14:39:36 end 14:39:36 com.tencent.news} add to Batch{6a2726a num=1 mzstart=91496934 start=91496934 end=91631934}
