06-24 14:37:05.414914  1033  1078 D DisplayPowerState: Screen ready
06-24 14:37:05.428489  1033  1078 D DisplayPowerState: setColorFadeLevel: level=0.8974722
06-24 14:37:05.428683  1033  1078 D ColorFade: drawFrame: level=0.8974722
06-24 14:37:05.431145  1033  1078 D ColorFade: drawFaded: opacity=0.98948807, gamma=1.047224, saturation=0.64875996, scale=0.9989488
06-24 14:37:05.435971  1033  1078 D DisplayPowerState: Screen ready
06-24 14:37:05.443690  1033  1078 D DisplayPowerState: setColorFadeLevel: level=0.8535534
06-24 14:37:05.443883  1033  1078 D ColorFade: drawFrame: level=0.8535534
06-24 14:37:05.444819  1033  1078 D ColorFade: drawFaded: opacity=0.9785534, gamma=1.0973545, saturation=0.5307901, scale=0.99785537
06-24 14:37:05.447854  1033  1078 D DisplayPowerState: Screen ready
06-24 14:37:05.456063  1033  1358 W PackageManager: checkUidPermission(): android.permission.READ_PRIVILEGED_PHONE_STATE of 10017 is denied.
06-24 14:37:05.460469  1033  1078 D DisplayPowerState: setColorFadeLevel: level=0.80334115
06-24 14:37:05.460658  1033  1078 D ColorFade: drawFrame: level=0.80334115
06-24 14:37:05.462161  1033  1078 D ColorFade: drawFaded: opacity=0.9613253, gamma=1.1778487, saturation=0.41648567, scale=0.99613255
06-24 14:37:05.465610  1033  1078 D DisplayPowerState: Screen ready
06-24 14:37:05.466816  1033  2079 V SettingsProvider: packageValueForCallResult, name = mobile_data1, value : 1
06-24 14:37:05.472545  1033  1356 V SettingsProvider: packageValueForCallResult, name = accelerometer_rotation, value : 1
06-24 14:37:05.474988  1033  2106 V SettingsProvider: packageValueForCallResult, name = hide_rotation_lock_toggle_for_accessibility, value : 0
06-24 14:37:05.475045  1033  1070 V NotificationService: enqueueNotificationInternal: pkg=com.mediatek.mtklogger id=2130837539 notification=Notification(pri=0 contentView=com.mediatek.mtklogger/0xa030049 vibrate=null sound=null tick defaults=0x0 flags=0x60 color=0x00000000 vis=PRIVATE)
06-24 14:37:05.477153  1033  1078 D DisplayPowerState: setColorFadeLevel: level=0.7511328
06-24 14:37:05.477355  1033  1078 D ColorFade: drawFrame: level=0.7511328
06-24 14:37:05.478179  1033  1078 D ColorFade: drawFaded: opacity=0.9380651, gamma=1.2876618, saturation=0.31832215, scale=0.9938065
06-24 14:37:05.479809  1033  1033 V MoMS.NotificationController: notifications are enabled for com.mediatek.mtklogger
06-24 14:37:05.480328  1033  2079 W PackageManager: checkUidPermission(): android.permission.READ_PRIVILEGED_PHONE_STATE of 10017 is denied.
06-24 14:37:05.481083  1033  1078 D DisplayPowerState: Screen ready
06-24 14:37:05.481136  1033  1033 V NotificationService: pkg=com.mediatek.mtklogger canInterrupt=true intercept=false
06-24 14:37:05.481210  1033  1033 V NotificationService: Interrupting!
06-24 14:37:05.490107  1033  1358 V SettingsProvider: packageValueForCallResult, name = screen_brightness_mode, value : 0
06-24 14:37:05.494770  1033  1078 D DisplayPowerState: setColorFadeLevel: level=0.6913417
06-24 14:37:05.494994  1033  1078 D ColorFade: drawFrame: level=0.6913417
06-24 14:37:05.495972  1033  2023 V SettingsProvider: packageValueForCallResult, name = screen_brightness, value : 79
06-24 14:37:05.497032  1033  1078 D ColorFade: drawFaded: opacity=0.9047301, gamma=1.4410499, saturation=0.2284394, scale=0.99047303
06-24 14:37:05.501335  1033  1078 D DisplayPowerState: Screen ready
06-24 14:37:05.504926  1033  2064 D DeviceStateService: doCheckState handle=3
06-24 14:37:05.510744  1033  1078 D DisplayPowerState: setColorFadeLevel: level=0.6281446
06-24 14:37:05.511014  1033  1078 D ColorFade: drawFrame: level=0.6281446
06-24 14:37:05.511911  1033  1078 D ColorFade: drawFaded: opacity=0.86172354, gamma=1.6153122, saturation=0.15568207, scale=0.9861724
06-24 14:37:05.512347  1033  1621 V SettingsProvider: packageValueForCallResult, name = mobile_data1, value : 1
06-24 14:37:05.514756  1033  1078 D DisplayPowerState: Screen ready
06-24 14:37:05.521963  1033  2055 W PackageManager: checkUidPermission(): android.permission.READ_PRIVILEGED_PHONE_STATE of 10017 is denied.
06-24 14:37:05.526116  1033  2094 D DeviceStateService: doCheckState handle=3
06-24 14:37:05.528851  1033  1078 D DisplayPowerState: setColorFadeLevel: level=0.56266654
06-24 14:37:05.529325  1033  1078 D ColorFade: drawFrame: level=0.56266654
06-24 14:37:05.530577  1033  1078 D ColorFade: drawFaded: opacity=0.8087394, gamma=1.7629929, saturation=0.10023153, scale=0.98087394
06-24 14:37:05.535161  1033  1078 D DisplayPowerState: Screen ready
06-24 14:37:05.544578  1033  1078 D DisplayPowerState: setColorFadeLevel: level=0.49607295
06-24 14:37:05.544873  1033  1078 D ColorFade: drawFrame: level=0.49607295
06-24 14:37:05.546321  1033  1078 D ColorFade: drawFaded: opacity=0.7460575, gamma=1.8184083, saturation=0.060559485, scale=0.97460574
06-24 14:37:05.550134  1033  1078 D DisplayPowerState: Screen ready
06-24 14:37:05.555374  1033  1058 D DeviceStateService: doCheckState handle=3
06-24 14:37:05.558735  1033  2094 D DeviceStateService: doCheckState handle=3
06-24 14:37:05.561161  1033  1621 D StatusBarManagerService: disable statusbar calling PID = 1341
06-24 14:37:05.561336  1033  1078 D DisplayPowerState: setColorFadeLevel: level=0.4334393
06-24 14:37:05.561474  1033  1078 D ColorFade: drawFrame: level=0.4334393
06-24 14:37:05.563917  1033  1078 D ColorFade: drawFaded: opacity=0.67900896, gamma=1.8846283, saturation=0.035295002, scale=0.9679009
06-24 14:37:05.564670  1341  1341 V KeyguardDisplayManager: show
06-24 14:37:05.568597  1033  2070 W ActivityManager: Unable to start service Intent { act=com.mediatek.voicecommand cat=[com.mediatek.nativeservice] pkg=com.mediatek.voicecommand } U=0: not found
06-24 14:37:05.568897  1033  1078 D DisplayPowerState: Screen ready
06-24 14:37:05.574979  1033  2055 V SettingsProvider: packageValueForCallResult, name = mobile_data1, value : 1
06-24 14:37:05.577903  1033  1078 D DisplayPowerState: setColorFadeLevel: level=0.36806345
06-24 14:37:05.578125  1033  1078 D ColorFade: drawFrame: level=0.36806345
06-24 14:37:05.579069  1033  1078 D ColorFade: drawFaded: opacity=0.6006562, gamma=2.0963657, saturation=0.018352311, scale=0.9600656
06-24 14:37:05.582362  1033  1078 D DisplayPowerState: Screen ready
06-24 14:37:05.586679  1033  1058 W PackageManager: checkUidPermission(): android.permission.READ_PRIVILEGED_PHONE_STATE of 10017 is denied.
06-24 14:37:05.592545  1033  2094 V SettingsProvider: packageValueForCallResult, name = mobile_data1, value : 1
06-24 14:37:05.594782  1033  1075 V WindowAnimator: Force hide KEYGUARD_SHOWN hasSurface=true policyVis=true destroying=false attHidden=false vis=0 hidden=false anim=null
06-24 14:37:05.594917  1033  1078 D DisplayPowerState: setColorFadeLevel: level=0.30503607
06-24 14:37:05.594929  1033  1075 V WindowAnimator: Now policy hidden: Window{616c648 u0 com.mediatek.mtklogger/com.mediatek.mtklogger.MainActivity}
06-24 14:37:05.595126  1033  1078 D ColorFade: drawFrame: level=0.30503607
06-24 14:37:05.595975  1033  1078 D ColorFade: drawFaded: opacity=0.5170251, gamma=2.4921248, saturation=0.008657745, scale=0.95170254
06-24 14:37:05.598864  1033  1078 D DisplayPowerState: Screen ready
06-24 14:37:05.600841  1033  2073 W PackageManager: checkUidPermission(): android.permission.READ_PRIVILEGED_PHONE_STATE of 10017 is denied.
06-24 14:37:05.606868  1033  1926 V SettingsProvider: packageValueForCallResult, name = mobile_data1, value : 1
06-24 14:37:05.611394  1033  1078 D DisplayPowerState: setColorFadeLevel: level=0.24547923
06-24 14:37:05.611426  1033  1075 V WindowAnimator: Force hide KEYGUARD_SHOWN hasSurface=true policyVis=true destroying=false attHidden=false vis=0 hidden=false anim=null
06-24 14:37:05.611638  1033  1078 D ColorFade: drawFrame: level=0.24547923
06-24 14:37:05.612683  1033  1078 D ColorFade: drawFaded: opacity=0.4306984, gamma=3.1386356, saturation=0.0036312738, scale=0.9430698
06-24 14:37:05.615591  1033  1078 D DisplayPowerState: Screen ready
06-24 14:37:05.617483  1033  2064 W PackageManager: checkUidPermission(): android.permission.READ_PRIVILEGED_PHONE_STATE of 10017 is denied.
06-24 14:37:05.625642  1033  2106 V SettingsProvider: packageValueForCallResult, name = mobile_data1, value : 1
06-24 14:37:05.628211  1033  1078 D DisplayPowerState: setColorFadeLevel: level=0.19354641
06-24 14:37:05.628415  1033  1078 D ColorFade: drawFrame: level=0.19354641
06-24 14:37:05.629492  1033  1078 D ColorFade: drawFaded: opacity=0.34963262, gamma=4.0509825, saturation=0.0014032677, scale=0.9349633
06-24 14:37:05.631357  1033  2073 D DeviceStateService: doCheckState handle=3
06-24 14:37:05.631480  1033  2071 V SettingsProvider: packageValueForCallResult, name = hide_rotation_lock_toggle_for_accessibility, value : 0
06-24 14:37:05.631666  1033  1078 D DisplayPowerState: Screen ready
06-24 14:37:05.632885  1033  1621 D DeviceStateService: doCheckState handle=4
06-24 14:37:05.634136  1033  2064 V SettingsProvider: packageValueForCallResult, name = accelerometer_rotation, value : 1
06-24 14:37:05.635880  1033  2070 V SettingsProvider: packageValueForCallResult, name = hide_rotation_lock_toggle_for_accessibility, value : 0
06-24 14:37:05.640964  1033  1926 W PackageManager: checkUidPermission(): android.permission.LOCAL_MAC_ADDRESS of 10017 is denied.
06-24 14:37:05.645273  1033  1078 D DisplayPowerState: setColorFadeLevel: level=0.14368069
06-24 14:37:05.645585  1033  1078 D ColorFade: drawFrame: level=0.14368069
06-24 14:37:05.646333  1033  1078 D ColorFade: drawFaded: opacity=0.26671726, gamma=5.3871493, saturation=4.2618057E-4, scale=0.92667174
06-24 14:37:05.648577  1033  1078 D DisplayPowerState: Screen ready
06-24 14:37:05.662429  1033  1078 D DisplayPowerState: setColorFadeLevel: level=0.10015762
06-24 14:37:05.662740  1033  1078 D ColorFade: drawFrame: level=0.10015762
06-24 14:37:05.663498  1033  1078 D ColorFade: drawFaded: opacity=0.19028372, gamma=6.9880104, saturation=1.00631965E-4, scale=0.91902834
06-24 14:37:05.666430  1033  1078 D DisplayPowerState: Screen ready
06-24 14:37:05.678452  1033  1078 D DisplayPowerState: setColorFadeLevel: level=0.063752055
06-24 14:37:05.678699  1033  1078 D ColorFade: drawFrame: level=0.063752055
06-24 14:37:05.679707  1033  1078 D ColorFade: drawFaded: opacity=0.12343979, gamma=8.488179, saturation=1.6518734E-5, scale=0.912344
06-24 14:37:05.682772  1033  1078 D DisplayPowerState: Screen ready
06-24 14:37:05.695158  1033  1078 D DisplayPowerState: setColorFadeLevel: level=0.03657168
06-24 14:37:05.695415  1033  1078 D ColorFade: drawFrame: level=0.03657168
06-24 14:37:05.696172  1033  1078 D ColorFade: drawFaded: opacity=0.071805894, gamma=9.441611, saturation=1.7888739E-6, scale=0.9071806
06-24 14:37:05.698919  1033  1078 D DisplayPowerState: Screen ready
06-24 14:37:05.711972  1033  1078 D DisplayPowerState: setColorFadeLevel: level=0.015708387
06-24 14:37:05.712220  1033  1078 D ColorFade: drawFrame: level=0.015708387
06-24 14:37:05.713233  1033  1078 D ColorFade: drawFaded: opacity=0.03117001, gamma=9.891684, saturation=6.088725E-8, scale=0.903117
06-24 14:37:05.715913  1033  1078 D DisplayPowerState: Screen ready
06-24 14:37:05.728821  1033  1078 D DisplayPowerState: setColorFadeLevel: level=0.0034657717
06-24 14:37:05.729094  1033  1078 D ColorFade: drawFrame: level=0.0034657717
06-24 14:37:05.730094  1033  1078 D ColorFade: drawFaded: opacity=0.006919503, gamma=9.994668, saturation=1.442779E-10, scale=0.9006919
06-24 14:37:05.733056  1033  1078 D DisplayPowerState: Screen ready
06-24 14:37:05.745621  1033  1078 D DisplayPowerState: setColorFadeLevel: level=0.0
06-24 14:37:05.745929  1033  1078 D ColorFade: drawFrame: level=0.0
06-24 14:37:05.746403  1033  2073 D DeviceStateService: doCheckState handle=3
06-24 14:37:05.746745  1033  1078 D ColorFade: drawFaded: opacity=0.0, gamma=10.0, saturation=0.0, scale=0.9
06-24 14:37:05.749135  1033  1078 D DisplayPowerState: Requesting new screen state: state=ON, backlight=0
06-24 14:37:05.749217  1033  1078 D DisplayPowerState: Screen not ready
06-24 14:37:05.749291  1033  1280 D DisplayPowerState: Updating screen state: state=ON, backlight=0, backlightChanged=true
06-24 14:37:05.749699  1033  1280 D DisplayManagerService: Update global display state for DisplayDeviceInfo{"": uniqueId="local:0", 1080 x 1920, modeId 1, defaultModeId 1, supportedModes [{id=1, width=1080, height=1920, fps=59.610004}], density 480, 480.0 x 480.0 dpi, appVsyncOff 8300000, presDeadline 9475708, touch INTERNAL, rotation 0, type BUILT_IN, state ON, FLAG_DEFAULT_DISPLAY, FLAG_ROTATES_WITH_CONTENT, FLAG_SECURE, FLAG_SUPPORTS_PROTECTED_BUFFERS}
06-24 14:37:05.749793  1033  1280 D LocalDisplayAdapter: setDisplayBrightness(id=0, brightness=0)
06-24 14:37:05.751134  1033  1078 D DisplayPowerState: setScreenState: state=1
06-24 14:37:05.759002  1033  1078 D DisplayPowerState: setScreenBrightness: brightness=0
06-24 14:37:05.759116  1033  1078 D DisplayPowerState: Requesting new screen state: state=OFF, backlight=0
06-24 14:37:05.759169  1033  1078 D DisplayPowerState: Screen not ready
06-24 14:37:05.759309  1033  1280 D DisplayPowerState: Updating screen state: state=OFF, backlight=0, backlightChanged=false
06-24 14:37:05.759503  1033  1280 D DisplayManagerService: Update global display state for DisplayDeviceInfo{"": uniqueId="local:0", 1080 x 1920, modeId 1, defaultModeId 1, supportedModes [{id=1, width=1080, height=1920, fps=59.610004}], density 480, 480.0 x 480.0 dpi, appVsyncOff 8300000, presDeadline 9475708, touch INTERNAL, rotation 0, type BUILT_IN, state ON, FLAG_DEFAULT_DISPLAY, FLAG_ROTATES_WITH_CONTENT, FLAG_SECURE, FLAG_SUPPORTS_PROTECTED_BUFFERS}
06-24 14:37:05.759593  1033  1280 D LocalDisplayAdapter: setDisplayState(id=0, state=OFF)
06-24 14:37:05.759754  1033  1075 I DisplayManagerService: Display device changed state: "", OFF
06-24 14:37:05.759871  1033  1075 D DisplayManagerService: Delivering display event: displayId=0, event=2
06-24 14:37:05.779627  1033  1075 V WindowAnimator: Force hide KEYGUARD_SHOWN hasSurface=true policyVis=true destroying=false attHidden=false vis=0 hidden=false anim=null
06-24 14:37:05.933759   348  1177 D SocketClient: SocketClient sendData done: 
06-24 14:37:06.294672  1033  1078 D DisplayPowerState: Screen ready
06-24 14:37:06.317201  8595  8618 W ContextImpl: Calling a method in the system process without a qualified user: android.app.ContextImpl.startActivity:686 android.content.ContextWrapper.startActivity:331 com.meizu.power.g.b.a:357 com.meizu.power.g.b.j:305 com.meizu.power.g.b.b:55 
06-24 14:37:06.317354  8595  8618 W ContextImpl: Calling a method in the system process without a qualified user: android.app.ContextImpl.startActivity:698 android.app.ContextImpl.startActivity:687 android.content.ContextWrapper.startActivity:331 com.meizu.power.g.b.a:357 com.meizu.power.g.b.j:305 
06-24 14:37:06.322528  1033  2094 I ActivityManager: START u0 {act=act.intercept.MODE flg=0x10000000 (has extras)} from uid 1000 from pid 8595 on display 0 from pid 8595
06-24 14:37:06.359073  1033  1033 V AlarmManager: APP set(PendingIntent{a5b8b52: PendingIntentRecord{d97e23 android broadcastIntent}}) : type=2 triggerAtTime=95704100 win=300000 tElapsed=95704100 maxElapsed=96004100 interval=0 flags=0x8
06-24 14:37:06.364710  1033  1033 D WifiService: onReceive, action:android.intent.action.SCREEN_OFF
06-24 14:37:06.366804  1033  1246 D WifiController: DeviceActiveState{ when=-2ms what=155651 target=com.android.internal.util.StateMachine$SmHandler }
06-24 14:37:06.366905  1033  1246 D WifiController: StaEnabledState{ when=-3ms what=155651 target=com.android.internal.util.StateMachine$SmHandler }
06-24 14:37:06.366954  1033  1246 D WifiController: DefaultState{ when=-3ms what=155651 target=com.android.internal.util.StateMachine$SmHandler }
06-24 14:37:06.366986  1033  1246 D WifiController: wifiSleepPolicy:2
06-24 14:37:06.393214  1033  1242 V NetworkStats: setKernelCounterSet uid=10004 set=0
06-24 14:37:06.393707  1033  1242 V NetworkStats: setKernelCounterSet uid=10017 set=0
06-24 14:37:06.394087  1033  1242 V NetworkStats: setKernelCounterSet uid=10059 set=0
06-24 14:37:06.394433  1033  1242 V NetworkStats: setKernelCounterSet uid=10064 set=0
06-24 14:37:07.408709  1033  2023 D CSLegacyTypeTracker: getNetworkForType type 0
06-24 14:37:07.408862  1033  2023 D CSLegacyTypeTracker: getNetworkForType type 1
06-24 14:37:07.409028  1033  2023 D CSLegacyTypeTracker: getNetworkForType type 2
06-24 14:37:07.409079  1033  2023 D CSLegacyTypeTracker: getNetworkForType type 3
06-24 14:37:07.409124  1033  2023 D CSLegacyTypeTracker: getNetworkForType type 4
06-24 14:37:07.409165  1033  2023 D CSLegacyTypeTracker: getNetworkForType type 5
06-24 14:37:07.409213  1033  2023 D CSLegacyTypeTracker: getNetworkForType type 7
06-24 14:37:07.409269  1033  2023 D CSLegacyTypeTracker: getNetworkForType type 10
06-24 14:37:07.409321  1033  2023 D CSLegacyTypeTracker: getNetworkForType type 11
06-24 14:37:07.409369  1033  2023 D CSLegacyTypeTracker: getNetworkForType type 12
06-24 14:37:07.409414  1033  2023 D CSLegacyTypeTracker: getNetworkForType type 14
06-24 14:37:07.409474  1033  2023 D CSLegacyTypeTracker: getNetworkForType type 15
06-24 14:37:07.409520  1033  2023 D CSLegacyTypeTracker: getNetworkForType type 17
06-24 14:37:07.409656  1033  2023 D CSLegacyTypeTracker: getNetworkForType type 34
06-24 14:37:07.409716  1033  2023 D CSLegacyTypeTracker: getNetworkForType type 35
06-24 14:37:07.409761  1033  2023 D CSLegacyTypeTracker: getNetworkForType type 36
06-24 14:37:07.409809  1033  2023 D CSLegacyTypeTracker: getNetworkForType type 37
06-24 14:37:07.409849  1033  2023 D CSLegacyTypeTracker: getNetworkForType type 38
06-24 14:37:07.409894  1033  2023 D CSLegacyTypeTracker: getNetworkForType type 40
06-24 14:37:07.409932  1033  2023 D CSLegacyTypeTracker: getNetworkForType type 41
06-24 14:37:07.410022  1033  2023 D CSLegacyTypeTracker: getNetworkForType type 49
06-24 14:37:07.437533  1033  1944 D ConnectivityService: getActiveNetworkInfo networkInfo = [type: WIFI[], state: CONNECTED/CONNECTED, reason: (unspecified), extra: "MZ-MEIZU-2.4G", roaming: false, failover: false, isAvailable: true]
06-24 14:37:07.438777  1033  1621 V AlarmManager: APP set(PendingIntent{6c71e2b: PendingIntentRecord{e3b2288 android broadcastIntent}}) : type=3 triggerAtTime=91565180 win=90000 tElapsed=91565180 maxElapsed=91655180 interval=0 flags=0x8
06-24 14:37:07.449160  1033  1621 D AlarmManager: remove:PendingIntent{6c71e2b: PendingIntentRecord{e3b2288 android broadcastIntent}}
06-24 14:37:07.451297  1033  1621 D AlarmManager:  alarm = Alarm{6dca6a7 type 3 when 14:39:07 start 14:39:07 end 14:40:37 android} add to Batch{2e40754 num=1 mzstart=91544706 start=91544706 end=91769706}
06-24 14:37:07.451493  1033  1621 V AlarmManager: APP set(PendingIntent{977207: PendingIntentRecord{da3df34 android broadcastIntent}}) : type=3 triggerAtTime=91565180 win=89991 tElapsed=91565180 maxElapsed=91655171 interval=0 flags=0x8
06-24 14:37:07.454806  1033  1621 D AlarmManager: remove:PendingIntent{977207: PendingIntentRecord{da3df34 android broadcastIntent}}
06-24 14:37:07.456863  1033  1621 D AlarmManager:  alarm = Alarm{44ae6fd type 3 when 14:39:07 start 14:39:07 end 14:40:37 android} add to Batch{2e40754 num=2 mzstart=91565180 start=91599943 end=91655180 flgs=0x8}
06-24 14:37:07.458890  1033  1926 W PackageManager: checkUidPermission(): android.permission.REAL_GET_TASKS of 10096 is denied.
06-24 14:37:07.476847  1033  2079 W PackageManager: checkUidPermission(): android.permission.REAL_GET_TASKS of 10096 is denied.
06-24 14:37:07.501786  1033  2071 W PackageManager: checkUidPermission(): android.permission.REAL_GET_TASKS of 10102 is denied.
06-24 14:37:08.830405  1033  1358 W PackageManager: checkUidPermission(): android.permission.REAL_GET_TASKS of 10098 is denied.
06-24 14:37:09.201334   348  1177 D SocketClient: SocketClient sendData done: 
06-24 14:37:09.388511   348  1177 D SocketClient: SocketClient sendData done: 
06-24 14:37:09.401877  1033  2071 D ConnectivityService: getActiveNetworkInfo networkInfo = [type: WIFI[], state: CONNECTED/CONNECTED, reason: (unspecified), extra: "MZ-MEIZU-2.4G", roaming: false, failover: false, isAvailable: true]
06-24 14:37:09.407084   348  1177 D SocketClient: SocketClient sendData done: 
06-24 14:37:09.413780  1033  1058 D ConnectivityService: getActiveNetworkInfo networkInfo = [type: WIFI[], state: CONNECTED/CONNECTED, reason: (unspecified), extra: "MZ-MEIZU-2.4G", roaming: false, failover: false, isAvailable: true]
06-24 14:37:09.849010   348  1177 D SocketClient: SocketClient sendData done: 
06-24 14:37:09.862252  1033  2106 W PackageManager: checkUidPermission(): android.permission.READ_PRIVILEGED_PHONE_STATE of 10123 is denied.
06-24 14:37:09.866826  1033  2055 W PackageManager: checkUidPermission(): android.permission.LOCAL_MAC_ADDRESS of 10123 is denied.
06-24 14:37:09.888816  1033  1944 D ConnectivityService: getActiveNetworkInfo networkInfo = [type: WIFI[], state: CONNECTED/CONNECTED, reason: (unspecified), extra: "MZ-MEIZU-2.4G", roaming: false, failover: false, isAvailable: true]
06-24 14:37:09.889899  1033  1621 W PackageManager: checkUidPermission(): android.permission.LOCAL_MAC_ADDRESS of 10123 is denied.
06-24 14:37:10.948096   348  1177 D SocketClient: SocketClient sendData done: 
06-24 14:37:11.296779   348  1177 D SocketClient: SocketClient sendData done: 
06-24 14:37:11.895045  1033  1356 D BatteryService: Processing new values: chargerAcOnline=false, chargerUsbOnline=true, chargerWirelessOnline=false, batteryStatus=2, batteryHealth=2, batteryPresent=true, batteryLevel=39, batteryTechnology=Li-ion, batteryVoltage=3847, batteryTemperature=310, mBatteryLevelCritical=false, mPlugType=2
06-24 14:37:13.072578  1033  1621 D ConnectivityService: getActiveNetworkInfo networkInfo = [type: WIFI[], state: CONNECTED/CONNECTED, reason: (unspecified), extra: "MZ-MEIZU-2.4G", roaming: false, failover: false, isAvailable: true]
06-24 14:37:13.101497  1033  1926 W PackageManager: checkUidPermission(): android.permission.INTERACT_ACROSS_USERS_FULL of 10097 is denied.
06-24 14:37:13.101597  1033  1926 W PackageManager: checkUidPermission(): android.permission.REAL_GET_TASKS of 10097 is denied.
06-24 14:37:13.833281  1033  2070 W PackageManager: checkUidPermission(): android.permission.REAL_GET_TASKS of 10098 is denied.
06-24 14:37:14.175133   348  1177 D SocketClient: SocketClient sendData done: 
06-24 14:37:14.409605   348  1177 D SocketClient: SocketClient sendData done: 
06-24 14:37:14.432114   348  1177 D SocketClient: SocketClient sendData done: 
06-24 14:37:14.437714  1033  2023 D ConnectivityService: getActiveNetworkInfo networkInfo = [type: WIFI[], state: CONNECTED/CONNECTED, reason: (unspecified), extra: "MZ-MEIZU-2.4G", roaming: false, failover: false, isAvailable: true]
06-24 14:37:14.450090  1033  1944 D ConnectivityService: getActiveNetworkInfo networkInfo = [type: WIFI[], state: CONNECTED/CONNECTED, reason: (unspecified), extra: "MZ-MEIZU-2.4G", roaming: false, failover: false, isAvailable: true]
06-24 14:37:15.962795   348  1177 D SocketClient: SocketClient sendData done: 
06-24 14:37:17.263343  1033  1058 D ConnectivityService: getActiveNetworkInfo networkInfo = [type: WIFI[], state: CONNECTED/CONNECTED, reason: (unspecified), extra: "MZ-MEIZU-2.4G", roaming: false, failover: false, isAvailable: true]
06-24 14:37:17.265587  1033  2073 D ConnectivityService: getActiveNetworkInfo networkInfo = [type: WIFI[], state: CONNECTED/CONNECTED, reason: (unspecified), extra: "MZ-MEIZU-2.4G", roaming: false, failover: false, isAvailable: true]
06-24 14:37:17.271094  1033  2106 D ConnectivityService: getActiveNetworkInfo networkInfo = [type: WIFI[], state: CONNECTED/CONNECTED, reason: (unspecified), extra: "MZ-MEIZU-2.4G", roaming: false, failover: false, isAvailable: true]
06-24 14:37:17.273474  1033  1059 D ConnectivityService: getActiveNetworkInfo networkInfo = [type: WIFI[], state: CONNECTED/CONNECTED, reason: (unspecified), extra: "MZ-MEIZU-2.4G", roaming: false, failover: false, isAvailable: true]
06-24 14:37:17.275726  1033  2094 D ConnectivityService: getActiveNetworkInfo networkInfo = [type: WIFI[], state: CONNECTED/CONNECTED, reason: (unspecified), extra: "MZ-MEIZU-2.4G", roaming: false, failover: false, isAvailable: true]
06-24 14:37:17.296484  1033  2055 D ConnectivityService: getActiveNetworkInfo networkInfo = [type: WIFI[], state: CONNECTED/CONNECTED, reason: (unspecified), extra: "MZ-MEIZU-2.4G", roaming: false, failover: false, isAvailable: true]
06-24 14:37:17.298748  1033  1356 D ConnectivityService: getActiveNetworkInfo networkInfo = [type: WIFI[], state: CONNECTED/CONNECTED, reason: (unspecified), extra: "MZ-MEIZU-2.4G", roaming: false, failover: false, isAvailable: true]
06-24 14:37:17.304337  1033  2023 D ConnectivityService: getActiveNetworkInfo networkInfo = [type: WIFI[], state: CONNECTED/CONNECTED, reason: (unspecified), extra: "MZ-MEIZU-2.4G", roaming: false, failover: false, isAvailable: true]
06-24 14:37:17.306724  1033  1944 D ConnectivityService: getActiveNetworkInfo networkInfo = [type: WIFI[], state: CONNECTED/CONNECTED, reason: (unspecified), extra: "MZ-MEIZU-2.4G", roaming: false, failover: false, isAvailable: true]
06-24 14:37:17.308961  1033  1621 D ConnectivityService: getActiveNetworkInfo networkInfo = [type: WIFI[], state: CONNECTED/CONNECTED, reason: (unspecified), extra: "MZ-MEIZU-2.4G", roaming: false, failover: false, isAvailable: true]
06-24 14:37:18.835524  1033  2073 W PackageManager: checkUidPermission(): android.permission.REAL_GET_TASKS of 10098 is denied.
06-24 14:37:19.175693   348  1177 D SocketClient: SocketClient sendData done: 
06-24 14:37:19.447732   348  1177 D SocketClient: SocketClient sendData done: 
06-24 14:37:19.461160   348  1177 D SocketClient: SocketClient sendData done: 
06-24 14:37:19.473640  1033  2106 D ConnectivityService: getActiveNetworkInfo networkInfo = [type: WIFI[], state: CONNECTED/CONNECTED, reason: (unspecified), extra: "MZ-MEIZU-2.4G", roaming: false, failover: false, isAvailable: true]
06-24 14:37:19.493479  1033  1059 D ConnectivityService: getActiveNetworkInfo networkInfo = [type: WIFI[], state: CONNECTED/CONNECTED, reason: (unspecified), extra: "MZ-MEIZU-2.4G", roaming: false, failover: false, isAvailable: true]
06-24 14:37:19.901927   348  1177 D SocketClient: SocketClient sendData done: 
06-24 14:37:19.916585  1033  1356 W PackageManager: checkUidPermission(): android.permission.READ_PRIVILEGED_PHONE_STATE of 10123 is denied.
06-24 14:37:19.922428  1033  1621 W PackageManager: checkUidPermission(): android.permission.LOCAL_MAC_ADDRESS of 10123 is denied.
06-24 14:37:19.961980  1033  1358 D ConnectivityService: getActiveNetworkInfo networkInfo = [type: WIFI[], state: CONNECTED/CONNECTED, reason: (unspecified), extra: "MZ-MEIZU-2.4G", roaming: false, failover: false, isAvailable: true]
06-24 14:37:19.963590  1033  2070 W PackageManager: checkUidPermission(): android.permission.LOCAL_MAC_ADDRESS of 10123 is denied.
06-24 14:37:20.976450   348  1177 D SocketClient: SocketClient sendData done: 
06-24 14:37:21.314603   348  1177 D SocketClient: SocketClient sendData done: 
06-24 14:37:21.388868  1033  1230 V AlarmManager: Checking for alarms... rtc=1466750241388, elapsed=91459130
06-24 14:37:21.391935  1033  1230 D AlarmManager:  alarm = Alarm{af39ff2 type 0 when 14:42:21 start 14:42:21 end 14:42:21 com.jingdong.app.mall} add to Batch{ba30643 num=1 mzstart=91696693 start=91696693 end=91899192}
06-24 14:37:21.393960  1033  1230 D AlarmManager: set alarm to RTC 2-91528332-14:38:30
06-24 14:37:21.395901  1033  1230 D AlarmManager: set alarm to RTC 3-91497742-14:38:00
06-24 14:37:21.396143  1033  1230 V AlarmManager: socktUnblockingTimeElapsed(ms): 110284 < mMinimumPeriod_BlockSocket: 300000
06-24 14:37:21.397453  1033  1230 V AlarmManager: sending alarm Alarm{6dbe89e type 0 when 14:37:21 start 14:37:21 end 14:37:21 com.jingdong.app.mall}openLteGateSuccess = false
06-24 14:37:21.400278  1033  1230 D AlarmManager: wakeup alarm = Alarm{6dbe89e type 0 when 14:37:21 start 14:37:21 end 14:37:21 com.jingdong.app.mall}; package = com.jingdong.app.mallneedGrouping = true
06-24 14:37:21.408485  1033  1230 V AlarmManager: sending alarm Alarm{6dbe89e type 0 when 14:37:21 start 14:37:21 end 14:37:21 com.jingdong.app.mall} success
06-24 14:37:21.883124  1033  1926 D BatteryService: Processing new values: chargerAcOnline=false, chargerUsbOnline=true, chargerWirelessOnline=false, batteryStatus=2, batteryHealth=2, batteryPresent=true, batteryLevel=39, batteryTechnology=Li-ion, batteryVoltage=3856, batteryTemperature=310, mBatteryLevelCritical=false, mPlugType=2
06-24 14:37:23.722726  1033  2055 W PackageManager: checkUidPermission(): android.permission.INTERACT_ACROSS_USERS_FULL of 10096 is denied.
06-24 14:37:23.722886  1033  2055 W PackageManager: checkUidPermission(): android.permission.REAL_GET_TASKS of 10096 is denied.
06-24 14:37:23.838649  1033  1356 W PackageManager: checkUidPermission(): android.permission.REAL_GET_TASKS of 10098 is denied.
06-24 14:37:24.185868   348  1177 D SocketClient: SocketClient sendData done: 
06-24 14:37:24.483364   348  1177 D SocketClient: SocketClient sendData done: 
06-24 14:37:24.496849  1033  1944 D ConnectivityService: getActiveNetworkInfo networkInfo = [type: WIFI[], state: CONNECTED/CONNECTED, reason: (unspecified), extra: "MZ-MEIZU-2.4G", roaming: false, failover: false, isAvailable: true]
06-24 14:37:24.506620   348  1177 D SocketClient: SocketClient sendData done: 
06-24 14:37:24.517846  1033  1621 D ConnectivityService: getActiveNetworkInfo networkInfo = [type: WIFI[], state: CONNECTED/CONNECTED, reason: (unspecified), extra: "MZ-MEIZU-2.4G", roaming: false, failover: false, isAvailable: true]
06-24 14:37:25.016775  1033  1898 W Watchdog: SWT Watchdog after wait current time:47490155
06-24 14:37:25.017168  1033  1898 W Watchdog: **Get SF Time **1
06-24 14:37:25.017401  1033  1898 W Watchdog: SWT Watchdog before synchronized:47490156
06-24 14:37:25.017466  1033  1898 W Watchdog: SWT Watchdog after synchronized:47490156
06-24 14:37:25.017649  1033  1898 W Watchdog: SWT Watchdog before wait timeout:30000
06-24 14:37:25.017714  1033  1898 W Watchdog: SWT Watchdog before wait current time:47490156
06-24 14:37:25.017766  1033  1898 W Watchdog: SWT Watchdog before wait start:47490156
06-24 14:37:25.017813  1033  1898 W Watchdog: SWT Watchdog before wait CHECK_INTERVAL:30000
06-24 14:37:25.994552   348  1177 D SocketClient: SocketClient sendData done: 
06-24 14:37:28.841244  1033  2023 W PackageManager: checkUidPermission(): android.permission.REAL_GET_TASKS of 10098 is denied.
06-24 14:37:29.192530   348  1177 D SocketClient: SocketClient sendData done: 
06-24 14:37:29.507134   348  1177 D SocketClient: SocketClient sendData done: 
06-24 14:37:29.520018  1033  2064 D ConnectivityService: getActiveNetworkInfo networkInfo = [type: WIFI[], state: CONNECTED/CONNECTED, reason: (unspecified), extra: "MZ-MEIZU-2.4G", roaming: false, failover: false, isAvailable: true]
06-24 14:37:29.529630   348  1177 D SocketClient: SocketClient sendData done: 
06-24 14:37:29.545208  1033  2106 D ConnectivityService: getActiveNetworkInfo networkInfo = [type: WIFI[], state: CONNECTED/CONNECTED, reason: (unspecified), extra: "MZ-MEIZU-2.4G", roaming: false, failover: false, isAvailable: true]
06-24 14:37:29.978424   348  1177 D SocketClient: SocketClient sendData done: 
06-24 14:37:29.994018  1033  2055 W PackageManager: checkUidPermission(): android.permission.READ_PRIVILEGED_PHONE_STATE of 10123 is denied.
06-24 14:37:29.997705  1033  1944 W PackageManager: checkUidPermission(): android.permission.LOCAL_MAC_ADDRESS of 10123 is denied.
06-24 14:37:30.017241  1033  2079 D ConnectivityService: getActiveNetworkInfo networkInfo = [type: WIFI[], state: CONNECTED/CONNECTED, reason: (unspecified), extra: "MZ-MEIZU-2.4G", roaming: false, failover: false, isAvailable: true]
06-24 14:37:30.019339  1033  1358 W PackageManager: checkUidPermission(): android.permission.LOCAL_MAC_ADDRESS of 10123 is denied.
06-24 14:37:31.015165   348  1177 D SocketClient: SocketClient sendData done: 
06-24 14:37:31.339358   348  1177 D SocketClient: SocketClient sendData done: 
06-24 14:37:31.894303  1033  2064 D BatteryService: Processing new values: chargerAcOnline=false, chargerUsbOnline=true, chargerWirelessOnline=false, batteryStatus=2, batteryHealth=2, batteryPresent=true, batteryLevel=39, batteryTechnology=Li-ion, batteryVoltage=3855, batteryTemperature=310, mBatteryLevelCritical=false, mPlugType=2
06-24 14:37:33.152038  1033  2079 W PackageManager: checkUidPermission(): android.permission.INTERACT_ACROSS_USERS_FULL of 10097 is denied.
06-24 14:37:33.152209  1033  2079 W PackageManager: checkUidPermission(): android.permission.REAL_GET_TASKS of 10097 is denied.
06-24 14:37:33.163749  1033  2070 W PackageManager: checkUidPermission(): android.permission.INTERACT_ACROSS_USERS_FULL of 10097 is denied.
06-24 14:37:33.163946  1033  2070 W PackageManager: checkUidPermission(): android.permission.REAL_GET_TASKS of 10097 is denied.
06-24 14:37:33.844203  1033  2073 W PackageManager: checkUidPermission(): android.permission.REAL_GET_TASKS of 10098 is denied.
06-24 14:37:34.200905   348  1177 D SocketClient: SocketClient sendData done: 
06-24 14:37:34.528569   348  1177 D SocketClient: SocketClient sendData done: 
06-24 14:37:34.541783  1033  2106 D ConnectivityService: getActiveNetworkInfo networkInfo = [type: WIFI[], state: CONNECTED/CONNECTED, reason: (unspecified), extra: "MZ-MEIZU-2.4G", roaming: false, failover: false, isAvailable: true]
06-24 14:37:34.554187   348  1177 D SocketClient: SocketClient sendData done: 
06-24 14:37:34.569800  1033  1059 D ConnectivityService: getActiveNetworkInfo networkInfo = [type: WIFI[], state: CONNECTED/CONNECTED, reason: (unspecified), extra: "MZ-MEIZU-2.4G", roaming: false, failover: false, isAvailable: true]
06-24 14:37:36.047120   348  1177 D SocketClient: SocketClient sendData done: 
06-24 14:37:38.847834  1033  1621 W PackageManager: checkUidPermission(): android.permission.REAL_GET_TASKS of 10098 is denied.
06-24 14:37:39.221275   348  1177 D SocketClient: SocketClient sendData done: 
06-24 14:37:39.553551   348  1177 D SocketClient: SocketClient sendData done: 
06-24 14:37:39.567519  1033  2079 D ConnectivityService: getActiveNetworkInfo networkInfo = [type: WIFI[], state: CONNECTED/CONNECTED, reason: (unspecified), extra: "MZ-MEIZU-2.4G", roaming: false, failover: false, isAvailable: true]
06-24 14:37:39.586315   348  1177 D SocketClient: SocketClient sendData done: 
06-24 14:37:39.597289  1033  1358 D ConnectivityService: getActiveNetworkInfo networkInfo = [type: WIFI[], state: CONNECTED/CONNECTED, reason: (unspecified), extra: "MZ-MEIZU-2.4G", roaming: false, failover: false, isAvailable: true]
06-24 14:37:40.030515   348  1177 D SocketClient: SocketClient sendData done: 
06-24 14:37:40.045363  1033  1058 W PackageManager: checkUidPermission(): android.permission.READ_PRIVILEGED_PHONE_STATE of 10123 is denied.
06-24 14:37:40.050204  1033  2106 W PackageManager: checkUidPermission(): android.permission.LOCAL_MAC_ADDRESS of 10123 is denied.
06-24 14:37:40.070165  1033  2055 D ConnectivityService: getActiveNetworkInfo networkInfo = [type: WIFI[], state: CONNECTED/CONNECTED, reason: (unspecified), extra: "MZ-MEIZU-2.4G", roaming: false, failover: false, isAvailable: true]
06-24 14:37:40.072466  1033  1356 W PackageManager: checkUidPermission(): android.permission.LOCAL_MAC_ADDRESS of 10123 is denied.
06-24 14:37:41.074656   348  1177 D SocketClient: SocketClient sendData done: 
06-24 14:37:41.360094   348  1177 D SocketClient: SocketClient sendData done: 
06-24 14:37:41.443193  1033  2064 D ConnectivityService: getActiveNetworkInfo networkInfo = [type: WIFI[], state: CONNECTED/CONNECTED, reason: (unspecified), extra: "MZ-MEIZU-2.4G", roaming: false, failover: false, isAvailable: true]
06-24 14:37:41.450243   348  1177 D SocketClient: SocketClient sendData done: 
06-24 14:37:41.463657   348  1177 D SocketClient: SocketClient sendData done: 
06-24 14:37:41.591827  1033  1059 D ConnectivityService: getActiveNetworkInfo networkInfo = [type: WIFI[], state: CONNECTED/CONNECTED, reason: (unspecified), extra: "MZ-MEIZU-2.4G", roaming: false, failover: false, isAvailable: true]
06-24 14:37:41.603782   348  1177 D SocketClient: SocketClient sendData done: 
06-24 14:37:41.616298   348  1177 D SocketClient: SocketClient sendData done: 
06-24 14:37:41.896062  1033  2055 D BatteryService: Processing new values: chargerAcOnline=false, chargerUsbOnline=true, chargerWirelessOnline=false, batteryStatus=2, batteryHealth=2, batteryPresent=true, batteryLevel=39, batteryTechnology=Li-ion, batteryVoltage=3857, batteryTemperature=310, mBatteryLevelCritical=false, mPlugType=2
06-24 14:37:41.990561  1033  1356 D ConnectivityService: getActiveNetworkInfo networkInfo = [type: WIFI[], state: CONNECTED/CONNECTED, reason: (unspecified), extra: "MZ-MEIZU-2.4G", roaming: false, failover: false, isAvailable: true]
06-24 14:37:41.999935   348  1177 D SocketClient: SocketClient sendData done: 
06-24 14:37:42.009432   348  1177 D SocketClient: SocketClient sendData done: 
06-24 14:37:42.349293  1033  2023 D ConnectivityService: getActiveNetworkInfo networkInfo = [type: WIFI[], state: CONNECTED/CONNECTED, reason: (unspecified), extra: "MZ-MEIZU-2.4G", roaming: false, failover: false, isAvailable: true]
06-24 14:37:42.394366   348  1177 D SocketClient: SocketClient sendData done: 
06-24 14:37:42.400489   348  1177 D SocketClient: SocketClient sendData done: 
06-24 14:37:42.558678  1033  1944 D ConnectivityService: getActiveNetworkInfo networkInfo = [type: WIFI[], state: CONNECTED/CONNECTED, reason: (unspecified), extra: "MZ-MEIZU-2.4G", roaming: false, failover: false, isAvailable: true]
06-24 14:37:43.851283  1033  2079 W PackageManager: checkUidPermission(): android.permission.REAL_GET_TASKS of 10098 is denied.
06-24 14:37:44.217905   348  1177 D SocketClient: SocketClient sendData done: 
06-24 14:37:44.600212   348  1177 D SocketClient: SocketClient sendData done: 
06-24 14:37:44.614552   348  1177 D SocketClient: SocketClient sendData done: 
06-24 14:37:44.622308  1033  2055 D ConnectivityService: getActiveNetworkInfo networkInfo = [type: WIFI[], state: CONNECTED/CONNECTED, reason: (unspecified), extra: "MZ-MEIZU-2.4G", roaming: false, failover: false, isAvailable: true]
06-24 14:37:44.631093  1033  1356 D ConnectivityService: getActiveNetworkInfo networkInfo = [type: WIFI[], state: CONNECTED/CONNECTED, reason: (unspecified), extra: "MZ-MEIZU-2.4G", roaming: false, failover: false, isAvailable: true]
06-24 14:37:46.093552   348  1177 D SocketClient: SocketClient sendData done: 
06-24 14:37:48.854273  1033  2094 W PackageManager: checkUidPermission(): android.permission.REAL_GET_TASKS of 10098 is denied.
06-24 14:37:49.217332  1033  1356 D AlarmManager: manual remove option = PendingIntent{b2444c0: PendingIntentRecord{8259c64 com.wumii.android.mimi broadcastIntent}}
06-24 14:37:49.217647  1033  1356 D AlarmManager: remove:PendingIntent{b2444c0: PendingIntentRecord{8259c64 com.wumii.android.mimi broadcastIntent}}
06-24 14:37:49.217766  1033  1356 D AlarmManager: remove(operation) changed bounds; rebatching operation = PendingIntent{b2444c0: PendingIntentRecord{8259c64 com.wumii.android.mimi broadcastIntent}}
06-24 14:37:49.217889  1033  1356 D AlarmManager: rebatchAllAlarmsLocked begin oldBatches count = 30
06-24 14:37:49.219654  1033  1356 D AlarmManager:  alarm = Alarm{fdd8957 type 2 when 14:37:25 start 14:37:25 end 14:44:55 com.tencent.mm} add to Batch{7e3f5f9 num=1 mzstart=91462786 start=91462786 end=91912777}
06-24 14:37:49.226317  1033  1356 D AlarmManager:  alarm = Alarm{46a09cb type 2 when 14:39:36 start 14:39:36 end 14:39:36 com.tencent.news} add to Batch{897c93e num=1 mzstart=91496934 start=91496934 end=91631934}
06-24 14:37:49.228040  1033  1356 D AlarmManager:  alarm = Alarm{44ae6fd type 3 when 14:39:07 start 14:39:07 end 14:40:37 android} add to Batch{be5c39f num=1 mzstart=91544706 start=91544706 end=91769706}
06-24 14:37:49.229302  1033  1356 D AlarmManager:  alarm = Alarm{6dca6a7 type 3 when 14:39:07 start 14:39:07 end 14:40:37 android} add to Batch{be5c39f num=2 mzstart=91565180 start=91599938 end=91655171 flgs=0x8}
06-24 14:37:49.230671  1033  1356 D AlarmManager:  alarm = Alarm{e984def type 0 when 14:40:00 start 14:40:00 end 14:43:23 com.alibaba.android.rimet} add to Batch{7e3f5f9 num=2 mzstart=91462787 start=91687781 end=91912777}
06-24 14:37:49.235388  1033  1356 D AlarmManager:  alarm = Alarm{a03335b type 0 when 14:41:01 start 14:41:01 end 14:41:01 com.wumii.android.mimi} add to Batch{7e3f5f9 num=3 mzstart=91618242 start=91641763 end=91820741}
06-24 14:37:49.236798  1033  1356 D AlarmManager:  alarm = Alarm{af39ff2 type 0 when 14:42:21 start 14:42:21 end 14:42:21 com.jingdong.app.mall} add to Batch{e68ecec num=1 mzstart=91696693 start=91696693 end=91899192}
06-24 14:37:49.238103  1033  1356 D AlarmManager:  alarm = Alarm{6d55415 type 0 when 14:44:15 start 14:44:15 end 14:55:30 com.tencent.mm} add to Batch{564f8b5 num=1 mzstart=91997743 start=91997743 end=91997743 flgs=0x9}
06-24 14:37:49.239455  1033  1356 D AlarmManager:  alarm = Alarm{30b0f1f type 0 when 14:47:51 start 14:47:51 end 15:02:51 com.alibaba.android.rimet} add to Batch{c33b4a num=1 mzstart=92089158 start=92089158 end=92089158 flgs=0x1}
06-24 14:37:49.240700  1033  1356 D AlarmManager:  alarm = Alarm{5c95e32 type 3 when 14:52:33 start 14:52:33 end 14:52:33 com.jingdong.app.mall} add to Batch{46cfabb num=1 mzstart=91822832 start=91822832 end=93172832 flgs=0x8}
06-24 14:37:49.245163  1033  1356 D AlarmManager:  alarm = Alarm{ec319a7 type 2 when 15:00:45 start 15:00:45 end 15:23:15 com.youku.phone} add to Batch{e6debd8 num=1 mzstart=92713526 start=92713526 end=94588526}
06-24 14:37:49.246589  1033  1356 D AlarmManager:  alarm = Alarm{5ed7c2a type 2 when 15:13:38 start 15:13:38 end 16:43:38 com.eg.android.AlipayGphone} add to Batch{e6debd8 num=2 mzstart=92863252 start=93463389 end=94213252}
06-24 14:37:49.250587  1033  1356 D AlarmManager:  alarm = Alarm{df174e4 type 0 when 13:14:07 start 13:13:39 end 07:13:39 com.meizu.mpay} add to Batch{e6debd8 num=3 mzstart=93636376 start=93463389 end=94213252}
06-24 14:37:49.254248  1033  1356 D AlarmManager:  alarm = Alarm{93acecb type 1 when 15:27:23 start 15:27:23 end 16:12:23 com.eg.android.AlipayGphone} add to Batch{3b96b31 num=1 mzstart=93656808 start=93656808 end=95456808 flgs=0x8}
06-24 14:37:49.255186  1033  1356 D AlarmManager:  alarm = Alarm{40be7e8 type 2 when 18:27:48 start 18:27:48 end 18:27:48 android} add to Batch{d81c216 num=1 mzstart=97225002 start=97225002 end=105325002 flgs=0x8}
06-24 14:37:49.255990  1033  1356 D AlarmManager:  alarm = Alarm{c405c86 type 1 when 19:40:44 start 19:40:44 end 19:40:44 android} add to Batch{c668797 num=1 mzstart=99571722 start=99578609 end=121171704 flgs=0x8}
06-24 14:37:49.256806  1033  1356 D AlarmManager:  alarm = Alarm{9ed2f0c type 0 when 20:30:00 start 20:30:00 end 20:30:00 com.android.alarmclock} add to Batch{ac1ed84 num=1 mzstart=112617741 start=112617741 end=112617741 flgs=0x1}
06-24 14:37:49.257589  1033  1356 D AlarmManager:  alarm = Alarm{7a9bc57 type 0 when 23:00:00 start 23:00:00 end 23:00:00 android} add to Batch{308896d num=1 mzstart=116726394 start=116727468 end=137943600}
06-24 14:37:49.258462  1033  1356 D AlarmManager:  alarm = Alarm{c6f3dde type 1 when 20:01:44 start 20:01:37 end 05:01:37 com.meizu.customizecenter} add to Batch{bcfe9a2 num=1 mzstart=125217741 start=125217742 end=125217741 flgs=0x1}
06-24 14:37:49.260792   348  1177 D SocketClient: SocketClient sendData done: 
06-24 14:37:49.262496  1033  1356 D AlarmManager:  alarm = Alarm{1e5fa9d type 1 when 23:59:59 start 00:00:00 end 07:11:54 com.meizu.flyme.launcher} add to Batch{bcfe9a2 num=2 mzstart=125217741 start=118070148 end=125217741 flgs=0x1}
06-24 14:37:49.263511  1033  1356 D AlarmManager:  alarm = Alarm{816c900 type 1 when 00:00:00 start 23:59:33 end 17:42:18 com.meizu.flyme.input} add to Batch{6020633 num=1 mzstart=125215810 start=125217742 end=125215810 flgs=0x1}
06-24 14:37:49.264437  1033  1356 D AlarmManager:  alarm = Alarm{ac422e5 type 3 when 11:50:09 start 11:50:09 end 11:50:09 com.vlife.mxlock.wallpaper} add to Batch{b325df0 num=1 mzstart=167827547 start=167827547 end=167827547 flgs=0x1}
06-24 14:37:49.265227  1033  1356 D AlarmManager:  alarm = Alarm{1332409 type 3 when 11:50:09 start 11:50:09 end 11:50:09 com.vlife.mxlock.wallpaper} add to Batch{b325df0 num=2 mzstart=167827547 start=167827547 end=167827547 flgs=0x1}
06-24 14:37:49.266013  1033  1356 D AlarmManager:  alarm = Alarm{796418 type 1 when 08:01:45 start 08:01:38 end 02:01:38 com.meizu.experiencedatasync} add to Batch{b325df0 num=3 mzstart=167827561 start=167827547 end=167827547 flgs=0x1}
06-24 14:37:49.266881  1033  1356 D AlarmManager:  alarm = Alarm{d72f7ea type 0 when 13:46:59 start 13:46:58 end 07:46:58 com.supercell.clashofclans.baidu} add to Batch{4b14f69 num=1 mzstart=546388908 start=546388908 end=956155413 flgs=0x8}
06-24 14:37:49.267715  1033  1356 D AlarmManager:  alarm = Alarm{49f4851 type 0 when 13:46:59 start 13:46:58 end 01:46:58 com.supercell.clashofclans.baidu} add to Batch{9e6fdee num=1 mzstart=848026393 start=848027467 end=1417718601}
06-24 14:37:49.268493  1033  1356 D AlarmManager:  alarm = Alarm{cc77dcf type 0 when 20:23:00 start 20:22:33 end 20:22:33 com.jingdong.app.mall} add to Batch{9e6fdee num=2 mzstart=1298036399 start=1132873034 end=1417718601}
06-24 14:37:49.268801  1033  1356 D AlarmManager: set alarm to RTC 2-91545406-14:38:47
06-24 14:37:49.272701  1033  2023 V AlarmManager: APP set(PendingIntent{cccd28f: PendingIntentRecord{8259c64 com.wumii.android.mimi broadcastIntent}}) : type=0 triggerAtTime=1466750569271 win=224999 tElapsed=91787013 maxElapsed=92012012 interval=0 flags=0x0
06-24 14:37:49.274082  1033  2023 D AlarmManager:  alarm = Alarm{4f7691c type 0 when 14:42:49 start 14:42:49 end 14:46:34 com.wumii.android.mimi} add to Batch{564f8b5 num=2 mzstart=91997743 start=91997743 end=91997743 flgs=0x9}
06-24 14:37:49.635074   348  1177 D SocketClient: SocketClient sendData done: 
06-24 14:37:49.649158   348  1177 D SocketClient: SocketClient sendData done: 
06-24 14:37:49.654973  1033  1926 D ConnectivityService: getActiveNetworkInfo networkInfo = [type: WIFI[], state: CONNECTED/CONNECTED, reason: (unspecified), extra: "MZ-MEIZU-2.4G", roaming: false, failover: false, isAvailable: true]
06-24 14:37:49.664802  1033  2079 D ConnectivityService: getActiveNetworkInfo networkInfo = [type: WIFI[], state: CONNECTED/CONNECTED, reason: (unspecified), extra: "MZ-MEIZU-2.4G", roaming: false, failover: false, isAvailable: true]
06-24 14:37:50.085281   348  1177 D SocketClient: SocketClient sendData done: 
06-24 14:37:50.107375  1033  2071 W PackageManager: checkUidPermission(): android.permission.READ_PRIVILEGED_PHONE_STATE of 10123 is denied.
06-24 14:37:50.111113  1033  2064 W PackageManager: checkUidPermission(): android.permission.LOCAL_MAC_ADDRESS of 10123 is denied.
06-24 14:37:50.133309  1033  2094 D ConnectivityService: getActiveNetworkInfo networkInfo = [type: WIFI[], state: CONNECTED/CONNECTED, reason: (unspecified), extra: "MZ-MEIZU-2.4G", roaming: false, failover: false, isAvailable: true]
06-24 14:37:50.134708  1033  2055 W PackageManager: checkUidPermission(): android.permission.LOCAL_MAC_ADDRESS of 10123 is denied.
06-24 14:37:51.118804   348  1177 D SocketClient: SocketClient sendData done: 
06-24 14:37:51.320054  1033  2064 D ConnectivityService: getActiveNetworkInfo networkInfo = [type: WIFI[], state: CONNECTED/CONNECTED, reason: (unspecified), extra: "MZ-MEIZU-2.4G", roaming: false, failover: false, isAvailable: true]
06-24 14:37:51.321074  1033  2106 D ConnectivityService: getActiveNetworkInfo networkInfo = [type: WIFI[], state: CONNECTED/CONNECTED, reason: (unspecified), extra: "MZ-MEIZU-2.4G", roaming: false, failover: false, isAvailable: true]
06-24 14:37:51.324961  1033  1059 D ConnectivityService: getActiveNetworkInfo networkInfo = [type: WIFI[], state: CONNECTED/CONNECTED, reason: (unspecified), extra: "MZ-MEIZU-2.4G", roaming: false, failover: false, isAvailable: true]
06-24 14:37:51.326639  1033  2094 W PackageManager: checkUidPermission(): android.permission.LOCAL_MAC_ADDRESS of 10100 is denied.
06-24 14:37:51.370204   348  1177 D SocketClient: SocketClient sendData done: 
06-24 14:37:51.895233  1033  1621 D BatteryService: Processing new values: chargerAcOnline=false, chargerUsbOnline=true, chargerWirelessOnline=false, batteryStatus=2, batteryHealth=2, batteryPresent=true, batteryLevel=39, batteryTechnology=Li-ion, batteryVoltage=3857, batteryTemperature=310, mBatteryLevelCritical=false, mPlugType=2
06-24 14:37:53.722811  1033  2094 W PackageManager: checkUidPermission(): android.permission.INTERACT_ACROSS_USERS_FULL of 10096 is denied.
06-24 14:37:53.722972  1033  2094 W PackageManager: checkUidPermission(): android.permission.REAL_GET_TASKS of 10096 is denied.
06-24 14:37:53.856844  1033  2055 W PackageManager: checkUidPermission(): android.permission.REAL_GET_TASKS of 10098 is denied.
06-24 14:37:54.233220   348  1177 D SocketClient: SocketClient sendData done: 
06-24 14:37:54.665096   348  1177 D SocketClient: SocketClient sendData done: 
06-24 14:37:54.677893   348  1177 D SocketClient: SocketClient sendData done: 
06-24 14:37:54.689100  1033  2023 D ConnectivityService: getActiveNetworkInfo networkInfo = [type: WIFI[], state: CONNECTED/CONNECTED, reason: (unspecified), extra: "MZ-MEIZU-2.4G", roaming: false, failover: false, isAvailable: true]
