06-24 14:36:37.243460  1033  2070 D AlarmManager:  alarm = Alarm{823d4a1 type 0 when 14:37:49 start 14:37:49 end 14:41:34 com.wumii.android.mimi} add to Batch{4301855 num=2 mzstart=91462787 start=91687781 end=91912777}
06-24 14:36:37.244258  1033  2070 D AlarmManager:  alarm = Alarm{e984def type 0 when 14:40:00 start 14:40:00 end 14:43:23 com.alibaba.android.rimet} add to Batch{4301855 num=3 mzstart=91486858 start=91587321 end=91711857}
06-24 14:36:37.245072  1033  2070 D AlarmManager:  alarm = Alarm{a03335b type 0 when 14:41:01 start 14:41:01 end 14:41:01 com.wumii.android.mimi} add to Batch{4301855 num=4 mzstart=91618242 start=91587321 end=91711857}
06-24 14:36:37.245922  1033  2070 D AlarmManager:  alarm = Alarm{6d55415 type 0 when 14:44:15 start 14:44:15 end 14:55:30 com.tencent.mm} add to Batch{64c7f8 num=1 mzstart=91997743 start=91997743 end=91997743 flgs=0x9}
06-24 14:36:37.246774  1033  2070 D AlarmManager:  alarm = Alarm{30b0f1f type 0 when 14:47:51 start 14:47:51 end 15:02:51 com.alibaba.android.rimet} add to Batch{1a6e4d1 num=1 mzstart=92089158 start=92089158 end=92089158 flgs=0x1}
06-24 14:36:37.247656  1033  2070 D AlarmManager:  alarm = Alarm{5c95e32 type 3 when 14:52:33 start 14:52:33 end 14:52:33 com.jingdong.app.mall} add to Batch{86d4b36 num=1 mzstart=91822832 start=91822832 end=93172832 flgs=0x8}
06-24 14:36:37.248482  1033  2070 D AlarmManager:  alarm = Alarm{ec319a7 type 2 when 15:00:45 start 15:00:45 end 15:23:15 com.youku.phone} add to Batch{537aa37 num=1 mzstart=92713526 start=92713526 end=94588526}
06-24 14:36:37.249303  1033  2070 D AlarmManager:  alarm = Alarm{5ed7c2a type 2 when 15:13:38 start 15:13:38 end 16:43:38 com.eg.android.AlipayGphone} add to Batch{537aa37 num=2 mzstart=92863252 start=93463389 end=94213252}
06-24 14:36:37.250121  1033  2070 D AlarmManager:  alarm = Alarm{df174e4 type 0 when 13:14:07 start 13:13:39 end 07:13:39 com.meizu.mpay} add to Batch{537aa37 num=3 mzstart=93636376 start=93463389 end=94213252}
06-24 14:36:37.250995  1033  2070 D AlarmManager:  alarm = Alarm{e0b4c46 type 3 when 15:36:36 start 15:36:36 end 16:22:26 android} add to Batch{c1a6ba4 num=1 mzstart=93656808 start=93656808 end=95456808 flgs=0x8}
06-24 14:36:37.251880  1033  2070 D AlarmManager:  alarm = Alarm{93acecb type 1 when 15:27:23 start 15:27:23 end 16:12:23 com.eg.android.AlipayGphone} add to Batch{c1a6ba4 num=2 mzstart=95014314 start=94556808 end=95456808 flgs=0x8}
06-24 14:36:37.252811  1033  2070 D AlarmManager:  alarm = Alarm{40be7e8 type 2 when 18:27:48 start 18:27:48 end 18:27:48 android} add to Batch{8e3fd0d num=1 mzstart=97225002 start=97225002 end=105325002 flgs=0x8}
06-24 14:36:37.253712  1033  2070 D AlarmManager:  alarm = Alarm{c405c86 type 1 when 19:40:44 start 19:40:44 end 19:40:44 android} add to Batch{53ae4c2 num=1 mzstart=99571722 start=99578610 end=121171704 flgs=0x8}
06-24 14:36:37.254687  1033  2070 D AlarmManager:  alarm = Alarm{9ed2f0c type 0 when 20:30:00 start 20:30:00 end 20:30:00 com.android.alarmclock} add to Batch{bd2b2d3 num=1 mzstart=112617741 start=112617742 end=112617741 flgs=0x1}
06-24 14:36:37.255559  1033  2070 D AlarmManager:  alarm = Alarm{7a9bc57 type 0 when 23:00:00 start 23:00:00 end 23:00:00 android} add to Batch{d649e10 num=1 mzstart=116726394 start=116727468 end=137943600}
06-24 14:36:37.256487  1033  2070 D AlarmManager:  alarm = Alarm{c6f3dde type 1 when 20:01:44 start 20:01:37 end 05:01:37 com.meizu.customizecenter} add to Batch{c605d09 num=1 mzstart=137731580 start=137731580 end=172519617 flgs=0x8}
06-24 14:36:37.257269  1033  2070 D AlarmManager:  alarm = Alarm{1e5fa9d type 1 when 00:00:00 start 00:00:00 end 07:11:54 com.meizu.flyme.launcher} add to Batch{c605d09 num=2 mzstart=137731580 start=140523432 end=143315285 flgs=0x8}
06-24 14:36:37.258044  1033  2070 D AlarmManager:  alarm = Alarm{816c900 type 1 when 00:00:00 start 23:59:33 end 17:42:18 com.meizu.flyme.input} add to Batch{c605d09 num=3 mzstart=137731580 start=140523432 end=143315285 flgs=0x8}
06-24 14:36:37.258985  1033  2070 D AlarmManager:  alarm = Alarm{ac422e5 type 3 when 11:50:09 start 11:50:09 end 11:50:09 com.vlife.mxlock.wallpaper} add to Batch{f568b0e num=1 mzstart=167827547 start=167827547 end=167827547 flgs=0x1}
06-24 14:36:37.259791  1033  2070 D AlarmManager:  alarm = Alarm{1332409 type 3 when 11:50:09 start 11:50:09 end 11:50:09 com.vlife.mxlock.wallpaper} add to Batch{f568b0e num=2 mzstart=167827547 start=167827547 end=167827547 flgs=0x1}
06-24 14:36:37.260599  1033  2070 D AlarmManager:  alarm = Alarm{796418 type 1 when 08:01:45 start 08:01:38 end 02:01:38 com.meizu.experiencedatasync} add to Batch{f568b0e num=3 mzstart=167827561 start=167827547 end=167827547 flgs=0x1}
06-24 14:36:37.261632  1033  2070 D AlarmManager:  alarm = Alarm{d72f7ea type 0 when 13:46:59 start 13:46:58 end 07:46:58 com.supercell.clashofclans.baidu} add to Batch{10ba92f num=1 mzstart=546388908 start=546388908 end=956155413 flgs=0x8}
06-24 14:36:37.262495  1033  2070 D AlarmManager:  alarm = Alarm{49f4851 type 0 when 13:46:59 start 13:46:58 end 01:46:58 com.supercell.clashofclans.baidu} add to Batch{8dd8b3c num=1 mzstart=848026393 start=848027467 end=1417718601}
06-24 14:36:37.263299  1033  2070 D AlarmManager:  alarm = Alarm{cc77dcf type 0 when 20:23:00 start 20:22:33 end 20:22:33 com.jingdong.app.mall} add to Batch{8dd8b3c num=2 mzstart=1298036399 start=1132873034 end=1417718601}
06-24 14:36:37.263627  1033  2070 D AlarmManager: set alarm to RTC 2-91437041-14:36:59
06-24 14:36:38.102298  1033  1250 D ConnectivityService: updateNetworkScore for NetworkAgentInfo [WIFI () - 1017] to 60
06-24 14:36:38.102578  1033  1250 D ConnectivityService: rematching NetworkAgentInfo [WIFI () - 1017]
06-24 14:36:38.103174  1033  1250 D ConnectivityService:  network has: [ Transports: WIFI Capabilities: INTERNET&NOT_RESTRICTED&TRUSTED&NOT_VPN&VALIDATED LinkUpBandwidth>=1048576Kbps LinkDnBandwidth>=1048576Kbps]
06-24 14:36:38.103456  1033  1250 D ConnectivityService:   checking if request is satisfied: NetworkRequest [ id=3, legacyType=-1, [] ]
06-24 14:36:38.103667  1033  1250 D ConnectivityService: Network NetworkAgentInfo [WIFI () - 1017] was already satisfying request 1. No change.
06-24 14:36:38.104143  1033  1250 D ConnectivityService: sending new Min Network Score(60): NetworkRequest [ id=1, legacyType=-1, [ Capabilities: INTERNET&NOT_RESTRICTED&TRUSTED&NOT_VPN] ]
06-24 14:36:38.804479  1033  1621 W PackageManager: checkUidPermission(): android.permission.REAL_GET_TASKS of 10098 is denied.
06-24 14:36:39.119624   348  1177 D SocketClient: SocketClient sendData done: 
06-24 14:36:39.208068   348  1177 D SocketClient: SocketClient sendData done: 
06-24 14:36:39.219539  1033  2071 D ConnectivityService: getActiveNetworkInfo networkInfo = [type: WIFI[], state: CONNECTED/CONNECTED, reason: (unspecified), extra: "MZ-MEIZU-2.4G", roaming: false, failover: false, isAvailable: true]
06-24 14:36:39.238565   348  1177 D SocketClient: SocketClient sendData done: 
06-24 14:36:39.242763  1033  1059 D ConnectivityService: getActiveNetworkInfo networkInfo = [type: WIFI[], state: CONNECTED/CONNECTED, reason: (unspecified), extra: "MZ-MEIZU-2.4G", roaming: false, failover: false, isAvailable: true]
06-24 14:36:39.579372   348  1177 D SocketClient: SocketClient sendData done: 
06-24 14:36:39.608014  1033  2106 W PackageManager: checkUidPermission(): android.permission.READ_PRIVILEGED_PHONE_STATE of 10123 is denied.
06-24 14:36:39.611669  1033  2079 W PackageManager: checkUidPermission(): android.permission.LOCAL_MAC_ADDRESS of 10123 is denied.
06-24 14:36:39.630055  1033  1621 D ConnectivityService: getActiveNetworkInfo networkInfo = [type: WIFI[], state: CONNECTED/CONNECTED, reason: (unspecified), extra: "MZ-MEIZU-2.4G", roaming: false, failover: false, isAvailable: true]
06-24 14:36:39.632382  1033  1944 W PackageManager: checkUidPermission(): android.permission.LOCAL_MAC_ADDRESS of 10123 is denied.
06-24 14:36:40.808175   348  1177 D SocketClient: SocketClient sendData done: 
06-24 14:36:41.126222  1033  1250 D ConnectivityService: updateNetworkScore for NetworkAgentInfo [WIFI () - 1017] to 56
06-24 14:36:41.126545  1033  1250 D ConnectivityService: rematching NetworkAgentInfo [WIFI () - 1017]
06-24 14:36:41.127064  1033  1250 D ConnectivityService:  network has: [ Transports: WIFI Capabilities: INTERNET&NOT_RESTRICTED&TRUSTED&NOT_VPN&VALIDATED LinkUpBandwidth>=1048576Kbps LinkDnBandwidth>=1048576Kbps]
06-24 14:36:41.127313  1033  1250 D ConnectivityService:   checking if request is satisfied: NetworkRequest [ id=3, legacyType=-1, [] ]
06-24 14:36:41.127531  1033  1250 D ConnectivityService: Network NetworkAgentInfo [WIFI () - 1017] was already satisfying request 1. No change.
06-24 14:36:41.128022  1033  1250 D ConnectivityService: sending new Min Network Score(56): NetworkRequest [ id=1, legacyType=-1, [ Capabilities: INTERNET&NOT_RESTRICTED&TRUSTED&NOT_VPN] ]
06-24 14:36:41.238433   348  1177 D SocketClient: SocketClient sendData done: 
06-24 14:36:41.288159  1033  2094 D ConnectivityService: getActiveNetworkInfo networkInfo = [type: WIFI[], state: CONNECTED/CONNECTED, reason: (unspecified), extra: "MZ-MEIZU-2.4G", roaming: false, failover: false, isAvailable: true]
06-24 14:36:41.295566   348  1177 D SocketClient: SocketClient sendData done: 
06-24 14:36:41.305094   348  1177 D SocketClient: SocketClient sendData done: 
06-24 14:36:41.612422  1033  1926 W PackageManager: checkUidPermission(): android.permission.LOCAL_MAC_ADDRESS of 10096 is denied.
06-24 14:36:41.878510  1033  2079 D BatteryService: Processing new values: chargerAcOnline=false, chargerUsbOnline=true, chargerWirelessOnline=false, batteryStatus=2, batteryHealth=2, batteryPresent=true, batteryLevel=39, batteryTechnology=Li-ion, batteryVoltage=3847, batteryTemperature=310, mBatteryLevelCritical=false, mPlugType=2
06-24 14:36:42.495419  1033  1058 D ConnectivityService: getActiveNetworkInfo networkInfo = [type: WIFI[], state: CONNECTED/CONNECTED, reason: (unspecified), extra: "MZ-MEIZU-2.4G", roaming: false, failover: false, isAvailable: true]
06-24 14:36:42.503756  1033  2055 D ConnectivityService: getActiveNetworkInfo networkInfo = [type: WIFI[], state: CONNECTED/CONNECTED, reason: (unspecified), extra: "MZ-MEIZU-2.4G", roaming: false, failover: false, isAvailable: true]
06-24 14:36:42.511807  1033  2071 D ConnectivityService: getActiveNetworkInfo networkInfo = [type: WIFI[], state: CONNECTED/CONNECTED, reason: (unspecified), extra: "MZ-MEIZU-2.4G", roaming: false, failover: false, isAvailable: true]
06-24 14:36:42.522556  1033  1059 D ConnectivityService: getActiveNetworkInfo networkInfo = [type: WIFI[], state: CONNECTED/CONNECTED, reason: (unspecified), extra: "MZ-MEIZU-2.4G", roaming: false, failover: false, isAvailable: true]
06-24 14:36:42.525240  1033  1356 D ConnectivityService: getActiveNetworkInfo networkInfo = [type: WIFI[], state: CONNECTED/CONNECTED, reason: (unspecified), extra: "MZ-MEIZU-2.4G", roaming: false, failover: false, isAvailable: true]
06-24 14:36:43.038342  1033  1926 D ConnectivityService: getActiveNetworkInfo networkInfo = [type: WIFI[], state: CONNECTED/CONNECTED, reason: (unspecified), extra: "MZ-MEIZU-2.4G", roaming: false, failover: false, isAvailable: true]
06-24 14:36:43.066332  1033  1358 W PackageManager: checkUidPermission(): android.permission.INTERACT_ACROSS_USERS_FULL of 10097 is denied.
06-24 14:36:43.066449  1033  1358 W PackageManager: checkUidPermission(): android.permission.REAL_GET_TASKS of 10097 is denied.
06-24 14:36:43.812986  1033  2055 W PackageManager: checkUidPermission(): android.permission.REAL_GET_TASKS of 10098 is denied.
06-24 14:36:44.125859   348  1177 D SocketClient: SocketClient sendData done: 
06-24 14:36:44.225043   348  1177 D SocketClient: SocketClient sendData done: 
06-24 14:36:44.234479  1033  2064 D ConnectivityService: getActiveNetworkInfo networkInfo = [type: WIFI[], state: CONNECTED/CONNECTED, reason: (unspecified), extra: "MZ-MEIZU-2.4G", roaming: false, failover: false, isAvailable: true]
06-24 14:36:44.248555   348  1177 D SocketClient: SocketClient sendData done: 
06-24 14:36:44.259893  1033  2106 D ConnectivityService: getActiveNetworkInfo networkInfo = [type: WIFI[], state: CONNECTED/CONNECTED, reason: (unspecified), extra: "MZ-MEIZU-2.4G", roaming: false, failover: false, isAvailable: true]
06-24 14:36:45.822991   348  1177 D SocketClient: SocketClient sendData done: 
06-24 14:36:46.726680  1033  2071 W PackageManager: checkUidPermission(): android.permission.LOCAL_MAC_ADDRESS of 10096 is denied.
06-24 14:36:47.183221  1033  1250 D ConnectivityService: updateNetworkScore for NetworkAgentInfo [WIFI () - 1017] to 60
06-24 14:36:47.183299  1033  1250 D ConnectivityService: rematching NetworkAgentInfo [WIFI () - 1017]
06-24 14:36:47.183460  1033  1250 D ConnectivityService:  network has: [ Transports: WIFI Capabilities: INTERNET&NOT_RESTRICTED&TRUSTED&NOT_VPN&VALIDATED LinkUpBandwidth>=1048576Kbps LinkDnBandwidth>=1048576Kbps]
06-24 14:36:47.183543  1033  1250 D ConnectivityService:   checking if request is satisfied: NetworkRequest [ id=3, legacyType=-1, [] ]
06-24 14:36:47.183600  1033  1250 D ConnectivityService: Network NetworkAgentInfo [WIFI () - 1017] was already satisfying request 1. No change.
06-24 14:36:47.183769  1033  1250 D ConnectivityService: sending new Min Network Score(60): NetworkRequest [ id=1, legacyType=-1, [ Capabilities: INTERNET&NOT_RESTRICTED&TRUSTED&NOT_VPN] ]
06-24 14:36:48.817984  1033  1059 W PackageManager: checkUidPermission(): android.permission.REAL_GET_TASKS of 10098 is denied.
06-24 14:36:48.884872  1033  1926 V AlarmManager: APP set(PendingIntent{328c0c5: PendingIntentRecord{744a1a com.tencent.mm broadcastIntent}}) : type=2 triggerAtTime=91446620 win=14996 tElapsed=91446620 maxElapsed=91461616 interval=0 flags=0x0
06-24 14:36:48.889217  1033  1926 D AlarmManager:  alarm = Alarm{a33a94b type 2 when 14:37:08 start 14:37:08 end 14:37:23 com.tencent.mm} add to Batch{961f28 num=1 mzstart=91459129 start=91459130 end=91459129 flgs=0x1}
06-24 14:36:48.904595  1033  2023 V AlarmManager: APP set(PendingIntent{e59a441: PendingIntentRecord{77cede6 com.tencent.mm broadcastIntent}}) : type=2 triggerAtTime=91696644 win=202499 tElapsed=91696644 maxElapsed=91899143 interval=0 flags=0x0
06-24 14:36:48.908569  1033  2079 D AlarmManager: manual remove option = PendingIntent{6918f27: PendingIntentRecord{77cede6 com.tencent.mm broadcastIntent}}
06-24 14:36:48.908779  1033  2079 D AlarmManager: remove:PendingIntent{6918f27: PendingIntentRecord{77cede6 com.tencent.mm broadcastIntent}}
06-24 14:36:48.908865  1033  2079 D AlarmManager: remove(operation) changed bounds; rebatching operation = PendingIntent{6918f27: PendingIntentRecord{77cede6 com.tencent.mm broadcastIntent}}
06-24 14:36:48.908945  1033  2079 D AlarmManager: rebatchAllAlarmsLocked begin oldBatches count = 29
06-24 14:36:48.910144  1033  2079 D AlarmManager:  alarm = Alarm{c9c5f7c type 2 when 14:37:09 start 14:37:09 end 14:37:09 com.meizu.cloud} add to Batch{4c205d4 num=1 mzstart=91426613 start=91426613 end=91629112}
06-24 14:36:48.912135  1033  2079 D AlarmManager:  alarm = Alarm{a33a94b type 2 when 14:37:08 start 14:37:08 end 14:37:23 com.tencent.mm} add to Batch{4c205d4 num=2 mzstart=91447469 start=91437041 end=91447469 flgs=0x1}
06-24 14:36:48.914117  1033  2079 D AlarmManager:  alarm = Alarm{46a09cb type 2 when 14:39:36 start 14:39:36 end 14:39:36 com.tencent.news} add to Batch{a5b437d num=1 mzstart=91496934 start=91496934 end=91631934}
06-24 14:36:48.914945  1033  2079 D AlarmManager:  alarm = Alarm{22ca645 type 2 when 14:37:25 start 14:37:25 end 14:44:55 com.tencent.mm} add to Batch{a5b437d num=2 mzstart=91593879 start=91545406 end=91593879 flgs=0x1}
06-24 14:36:48.916986  1033  2079 D AlarmManager:  alarm = Alarm{fdd8957 type 2 when 14:37:25 start 14:37:25 end 14:44:55 com.tencent.mm} add to Batch{a5b437d num=3 mzstart=91593879 start=91528332 end=91593879 flgs=0x1}
06-24 14:36:48.920024  1033  2079 D AlarmManager:  alarm = Alarm{823d4a1 type 0 when 14:37:49 start 14:37:49 end 14:41:34 com.wumii.android.mimi} add to Batch{a5b437d num=4 mzstart=91593879 start=91528332 end=91593879 flgs=0x1}
06-24 14:36:48.922200  1033  2079 D AlarmManager:  alarm = Alarm{a03335b type 0 when 14:41:01 start 14:41:01 end 14:41:01 com.wumii.android.mimi} add to Batch{71a0272 num=1 mzstart=91618242 start=91618242 end=91820741}
06-24 14:36:48.923206  1033  2079 D AlarmManager:  alarm = Alarm{6d55415 type 0 when 14:44:15 start 14:44:15 end 14:55:30 com.tencent.mm} add to Batch{8fdf6c3 num=1 mzstart=91997743 start=91997743 end=91997743 flgs=0x9}
06-24 14:36:48.924078  1033  2079 D AlarmManager:  alarm = Alarm{a145221 type 0 when 14:47:51 start 14:47:51 end 14:47:51 com.alibaba.android.rimet} add to Batch{323ab40 num=1 mzstart=92089159 start=92089158 end=92989159}
06-24 14:36:48.924891  1033  2079 D AlarmManager:  alarm = Alarm{5c95e32 type 3 when 14:52:33 start 14:52:33 end 14:52:33 com.jingdong.app.mall} add to Batch{7dd9a79 num=1 mzstart=91822832 start=91822832 end=93172832 flgs=0x8}
06-24 14:36:48.925702  1033  2079 D AlarmManager:  alarm = Alarm{ec319a7 type 2 when 15:00:45 start 15:00:45 end 15:23:15 com.youku.phone} add to Batch{101d3be num=1 mzstart=92713526 start=92713526 end=94588526}
06-24 14:36:48.926511  1033  2079 D AlarmManager:  alarm = Alarm{5ed7c2a type 2 when 15:13:38 start 15:13:38 end 16:43:38 com.eg.android.AlipayGphone} add to Batch{101d3be num=2 mzstart=92863252 start=93463389 end=94213252}
06-24 14:36:48.929112  1033  2079 D AlarmManager:  alarm = Alarm{df174e4 type 0 when 13:14:07 start 13:13:39 end 07:13:39 com.meizu.mpay} add to Batch{101d3be num=3 mzstart=93636376 start=93463389 end=94213252}
06-24 14:36:48.930025  1033  2079 D AlarmManager:  alarm = Alarm{e0b4c46 type 3 when 15:36:36 start 15:36:36 end 16:22:26 android} add to Batch{f3f3c1f num=1 mzstart=93656808 start=93656808 end=95456808 flgs=0x8}
06-24 14:36:48.931958  1033  2079 D AlarmManager:  alarm = Alarm{93acecb type 1 when 15:27:23 start 15:27:23 end 16:12:23 com.eg.android.AlipayGphone} add to Batch{f3f3c1f num=2 mzstart=95014314 start=94556808 end=95456808 flgs=0x8}
06-24 14:36:48.934477  1033  2079 D AlarmManager:  alarm = Alarm{40be7e8 type 2 when 18:27:48 start 18:27:48 end 18:27:48 android} add to Batch{1383b6c num=1 mzstart=97225002 start=97225002 end=105325002 flgs=0x8}
06-24 14:36:48.936416  1033  2079 D AlarmManager:  alarm = Alarm{c405c86 type 1 when 19:40:44 start 19:40:44 end 19:40:44 android} add to Batch{8946535 num=1 mzstart=99571722 start=99578610 end=121171704 flgs=0x8}
06-24 14:36:48.937873  1033  2079 D AlarmManager:  alarm = Alarm{5f9edd4 type 0 when 20:30:00 start 20:30:00 end 20:29:59 com.android.alarmclock} add to Batch{a036dca num=1 mzstart=112617742 start=112617742 end=112617742 flgs=0x3}
06-24 14:36:48.939159  1033  2079 D AlarmManager:  alarm = Alarm{7a9bc57 type 0 when 23:00:00 start 22:59:59 end 22:59:59 android} add to Batch{3257b3b num=1 mzstart=116726394 start=116727467 end=137943600}
06-24 14:36:48.940325  1033  2079 D AlarmManager:  alarm = Alarm{c6f3dde type 1 when 20:01:44 start 20:01:37 end 05:01:37 com.meizu.customizecenter} add to Batch{d23a258 num=1 mzstart=137731580 start=137731580 end=172519617 flgs=0x8}
06-24 14:36:48.941547  1033  2079 D AlarmManager:  alarm = Alarm{816c900 type 1 when 23:59:59 start 23:59:33 end 17:42:18 com.meizu.flyme.input} add to Batch{d23a258 num=2 mzstart=137731580 start=140523432 end=143315285 flgs=0x8}
06-24 14:36:48.942746  1033  2079 D AlarmManager:  alarm = Alarm{1e5fa9d type 1 when 00:00:00 start 00:00:00 end 07:11:54 com.meizu.flyme.launcher} add to Batch{d23a258 num=3 mzstart=137731580 start=140523432 end=143315285 flgs=0x8}
06-24 14:36:48.944015  1033  2079 D AlarmManager:  alarm = Alarm{66dd8ae type 3 when 11:50:09 start 11:50:09 end 11:50:09 com.vlife.mxlock.wallpaper} add to Batch{bb31fb1 num=1 mzstart=167827547 start=167827547 end=167827547 flgs=0x1}
06-24 14:36:48.945046  1033  2079 D AlarmManager:  alarm = Alarm{1332409 type 3 when 11:50:09 start 11:50:09 end 11:50:09 com.vlife.mxlock.wallpaper} add to Batch{bb31fb1 num=2 mzstart=167827547 start=167827547 end=167827547 flgs=0x1}
06-24 14:36:48.946249  1033  2079 D AlarmManager:  alarm = Alarm{796418 type 1 when 08:01:45 start 08:01:38 end 02:01:38 com.meizu.experiencedatasync} add to Batch{bb31fb1 num=3 mzstart=167827561 start=167827547 end=167827547 flgs=0x1}
06-24 14:36:48.947397  1033  2079 D AlarmManager:  alarm = Alarm{d72f7ea type 0 when 13:46:59 start 13:46:58 end 07:46:58 com.supercell.clashofclans.baidu} add to Batch{2d29c96 num=1 mzstart=546388908 start=546388908 end=956155413 flgs=0x8}
06-24 14:36:48.948511  1033  2079 D AlarmManager:  alarm = Alarm{49f4851 type 0 when 13:46:59 start 13:46:58 end 01:46:58 com.supercell.clashofclans.baidu} add to Batch{1669017 num=1 mzstart=848026393 start=848027466 end=1417718601}
06-24 14:36:48.949587  1033  2079 D AlarmManager:  alarm = Alarm{cc77dcf type 0 when 20:23:00 start 20:22:33 end 20:22:33 com.jingdong.app.mall} add to Batch{1669017 num=2 mzstart=1298036399 start=1132873033 end=1417718601}
06-24 14:36:48.953045  1033  1621 V AlarmManager: APP set(PendingIntent{15c8c04: PendingIntentRecord{62905ed com.tencent.mm broadcastIntent}}) : type=2 triggerAtTime=91696693 win=202499 tElapsed=91696693 maxElapsed=91899192 interval=0 flags=0x0
06-24 14:36:48.957561  1033  1944 D AlarmManager: manual remove option = PendingIntent{193ec22: PendingIntentRecord{744a1a com.tencent.mm broadcastIntent}}
06-24 14:36:48.957825  1033  1944 D AlarmManager: remove:PendingIntent{193ec22: PendingIntentRecord{744a1a com.tencent.mm broadcastIntent}}
06-24 14:36:48.957914  1033  1944 D AlarmManager: remove(operation) changed bounds; rebatching operation = PendingIntent{193ec22: PendingIntentRecord{744a1a com.tencent.mm broadcastIntent}}
06-24 14:36:48.958009  1033  1944 D AlarmManager: rebatchAllAlarmsLocked begin oldBatches count = 30
06-24 14:36:48.959409  1033  1944 D AlarmManager:  alarm = Alarm{c9c5f7c type 2 when 14:37:09 start 14:37:09 end 14:37:09 com.meizu.cloud} add to Batch{23a16b3 num=1 mzstart=91426613 start=91426613 end=91629112}
06-24 14:36:48.960464  1033  1944 D AlarmManager:  alarm = Alarm{fdd8957 type 2 when 14:37:25 start 14:37:25 end 14:44:55 com.tencent.mm} add to Batch{7186470 num=1 mzstart=91462786 start=91462786 end=91912777}
06-24 14:36:48.961749  1033  1944 D AlarmManager:  alarm = Alarm{46a09cb type 2 when 14:39:36 start 14:39:36 end 14:39:36 com.tencent.news} add to Batch{29d13e9 num=1 mzstart=91496934 start=91496934 end=91631934}
06-24 14:36:48.962984  1033  1944 D AlarmManager:  alarm = Alarm{823d4a1 type 0 when 14:37:49 start 14:37:49 end 14:41:34 com.wumii.android.mimi} add to Batch{7186470 num=2 mzstart=91462787 start=91687781 end=91912777}
06-24 14:36:48.964104  1033  1944 D AlarmManager:  alarm = Alarm{e984def type 0 when 14:40:00 start 14:40:00 end 14:43:22 com.alibaba.android.rimet} add to Batch{7186470 num=3 mzstart=91486858 start=91587321 end=91711857}
06-24 14:36:48.965563  1033  1944 D AlarmManager:  alarm = Alarm{a03335b type 0 when 14:41:01 start 14:41:01 end 14:41:01 com.wumii.android.mimi} add to Batch{7186470 num=4 mzstart=91618242 start=91587321 end=91711857}
06-24 14:36:48.966926  1033  1944 D AlarmManager:  alarm = Alarm{6d55415 type 0 when 14:44:15 start 14:44:15 end 14:55:30 com.tencent.mm} add to Batch{828a86e num=1 mzstart=91997743 start=91997743 end=91997743 flgs=0x9}
06-24 14:36:48.968493  1033  1944 D AlarmManager:  alarm = Alarm{30b0f1f type 0 when 14:47:51 start 14:47:51 end 15:02:51 com.alibaba.android.rimet} add to Batch{fb56b0f num=1 mzstart=92089158 start=92089158 end=92089158 flgs=0x1}
06-24 14:36:48.969907  1033  1944 D AlarmManager:  alarm = Alarm{5c95e32 type 3 when 14:52:33 start 14:52:33 end 14:52:33 com.jingdong.app.mall} add to Batch{377579c num=1 mzstart=91822832 start=91822832 end=93172832 flgs=0x8}
06-24 14:36:48.971546  1033  1944 D AlarmManager:  alarm = Alarm{ec319a7 type 2 when 15:00:45 start 15:00:45 end 15:23:15 com.youku.phone} add to Batch{52a05a5 num=1 mzstart=92713526 start=92713526 end=94588526}
06-24 14:36:48.972923  1033  1944 D AlarmManager:  alarm = Alarm{5ed7c2a type 2 when 15:13:38 start 15:13:38 end 16:43:38 com.eg.android.AlipayGphone} add to Batch{52a05a5 num=2 mzstart=92863252 start=93463389 end=94213252}
06-24 14:36:48.974174  1033  1944 D AlarmManager:  alarm = Alarm{df174e4 type 0 when 13:14:07 start 13:13:39 end 07:13:39 com.meizu.mpay} add to Batch{52a05a5 num=3 mzstart=93636376 start=93463389 end=94213252}
06-24 14:36:48.975497  1033  1944 D AlarmManager:  alarm = Alarm{e0b4c46 type 3 when 15:36:36 start 15:36:36 end 16:22:26 android} add to Batch{33add7a num=1 mzstart=93656808 start=93656808 end=95456808 flgs=0x8}
06-24 14:36:48.976867  1033  1944 D AlarmManager:  alarm = Alarm{93acecb type 1 when 15:27:23 start 15:27:23 end 16:12:23 com.eg.android.AlipayGphone} add to Batch{33add7a num=2 mzstart=95014314 start=94556808 end=95456808 flgs=0x8}
06-24 14:36:48.978377  1033  1944 D AlarmManager:  alarm = Alarm{40be7e8 type 2 when 18:27:48 start 18:27:48 end 18:27:48 android} add to Batch{5e7a92b num=1 mzstart=97225002 start=97225002 end=105325002 flgs=0x8}
06-24 14:36:48.981147  1033  1944 D AlarmManager:  alarm = Alarm{c405c86 type 1 when 19:40:44 start 19:40:44 end 19:40:44 android} add to Batch{b705188 num=1 mzstart=99571722 start=99578610 end=121171704 flgs=0x8}
06-24 14:36:48.982636  1033  1944 D AlarmManager:  alarm = Alarm{9ed2f0c type 0 when 20:29:59 start 20:30:00 end 20:30:00 com.android.alarmclock} add to Batch{eda5721 num=1 mzstart=112617741 start=112617741 end=112617741 flgs=0x1}
06-24 14:36:48.983858  1033  1944 D AlarmManager:  alarm = Alarm{7a9bc57 type 0 when 23:00:00 start 23:00:00 end 22:59:59 android} add to Batch{e095746 num=1 mzstart=116726394 start=116727468 end=137943600}
06-24 14:36:48.984948  1033  1944 D AlarmManager:  alarm = Alarm{c6f3dde type 1 when 20:01:44 start 20:01:37 end 05:01:37 com.meizu.customizecenter} add to Batch{8b5ad07 num=1 mzstart=137731580 start=137731580 end=172519617 flgs=0x8}
06-24 14:36:48.986261  1033  1944 D AlarmManager:  alarm = Alarm{1e5fa9d type 1 when 00:00:00 start 00:00:00 end 07:11:54 com.meizu.flyme.launcher} add to Batch{8b5ad07 num=2 mzstart=137731580 start=140523432 end=143315285 flgs=0x8}
06-24 14:36:48.987514  1033  1944 D AlarmManager:  alarm = Alarm{816c900 type 1 when 23:59:59 start 23:59:33 end 17:42:18 com.meizu.flyme.input} add to Batch{8b5ad07 num=3 mzstart=137731580 start=140523432 end=143315285 flgs=0x8}
06-24 14:36:48.988866  1033  1944 D AlarmManager:  alarm = Alarm{ac422e5 type 3 when 11:50:09 start 11:50:09 end 11:50:09 com.vlife.mxlock.wallpaper} add to Batch{a7cfe34 num=1 mzstart=167827547 start=167827547 end=167827547 flgs=0x1}
06-24 14:36:48.990192  1033  1944 D AlarmManager:  alarm = Alarm{1332409 type 3 when 11:50:09 start 11:50:09 end 11:50:09 com.vlife.mxlock.wallpaper} add to Batch{a7cfe34 num=2 mzstart=167827547 start=167827547 end=167827547 flgs=0x1}
06-24 14:36:48.991737  1033  1944 D AlarmManager:  alarm = Alarm{796418 type 1 when 08:01:45 start 08:01:38 end 02:01:38 com.meizu.experiencedatasync} add to Batch{a7cfe34 num=3 mzstart=167827561 start=167827547 end=167827547 flgs=0x1}
06-24 14:36:48.993400  1033  1944 D AlarmManager:  alarm = Alarm{d72f7ea type 0 when 13:46:59 start 13:46:58 end 07:46:58 com.supercell.clashofclans.baidu} add to Batch{ce4445d num=1 mzstart=546388908 start=546388908 end=956155413 flgs=0x8}
06-24 14:36:48.994878  1033  1944 D AlarmManager:  alarm = Alarm{49f4851 type 0 when 13:46:59 start 13:46:58 end 01:46:58 com.supercell.clashofclans.baidu} add to Batch{6f3a1d2 num=1 mzstart=848026393 start=848027467 end=1417718601}
06-24 14:36:48.996176  1033  1944 D AlarmManager:  alarm = Alarm{cc77dcf type 0 when 20:23:00 start 20:22:33 end 20:22:33 com.jingdong.app.mall} add to Batch{6f3a1d2 num=2 mzstart=1298036399 start=1132873034 end=1417718601}
06-24 14:36:49.129165   348  1177 D SocketClient: SocketClient sendData done: 
06-24 14:36:49.241497   348  1177 D SocketClient: SocketClient sendData done: 
06-24 14:36:49.247427  1033  1058 D ConnectivityService: getActiveNetworkInfo networkInfo = [type: WIFI[], state: CONNECTED/CONNECTED, reason: (unspecified), extra: "MZ-MEIZU-2.4G", roaming: false, failover: false, isAvailable: true]
06-24 14:36:49.285312   348  1177 D SocketClient: SocketClient sendData done: 
06-24 14:36:49.309981  1033  1356 D ConnectivityService: getActiveNetworkInfo networkInfo = [type: WIFI[], state: CONNECTED/CONNECTED, reason: (unspecified), extra: "MZ-MEIZU-2.4G", roaming: false, failover: false, isAvailable: true]
06-24 14:36:49.647041   348  1177 D SocketClient: SocketClient sendData done: 
06-24 14:36:49.674641  1033  2023 W PackageManager: checkUidPermission(): android.permission.READ_PRIVILEGED_PHONE_STATE of 10123 is denied.
06-24 14:36:49.680994  1033  2070 W PackageManager: checkUidPermission(): android.permission.LOCAL_MAC_ADDRESS of 10123 is denied.
06-24 14:36:49.743098  1033  2094 D ConnectivityService: getActiveNetworkInfo networkInfo = [type: WIFI[], state: CONNECTED/CONNECTED, reason: (unspecified), extra: "MZ-MEIZU-2.4G", roaming: false, failover: false, isAvailable: true]
06-24 14:36:49.744547  1033  1058 W PackageManager: checkUidPermission(): android.permission.LOCAL_MAC_ADDRESS of 10123 is denied.
06-24 14:36:50.857000   348  1177 D SocketClient: SocketClient sendData done: 
06-24 14:36:51.253355   348  1177 D SocketClient: SocketClient sendData done: 
06-24 14:36:51.908781  1033  2071 D BatteryService: Processing new values: chargerAcOnline=false, chargerUsbOnline=true, chargerWirelessOnline=false, batteryStatus=2, batteryHealth=2, batteryPresent=true, batteryLevel=39, batteryTechnology=Li-ion, batteryVoltage=3849, batteryTemperature=310, mBatteryLevelCritical=false, mPlugType=2
06-24 14:36:53.138559  1033  2064 W PackageManager: checkUidPermission(): android.permission.LOCAL_MAC_ADDRESS of 10096 is denied.
06-24 14:36:53.722590  1033  1356 W PackageManager: checkUidPermission(): android.permission.INTERACT_ACROSS_USERS_FULL of 10096 is denied.
06-24 14:36:53.722722  1033  1356 W PackageManager: checkUidPermission(): android.permission.REAL_GET_TASKS of 10096 is denied.
06-24 14:36:53.820730  1033  1059 W PackageManager: checkUidPermission(): android.permission.REAL_GET_TASKS of 10098 is denied.
06-24 14:36:54.143725   348  1177 D SocketClient: SocketClient sendData done: 
06-24 14:36:54.255764   348  1177 D SocketClient: SocketClient sendData done: 
06-24 14:36:54.268921  1033  2106 D ConnectivityService: getActiveNetworkInfo networkInfo = [type: WIFI[], state: CONNECTED/CONNECTED, reason: (unspecified), extra: "MZ-MEIZU-2.4G", roaming: false, failover: false, isAvailable: true]
06-24 14:36:54.319826   348  1177 D SocketClient: SocketClient sendData done: 
06-24 14:36:54.330774  1033  1926 D ConnectivityService: getActiveNetworkInfo networkInfo = [type: WIFI[], state: CONNECTED/CONNECTED, reason: (unspecified), extra: "MZ-MEIZU-2.4G", roaming: false, failover: false, isAvailable: true]
06-24 14:36:54.995610  1033  1898 W Watchdog: SWT Watchdog after wait current time:47460134
06-24 14:36:54.996382  1033  1898 W Watchdog: **Get SF Time **1
06-24 14:36:54.996947  1033  1898 W Watchdog: SWT Watchdog before synchronized:47460136
06-24 14:36:54.997098  1033  1898 W Watchdog: SWT Watchdog after synchronized:47460136
06-24 14:36:55.003186  1033  1898 W Watchdog: SWT Watchdog before wait timeout:30000
06-24 14:36:55.003416  1033  1898 W Watchdog: SWT Watchdog before wait current time:47460142
06-24 14:36:55.003562  1033  1898 W Watchdog: SWT Watchdog before wait start:47460142
06-24 14:36:55.003677  1033  1898 W Watchdog: SWT Watchdog before wait CHECK_INTERVAL:30000
06-24 14:36:55.896290   348  1177 D SocketClient: SocketClient sendData done: 
06-24 14:36:58.248348  1033  2073 W PackageManager: checkUidPermission(): android.permission.LOCAL_MAC_ADDRESS of 10096 is denied.
06-24 14:36:58.826266  1033  2055 W PackageManager: checkUidPermission(): android.permission.REAL_GET_TASKS of 10098 is denied.
06-24 14:36:59.151186   348  1177 D SocketClient: SocketClient sendData done: 
06-24 14:36:59.289562   348  1177 D SocketClient: SocketClient sendData done: 
06-24 14:36:59.299898  1033  1230 V AlarmManager: Checking for alarms... rtc=1466750219299, elapsed=91437041
06-24 14:36:59.303110  1033  1230 D AlarmManager: set alarm to RTC 2-91459130-14:37:21
06-24 14:36:59.304142  1033  1230 D AlarmManager: set alarm to RTC 3-91437742-14:37:00
06-24 14:36:59.306315  1033  1230 V AlarmManager: socktUnblockingTimeElapsed(ms): 88194 < mMinimumPeriod_BlockSocket: 300000
06-24 14:36:59.318464  1033  1230 V AlarmManager: sending alarm Alarm{806c5d8 type 2 when 14:36:48 start 14:36:48 end 14:40:11 com.tencent.mm}openLteGateSuccess = false
06-24 14:36:59.321950  1033  1230 D AlarmManager: wakeup alarm = Alarm{806c5d8 type 2 when 14:36:48 start 14:36:48 end 14:40:11 com.tencent.mm}; package = com.tencent.mmneedGrouping = true
06-24 14:36:59.343682  1033  1230 V AlarmManager: sending alarm Alarm{806c5d8 type 2 when 14:36:48 start 14:36:48 end 14:40:11 com.tencent.mm} success
06-24 14:36:59.346368  1033  1230 V AlarmManager: sending alarm Alarm{c9c5f7c type 2 when 14:37:09 start 14:37:09 end 14:37:09 com.meizu.cloud}openLteGateSuccess = false
06-24 14:36:59.347374  1033  1358 D ConnectivityService: getActiveNetworkInfo networkInfo = [type: WIFI[], state: CONNECTED/CONNECTED, reason: (unspecified), extra: "MZ-MEIZU-2.4G", roaming: false, failover: false, isAvailable: true]
06-24 14:36:59.348115   348  1177 D SocketClient: SocketClient sendData done: 
06-24 14:36:59.348558  1033  1230 D AlarmManager: wakeup alarm = Alarm{c9c5f7c type 2 when 14:37:09 start 14:37:09 end 14:37:09 com.meizu.cloud}; package = com.meizu.cloudneedGrouping = true
06-24 14:36:59.352413  1033  1230 V AlarmManager: sending alarm Alarm{c9c5f7c type 2 when 14:37:09 start 14:37:09 end 14:37:09 com.meizu.cloud} success
06-24 14:36:59.358836  1033  1944 V AlarmManager: APP set(PendingIntent{b7612a3: PendingIntentRecord{805c9a0 com.meizu.cloud broadcastIntent}}) : type=3 triggerAtTime=91443096 win=0 tElapsed=91443096 maxElapsed=91443096 interval=0 flags=0x1
06-24 14:36:59.364814  1033  1058 D ConnectivityService: getActiveNetworkInfo networkInfo = [type: WIFI[], state: CONNECTED/CONNECTED, reason: (unspecified), extra: "MZ-MEIZU-2.4G", roaming: false, failover: false, isAvailable: true]
06-24 14:36:59.413129  1033  2064 D AlarmManager: manual remove option = PendingIntent{fa5c959: PendingIntentRecord{805c9a0 com.meizu.cloud broadcastIntent}}
06-24 14:36:59.413393  1033  2064 D AlarmManager: remove:PendingIntent{fa5c959: PendingIntentRecord{805c9a0 com.meizu.cloud broadcastIntent}}
06-24 14:36:59.413470  1033  2064 D AlarmManager: remove(operation) changed bounds; rebatching operation = PendingIntent{fa5c959: PendingIntentRecord{805c9a0 com.meizu.cloud broadcastIntent}}
06-24 14:36:59.413570  1033  2064 D AlarmManager: rebatchAllAlarmsLocked begin oldBatches count = 29
06-24 14:36:59.414949  1033  2064 D AlarmManager:  alarm = Alarm{46a09cb type 2 when 14:39:36 start 14:39:36 end 14:39:36 com.tencent.news} add to Batch{c6091e num=1 mzstart=91496934 start=91496934 end=91631934}
06-24 14:36:59.415925  1033  2064 D AlarmManager:  alarm = Alarm{22ca645 type 2 when 14:37:25 start 14:37:25 end 14:44:55 com.tencent.mm} add to Batch{c6091e num=2 mzstart=91593879 start=91545406 end=91593879 flgs=0x1}
06-24 14:36:59.416897  1033  2064 D AlarmManager:  alarm = Alarm{fdd8957 type 2 when 14:37:25 start 14:37:25 end 14:44:55 com.tencent.mm} add to Batch{c6091e num=3 mzstart=91593879 start=91528332 end=91593879 flgs=0x1}
06-24 14:36:59.417920  1033  2064 D AlarmManager:  alarm = Alarm{823d4a1 type 0 when 14:37:49 start 14:37:49 end 14:41:34 com.wumii.android.mimi} add to Batch{c6091e num=4 mzstart=91593879 start=91528332 end=91593879 flgs=0x1}
06-24 14:36:59.418890  1033  2064 D AlarmManager:  alarm = Alarm{a03335b type 0 when 14:41:01 start 14:41:01 end 14:41:01 com.wumii.android.mimi} add to Batch{64d35ff num=1 mzstart=91618242 start=91618242 end=91820741}
06-24 14:36:59.419906  1033  2064 D AlarmManager:  alarm = Alarm{6d55415 type 0 when 14:44:15 start 14:44:15 end 14:55:30 com.tencent.mm} add to Batch{78ddfcc num=1 mzstart=91997743 start=91997743 end=91997743 flgs=0x9}
06-24 14:36:59.420940  1033  2064 D AlarmManager:  alarm = Alarm{a145221 type 0 when 14:47:51 start 14:47:51 end 14:47:51 com.alibaba.android.rimet} add to Batch{560a215 num=1 mzstart=92089159 start=92089158 end=92989159}
06-24 14:36:59.422183  1033  2064 D AlarmManager:  alarm = Alarm{5c95e32 type 3 when 14:52:33 start 14:52:33 end 14:52:33 com.jingdong.app.mall} add to Batch{cc5992a num=1 mzstart=91822832 start=91822832 end=93172832 flgs=0x8}
06-24 14:36:59.423486  1033  2064 D AlarmManager:  alarm = Alarm{ec319a7 type 2 when 15:00:45 start 15:00:45 end 15:23:15 com.youku.phone} add to Batch{549331b num=1 mzstart=92713526 start=92713526 end=94588526}
06-24 14:36:59.424588  1033  2064 D AlarmManager:  alarm = Alarm{5ed7c2a type 2 when 15:13:38 start 15:13:38 end 16:43:38 com.eg.android.AlipayGphone} add to Batch{549331b num=2 mzstart=92863252 start=93463389 end=94213252}
06-24 14:36:59.425762  1033  2064 D AlarmManager:  alarm = Alarm{df174e4 type 0 when 13:14:07 start 13:13:39 end 07:13:39 com.meizu.mpay} add to Batch{549331b num=3 mzstart=93636376 start=93463389 end=94213252}
06-24 14:36:59.426925  1033  2064 D AlarmManager:  alarm = Alarm{e0b4c46 type 3 when 15:36:36 start 15:36:36 end 16:22:26 android} add to Batch{f9f2cb8 num=1 mzstart=93656808 start=93656808 end=95456808 flgs=0x8}
06-24 14:36:59.428254  1033  2064 D AlarmManager:  alarm = Alarm{93acecb type 1 when 15:27:23 start 15:27:23 end 16:12:23 com.eg.android.AlipayGphone} add to Batch{f9f2cb8 num=2 mzstart=95014314 start=94556808 end=95456808 flgs=0x8}
06-24 14:36:59.430648  1033  2064 D AlarmManager:  alarm = Alarm{40be7e8 type 2 when 18:27:48 start 18:27:48 end 18:27:48 android} add to Batch{4b64a91 num=1 mzstart=97225002 start=97225002 end=105325002 flgs=0x8}
06-24 14:36:59.432005  1033  2064 D AlarmManager:  alarm = Alarm{c405c86 type 1 when 19:40:44 start 19:40:44 end 19:40:44 android} add to Batch{97c1df6 num=1 mzstart=99571722 start=99578610 end=121171704 flgs=0x8}
06-24 14:36:59.433256  1033  2064 D AlarmManager:  alarm = Alarm{5f9edd4 type 0 when 20:30:00 start 20:29:59 end 20:30:00 com.android.alarmclock} add to Batch{d3de5f7 num=1 mzstart=112617742 start=112617741 end=112617742 flgs=0x3}
06-24 14:36:59.434364  1033  2064 D AlarmManager:  alarm = Alarm{7a9bc57 type 0 when 22:59:59 start 22:59:59 end 23:00:00 android} add to Batch{3765c64 num=1 mzstart=116726394 start=116727467 end=137943600}
06-24 14:36:59.435678  1033  2064 D AlarmManager:  alarm = Alarm{c6f3dde type 1 when 20:01:44 start 20:01:37 end 05:01:37 com.meizu.customizecenter} add to Batch{2e3fecd num=1 mzstart=137731580 start=137731580 end=172519617 flgs=0x8}
06-24 14:36:59.436753  1033  2064 D AlarmManager:  alarm = Alarm{816c900 type 1 when 00:00:00 start 23:59:33 end 17:42:18 com.meizu.flyme.input} add to Batch{2e3fecd num=2 mzstart=137731580 start=140523432 end=143315285 flgs=0x8}
06-24 14:36:59.437894  1033  2064 D AlarmManager:  alarm = Alarm{1e5fa9d type 1 when 00:00:00 start 00:00:00 end 07:11:54 com.meizu.flyme.launcher} add to Batch{2e3fecd num=3 mzstart=137731580 start=140523432 end=143315285 flgs=0x8}
06-24 14:36:59.439108  1033  2064 D AlarmManager:  alarm = Alarm{66dd8ae type 3 when 11:50:09 start 11:50:09 end 11:50:09 com.vlife.mxlock.wallpaper} add to Batch{2442382 num=1 mzstart=167827547 start=167827547 end=167827547 flgs=0x1}
06-24 14:36:59.440208  1033  2064 D AlarmManager:  alarm = Alarm{1332409 type 3 when 11:50:09 start 11:50:09 end 11:50:09 com.vlife.mxlock.wallpaper} add to Batch{2442382 num=2 mzstart=167827547 start=167827547 end=167827547 flgs=0x1}
06-24 14:36:59.441423  1033  2064 D AlarmManager:  alarm = Alarm{796418 type 1 when 08:01:45 start 08:01:38 end 02:01:38 com.meizu.experiencedatasync} add to Batch{2442382 num=3 mzstart=167827561 start=167827547 end=167827547 flgs=0x1}
06-24 14:36:59.442869  1033  2064 D AlarmManager:  alarm = Alarm{d72f7ea type 0 when 13:46:59 start 13:46:58 end 07:46:58 com.supercell.clashofclans.baidu} add to Batch{260ea93 num=1 mzstart=546388908 start=546388908 end=956155413 flgs=0x8}
06-24 14:36:59.444403  1033  2064 D AlarmManager:  alarm = Alarm{49f4851 type 0 when 13:46:59 start 13:46:58 end 01:46:58 com.supercell.clashofclans.baidu} add to Batch{b6edad0 num=1 mzstart=848026393 start=848027466 end=1417718601}
06-24 14:36:59.445600  1033  2064 D AlarmManager:  alarm = Alarm{cc77dcf type 0 when 20:23:00 start 20:22:33 end 20:22:33 com.jingdong.app.mall} add to Batch{b6edad0 num=2 mzstart=1298036399 start=1132873033 end=1417718601}
06-24 14:36:59.448502  1033  2073 V AlarmManager: APP set(PendingIntent{1bebac9: PendingIntentRecord{b94f5ce com.meizu.cloud broadcastIntent}}) : type=2 triggerAtTime=91639188 win=0 tElapsed=91639188 maxElapsed=91639188 interval=0 flags=0x1
06-24 14:36:59.762560   348  1177 D SocketClient: SocketClient sendData done: 
06-24 14:36:59.787807  1033  2070 W PackageManager: checkUidPermission(): android.permission.READ_PRIVILEGED_PHONE_STATE of 10123 is denied.
06-24 14:36:59.791290  1033  1058 W PackageManager: checkUidPermission(): android.permission.LOCAL_MAC_ADDRESS of 10123 is denied.
06-24 14:36:59.810967  1033  1356 D ConnectivityService: getActiveNetworkInfo networkInfo = [type: WIFI[], state: CONNECTED/CONNECTED, reason: (unspecified), extra: "MZ-MEIZU-2.4G", roaming: false, failover: false, isAvailable: true]
06-24 14:36:59.812073  1033  1059 W PackageManager: checkUidPermission(): android.permission.LOCAL_MAC_ADDRESS of 10123 is denied.
06-24 14:37:00.001793  1033  1230 V AlarmManager: Checking for alarms... rtc=1466750220000, elapsed=91437742
06-24 14:37:00.003048  1033  1230 V AlarmManager: sending alarm Alarm{ca59cef type 3 when 14:37:00 start 14:37:00 end 14:37:00 android}openLteGateSuccess = false
06-24 14:37:00.004837  1033  1033 V AlarmManager: Received TIME_TICK alarm; rescheduling
06-24 14:37:00.004934  1033  1033 V AlarmManager: mSupportAlarmGrouping = false  mAmPlus = null
06-24 14:37:00.006870  1033  1230 V AlarmManager: sending alarm Alarm{ca59cef type 3 when 14:37:00 start 14:37:00 end 14:37:00 android} success
06-24 14:37:00.008509  1033  1033 V AlarmManager: APP set(PendingIntent{b667ff9: PendingIntentRecord{9388b3e android broadcastIntent}}) : type=3 triggerAtTime=91497742 win=0 tElapsed=91497742 maxElapsed=91497742 interval=0 flags=0x1
06-24 14:37:00.916328   348  1177 D SocketClient: SocketClient sendData done: 
06-24 14:37:01.281392   348  1177 D SocketClient: SocketClient sendData done: 
06-24 14:37:01.530928  1033  1356 I ActivityManager: START u0 {flg=0x10000000 cmp=com.mediatek.mtklogger/.MainActivity} from uid 2000 from pid 17977 on display 0 from pid 17977
06-24 14:37:01.531035  1033  1356 W PackageManager: checkUidPermission(): android.permission.START_ANY_ACTIVITY of 2000 is denied.
06-24 14:37:01.621229  1033  2064 D WindowManager: notifyActivityDrawnForKeyguard: waiting=false Callers=com.android.server.wm.WindowManagerService.handleAppTransitionReadyLocked:10121 com.android.server.wm.WindowManagerService.performLayoutAndPlaceSurfacesLockedInner:10723 com.android.server.wm.WindowManagerService.performLayoutAndPlaceSurfacesLockedLoop:9495 com.android.server.wm.WindowManagerService.performLayoutAndPlaceSurfacesLocked:9442 com.android.server.wm.WindowManagerService.executeAppTransition:4598 
06-24 14:37:01.626467  1033  1071 V NetworkStats: setKernelCounterSet uid=10056 set=1
06-24 14:37:01.648750  1033  1926 W PackageManager: checkUidPermission(): android.permission.INTERACT_ACROSS_USERS of 10056 is denied.
06-24 14:37:01.649193  1033  2079 W PackageManager: checkUidPermission(): android.permission.INTERACT_ACROSS_USERS_FULL of 10056 is denied.
06-24 14:37:01.766041  1033  1059 W PackageManager: checkUidPermission(): android.permission.INTERACT_ACROSS_USERS_FULL of 10056 is denied.
06-24 14:37:01.782960  1033  1621 V SettingsProvider: packageValueForCallResult, name = mz_status_bar_tint, value : 1
06-24 14:37:01.881071  1033  2071 D BatteryService: Processing new values: chargerAcOnline=false, chargerUsbOnline=true, chargerWirelessOnline=false, batteryStatus=2, batteryHealth=2, batteryPresent=true, batteryLevel=39, batteryTechnology=Li-ion, batteryVoltage=3844, batteryTemperature=310, mBatteryLevelCritical=false, mPlugType=2
06-24 14:37:01.885582  1033  1358 W PackageManager: checkUidPermission(): android.permission.STATUS_BAR of 10056 is denied.
06-24 14:37:02.022890  1033  2064 W PackageManager: checkUidPermission(): android.permission.STATUS_BAR of 10056 is denied.
06-24 14:37:02.069738  1033  2071 W PackageManager: checkUidPermission(): android.permission.STATUS_BAR of 10056 is denied.
06-24 14:37:03.200336  1033  2023 V SettingsProvider: packageValueForCallResult, name = sound_effects_enabled, value : 0
06-24 14:37:03.296946  1033  2055 W PackageManager: checkUidPermission(): android.permission.STATUS_BAR of 10056 is denied.
06-24 14:37:03.325818  1033  1926 W PackageManager: checkUidPermission(): android.permission.LOCAL_MAC_ADDRESS of 10096 is denied.
06-24 14:37:03.828909  1033  1358 W PackageManager: checkUidPermission(): android.permission.REAL_GET_TASKS of 10098 is denied.
06-24 14:37:04.154892   348  1177 D SocketClient: SocketClient sendData done: 
06-24 14:37:04.363697   348  1177 D SocketClient: SocketClient sendData done: 
06-24 14:37:04.377911   348  1177 D SocketClient: SocketClient sendData done: 
06-24 14:37:04.381285  1033  1944 D ConnectivityService: getActiveNetworkInfo networkInfo = [type: WIFI[], state: CONNECTED/CONNECTED, reason: (unspecified), extra: "MZ-MEIZU-2.4G", roaming: false, failover: false, isAvailable: true]
06-24 14:37:04.400098  1033  2055 D ConnectivityService: getActiveNetworkInfo networkInfo = [type: WIFI[], state: CONNECTED/CONNECTED, reason: (unspecified), extra: "MZ-MEIZU-2.4G", roaming: false, failover: false, isAvailable: true]
06-24 14:37:04.487371  1033  2106 W InputMethodManagerService: Window already focused, ignoring focus gain of: com.android.internal.view.IInputMethodClient$Stub$Proxy@674f2db attribute=null, token = android.os.BinderProxy@57ff8eb
06-24 14:37:05.197319  1033  1234 V SettingsProvider: packageValueForCallResult, name = intercpt_powerkey, value : 0
06-24 14:37:05.197439  1033  1234 I PowerManagerService: Going to sleep due to power button (uid 1000)...
06-24 14:37:05.197585  1033  1234 D PowerManagerService: wakelock list dump: mLocks.size=1:
06-24 14:37:05.197615  1033  1234 I PowerManagerService: Sleeping (uid 1000)...
06-24 14:37:05.198174  1033  1033 I ActivityManager: onWakefulnessChanged: 3
06-24 14:37:05.199376  1033  1033 I ActivityManager: onWakefulnessChanged: 0
06-24 14:37:05.201709  1033  1078 D ColorFade: prepare: mode=1
06-24 14:37:05.275538  1033  1078 D ColorFade: setQuad: x=0.0, y=0.0, w=1080.0, h=1920.0
06-24 14:37:05.277241  1033  1078 D ColorFade: drawFrame: level=1.0
06-24 14:37:05.282701  1033  1078 D ColorFade: drawFaded: opacity=1.0, gamma=1.0, saturation=1.0, scale=1.0
06-24 14:37:05.294039  1033  1078 D ColorFade: drawFrame: level=1.0
06-24 14:37:05.300738  1033  1078 D ColorFade: drawFaded: opacity=1.0, gamma=1.0, saturation=1.0, scale=1.0
06-24 14:37:05.304426  1033  1078 D ColorFade: drawFrame: level=1.0
06-24 14:37:05.310382  1033  1071 V NetworkStats: setKernelCounterSet uid=10056 set=0
06-24 14:37:05.334714  1033  1078 D ColorFade: drawFaded: opacity=1.0, gamma=1.0, saturation=1.0, scale=1.0
06-24 14:37:05.336882  1033  1926 V SettingsProvider: packageValueForCallResult, name = lockscreen_sounds_enabled, value : 0
06-24 14:37:05.339025  1033  1059 W FingerprintService: call screenOff
06-24 14:37:05.339116  1033  1059 E FingerprintService: fingerprintservice call daemon screenOff
06-24 14:37:05.342767  1033  1621 D DeviceStateService: doCheckState handle=3
06-24 14:37:05.343586  1033  1078 D ColorFade: drawFrame: level=1.0
06-24 14:37:05.344532  1033  1078 D ColorFade: drawFaded: opacity=1.0, gamma=1.0, saturation=1.0, scale=1.0
06-24 14:37:05.360075  1033  1078 D DisplayPowerState: setColorFadeLevel: level=0.9960574
06-24 14:37:05.360294  1033  1078 D ColorFade: drawFrame: level=0.9960574
06-24 14:37:05.361866  1033  1078 D ColorFade: drawFaded: opacity=0.99998444, gamma=1.000069, saturation=0.9843226, scale=0.99999845
06-24 14:37:05.363770  1033  2071 D DeviceStateService: doCheckState handle=3
06-24 14:37:05.365556  1033  1078 D DisplayPowerState: Screen ready
06-24 14:37:05.371314  1033  2106 D DeviceStateService: doCheckState handle=3
06-24 14:37:05.376819  1033  1078 D DisplayPowerState: setColorFadeLevel: level=0.9833001
06-24 14:37:05.377065  1033  1078 D ColorFade: drawFrame: level=0.9833001
06-24 14:37:05.378580  1033  1078 D ColorFade: drawFaded: opacity=0.9997211, gamma=1.0012391, saturation=0.9348551, scale=0.9999721
06-24 14:37:05.381725  1033  1078 D DisplayPowerState: Screen ready
06-24 14:37:05.393512  1033  1078 D DisplayPowerState: setColorFadeLevel: level=0.96193975
06-24 14:37:05.393781  1033  1078 D ColorFade: drawFrame: level=0.96193975
06-24 14:37:05.394724  1033  1078 D ColorFade: drawFaded: opacity=0.9985514, gamma=1.0064443, saturation=0.85623205, scale=0.99985516
06-24 14:37:05.397907  1033  1078 D DisplayPowerState: Screen ready
06-24 14:37:05.410273  1033  1078 D DisplayPowerState: setColorFadeLevel: level=0.9343158
06-24 14:37:05.410459  1033  1078 D ColorFade: drawFrame: level=0.9343158
06-24 14:37:05.411344  1033  1078 D ColorFade: drawFaded: opacity=0.9956856, gamma=1.019255, saturation=0.7620348, scale=0.9995686
