06-24 14:37:54.701165  1033  1621 D ConnectivityService: getActiveNetworkInfo networkInfo = [type: WIFI[], state: CONNECTED/CONNECTED, reason: (unspecified), extra: "MZ-MEIZU-2.4G", roaming: false, failover: false, isAvailable: true]
06-24 14:37:55.018194  1033  1898 W Watchdog: SWT Watchdog after wait current time:47520157
06-24 14:37:55.018505  1033  1898 W Watchdog: **Get SF Time **1
06-24 14:37:55.018729  1033  1898 W Watchdog: SWT Watchdog before synchronized:47520157
06-24 14:37:55.018792  1033  1898 W Watchdog: SWT Watchdog after synchronized:47520157
06-24 14:37:55.018964  1033  1898 W Watchdog: SWT Watchdog before wait timeout:30000
06-24 14:37:55.019033  1033  1898 W Watchdog: SWT Watchdog before wait current time:47520158
06-24 14:37:55.019087  1033  1898 W Watchdog: SWT Watchdog before wait start:47520158
06-24 14:37:55.019131  1033  1898 W Watchdog: SWT Watchdog before wait CHECK_INTERVAL:30000
06-24 14:37:56.138671   348  1177 D SocketClient: SocketClient sendData done: 
06-24 14:37:58.859772  1033  1356 W PackageManager: checkUidPermission(): android.permission.REAL_GET_TASKS of 10098 is denied.
06-24 14:37:59.239443   348  1177 D SocketClient: SocketClient sendData done: 
06-24 14:37:59.697466   348  1177 D SocketClient: SocketClient sendData done: 
06-24 14:37:59.705277  1033  2064 D ConnectivityService: getActiveNetworkInfo networkInfo = [type: WIFI[], state: CONNECTED/CONNECTED, reason: (unspecified), extra: "MZ-MEIZU-2.4G", roaming: false, failover: false, isAvailable: true]
06-24 14:37:59.708772   348  1177 D SocketClient: SocketClient sendData done: 
06-24 14:37:59.716402  1033  2106 D ConnectivityService: getActiveNetworkInfo networkInfo = [type: WIFI[], state: CONNECTED/CONNECTED, reason: (unspecified), extra: "MZ-MEIZU-2.4G", roaming: false, failover: false, isAvailable: true]
06-24 14:38:00.000740  1033  1230 V AlarmManager: Checking for alarms... rtc=1466750280000, elapsed=91497742
06-24 14:38:00.002617  1033  1230 V AlarmManager: sending alarm Alarm{7067925 type 3 when 14:38:00 start 14:38:00 end 14:38:00 android}openLteGateSuccess = false
06-24 14:38:00.005333  1033  1033 V AlarmManager: Received TIME_TICK alarm; rescheduling
06-24 14:38:00.005463  1033  1033 V AlarmManager: mSupportAlarmGrouping = false  mAmPlus = null
06-24 14:38:00.008759  1033  1230 V AlarmManager: sending alarm Alarm{7067925 type 3 when 14:38:00 start 14:38:00 end 14:38:00 android} success
06-24 14:38:00.011254  1033  1033 V AlarmManager: APP set(PendingIntent{b667ff9: PendingIntentRecord{9388b3e android broadcastIntent}}) : type=3 triggerAtTime=91557742 win=0 tElapsed=91557742 maxElapsed=91557742 interval=0 flags=0x1
06-24 14:38:00.145848   348  1177 D SocketClient: SocketClient sendData done: 
06-24 14:38:00.152717  1033  2064 W PackageManager: checkUidPermission(): android.permission.READ_PRIVILEGED_PHONE_STATE of 10123 is denied.
06-24 14:38:00.154514  1033  2094 W PackageManager: checkUidPermission(): android.permission.LOCAL_MAC_ADDRESS of 10123 is denied.
06-24 14:38:00.183426  1033  2023 D ConnectivityService: getActiveNetworkInfo networkInfo = [type: WIFI[], state: CONNECTED/CONNECTED, reason: (unspecified), extra: "MZ-MEIZU-2.4G", roaming: false, failover: false, isAvailable: true]
06-24 14:38:00.184435  1033  1944 W PackageManager: checkUidPermission(): android.permission.LOCAL_MAC_ADDRESS of 10123 is denied.
06-24 14:38:01.158730   348  1177 D SocketClient: SocketClient sendData done: 
06-24 14:38:01.381501   348  1177 D SocketClient: SocketClient sendData done: 
06-24 14:38:01.883276  1033  2070 D BatteryService: Processing new values: chargerAcOnline=false, chargerUsbOnline=true, chargerWirelessOnline=false, batteryStatus=2, batteryHealth=2, batteryPresent=true, batteryLevel=39, batteryTechnology=Li-ion, batteryVoltage=3853, batteryTemperature=310, mBatteryLevelCritical=false, mPlugType=2
06-24 14:38:03.863006  1033  1944 W PackageManager: checkUidPermission(): android.permission.REAL_GET_TASKS of 10098 is denied.
06-24 14:38:04.247490   348  1177 D SocketClient: SocketClient sendData done: 
06-24 14:38:04.713383   348  1177 D SocketClient: SocketClient sendData done: 
06-24 14:38:04.723313   348  1177 D SocketClient: SocketClient sendData done: 
06-24 14:38:04.727661  1033  1059 D ConnectivityService: getActiveNetworkInfo networkInfo = [type: WIFI[], state: CONNECTED/CONNECTED, reason: (unspecified), extra: "MZ-MEIZU-2.4G", roaming: false, failover: false, isAvailable: true]
06-24 14:38:04.739259  1033  2094 D ConnectivityService: getActiveNetworkInfo networkInfo = [type: WIFI[], state: CONNECTED/CONNECTED, reason: (unspecified), extra: "MZ-MEIZU-2.4G", roaming: false, failover: false, isAvailable: true]
06-24 14:38:06.183383   348  1177 D SocketClient: SocketClient sendData done: 
06-24 14:38:08.881552  1033  1621 W PackageManager: checkUidPermission(): android.permission.REAL_GET_TASKS of 10098 is denied.
06-24 14:38:09.254356   348  1177 D SocketClient: SocketClient sendData done: 
06-24 14:38:09.734156   348  1177 D SocketClient: SocketClient sendData done: 
06-24 14:38:09.744023  1033  1358 D ConnectivityService: getActiveNetworkInfo networkInfo = [type: WIFI[], state: CONNECTED/CONNECTED, reason: (unspecified), extra: "MZ-MEIZU-2.4G", roaming: false, failover: false, isAvailable: true]
06-24 14:38:09.749055   348  1177 D SocketClient: SocketClient sendData done: 
06-24 14:38:09.762035  1033  2070 D ConnectivityService: getActiveNetworkInfo networkInfo = [type: WIFI[], state: CONNECTED/CONNECTED, reason: (unspecified), extra: "MZ-MEIZU-2.4G", roaming: false, failover: false, isAvailable: true]
06-24 14:38:10.193415   348  1177 D SocketClient: SocketClient sendData done: 
06-24 14:38:10.208266  1033  1058 W PackageManager: checkUidPermission(): android.permission.READ_PRIVILEGED_PHONE_STATE of 10123 is denied.
06-24 14:38:10.214030  1033  2106 W PackageManager: checkUidPermission(): android.permission.LOCAL_MAC_ADDRESS of 10123 is denied.
06-24 14:38:10.232973  1033  2055 D ConnectivityService: getActiveNetworkInfo networkInfo = [type: WIFI[], state: CONNECTED/CONNECTED, reason: (unspecified), extra: "MZ-MEIZU-2.4G", roaming: false, failover: false, isAvailable: true]
06-24 14:38:10.235182  1033  1356 W PackageManager: checkUidPermission(): android.permission.LOCAL_MAC_ADDRESS of 10123 is denied.
06-24 14:38:11.198244   348  1177 D SocketClient: SocketClient sendData done: 
06-24 14:38:11.399731   348  1177 D SocketClient: SocketClient sendData done: 
06-24 14:38:11.883487  1033  1059 D BatteryService: Processing new values: chargerAcOnline=false, chargerUsbOnline=true, chargerWirelessOnline=false, batteryStatus=2, batteryHealth=2, batteryPresent=true, batteryLevel=39, batteryTechnology=Li-ion, batteryVoltage=3860, batteryTemperature=310, mBatteryLevelCritical=false, mPlugType=2
06-24 14:38:13.893120  1033  1356 W PackageManager: checkUidPermission(): android.permission.REAL_GET_TASKS of 10098 is denied.
06-24 14:38:14.263209   348  1177 D SocketClient: SocketClient sendData done: 
06-24 14:38:14.755024   348  1177 D SocketClient: SocketClient sendData done: 
06-24 14:38:14.767030  1033  2064 D ConnectivityService: getActiveNetworkInfo networkInfo = [type: WIFI[], state: CONNECTED/CONNECTED, reason: (unspecified), extra: "MZ-MEIZU-2.4G", roaming: false, failover: false, isAvailable: true]
06-24 14:38:14.773315   348  1177 D SocketClient: SocketClient sendData done: 
06-24 14:38:14.791069  1033  2106 D ConnectivityService: getActiveNetworkInfo networkInfo = [type: WIFI[], state: CONNECTED/CONNECTED, reason: (unspecified), extra: "MZ-MEIZU-2.4G", roaming: false, failover: false, isAvailable: true]
06-24 14:38:16.219397   348  1177 D SocketClient: SocketClient sendData done: 
06-24 14:38:18.896265  1033  2073 W PackageManager: checkUidPermission(): android.permission.REAL_GET_TASKS of 10098 is denied.
06-24 14:38:19.271534   348  1177 D SocketClient: SocketClient sendData done: 
06-24 14:38:19.789872   348  1177 D SocketClient: SocketClient sendData done: 
06-24 14:38:19.803165   348  1177 D SocketClient: SocketClient sendData done: 
06-24 14:38:19.808755  1033  1059 D ConnectivityService: getActiveNetworkInfo networkInfo = [type: WIFI[], state: CONNECTED/CONNECTED, reason: (unspecified), extra: "MZ-MEIZU-2.4G", roaming: false, failover: false, isAvailable: true]
06-24 14:38:19.822116  1033  2094 D ConnectivityService: getActiveNetworkInfo networkInfo = [type: WIFI[], state: CONNECTED/CONNECTED, reason: (unspecified), extra: "MZ-MEIZU-2.4G", roaming: false, failover: false, isAvailable: true]
06-24 14:38:20.246039   348  1177 D SocketClient: SocketClient sendData done: 
06-24 14:38:20.260726  1033  1356 W PackageManager: checkUidPermission(): android.permission.READ_PRIVILEGED_PHONE_STATE of 10123 is denied.
06-24 14:38:20.265733  1033  1621 W PackageManager: checkUidPermission(): android.permission.LOCAL_MAC_ADDRESS of 10123 is denied.
06-24 14:38:20.287225  1033  1358 D ConnectivityService: getActiveNetworkInfo networkInfo = [type: WIFI[], state: CONNECTED/CONNECTED, reason: (unspecified), extra: "MZ-MEIZU-2.4G", roaming: false, failover: false, isAvailable: true]
06-24 14:38:20.289462  1033  2070 W PackageManager: checkUidPermission(): android.permission.LOCAL_MAC_ADDRESS of 10123 is denied.
06-24 14:38:21.245777   348  1177 D SocketClient: SocketClient sendData done: 
06-24 14:38:21.416628   348  1177 D SocketClient: SocketClient sendData done: 
06-24 14:38:21.883434  1033  1926 D BatteryService: Processing new values: chargerAcOnline=false, chargerUsbOnline=true, chargerWirelessOnline=false, batteryStatus=2, batteryHealth=2, batteryPresent=true, batteryLevel=39, batteryTechnology=Li-ion, batteryVoltage=3858, batteryTemperature=310, mBatteryLevelCritical=false, mPlugType=2
06-24 14:38:23.722502  1033  2055 W PackageManager: checkUidPermission(): android.permission.INTERACT_ACROSS_USERS_FULL of 10096 is denied.
06-24 14:38:23.722613  1033  2055 W PackageManager: checkUidPermission(): android.permission.REAL_GET_TASKS of 10096 is denied.
06-24 14:38:23.899420  1033  1356 W PackageManager: checkUidPermission(): android.permission.REAL_GET_TASKS of 10098 is denied.
06-24 14:38:24.281114   348  1177 D SocketClient: SocketClient sendData done: 
06-24 14:38:24.822001   348  1177 D SocketClient: SocketClient sendData done: 
06-24 14:38:24.832208  1033  1621 D ConnectivityService: getActiveNetworkInfo networkInfo = [type: WIFI[], state: CONNECTED/CONNECTED, reason: (unspecified), extra: "MZ-MEIZU-2.4G", roaming: false, failover: false, isAvailable: true]
06-24 14:38:24.834871   348  1177 D SocketClient: SocketClient sendData done: 
06-24 14:38:24.843438  1033  1926 D ConnectivityService: getActiveNetworkInfo networkInfo = [type: WIFI[], state: CONNECTED/CONNECTED, reason: (unspecified), extra: "MZ-MEIZU-2.4G", roaming: false, failover: false, isAvailable: true]
06-24 14:38:25.019556  1033  1898 W Watchdog: SWT Watchdog after wait current time:47550158
06-24 14:38:25.019881  1033  1898 W Watchdog: **Get SF Time **1
06-24 14:38:25.020114  1033  1898 W Watchdog: SWT Watchdog before synchronized:47550159
06-24 14:38:25.020177  1033  1898 W Watchdog: SWT Watchdog after synchronized:47550159
06-24 14:38:25.020345  1033  1898 W Watchdog: SWT Watchdog before wait timeout:30000
06-24 14:38:25.020420  1033  1898 W Watchdog: SWT Watchdog before wait current time:47550159
06-24 14:38:25.020475  1033  1898 W Watchdog: SWT Watchdog before wait start:47550159
06-24 14:38:25.020520  1033  1898 W Watchdog: SWT Watchdog before wait CHECK_INTERVAL:30000
06-24 14:38:26.267304   348  1177 D SocketClient: SocketClient sendData done: 
06-24 14:38:28.902441  1033  2079 W PackageManager: checkUidPermission(): android.permission.REAL_GET_TASKS of 10098 is denied.
06-24 14:38:29.286522   348  1177 D SocketClient: SocketClient sendData done: 
06-24 14:38:29.855470   348  1177 D SocketClient: SocketClient sendData done: 
06-24 14:38:29.865443   348  1177 D SocketClient: SocketClient sendData done: 
06-24 14:38:29.876042  1033  1356 D ConnectivityService: getActiveNetworkInfo networkInfo = [type: WIFI[], state: CONNECTED/CONNECTED, reason: (unspecified), extra: "MZ-MEIZU-2.4G", roaming: false, failover: false, isAvailable: true]
06-24 14:38:29.888704  1033  2023 D ConnectivityService: getActiveNetworkInfo networkInfo = [type: WIFI[], state: CONNECTED/CONNECTED, reason: (unspecified), extra: "MZ-MEIZU-2.4G", roaming: false, failover: false, isAvailable: true]
06-24 14:38:30.299425   348  1177 D SocketClient: SocketClient sendData done: 
06-24 14:38:30.315685  1033  1621 W PackageManager: checkUidPermission(): android.permission.READ_PRIVILEGED_PHONE_STATE of 10123 is denied.
06-24 14:38:30.320609  1033  1358 W PackageManager: checkUidPermission(): android.permission.LOCAL_MAC_ADDRESS of 10123 is denied.
06-24 14:38:30.375355  1033  1058 D ConnectivityService: getActiveNetworkInfo networkInfo = [type: WIFI[], state: CONNECTED/CONNECTED, reason: (unspecified), extra: "MZ-MEIZU-2.4G", roaming: false, failover: false, isAvailable: true]
06-24 14:38:30.376453  1033  2073 W PackageManager: checkUidPermission(): android.permission.LOCAL_MAC_ADDRESS of 10123 is denied.
06-24 14:38:31.285226   348  1177 D SocketClient: SocketClient sendData done: 
06-24 14:38:31.437783   348  1177 D SocketClient: SocketClient sendData done: 
06-24 14:38:31.883385  1033  2055 D BatteryService: Processing new values: chargerAcOnline=false, chargerUsbOnline=true, chargerWirelessOnline=false, batteryStatus=2, batteryHealth=2, batteryPresent=true, batteryLevel=39, batteryTechnology=Li-ion, batteryVoltage=3860, batteryTemperature=310, mBatteryLevelCritical=false, mPlugType=2
06-24 14:38:33.151985  1033  1058 W PackageManager: checkUidPermission(): android.permission.INTERACT_ACROSS_USERS_FULL of 10097 is denied.
06-24 14:38:33.152156  1033  1058 W PackageManager: checkUidPermission(): android.permission.REAL_GET_TASKS of 10097 is denied.
06-24 14:38:33.905615  1033  2106 W PackageManager: checkUidPermission(): android.permission.REAL_GET_TASKS of 10098 is denied.
06-24 14:38:34.293511   348  1177 D SocketClient: SocketClient sendData done: 
06-24 14:38:34.886092   348  1177 D SocketClient: SocketClient sendData done: 
06-24 14:38:34.899870   348  1177 D SocketClient: SocketClient sendData done: 
06-24 14:38:34.905294  1033  2055 D ConnectivityService: getActiveNetworkInfo networkInfo = [type: WIFI[], state: CONNECTED/CONNECTED, reason: (unspecified), extra: "MZ-MEIZU-2.4G", roaming: false, failover: false, isAvailable: true]
06-24 14:38:34.919997  1033  1356 D ConnectivityService: getActiveNetworkInfo networkInfo = [type: WIFI[], state: CONNECTED/CONNECTED, reason: (unspecified), extra: "MZ-MEIZU-2.4G", roaming: false, failover: false, isAvailable: true]
06-24 14:38:36.300502   348  1177 D SocketClient: SocketClient sendData done: 
06-24 14:38:38.270108  1033  1234 I PowerManagerService: Waking up from sleep (uid 1000)...
06-24 14:38:38.271312  1033  1033 I ActivityManager: onWakefulnessChanged: 1
06-24 14:38:38.282652  1033  1078 D DisplayPowerState: setScreenState: state=2
06-24 14:38:38.282969  1033  1078 I DisplayPowerController: Blocking screen on until initial contents have been drawn.
06-24 14:38:38.316612  8595  8618 W ContextImpl: Calling a method in the system process without a qualified user: android.app.ContextImpl.startActivity:686 android.content.ContextWrapper.startActivity:331 com.meizu.power.g.b.a:357 com.meizu.power.g.b.i:291 com.meizu.power.g.b.c:55 
06-24 14:38:38.316845  8595  8618 W ContextImpl: Calling a method in the system process without a qualified user: android.app.ContextImpl.startActivity:698 android.app.ContextImpl.startActivity:687 android.content.ContextWrapper.startActivity:331 com.meizu.power.g.b.a:357 com.meizu.power.g.b.i:291 
06-24 14:38:38.320370  1033  1621 I ActivityManager: START u0 {act=act.intercept.MODE flg=0x10000000 (has extras)} from uid 1000 from pid 8595 on display 0 from pid 8595
06-24 14:38:38.321345  1033  1078 D DisplayPowerState: Requesting new screen state: state=ON, backlight=0
06-24 14:38:38.321425  1033  1078 D DisplayPowerState: Screen not ready
06-24 14:38:38.321547  1033  1280 D DisplayPowerState: Updating screen state: state=ON, backlight=0, backlightChanged=false
06-24 14:38:38.321973  1033  1280 D DisplayManagerService: Update global display state for DisplayDeviceInfo{"": uniqueId="local:0", 1080 x 1920, modeId 1, defaultModeId 1, supportedModes [{id=1, width=1080, height=1920, fps=59.610004}], density 480, 480.0 x 480.0 dpi, appVsyncOff 8300000, presDeadline 9475708, touch INTERNAL, rotation 0, type BUILT_IN, state OFF, FLAG_DEFAULT_DISPLAY, FLAG_ROTATES_WITH_CONTENT, FLAG_SECURE, FLAG_SUPPORTS_PROTECTED_BUFFERS}
06-24 14:38:38.322189  1033  1280 D LocalDisplayAdapter: setDisplayState(id=0, state=ON)
06-24 14:38:38.322399  1033  1075 I DisplayManagerService: Display device changed state: "", ON
06-24 14:38:38.322526  1033  1075 D DisplayManagerService: Delivering display event: displayId=0, event=2
06-24 14:38:38.359742  1033  1078 D DisplayPowerState: setScreenBrightness: brightness=8
06-24 14:38:38.359890  1033  1075 V WindowAnimator: Force hide KEYGUARD_SHOWN hasSurface=true policyVis=true destroying=false attHidden=false vis=0 hidden=false anim=null
06-24 14:38:38.359927  1033  1078 D DisplayPowerState: Screen not ready
06-24 14:38:38.384866  1033  1078 D DisplayPowerState: setScreenBrightness: brightness=13
06-24 14:38:38.385044  1033  1078 D DisplayPowerState: Screen not ready
06-24 14:38:38.385361  1033  1075 V WindowAnimator: Force hide KEYGUARD_SHOWN hasSurface=true policyVis=true destroying=false attHidden=false vis=0 hidden=false anim=null
06-24 14:38:38.396332  1033  1033 D AlarmManager: manual remove option = PendingIntent{a5b8b52: PendingIntentRecord{d97e23 android broadcastIntent}}
06-24 14:38:38.396490  1033  1033 D AlarmManager: remove:PendingIntent{a5b8b52: PendingIntentRecord{d97e23 android broadcastIntent}}
06-24 14:38:38.396586  1033  1033 D AlarmManager: remove(operation) changed bounds; rebatching operation = PendingIntent{a5b8b52: PendingIntentRecord{d97e23 android broadcastIntent}}
06-24 14:38:38.396650  1033  1033 D AlarmManager: rebatchAllAlarmsLocked begin oldBatches count = 28
06-24 14:38:38.397804  1033  1033 D AlarmManager:  alarm = Alarm{46a09cb type 2 when 14:39:36 start 14:39:36 end 14:39:36 com.tencent.news} add to Batch{e490afa num=1 mzstart=91496934 start=91496934 end=91631934}
06-24 14:38:38.399581  1033  1033 D AlarmManager:  alarm = Alarm{22ca645 type 2 when 14:37:25 start 14:37:25 end 14:44:55 com.tencent.mm} add to Batch{e490afa num=2 mzstart=91593879 start=91545406 end=91593879 flgs=0x1}
06-24 14:38:38.402301  1033  1033 D AlarmManager:  alarm = Alarm{fdd8957 type 2 when 14:37:25 start 14:37:25 end 14:44:55 com.tencent.mm} add to Batch{e490afa num=3 mzstart=91593879 start=91528332 end=91593879 flgs=0x1}
06-24 14:38:38.403736  1033  1033 D AlarmManager:  alarm = Alarm{a03335b type 0 when 14:41:01 start 14:41:01 end 14:41:01 com.wumii.android.mimi} add to Batch{dce08ab num=1 mzstart=91618242 start=91618242 end=91820741}
06-24 14:38:38.405254  1033  1033 D AlarmManager:  alarm = Alarm{69ffb08 type 3 when 14:38:46 start 14:38:46 end 14:42:31 com.tencent.mm} add to Batch{ca82a1 num=1 mzstart=91557742 start=91557742 end=91557742 flgs=0x1}
06-24 14:38:38.406783  1033  1033 D AlarmManager:  alarm = Alarm{44ae6fd type 3 when 14:39:07 start 14:39:07 end 14:40:37 android} add to Batch{38cdcc6 num=1 mzstart=91565180 start=91565180 end=91655180 flgs=0x8}
06-24 14:38:38.409258  1033  1033 D AlarmManager:  alarm = Alarm{af39ff2 type 0 when 14:42:21 start 14:42:21 end 14:42:21 com.jingdong.app.mall} add to Batch{5628487 num=1 mzstart=91696693 start=91696693 end=91899192}
06-24 14:38:38.412533  1033  1033 D AlarmManager:  alarm = Alarm{4f7691c type 0 when 14:42:49 start 14:42:49 end 14:46:34 com.wumii.android.mimi} add to Batch{6bdbfb4 num=1 mzstart=91997743 start=91997743 end=91997743 flgs=0x9}
06-24 14:38:38.414717  1033  1033 D AlarmManager:  alarm = Alarm{6d55415 type 0 when 14:44:15 start 14:44:15 end 14:55:30 com.tencent.mm} add to Batch{6bdbfb4 num=2 mzstart=91997743 start=91997743 end=91997743 flgs=0x9}
06-24 14:38:38.417848  1033  1033 D AlarmManager:  alarm = Alarm{a145221 type 0 when 14:47:51 start 14:47:51 end 14:47:51 com.alibaba.android.rimet} add to Batch{86ba7dd num=1 mzstart=92089159 start=92089159 end=92989159}
06-24 14:38:38.419376  1033  1033 D AlarmManager:  alarm = Alarm{5c95e32 type 3 when 14:52:33 start 14:52:33 end 14:52:33 com.jingdong.app.mall} add to Batch{4e9ff52 num=1 mzstart=91822832 start=91822832 end=93172832 flgs=0x8}
06-24 14:38:38.420953  1033  1033 D AlarmManager:  alarm = Alarm{ec319a7 type 2 when 15:00:45 start 15:00:45 end 15:23:15 com.youku.phone} add to Batch{ed8e223 num=1 mzstart=92713526 start=92713526 end=94588526}
06-24 14:38:38.421033  1033  1078 D DisplayPowerState: setScreenBrightness: brightness=19
06-24 14:38:38.421209  1033  1078 D DisplayPowerState: Screen not ready
06-24 14:38:38.422431  1033  1033 D AlarmManager:  alarm = Alarm{5ed7c2a type 2 when 15:13:38 start 15:13:38 end 16:43:38 com.eg.android.AlipayGphone} add to Batch{ed8e223 num=2 mzstart=92863252 start=93463389 end=94213252}
06-24 14:38:38.424086  1033  1033 D AlarmManager:  alarm = Alarm{df174e4 type 0 when 13:14:07 start 13:13:39 end 07:13:39 com.meizu.mpay} add to Batch{ed8e223 num=3 mzstart=93636376 start=93463389 end=94213252}
06-24 14:38:38.425779  1033  1033 D AlarmManager:  alarm = Alarm{93acecb type 1 when 15:27:23 start 15:27:23 end 16:12:23 com.eg.android.AlipayGphone} add to Batch{1512320 num=1 mzstart=93656808 start=93656808 end=95456808 flgs=0x8}
06-24 14:38:38.427999  1033  1033 D AlarmManager:  alarm = Alarm{40be7e8 type 2 when 18:27:48 start 18:27:48 end 18:27:48 android} add to Batch{2ffe4d9 num=1 mzstart=97225002 start=97225002 end=105325002 flgs=0x8}
06-24 14:38:38.429725  1033  1033 D AlarmManager:  alarm = Alarm{c405c86 type 1 when 19:40:44 start 19:40:44 end 19:40:44 android} add to Batch{784be9e num=1 mzstart=99571722 start=99578609 end=121171704 flgs=0x8}
06-24 14:38:38.431557  1033  1033 D AlarmManager:  alarm = Alarm{5f9edd4 type 0 when 20:30:00 start 20:29:59 end 20:30:00 com.android.alarmclock} add to Batch{1cd7d7f num=1 mzstart=112617742 start=112617742 end=112617742 flgs=0x3}
06-24 14:38:38.433136  1033  1033 D AlarmManager:  alarm = Alarm{1e5fa9d type 1 when 00:00:00 start 00:00:00 end 07:11:54 com.meizu.flyme.launcher} add to Batch{ff5514c num=1 mzstart=110915318 start=110922556 end=143315285}
06-24 14:38:38.433167  1033  1071 I WindowManager: Waiting for drawn Window{96363cf u0 StatusBar}: removed=false visible=true mHasSurface=true drawState=1
06-24 14:38:38.434811  1033  1033 D AlarmManager:  alarm = Alarm{7a9bc57 type 0 when 22:59:59 start 23:00:00 end 22:59:59 android} add to Batch{700f595 num=1 mzstart=116726394 start=116727467 end=137943600}
06-24 14:38:38.436243  1033  1033 D AlarmManager:  alarm = Alarm{816c900 type 1 when 00:00:00 start 23:59:33 end 17:42:18 com.meizu.flyme.input} add to Batch{ff5514c num=2 mzstart=125217742 start=127118920 end=143315285}
06-24 14:38:38.437887  1033  1033 D AlarmManager:  alarm = Alarm{66dd8ae type 3 when 11:50:09 start 11:50:09 end 11:50:09 com.vlife.mxlock.wallpaper} add to Batch{c7a26aa num=1 mzstart=167827547 start=167827547 end=167827547 flgs=0x1}
06-24 14:38:38.439345  1033  1033 D AlarmManager:  alarm = Alarm{1332409 type 3 when 11:50:09 start 11:50:09 end 11:50:09 com.vlife.mxlock.wallpaper} add to Batch{c7a26aa num=2 mzstart=167827547 start=167827547 end=167827547 flgs=0x1}
06-24 14:38:38.440728  1033  1033 D AlarmManager:  alarm = Alarm{796418 type 1 when 08:01:45 start 08:01:38 end 02:01:38 com.meizu.experiencedatasync} add to Batch{c7a26aa num=3 mzstart=167827561 start=167827547 end=167827547 flgs=0x1}
06-24 14:38:38.442109  1033  1033 D AlarmManager:  alarm = Alarm{d72f7ea type 0 when 13:46:59 start 13:46:58 end 07:46:58 com.supercell.clashofclans.baidu} add to Batch{946729b num=1 mzstart=546388908 start=546388908 end=956155413 flgs=0x8}
06-24 14:38:38.443634  1033  1033 D AlarmManager:  alarm = Alarm{49f4851 type 0 when 13:46:59 start 13:46:58 end 01:46:58 com.supercell.clashofclans.baidu} add to Batch{8cc3638 num=1 mzstart=848026393 start=848027466 end=1417718601}
06-24 14:38:38.445174  1033  1033 D AlarmManager:  alarm = Alarm{cc77dcf type 0 when 20:23:00 start 20:22:33 end 20:22:33 com.jingdong.app.mall} add to Batch{8cc3638 num=2 mzstart=1298036399 start=1132873033 end=1417718601}
06-24 14:38:38.445860  1033  1033 D AlarmManager: set alarm to RTC 2-91528332-14:38:30
06-24 14:38:38.446676  1033  1075 I WindowManager: Waiting for drawn Window{96363cf u0 StatusBar}: removed=false visible=true mHasSurface=true drawState=1
06-24 14:38:38.453239  1033  1033 D WifiService: onReceive, action:android.intent.action.SCREEN_ON
06-24 14:38:38.454349  1033  1246 D WifiController: DeviceActiveState{ when=-1ms what=155650 target=com.android.internal.util.StateMachine$SmHandler }
06-24 14:38:38.454462  1033  1246 D WifiController: StaEnabledState{ when=-1ms what=155650 target=com.android.internal.util.StateMachine$SmHandler }
06-24 14:38:38.454502  1033  1246 D WifiController: DefaultState{ when=-1ms what=155650 target=com.android.internal.util.StateMachine$SmHandler }
06-24 14:38:38.454583  1033  1246 D AlarmManager: manual remove option = PendingIntent{b17e0d9: PendingIntentRecord{830a9e android broadcastIntent}}
06-24 14:38:38.456425  1033  2106 W PackageManager: checkUidPermission(): android.permission.READ_PRIVILEGED_PHONE_STATE of 10017 is denied.
06-24 14:38:38.464282  1033  1075 V WindowAnimator: Force hide KEYGUARD_NOT_SHOWN hasSurface=true policyVis=true destroying=false attHidden=false vis=0 hidden=false anim=null
06-24 14:38:38.464706  1033  1078 D DisplayPowerState: setScreenBrightness: brightness=29
06-24 14:38:38.464893  1033  1078 D DisplayPowerState: Screen not ready
06-24 14:38:38.466169  1033  1358 V SettingsProvider: packageValueForCallResult, name = mobile_data1, value : 1
06-24 14:38:38.481437  1033  1078 D DisplayPowerState: setScreenBrightness: brightness=32
06-24 14:38:38.481631  1033  1078 D DisplayPowerState: Screen not ready
06-24 14:38:38.498050  1033  1078 D DisplayPowerState: setScreenBrightness: brightness=35
06-24 14:38:38.498217  1033  1078 D DisplayPowerState: Screen not ready
06-24 14:38:38.514797  1033  1078 D DisplayPowerState: setScreenBrightness: brightness=39
06-24 14:38:38.514943  1033  1078 D DisplayPowerState: Screen not ready
06-24 14:38:38.531921  1033  1078 D DisplayPowerState: setScreenBrightness: brightness=41
06-24 14:38:38.532016  1033  1078 D DisplayPowerState: Screen not ready
06-24 14:38:38.633144  1033  1033 D ConnectivityService: getActiveNetworkInfo networkInfo = [type: WIFI[], state: CONNECTED/CONNECTED, reason: (unspecified), extra: "MZ-MEIZU-2.4G", roaming: false, failover: false, isAvailable: true]
06-24 14:38:38.634034  1033  1033 D LocationManagerService: NetworkStateReceiver intent=Intent { act=android.intent.action.SERVICE_STATE flg=0x10 (has extras) }
06-24 14:38:38.634186  1033  1033 D LocationManagerService: ACTION_SERVICE_STATE_CHANGED state = 0
06-24 14:38:38.634603  1033  1033 D LocationManagerService: doTelephonyServiceStateChanged intent=Intent { act=android.intent.action.SERVICE_STATE flg=0x10 (has extras) } operatornumber=,46000 mcc=460
06-24 14:38:38.634892  1033  1033 D ConnectivityService: getActiveNetworkInfo networkInfo = [type: WIFI[], state: CONNECTED/CONNECTED, reason: (unspecified), extra: "MZ-MEIZU-2.4G", roaming: false, failover: false, isAvailable: true]
06-24 14:38:38.635756  1033  1926 D ConnectivityService: getActiveNetworkInfo networkInfo = [type: WIFI[], state: CONNECTED/CONNECTED, reason: (unspecified), extra: "MZ-MEIZU-2.4G", roaming: false, failover: false, isAvailable: true]
06-24 14:38:38.638820  1033  1358 D ConnectivityService: getActiveNetworkInfo networkInfo = [type: WIFI[], state: CONNECTED/CONNECTED, reason: (unspecified), extra: "MZ-MEIZU-2.4G", roaming: false, failover: false, isAvailable: true]
06-24 14:38:38.639206  1033  1358 D ConnectivityService: getActiveNetworkInfo networkInfo = [type: WIFI[], state: CONNECTED/CONNECTED, reason: (unspecified), extra: "MZ-MEIZU-2.4G", roaming: false, failover: false, isAvailable: true]
06-24 14:38:38.639533  1033  1356 D ConnectivityService: getActiveNetworkInfo networkInfo = [type: WIFI[], state: CONNECTED/CONNECTED, reason: (unspecified), extra: "MZ-MEIZU-2.4G", roaming: false, failover: false, isAvailable: true]
06-24 14:38:38.641356  1033  1621 D ConnectivityService: getActiveNetworkInfo networkInfo = [type: WIFI[], state: CONNECTED/CONNECTED, reason: (unspecified), extra: "MZ-MEIZU-2.4G", roaming: false, failover: false, isAvailable: true]
06-24 14:38:38.643232  1033  2079 D ConnectivityService: getActiveNetworkInfo networkInfo = [type: WIFI[], state: CONNECTED/CONNECTED, reason: (unspecified), extra: "MZ-MEIZU-2.4G", roaming: false, failover: false, isAvailable: true]
06-24 14:38:38.644670  1033  1230 V AlarmManager: Checking for alarms... rtc=1466750318644, elapsed=91536386
06-24 14:38:38.650616  1033  1069 V CountryDetector:     phonetype=1
06-24 14:38:38.650704  1033  1069 D CountryDetector: onServiceStateChanged: 0
06-24 14:38:38.651324  1033  1230 D AlarmManager:  alarm = Alarm{396b649 type 2 when 14:40:59 start 14:40:59 end 14:43:14 com.youku.phone} add to Batch{5628487 num=2 mzstart=91759130 start=91727911 end=91759130 flgs=0x1}
06-24 14:38:38.651943  1033  1230 D AlarmManager: set alarm to RTC 2-91639188-14:40:21
06-24 14:38:38.652447  1033  1230 D AlarmManager: set alarm to RTC 3-91551224-14:38:53
06-24 14:38:38.652639  1033  1230 V AlarmManager: socktUnblockingTimeElapsed(ms): 187541 < mMinimumPeriod_BlockSocket: 300000
06-24 14:38:38.654866  1033  1230 V AlarmManager: sending alarm Alarm{22ca645 type 2 when 14:37:25 start 14:37:25 end 14:44:55 com.tencent.mm}openLteGateSuccess = false
06-24 14:38:38.655931  1033  1230 D AlarmManager: wakeup alarm = Alarm{22ca645 type 2 when 14:37:25 start 14:37:25 end 14:44:55 com.tencent.mm}; package = com.tencent.mmneedGrouping = true
06-24 14:38:38.658935  1033  1230 V AlarmManager: sending alarm Alarm{22ca645 type 2 when 14:37:25 start 14:37:25 end 14:44:55 com.tencent.mm} success
06-24 14:38:38.660729  1033  1069 V CountryDetector:     phonetype=1
06-24 14:38:38.661533  1033  1230 V AlarmManager: sending alarm Alarm{fdd8957 type 2 when 14:37:25 start 14:37:25 end 14:44:55 com.tencent.mm}openLteGateSuccess = false
06-24 14:38:38.663430  1033  1230 D AlarmManager: wakeup alarm = Alarm{fdd8957 type 2 when 14:37:25 start 14:37:25 end 14:44:55 com.tencent.mm}; package = com.tencent.mmneedGrouping = true
06-24 14:38:38.666003  1033  1230 V AlarmManager: sending alarm Alarm{fdd8957 type 2 when 14:37:25 start 14:37:25 end 14:44:55 com.tencent.mm} success
06-24 14:38:38.667177  1033  1230 V AlarmManager: sending alarm Alarm{b641f29 type 2 when 14:37:59 start 14:37:59 end 14:40:14 com.youku.phone}openLteGateSuccess = false
06-24 14:38:38.668118  1033  1230 D AlarmManager: wakeup alarm = Alarm{b641f29 type 2 when 14:37:59 start 14:37:59 end 14:40:14 com.youku.phone}; package = com.youku.phoneneedGrouping = true
06-24 14:38:38.673443  1033  1230 V AlarmManager: sending alarm Alarm{b641f29 type 2 when 14:37:59 start 14:37:59 end 14:40:14 com.youku.phone} success
06-24 14:38:38.675303  1033  1230 V AlarmManager: sending alarm Alarm{46a09cb type 2 when 14:39:36 start 14:39:36 end 14:39:36 com.tencent.news}openLteGateSuccess = false
06-24 14:38:38.677087  1033  1230 D AlarmManager: wakeup alarm = Alarm{46a09cb type 2 when 14:39:36 start 14:39:36 end 14:39:36 com.tencent.news}; package = com.tencent.newsneedGrouping = true
06-24 14:38:38.682062  1033  1230 V AlarmManager: sending alarm Alarm{46a09cb type 2 when 14:39:36 start 14:39:36 end 14:39:36 com.tencent.news} success
06-24 14:38:38.683107  1033  1069 D CountryDetector: startLocationBasedDetection=true detectCountry=(source: 0, countryISO: CN) isAirplaneModeOff()=true mListener=com.android.server.CountryDetectorService$1@3e319e3 isGeoCoderImplemnted()=true
06-24 14:38:38.683174  1033  1069 D CountryDetector: tries to stop LocationBasedDetector (current detector: null)
06-24 14:38:38.687762  1033  1621 W PackageManager: checkUidPermission(): android.permission.READ_PRIVILEGED_PHONE_STATE of 10008 is denied.
06-24 14:38:38.694261  1033  1059 W PackageManager: checkUidPermission(): android.permission.READ_PRIVILEGED_PHONE_STATE of 10008 is denied.
06-24 14:38:38.704688  1033  1944 W PackageManager: checkUidPermission(): android.permission.READ_PRIVILEGED_PHONE_STATE of 10008 is denied.
06-24 14:38:38.708337  1033  2071 W PackageManager: checkUidPermission(): android.permission.READ_PRIVILEGED_PHONE_STATE of 10008 is denied.
06-24 14:38:38.710881  1033  2079 W PackageManager: checkUidPermission(): android.permission.INTERACT_ACROSS_USERS_FULL of 10098 is denied.
06-24 14:38:38.712442  1033  1926 W PackageManager: checkUidPermission(): android.permission.READ_PRIVILEGED_PHONE_STATE of 10008 is denied.
06-24 14:38:38.722234  1033  1358 D ConnectivityService: getActiveNetworkInfo networkInfo = [type: WIFI[], state: CONNECTED/CONNECTED, reason: (unspecified), extra: "MZ-MEIZU-2.4G", roaming: false, failover: false, isAvailable: true]
06-24 14:38:38.735422  1033  1356 D ConnectivityService: getActiveNetworkInfo networkInfo = [type: WIFI[], state: CONNECTED/CONNECTED, reason: (unspecified), extra: "MZ-MEIZU-2.4G", roaming: false, failover: false, isAvailable: true]
06-24 14:38:38.737650  1033  2055 D AlarmManager: manual remove option = PendingIntent{dd59d68: PendingIntentRecord{78fd043 com.tencent.news broadcastIntent}}
06-24 14:38:38.739741  1033  2064 V AlarmManager: APP set(PendingIntent{59e581: PendingIntentRecord{78fd043 com.tencent.news broadcastIntent}}) : type=2 triggerAtTime=91776480 win=0 tElapsed=91776480 maxElapsed=91776480 interval=0 flags=0x1
06-24 14:38:38.754513  1033  1033 D ConnectivityService: getActiveNetworkInfo networkInfo = [type: WIFI[], state: CONNECTED/CONNECTED, reason: (unspecified), extra: "MZ-MEIZU-2.4G", roaming: false, failover: false, isAvailable: true]
06-24 14:38:38.754621  1033  1033 D LocationManagerService: NetworkStateReceiver intent=Intent { act=android.intent.action.SERVICE_STATE flg=0x10 (has extras) }
06-24 14:38:38.754697  1033  1033 D LocationManagerService: ACTION_SERVICE_STATE_CHANGED state = 0
06-24 14:38:38.755047  1033  1033 D LocationManagerService: doTelephonyServiceStateChanged intent=Intent { act=android.intent.action.SERVICE_STATE flg=0x10 (has extras) } operatornumber=,46000 mcc=460
06-24 14:38:38.755297  1033  1033 D ConnectivityService: getActiveNetworkInfo networkInfo = [type: WIFI[], state: CONNECTED/CONNECTED, reason: (unspecified), extra: "MZ-MEIZU-2.4G", roaming: false, failover: false, isAvailable: true]
06-24 14:38:38.756181  1033  1058 D ConnectivityService: getActiveNetworkInfo networkInfo = [type: WIFI[], state: CONNECTED/CONNECTED, reason: (unspecified), extra: "MZ-MEIZU-2.4G", roaming: false, failover: false, isAvailable: true]
06-24 14:38:38.757358  1033  1621 D ConnectivityService: getActiveNetworkInfo networkInfo = [type: WIFI[], state: CONNECTED/CONNECTED, reason: (unspecified), extra: "MZ-MEIZU-2.4G", roaming: false, failover: false, isAvailable: true]
06-24 14:38:38.757868  1033  1058 D ConnectivityService: getActiveNetworkInfo networkInfo = [type: WIFI[], state: CONNECTED/CONNECTED, reason: (unspecified), extra: "MZ-MEIZU-2.4G", roaming: false, failover: false, isAvailable: true]
06-24 14:38:38.760282  1033  2073 D ConnectivityService: getActiveNetworkInfo networkInfo = [type: WIFI[], state: CONNECTED/CONNECTED, reason: (unspecified), extra: "MZ-MEIZU-2.4G", roaming: false, failover: false, isAvailable: true]
06-24 14:38:38.760383  1033  2079 D ConnectivityService: getActiveNetworkInfo networkInfo = [type: WIFI[], state: CONNECTED/CONNECTED, reason: (unspecified), extra: "MZ-MEIZU-2.4G", roaming: false, failover: false, isAvailable: true]
06-24 14:38:38.763611  1033  1356 D ConnectivityService: getActiveNetworkInfo networkInfo = [type: WIFI[], state: CONNECTED/CONNECTED, reason: (unspecified), extra: "MZ-MEIZU-2.4G", roaming: false, failover: false, isAvailable: true]
06-24 14:38:38.771351  1033  1069 V CountryDetector:     phonetype=1
06-24 14:38:38.771487  1033  1069 D CountryDetector: onServiceStateChanged: 0
06-24 14:38:38.775635  1033  1069 V CountryDetector:     phonetype=1
06-24 14:38:38.783030  1033  1069 D CountryDetector: startLocationBasedDetection=true detectCountry=(source: 0, countryISO: CN) isAirplaneModeOff()=true mListener=com.android.server.CountryDetectorService$1@3e319e3 isGeoCoderImplemnted()=true
06-24 14:38:38.783077  1033  1069 D CountryDetector: tries to stop LocationBasedDetector (current detector: null)
06-24 14:38:38.785132  1033  1926 D ConnectivityService: getActiveNetworkInfo networkInfo = [type: WIFI[], state: CONNECTED/CONNECTED, reason: (unspecified), extra: "MZ-MEIZU-2.4G", roaming: false, failover: false, isAvailable: true]
06-24 14:38:38.831039  1033  1078 D DisplayPowerState: Screen ready
06-24 14:38:38.831466  1033  2055 W PackageManager: checkUidPermission(): android.permission.READ_PRIVILEGED_PHONE_STATE of 10017 is denied.
06-24 14:38:38.832148  1033  2106 D ConnectivityService: getActiveNetworkInfo networkInfo = [type: WIFI[], state: CONNECTED/CONNECTED, reason: (unspecified), extra: "MZ-MEIZU-2.4G", roaming: false, failover: false, isAvailable: true]
06-24 14:38:38.839725  1033  1058 W PackageManager: checkUidPermission(): android.permission.READ_PRIVILEGED_PHONE_STATE of 10017 is denied.
06-24 14:38:38.840374  1033  2064 W PackageManager: checkUidPermission(): android.permission.READ_PRIVILEGED_PHONE_STATE of 10008 is denied.
06-24 14:38:38.848176  1033  1621 W PackageManager: checkUidPermission(): android.permission.READ_PRIVILEGED_PHONE_STATE of 10017 is denied.
06-24 14:38:38.855203  1033  1242 V NetworkStats: setKernelCounterSet uid=10004 set=1
06-24 14:38:38.855654  1033  1242 V NetworkStats: setKernelCounterSet uid=10017 set=1
06-24 14:38:38.855855  1033  1242 V NetworkStats: setKernelCounterSet uid=10059 set=1
06-24 14:38:38.856001  1033  1242 V NetworkStats: setKernelCounterSet uid=10064 set=1
06-24 14:38:38.856492  1033  2073 W PackageManager: checkUidPermission(): android.permission.READ_PRIVILEGED_PHONE_STATE of 10017 is denied.
06-24 14:38:38.873529  1033  2106 W PackageManager: checkUidPermission(): android.permission.READ_PRIVILEGED_PHONE_STATE of 10008 is denied.
06-24 14:38:38.874839  1033  1944 D ConnectivityService: getActiveNetworkInfo networkInfo = [type: WIFI[], state: CONNECTED/CONNECTED, reason: (unspecified), extra: "MZ-MEIZU-2.4G", roaming: false, failover: false, isAvailable: true]
06-24 14:38:38.879338  1033  2071 W PackageManager: checkUidPermission(): android.permission.INTERACT_ACROSS_USERS_FULL of 10008 is denied.
06-24 14:38:38.879448  1033  2071 W PackageManager: checkUidPermission(): android.permission.REAL_GET_TASKS of 10008 is denied.
06-24 14:38:38.879494  1033  2071 W PackageManager: checkUidPermission(): android.permission.GET_TASKS of 10008 is denied.
06-24 14:38:38.891582  1033  2064 D ConnectivityService: getActiveNetworkInfo networkInfo = [type: WIFI[], state: CONNECTED/CONNECTED, reason: (unspecified), extra: "MZ-MEIZU-2.4G", roaming: false, failover: false, isAvailable: true]
06-24 14:38:38.908603  1033  2073 W PackageManager: checkUidPermission(): android.permission.REAL_GET_TASKS of 10098 is denied.
06-24 14:38:38.922259  1033  1926 W PackageManager: checkUidPermission(): android.permission.INTERACT_ACROSS_USERS_FULL of 10008 is denied.
06-24 14:38:38.922351  1033  1926 W PackageManager: checkUidPermission(): android.permission.REAL_GET_TASKS of 10008 is denied.
06-24 14:38:38.922388  1033  1926 W PackageManager: checkUidPermission(): android.permission.GET_TASKS of 10008 is denied.
06-24 14:38:38.938501  1033  1075 I WindowManager: Waiting for drawn Window{96363cf u0 StatusBar}: removed=false visible=true mHasSurface=true drawState=4
06-24 14:38:38.938570  1033  1075 D WindowManager: Window drawn win=Window{96363cf u0 StatusBar}
06-24 14:38:38.938601  1033  1075 D WindowManager: All windows drawn!
06-24 14:38:38.938668  1033  2094 W PackageManager: checkUidPermission(): android.permission.READ_PRIVILEGED_PHONE_STATE of 10017 is denied.
06-24 14:38:38.943553  1033  1075 V WindowAnimator: Force hide KEYGUARD_SHOWN hasSurface=true policyVis=true destroying=false attHidden=false vis=0 hidden=false anim=null
06-24 14:38:38.947998  1033  2023 W PackageManager: checkUidPermission(): android.permission.READ_PRIVILEGED_PHONE_STATE of 10017 is denied.
06-24 14:38:38.948532  1033  1078 I DisplayPowerController: Unblocked screen on after 665 ms
06-24 14:38:38.948973  1033  1078 D DisplayPowerState: setColorFadeLevel: level=1.0
06-24 14:38:38.949130  1033  1078 D ColorFade: dismiss
06-24 14:38:38.959471  1033  1075 V WindowAnimator: Force hide KEYGUARD_SHOWN hasSurface=true policyVis=true destroying=false attHidden=false vis=0 hidden=false anim=null
06-24 14:38:38.959953  1033  1078 D DisplayPowerState: Requesting new screen state: state=ON, backlight=41
06-24 14:38:38.960034  1033  1078 D DisplayPowerState: Screen not ready
06-24 14:38:38.960115  1033  1280 D DisplayPowerState: Updating screen state: state=ON, backlight=41, backlightChanged=true
06-24 14:38:38.960370  1033  1280 D DisplayManagerService: Update global display state for DisplayDeviceInfo{"": uniqueId="local:0", 1080 x 1920, modeId 1, defaultModeId 1, supportedModes [{id=1, width=1080, height=1920, fps=59.610004}], density 480, 480.0 x 480.0 dpi, appVsyncOff 8300000, presDeadline 9475708, touch INTERNAL, rotation 0, type BUILT_IN, state ON, FLAG_DEFAULT_DISPLAY, FLAG_ROTATES_WITH_CONTENT, FLAG_SECURE, FLAG_SUPPORTS_PROTECTED_BUFFERS}
06-24 14:38:38.960466  1033  1280 D LocalDisplayAdapter: setDisplayBrightness(id=0, brightness=41)
06-24 14:38:38.961062  1033  1078 D DisplayPowerState: Screen ready
06-24 14:38:38.963947  1033  1078 D ColorFade: dismiss
06-24 14:38:38.989648  1033  1944 D CSLegacyTypeTracker: getNetworkForType type 0
06-24 14:38:38.989875  1033  1944 D CSLegacyTypeTracker: getNetworkForType type 1
06-24 14:38:38.990096  1033  1944 D CSLegacyTypeTracker: getNetworkForType type 2
06-24 14:38:38.990186  1033  1944 D CSLegacyTypeTracker: getNetworkForType type 3
06-24 14:38:38.990255  1033  1944 D CSLegacyTypeTracker: getNetworkForType type 4
06-24 14:38:38.990314  1033  1944 D CSLegacyTypeTracker: getNetworkForType type 5
06-24 14:38:38.990433  1033  1944 D CSLegacyTypeTracker: getNetworkForType type 7
06-24 14:38:38.990507  1033  1944 D CSLegacyTypeTracker: getNetworkForType type 10
06-24 14:38:38.990568  1033  1944 D CSLegacyTypeTracker: getNetworkForType type 11
06-24 14:38:38.990631  1033  1944 D CSLegacyTypeTracker: getNetworkForType type 12
06-24 14:38:38.990709  1033  1944 D CSLegacyTypeTracker: getNetworkForType type 14
06-24 14:38:38.990766  1033  1944 D CSLegacyTypeTracker: getNetworkForType type 15
06-24 14:38:38.990925  1033  1944 D CSLegacyTypeTracker: getNetworkForType type 17
06-24 14:38:38.991083  1033  1944 D CSLegacyTypeTracker: getNetworkForType type 34
06-24 14:38:38.991130  1033  1944 D CSLegacyTypeTracker: getNetworkForType type 35
06-24 14:38:38.991172  1033  1944 D CSLegacyTypeTracker: getNetworkForType type 36
06-24 14:38:38.991215  1033  1944 D CSLegacyTypeTracker: getNetworkForType type 37
06-24 14:38:38.991258  1033  1944 D CSLegacyTypeTracker: getNetworkForType type 38
06-24 14:38:38.991340  1033  1944 D CSLegacyTypeTracker: getNetworkForType type 40
06-24 14:38:38.991387  1033  1944 D CSLegacyTypeTracker: getNetworkForType type 41
06-24 14:38:38.991472  1033  1944 D CSLegacyTypeTracker: getNetworkForType type 49
06-24 14:38:38.994858  1033  1059 D CSLegacyTypeTracker: getNetworkForType type 0
06-24 14:38:38.995031  1033  1059 D CSLegacyTypeTracker: getNetworkForType type 1
06-24 14:38:38.995167  1033  1059 D CSLegacyTypeTracker: getNetworkForType type 2
06-24 14:38:38.995246  1033  1059 D CSLegacyTypeTracker: getNetworkForType type 3
06-24 14:38:38.995303  1033  1059 D CSLegacyTypeTracker: getNetworkForType type 4
06-24 14:38:38.995346  1033  1059 D CSLegacyTypeTracker: getNetworkForType type 5
06-24 14:38:38.995469  1033  1059 D CSLegacyTypeTracker: getNetworkForType type 7
06-24 14:38:38.995593  1033  1059 D CSLegacyTypeTracker: getNetworkForType type 10
06-24 14:38:38.995641  1033  1059 D CSLegacyTypeTracker: getNetworkForType type 11
06-24 14:38:38.995685  1033  1059 D CSLegacyTypeTracker: getNetworkForType type 12
06-24 14:38:38.995737  1033  1059 D CSLegacyTypeTracker: getNetworkForType type 14
06-24 14:38:38.995782  1033  1059 D CSLegacyTypeTracker: getNetworkForType type 15
06-24 14:38:38.995833  1033  1059 D CSLegacyTypeTracker: getNetworkForType type 17
06-24 14:38:38.995973  1033  1059 D CSLegacyTypeTracker: getNetworkForType type 34
06-24 14:38:38.996039  1033  1059 D CSLegacyTypeTracker: getNetworkForType type 35
06-24 14:38:38.996086  1033  1059 D CSLegacyTypeTracker: getNetworkForType type 36
06-24 14:38:38.996133  1033  1059 D CSLegacyTypeTracker: getNetworkForType type 37
06-24 14:38:38.996175  1033  1059 D CSLegacyTypeTracker: getNetworkForType type 38
06-24 14:38:38.996222  1033  1059 D CSLegacyTypeTracker: getNetworkForType type 40
06-24 14:38:38.996263  1033  1059 D CSLegacyTypeTracker: getNetworkForType type 41
06-24 14:38:38.996350  1033  1059 D CSLegacyTypeTracker: getNetworkForType type 49
06-24 14:38:39.003637  1033  1358 W PackageManager: checkUidPermission(): android.permission.READ_PRIVILEGED_PHONE_STATE of 10008 is denied.
06-24 14:38:39.008123  1033  2079 W PackageManager: checkUidPermission(): android.permission.READ_PRIVILEGED_PHONE_STATE of 10008 is denied.
06-24 14:38:39.015119  1033  2023 W PackageManager: checkUidPermission(): android.permission.READ_PRIVILEGED_PHONE_STATE of 10008 is denied.
06-24 14:38:39.017558  1033  1356 W PackageManager: checkUidPermission(): android.permission.READ_PRIVILEGED_PHONE_STATE of 10008 is denied.
06-24 14:38:39.021839  1033  1058 W PackageManager: checkUidPermission(): android.permission.READ_PRIVILEGED_PHONE_STATE of 10008 is denied.
06-24 14:38:39.031895  1033  2106 W PackageManager: checkUidPermission(): android.permission.REAL_GET_TASKS of 10096 is denied.
06-24 14:38:39.037404  1033  2094 W PackageManager: checkUidPermission(): android.permission.REAL_GET_TASKS of 10096 is denied.
06-24 14:38:39.039834  1033  1621 W PackageManager: checkUidPermission(): android.permission.READ_PRIVILEGED_PHONE_STATE of 10008 is denied.
06-24 14:38:39.054887  1033  1926 W PackageManager: checkUidPermission(): android.permission.REAL_GET_TASKS of 10096 is denied.
06-24 14:38:39.056573  1033  2079 W PackageManager: checkUidPermission(): android.permission.READ_PRIVILEGED_PHONE_STATE of 10008 is denied.
06-24 14:38:39.062385  1033  2094 W PackageManager: checkUidPermission(): android.permission.INTERACT_ACROSS_USERS_FULL of 10008 is denied.
06-24 14:38:39.062508  1033  2094 W PackageManager: checkUidPermission(): android.permission.REAL_GET_TASKS of 10008 is denied.
06-24 14:38:39.062560  1033  2094 W PackageManager: checkUidPermission(): android.permission.GET_TASKS of 10008 is denied.
06-24 14:38:39.069563  1033  2070 W PackageManager: checkUidPermission(): android.permission.REAL_GET_TASKS of 10096 is denied.
06-24 14:38:39.115198  1033  1944 W PackageManager: checkUidPermission(): android.permission.INTERACT_ACROSS_USERS_FULL of 10008 is denied.
06-24 14:38:39.115291  1033  1944 W PackageManager: checkUidPermission(): android.permission.REAL_GET_TASKS of 10008 is denied.
06-24 14:38:39.115331  1033  1944 W PackageManager: checkUidPermission(): android.permission.GET_TASKS of 10008 is denied.
06-24 14:38:39.298202   348  1177 D SocketClient: SocketClient sendData done: 
06-24 14:38:39.330732  1033  2064 W PackageManager: checkUidPermission(): android.permission.LOCAL_MAC_ADDRESS of 10096 is denied.
06-24 14:38:39.362862  1033  1926 W PackageManager: checkUidPermission(): android.permission.READ_PRIVILEGED_PHONE_STATE of 10017 is denied.
06-24 14:38:39.377781  1033  2094 V SettingsProvider: packageValueForCallResult, name = mobile_data1, value : 1
06-24 14:38:39.588271  1033  1621 D ConnectivityService: getActiveNetworkInfo networkInfo = [type: WIFI[], state: CONNECTED/CONNECTED, reason: (unspecified), extra: "MZ-MEIZU-2.4G", roaming: false, failover: false, isAvailable: true]
06-24 14:38:39.602728  1033  1059 D ConnectivityService: getActiveNetworkInfo networkInfo = [type: WIFI[], state: CONNECTED/CONNECTED, reason: (unspecified), extra: "MZ-MEIZU-2.4G", roaming: false, failover: false, isAvailable: true]
06-24 14:38:39.609390  1033  2071 D ConnectivityService: getActiveNetworkInfo networkInfo = [type: WIFI[], state: CONNECTED/CONNECTED, reason: (unspecified), extra: "MZ-MEIZU-2.4G", roaming: false, failover: false, isAvailable: true]
06-24 14:38:39.620772  1033  1058 D ConnectivityService: getActiveNetworkInfo networkInfo = [type: WIFI[], state: CONNECTED/CONNECTED, reason: (unspecified), extra: "MZ-MEIZU-2.4G", roaming: false, failover: false, isAvailable: true]
06-24 14:38:39.921959   348  1177 D SocketClient: SocketClient sendData done: 
06-24 14:38:39.926967  1033  1621 D ConnectivityService: getActiveNetworkInfo networkInfo = [type: WIFI[], state: CONNECTED/CONNECTED, reason: (unspecified), extra: "MZ-MEIZU-2.4G", roaming: false, failover: false, isAvailable: true]
06-24 14:38:39.931723   348  1177 D SocketClient: SocketClient sendData done: 
